<html>
<body>
<pre>
<h1>µVision Build Log</h1>
<h2>Project:</h2>
C:\Users\titi\Desktop\EvalbotBlinky\TestASMDataSegment\EvalbotBlinkyFullASM.uvproj
Project File Date:  10/02/2012

<h2>Output:</h2>
Rebuild target 'Target 1'
assembling Startup.s...
assembling BlinkyASMTG.s...
BlinkyASMTG.s(77): warning: A1581W: Added 2 bytes of padding at address 0x46
linking...
Program Size: Code=732 RO-data=0 RW-data=4 ZI-data=260  
"EvalbotBlinkyFullASM.axf" - 0 Error(s), 1 Warning(s).
Rebuild target 'Target 1'
assembling Startup.s...
assembling BlinkyASMTG.s...
BlinkyASMTG.s(77): warning: A1581W: Added 2 bytes of padding at address 0x46
linking...
Program Size: Code=732 RO-data=0 RW-data=4 ZI-data=260  
"EvalbotBlinkyFullASM.axf" - 0 Error(s), 1 Warning(s).
Rebuild target 'Target 1'
assembling Startup.s...
assembling BlinkyASMTG.s...
BlinkyASMTG.s(84): warning: A1581W: Added 2 bytes of padding at address 0x46
linking...
Program Size: Code=732 RO-data=0 RW-data=4 ZI-data=260  
"EvalbotBlinkyFullASM.axf" - 0 Error(s), 1 Warning(s).
Rebuild target 'Target 1'
assembling Startup.s...
assembling BlinkyASMTG.s...
BlinkyASMTG.s(88): warning: A1581W: Added 2 bytes of padding at address 0x46
linking...
Program Size: Code=732 RO-data=0 RW-data=20 ZI-data=260  
"EvalbotBlinkyFullASM.axf" - 0 Error(s), 1 Warning(s).
Rebuild target 'Target 1'
assembling Startup.s...
assembling BlinkyASMTG.s...
BlinkyASMTG.s(88): warning: A1581W: Added 2 bytes of padding at address 0x46
linking...
Program Size: Code=732 RO-data=0 RW-data=20 ZI-data=260  
"EvalbotBlinkyFullASM.axf" - 0 Error(s), 1 Warning(s).
Rebuild target 'Target 1'
assembling Startup.s...
assembling BlinkyASMTG.s...
BlinkyASMTG.s(88): warning: A1581W: Added 2 bytes of padding at address 0x46
linking...
Program Size: Code=732 RO-data=0 RW-data=20 ZI-data=260  
"EvalbotBlinkyFullASM.axf" - 0 Error(s), 1 Warning(s).
Rebuild target 'Target 1'
assembling Startup.s...
assembling BlinkyASMTG.s...
BlinkyASMTG.s(88): warning: A1581W: Added 2 bytes of padding at address 0x46
linking...
Program Size: Code=732 RO-data=0 RW-data=20 ZI-data=260  
"EvalbotBlinkyFullASM.axf" - 0 Error(s), 1 Warning(s).
Load "C:\\Users\\titi\\Desktop\\EvalbotBlinky\\TestASMDataSegment\\EvalbotBlinkyFullASM.AXF" 
Warning: OSC to JTAG clock ratio violation - JTAG clock has been automatically adjusted to comply.
Connecting: Mode=JTAG, Speed=600000Hz
Erase Done.
Programming Done.
Verify OK.
Rebuild target 'Target 1'
assembling Startup.s...
assembling BlinkyASMTG.s...
BlinkyASMTG.s(88): warning: A1581W: Added 2 bytes of padding at address 0x46
linking...
Program Size: Code=732 RO-data=0 RW-data=20 ZI-data=260  
"EvalbotBlinkyFullASM.axf" - 0 Error(s), 1 Warning(s).
Load "C:\\Users\\titi\\Desktop\\EvalbotBlinky\\TestASMDataSegment\\EvalbotBlinkyFullASM.AXF" 
Warning: OSC to JTAG clock ratio violation - JTAG clock has been automatically adjusted to comply.
Connecting: Mode=JTAG, Speed=600000Hz
Erase Done.
Programming Done.
Verify OK.
Rebuild target 'Target 1'
assembling Startup.s...
assembling BlinkyASMTG.s...
BlinkyASMTG.s(9): warning: A1581W: Added 1 bytes of padding at address 0x3
BlinkyASMTG.s(88): warning: A1581W: Added 2 bytes of padding at address 0x46
linking...
Program Size: Code=732 RO-data=0 RW-data=12 ZI-data=260  
"EvalbotBlinkyFullASM.axf" - 0 Error(s), 2 Warning(s).
Load "C:\\Users\\titi\\Desktop\\EvalbotBlinky\\TestASMDataSegment\\EvalbotBlinkyFullASM.AXF" 
Warning: OSC to JTAG clock ratio violation - JTAG clock has been automatically adjusted to comply.
Connecting: Mode=JTAG, Speed=600000Hz
Erase Done.
Programming Done.
Verify OK.
Rebuild target 'Target 1'
assembling Startup.s...
assembling BlinkyASMTG.s...
BlinkyASMTG.s(9): warning: A1581W: Added 1 bytes of padding at address 0x3
BlinkyASMTG.s(88): warning: A1581W: Added 2 bytes of padding at address 0x46
linking...
EvalbotBlinkyFullASM.axf: Error: L6265E: Non-PI Section blinkyasmtg.o(data1) cannot be assigned to PI Exec region ER_RW.
EvalbotBlinkyFullASM.axf: Error: L6265E: Non-PI Section startup.o(STACK) cannot be assigned to PI Exec region ER_ZI.
EvalbotBlinkyFullASM.axf: Error: L6248E: startup.o(RESET) in ABSOLUTE region 'ER_RO' cannot have address/offset type relocation to StackMem in PI region 'ER_ZI'.
EvalbotBlinkyFullASM.axf: Error: L6248E: blinkyasmtg.o(.text) in ABSOLUTE region 'ER_RO' cannot have address/offset type relocation to tab in PI region 'ER_RW'.
EvalbotBlinkyFullASM.axf: Error: L6285E: Non-relocatable Load region LR_1 contains R-Type dynamic relocations. First R-Type dynamic relocation found in startup.o(RESET) at offset 0x0.
Target not created
Rebuild target 'Target 1'
assembling Startup.s...
assembling BlinkyASMTG.s...
BlinkyASMTG.s(9): warning: A1581W: Added 1 bytes of padding at address 0x3
BlinkyASMTG.s(88): warning: A1581W: Added 2 bytes of padding at address 0x46
linking...
Program Size: Code=732 RO-data=0 RW-data=12 ZI-data=260  
"EvalbotBlinkyFullASM.axf" - 0 Error(s), 2 Warning(s).
Rebuild target 'Target 1'
assembling Startup.s...
assembling BlinkyASMTG.s...
BlinkyASMTG.s(9): warning: A1581W: Added 1 bytes of padding at address 0x3
BlinkyASMTG.s(88): warning: A1581W: Added 2 bytes of padding at address 0x46
linking...
Program Size: Code=732 RO-data=0 RW-data=12 ZI-data=260  
"EvalbotBlinkyFullASM.axf" - 0 Error(s), 2 Warning(s).
Rebuild target 'Target 1'
assembling Startup.s...
assembling BlinkyASMTG.s...
BlinkyASMTG.s(6): error: A1210E: Non-zero data within uninitialized area 'IRAM1'
BlinkyASMTG.s(7): error: A1210E: Non-zero data within uninitialized area 'IRAM1'
BlinkyASMTG.s(8): error: A1210E: Non-zero data within uninitialized area 'IRAM1'
BlinkyASMTG.s(9): warning: A1581W: Added 1 bytes of padding at address 0x3
BlinkyASMTG.s(9): error: A1210E: Non-zero data within uninitialized area 'IRAM1'
BlinkyASMTG.s(10): error: A1210E: Non-zero data within uninitialized area 'IRAM1'
BlinkyASMTG.s(88): warning: A1581W: Added 2 bytes of padding at address 0x46
Target not created
Rebuild target 'Target 1'
assembling Startup.s...
assembling BlinkyASMTG.s...
BlinkyASMTG.s(9): warning: A1581W: Added 1 bytes of padding at address 0x3
BlinkyASMTG.s(88): warning: A1581W: Added 2 bytes of padding at address 0x46
linking...
Program Size: Code=732 RO-data=0 RW-data=12 ZI-data=260  
"EvalbotBlinkyFullASM.axf" - 0 Error(s), 2 Warning(s).
Rebuild target 'Target 1'
assembling Startup.s...
assembling BlinkyASMTG.s...
BlinkyASMTG.s(9): warning: A1581W: Added 1 bytes of padding at address 0x3
BlinkyASMTG.s(88): warning: A1581W: Added 2 bytes of padding at address 0x46
linking...
Program Size: Code=732 RO-data=0 RW-data=12 ZI-data=4  
"EvalbotBlinkyFullASM.axf" - 0 Error(s), 2 Warning(s).
Load "C:\\Users\\titi\\Desktop\\EvalbotBlinky\\TestASMDataSegment\\EvalbotBlinkyFullASM.AXF" 
Warning: OSC to JTAG clock ratio violation - JTAG clock has been automatically adjusted to comply.
Connecting: Mode=JTAG, Speed=600000Hz
Erase Done.
Programming Done.
Verify OK.
Rebuild target 'Target 1'
assembling Startup.s...
assembling BlinkyASMTG.s...
BlinkyASMTG.s(29): error: A1516E: Bad symbol 'tab', not defined or external
BlinkyASMTG.s(82): warning: A1581W: Added 2 bytes of padding at address 0x46
Target not created
Rebuild target 'Target 1'
assembling Startup.s...
assembling BlinkyASMTG.s...
BlinkyASMTG.s(29): error: A1516E: Bad symbol 'tab', not defined or external
BlinkyASMTG.s(82): warning: A1581W: Added 2 bytes of padding at address 0x46
assembling data.s...
data.s(6): error: A1163E: Unknown opcode tab , expecting opcode or Macro
data.s(9): warning: A1447W: Missing END directive at end of file, but found a label named END
Target not created
Rebuild target 'Target 1'
assembling Startup.s...
assembling BlinkyASMTG.s...
BlinkyASMTG.s(29): error: A1516E: Bad symbol 'tab', not defined or external
BlinkyASMTG.s(82): warning: A1581W: Added 2 bytes of padding at address 0x46
assembling data.s...
data.s(9): warning: A1447W: Missing END directive at end of file, but found a label named END
Target not created
Rebuild target 'Target 1'
assembling Startup.s...
assembling BlinkyASMTG.s...
BlinkyASMTG.s(8): error: A1163E: Unknown opcode IIMPORT , expecting opcode or Macro
assembling data.s...
data.s(9): warning: A1447W: Missing END directive at end of file, but found a label named END
Target not created
Rebuild target 'Target 1'
assembling Startup.s...
assembling BlinkyASMTG.s...
BlinkyASMTG.s(82): warning: A1581W: Added 2 bytes of padding at address 0x46
assembling data.s...
data.s(9): warning: A1447W: Missing END directive at end of file, but found a label named END
linking...
Program Size: Code=732 RO-data=0 RW-data=4 ZI-data=4  
"EvalbotBlinkyFullASM.axf" - 0 Error(s), 2 Warning(s).
Rebuild target 'Target 1'
assembling Startup.s...
assembling BlinkyASMTG.s...
BlinkyASMTG.s(82): warning: A1581W: Added 2 bytes of padding at address 0x46
assembling data.s...
linking...
Program Size: Code=732 RO-data=0 RW-data=4 ZI-data=4  
"EvalbotBlinkyFullASM.axf" - 0 Error(s), 1 Warning(s).
Load "C:\\Users\\titi\\Desktop\\EvalbotBlinky\\TestASMDataSegment\\EvalbotBlinkyFullASM.AXF" 
Warning: OSC to JTAG clock ratio violation - JTAG clock has been automatically adjusted to comply.
Connecting: Mode=JTAG, Speed=600000Hz
Connection failed!, error code=&d
Rebuild target 'Target 1'
assembling Startup.s...
assembling BlinkyASMTG.s...
BlinkyASMTG.s(78): error: A1136E: Entry address already set
Target not created
Rebuild target 'Target 1'
assembling Startup.s...
assembling BlinkyASMTG.s...
BlinkyASMTG.s(78): error: A1136E: Entry address already set
Target not created
Rebuild target 'Target 1'
assembling Startup.s...
assembling BlinkyASMTG.s...
BlinkyASMTG.s(26): error: A1516E: Bad symbol 'tab', not defined or external
BlinkyASMTG.s(76): warning: A1581W: Added 2 bytes of padding at address 0x46
Target not created
Rebuild target 'Target 1'
assembling Startup.s...
assembling BlinkyASMTG.s...
BlinkyASMTG.s(77): warning: A1581W: Added 2 bytes of padding at address 0x46
linking...
EvalbotBlinkyFullASM.axf: Warning: L6665W: Neither Lib$$Request$$armlib Lib$$Request$$cpplib defined, not searching ARM libraries.
EvalbotBlinkyFullASM.axf: Error: L6218E: Undefined symbol tab (referred from blinkyasmtg.o).
Target not created
Rebuild target 'Target 1'
assembling Startup.s...
assembling BlinkyASMTG.s...
linking...
EvalbotBlinkyFullASM.axf: Warning: L6665W: Neither Lib$$Request$$armlib Lib$$Request$$cpplib defined, not searching ARM libraries.
EvalbotBlinkyFullASM.axf: Error: L6411E: No compatible library exists with a definition of startup symbol __main.
Target not created
Rebuild target 'Target 1'
assembling Startup.s...
assembling BlinkyASMTG.s...
BlinkyASMTG.s(28): error: A1136E: Entry address already set
BlinkyASMTG.s(30): error: A1129E: Imported name 'tab' already exists
Target not created
Rebuild target 'Target 1'
assembling Startup.s...
assembling BlinkyASMTG.s...
BlinkyASMTG.s(30): error: A1129E: Imported name 'tab' already exists
Target not created
Rebuild target 'Target 1'
assembling Startup.s...
assembling BlinkyASMTG.s...
BlinkyASMTG.s(80): warning: A1581W: Added 2 bytes of padding at address 0x46
linking...
Program Size: Code=732 RO-data=0 RW-data=4 ZI-data=4  
"EvalbotBlinkyFullASM.axf" - 0 Error(s), 1 Warning(s).
Rebuild target 'Target 1'
assembling Startup.s...
assembling BlinkyASMTG.s...
BlinkyASMTG.s(80): warning: A1581W: Added 2 bytes of padding at address 0x46
linking...
Program Size: Code=732 RO-data=0 RW-data=4 ZI-data=4  
"EvalbotBlinkyFullASM.axf" - 0 Error(s), 1 Warning(s).
Rebuild target 'Target 1'
assembling Startup.s...
assembling BlinkyASMTG.s...
BlinkyASMTG.s(80): warning: A1581W: Added 2 bytes of padding at address 0x46
linking...
Program Size: Code=732 RO-data=0 RW-data=4 ZI-data=4  
"EvalbotBlinkyFullASM.axf" - 0 Error(s), 1 Warning(s).
Rebuild target 'Target 1'
assembling Startup.s...
assembling BlinkyASMTG.s...
BlinkyASMTG.s(80): warning: A1581W: Added 2 bytes of padding at address 0x46
linking...
EvalbotBlinkyFullASM.axf: Warning: L6665W: Neither Lib$$Request$$armlib Lib$$Request$$cpplib defined, not searching ARM libraries.
EvalbotBlinkyFullASM.axf: Error: L6218E: Undefined symbol __use_two_region_memory (referred from startup.o).
Target not created
Rebuild target 'Target 1'
assembling Startup.s...
assembling BlinkyASMTG.s...
BlinkyASMTG.s(80): warning: A1581W: Added 2 bytes of padding at address 0x46
linking...
Program Size: Code=732 RO-data=0 RW-data=4 ZI-data=4  
"EvalbotBlinkyFullASM.axf" - 0 Error(s), 1 Warning(s).
Rebuild target 'Target 1'
assembling Startup.s...
assembling BlinkyASMTG.s...
BlinkyASMTG.s(80): warning: A1581W: Added 2 bytes of padding at address 0x46
linking...
Program Size: Code=732 RO-data=0 RW-data=4 ZI-data=4  
"EvalbotBlinkyFullASM.axf" - 0 Error(s), 1 Warning(s).
