ARM Linker, 4.1 [Build 894] [Standard]

==============================================================================

Section Cross References

    chronos_drive.o(i.AutonomousModeStart) refers to scheduler.o(i.SchedulerTaskDisable) for SchedulerTaskDisable
    chronos_drive.o(i.AutonomousModeStart) refers to chronos_drive.o(i.AutonomousModeStraightStart) for AutonomousModeStraightStart
    chronos_drive.o(i.AutonomousModeStraightStart) refers to ustdlib.o(i.urand) for urand
    chronos_drive.o(i.AutonomousModeStraightStart) refers to motor.o(i.MotorSpeed) for MotorSpeed
    chronos_drive.o(i.AutonomousModeStraightStart) refers to motor.o(i.MotorDir) for MotorDir
    chronos_drive.o(i.AutonomousModeStraightStart) refers to motor.o(i.MotorRun) for MotorRun
    chronos_drive.o(i.AutonomousModeStraightStart) refers to scheduler.o(i.SchedulerTickCountGet) for SchedulerTickCountGet
    chronos_drive.o(i.AutonomousModeStraightStart) refers to uartstdio.o(i.UARTprintf) for UARTprintf
    chronos_drive.o(i.AutonomousModeTurnStart) refers to motor.o(i.MotorSpeed) for MotorSpeed
    chronos_drive.o(i.AutonomousModeTurnStart) refers to sensors.o(i.BumpSensorGetStatus) for BumpSensorGetStatus
    chronos_drive.o(i.AutonomousModeTurnStart) refers to ustdlib.o(i.urand) for urand
    chronos_drive.o(i.AutonomousModeTurnStart) refers to motor.o(i.MotorDir) for MotorDir
    chronos_drive.o(i.AutonomousModeTurnStart) refers to motor.o(i.MotorRun) for MotorRun
    chronos_drive.o(i.AutonomousModeTurnStart) refers to scheduler.o(i.SchedulerTickCountGet) for SchedulerTickCountGet
    chronos_drive.o(i.AutonomousModeTurnStart) refers to uartstdio.o(i.UARTprintf) for UARTprintf
    chronos_drive.o(i.CalibrationModeStart) refers to chronos_drive.o(i.EvalBotStop) for EvalBotStop
    chronos_drive.o(i.CalibrationModeStart) refers to ustdlib.o(i.usnprintf) for usnprintf
    chronos_drive.o(i.CalibrationModeStart) refers to scheduler.o(i.SchedulerTaskDisable) for SchedulerTaskDisable
    chronos_drive.o(i.CalibrationModeStart) refers to uartstdio.o(i.UARTprintf) for UARTprintf
    chronos_drive.o(i.CalibrationModeStart) refers to chronos_drive.o(.data) for .data
    chronos_drive.o(i.CalibrationModeStart) refers to chronos_drive.o(.bss) for .bss
    chronos_drive.o(i.CalibrationModeStop) refers to ustdlib.o(i.usnprintf) for usnprintf
    chronos_drive.o(i.CalibrationModeStop) refers to scheduler.o(i.SchedulerTaskEnable) for SchedulerTaskEnable
    chronos_drive.o(i.CalibrationModeStop) refers to uartstdio.o(i.UARTprintf) for UARTprintf
    chronos_drive.o(i.CalibrationModeStop) refers to chronos_drive.o(.data) for .data
    chronos_drive.o(i.CalibrationModeStop) refers to chronos_drive.o(.bss) for .bss
    chronos_drive.o(i.CheckForReceivedRadioPacket) refers to simplicitilib.o(i.SMPL_Receive) for SMPL_Receive
    chronos_drive.o(i.CheckForReceivedRadioPacket) refers to scheduler.o(i.SchedulerTickCountGet) for SchedulerTickCountGet
    chronos_drive.o(i.CheckForReceivedRadioPacket) refers to cpu.o(.emb_text) for CPUprimask
    chronos_drive.o(i.CheckForReceivedRadioPacket) refers to chronos_drive.o(.data) for .data
    chronos_drive.o(i.CheckForReceivedRadioPacket) refers to chronos_drive.o(.bss) for .bss
    chronos_drive.o(i.CheckForStateChange) refers to scheduler.o(i.SchedulerElapsedTicksGet) for SchedulerElapsedTicksGet
    chronos_drive.o(i.CheckForStateChange) refers to simplicitilib.o(i.SMPL_LinkListen) for SMPL_LinkListen
    chronos_drive.o(i.CheckForStateChange) refers to ustdlib.o(i.usnprintf) for usnprintf
    chronos_drive.o(i.CheckForStateChange) refers to cpu.o(.emb_text) for CPUprimask
    chronos_drive.o(i.CheckForStateChange) refers to chronos_drive.o(i.AutonomousModeStart) for AutonomousModeStart
    chronos_drive.o(i.CheckForStateChange) refers to io.o(i.PushButtonGetStatus) for PushButtonGetStatus
    chronos_drive.o(i.CheckForStateChange) refers to scheduler.o(i.SchedulerTaskDisable) for SchedulerTaskDisable
    chronos_drive.o(i.CheckForStateChange) refers to chronos_drive.o(i.EvalBotStop) for EvalBotStop
    chronos_drive.o(i.CheckForStateChange) refers to sensors.o(i.BumpSensorGetStatus) for BumpSensorGetStatus
    chronos_drive.o(i.CheckForStateChange) refers to motor.o(i.MotorStop) for MotorStop
    chronos_drive.o(i.CheckForStateChange) refers to chronos_drive.o(i.CalibrationModeStart) for CalibrationModeStart
    chronos_drive.o(i.CheckForStateChange) refers to scheduler.o(i.SchedulerTaskEnable) for SchedulerTaskEnable
    chronos_drive.o(i.CheckForStateChange) refers to chronos_drive.o(i.CalibrationModeStop) for CalibrationModeStop
    chronos_drive.o(i.CheckForStateChange) refers to chronos_drive.o(i.AutonomousModeTurnStart) for AutonomousModeTurnStart
    chronos_drive.o(i.CheckForStateChange) refers to chronos_drive.o(i.AutonomousModeStraightStart) for AutonomousModeStraightStart
[...]
    Removing systick.o(i.SysTickValueGet), (8 bytes).

232 unused section(s) (total 9544 bytes) removed from the image.

==============================================================================

Image Symbol Table

    Local Symbols

    Symbol Name                              Value     Ov Type        Size  Object(Section)

    RESET                                    0x00000000   Section      296  startup_rvmdk.o(RESET)
    ../../../cmprslib/zerorunl2.c            0x00000000   Number         0  __dczerorl2.o ABSOLUTE
    ../../microlib/init/entry.s              0x00000000   Number         0  entry2.o ABSOLUTE
    ../../microlib/init/entry.s              0x00000000   Number         0  entry7a.o ABSOLUTE
    ../../microlib/init/entry.s              0x00000000   Number         0  entry7b.o ABSOLUTE
    ../../microlib/init/entry.s              0x00000000   Number         0  entry8.o ABSOLUTE
    ../../microlib/init/entry.s              0x00000000   Number         0  entry.o ABSOLUTE
    ../../microlib/init/entry.s              0x00000000   Number         0  entry5.o ABSOLUTE
    ../../microlib/string/memcmp.c           0x00000000   Number         0  memcmp.o ABSOLUTE
    ../../microlib/string/memcpy.c           0x00000000   Number         0  memcpyb.o ABSOLUTE
    ../../microlib/string/memcpy.c           0x00000000   Number         0  memmoveb.o ABSOLUTE
    ../../microlib/string/memcpy.c           0x00000000   Number         0  memmovea.o ABSOLUTE
    ../../microlib/string/memcpy.c           0x00000000   Number         0  memcpya.o ABSOLUTE
    ../../microlib/string/memset.c           0x00000000   Number         0  memseta.o ABSOLUTE
    ../../microlib/string/strlen.c           0x00000000   Number         0  strlen.o ABSOLUTE
    ..\..\..\SimpliciTI-1.1.1\simplicitilib.c 0x00000000   Number         0  simplicitilib.o ABSOLUTE
    ..\..\..\utils\scheduler.c               0x00000000   Number         0  scheduler.o ABSOLUTE
    ..\..\..\utils\uartstdio.c               0x00000000   Number         0  uartstdio.o ABSOLUTE
    ..\..\..\utils\ustdlib.c                 0x00000000   Number         0  ustdlib.o ABSOLUTE
    ..\drivers\dac.c                         0x00000000   Number         0  dac.o ABSOLUTE
    ..\drivers\display96x16x1.c              0x00000000   Number         0  display96x16x1.o ABSOLUTE
    ..\drivers\io.c                          0x00000000   Number         0  io.o ABSOLUTE
    ..\drivers\motor.c                       0x00000000   Number         0  motor.o ABSOLUTE
    ..\drivers\sensors.c                     0x00000000   Number         0  sensors.o ABSOLUTE
    ..\drivers\sound.c                       0x00000000   Number         0  sound.o ABSOLUTE
    ..\drivers\wav.c                         0x00000000   Number         0  wav.o ABSOLUTE
    chronos_drive.c                          0x00000000   Number         0  chronos_drive.o ABSOLUTE
    cpu.c                                    0x00000000   Number         0  cpu.o ABSOLUTE
    cpu.c                                    0x00000000   Number         0  cpu.o ABSOLUTE
    dc.s                                     0x00000000   Number         0  dc.o ABSOLUTE
    flash.c                                  0x00000000   Number         0  flash.o ABSOLUTE
    gpio.c                                   0x00000000   Number         0  gpio.o ABSOLUTE
    handlers.s                               0x00000000   Number         0  handlers.o ABSOLUTE
    i2s.c                                    0x00000000   Number         0  i2s.o ABSOLUTE
    init.s                                   0x00000000   Number         0  init.o ABSOLUTE
    interrupt.c                              0x00000000   Number         0  interrupt.o ABSOLUTE
    sounds.c                                 0x00000000   Number         0  sounds.o ABSOLUTE
    ssi.c                                    0x00000000   Number         0  ssi.o ABSOLUTE
    startup_rvmdk.S                          0x00000000   Number         0  startup_rvmdk.o ABSOLUTE
    sysctl.c                                 0x00000000   Number         0  sysctl.o ABSOLUTE
    sysctl.c                                 0x00000000   Number         0  sysctl.o ABSOLUTE
    systick.c                                0x00000000   Number         0  systick.o ABSOLUTE
    NmiSR                                    0x00000121   Thumb Code     0  startup_rvmdk.o(RESET)
    FaultISR                                 0x00000123   Thumb Code     0  startup_rvmdk.o(RESET)
    IntDefaultHandler                        0x00000125   Thumb Code     0  startup_rvmdk.o(RESET)
    .ARM.Collect$$$$00000000                 0x00000128   Section        0  entry.o(.ARM.Collect$$$$00000000)
    .ARM.Collect$$$$00000001                 0x00000128   Section        4  entry2.o(.ARM.Collect$$$$00000001)
    .ARM.Collect$$$$00000004                 0x0000012c   Section        4  entry5.o(.ARM.Collect$$$$00000004)
    .ARM.Collect$$$$00000008                 0x00000130   Section        0  entry7b.o(.ARM.Collect$$$$00000008)
    .ARM.Collect$$$$00000009                 0x00000130   Section        8  entry8.o(.ARM.Collect$$$$00000009)
    .ARM.Collect$$$$00002712                 0x00000138   Section        4  entry2.o(.ARM.Collect$$$$00002712)
    __lit__00000000                          0x00000138   Data           4  entry2.o(.ARM.Collect$$$$00002712)
    .emb_text                                0x0000013c   Section       38  cpu.o(.emb_text)
    .emb_text                                0x00000164   Section        6  sysctl.o(.emb_text)
    .text                                    0x0000016a   Section        0  memmovea.o(.text)
    .text                                    0x000001aa   Section        0  memseta.o(.text)
    .text                                    0x000001d0   Section        0  strlen.o(.text)
    .text                                    0x000001e0   Section        0  memcmp.o(.text)
    .text                                    0x000001fc   Section       36  init.o(.text)
    .text                                    0x00000220   Section        0  __dczerorl2.o(.text)
    i.AutonomousModeStart                    0x0000027c   Section        0  chronos_drive.o(i.AutonomousModeStart)
    AutonomousModeStart                      0x0000027d   Thumb Code    20  chronos_drive.o(i.AutonomousModeStart)
    i.AutonomousModeStraightStart            0x00000290   Section        0  chronos_drive.o(i.AutonomousModeStraightStart)
    AutonomousModeStraightStart              0x00000291   Thumb Code   100  chronos_drive.o(i.AutonomousModeStraightStart)
    i.AutonomousModeTurnStart                0x0000031c   Section        0  chronos_drive.o(i.AutonomousModeTurnStart)
    AutonomousModeTurnStart                  0x0000031d   Thumb Code   154  chronos_drive.o(i.AutonomousModeTurnStart)
    i.BSP_Delay                              0x000003e8   Section        0  simplicitilib.o(i.BSP_Delay)
    i.BSP_GpioPort1Isr                       0x00000410   Section        0  simplicitilib.o(i.BSP_GpioPort1Isr)
    i.BSP_Init                               0x00000414   Section        0  simplicitilib.o(i.BSP_Init)
    i.BSP_InitButtons                        0x00000430   Section        0  simplicitilib.o(i.BSP_InitButtons)
    i.BSP_InitDrivers                        0x0000045c   Section        0  simplicitilib.o(i.BSP_InitDrivers)
    i.BSP_InitLeds                           0x00000490   Section        0  simplicitilib.o(i.BSP_InitLeds)
    i.BufferCallback                         0x000004d0   Section        0  wav.o(i.BufferCallback)
    BufferCallback                           0x000004d1   Thumb Code    36  wav.o(i.BufferCallback)
    i.BumpSensorGetStatus                    0x000004fc   Section        0  sensors.o(i.BumpSensorGetStatus)
    i.BumpSensorsInit                        0x00000530   Section        0  sensors.o(i.BumpSensorsInit)
    i.CalibrationModeStart                   0x00000568   Section        0  chronos_drive.o(i.CalibrationModeStart)
    CalibrationModeStart                     0x00000569   Thumb Code    66  chronos_drive.o(i.CalibrationModeStart)
    i.CalibrationModeStop                    0x000005e4   Section        0  chronos_drive.o(i.CalibrationModeStop)
    CalibrationModeStop                      0x000005e5   Thumb Code    56  chronos_drive.o(i.CalibrationModeStop)
    i.CheckForReceivedRadioPacket            0x00000664   Section        0  chronos_drive.o(i.CheckForReceivedRadioPacket)
    CheckForReceivedRadioPacket              0x00000665   Thumb Code   214  chronos_drive.o(i.CheckForReceivedRadioPacket)
    i.CheckForStateChange                    0x00000744   Section        0  chronos_drive.o(i.CheckForStateChange)
    CheckForStateChange                      0x00000745   Thumb Code   500  chronos_drive.o(i.CheckForStateChange)
    i.CheckSoundEffect                       0x0000099c   Section        0  chronos_drive.o(i.CheckSoundEffect)
    CheckSoundEffect                         0x0000099d   Thumb Code   102  chronos_drive.o(i.CheckSoundEffect)
    i.CycleDisplayString                     0x00000a10   Section        0  chronos_drive.o(i.CycleDisplayString)
    CycleDisplayString                       0x00000a11   Thumb Code    38  chronos_drive.o(i.CycleDisplayString)
    i.DACClassDDis                           0x00000a3c   Section        0  dac.o(i.DACClassDDis)
    i.DACClassDEn                            0x00000a44   Section        0  dac.o(i.DACClassDEn)
    i.DACInit                                0x00000a4c   Section        0  dac.o(i.DACInit)
    i.DACReadRegister                        0x00000b98   Section        0  dac.o(i.DACReadRegister)
    DACReadRegister                          0x00000b99   Thumb Code   186  dac.o(i.DACReadRegister)
    i.DACWriteRegister                       0x00000c58   Section        0  dac.o(i.DACWriteRegister)
    DACWriteRegister                         0x00000c59   Thumb Code   176  dac.o(i.DACWriteRegister)
    i.Display96x16x1Clear                    0x00000d0c   Section        0  display96x16x1.o(i.Display96x16x1Clear)
    i.Display96x16x1ClearLine                0x00000d20   Section        0  display96x16x1.o(i.Display96x16x1ClearLine)
    i.Display96x16x1DisplayOn                0x00000d58   Section        0  display96x16x1.o(i.Display96x16x1DisplayOn)
    i.Display96x16x1Init                     0x00000d88   Section        0  display96x16x1.o(i.Display96x16x1Init)
    i.Display96x16x1StringDraw               0x00000e94   Section        0  display96x16x1.o(i.Display96x16x1StringDraw)
    i.Display96x16x1StringDrawCentered       0x00000e9e   Section        0  display96x16x1.o(i.Display96x16x1StringDrawCentered)
    i.Display96x16x1StringDrawLen            0x00000ee0   Section        0  display96x16x1.o(i.Display96x16x1StringDrawLen)
    i.Display96x16x1WriteArray               0x00000f90   Section        0  display96x16x1.o(i.Display96x16x1WriteArray)
    Display96x16x1WriteArray                 0x00000f91   Thumb Code    70  display96x16x1.o(i.Display96x16x1WriteArray)
    i.Display96x16x1WriteByte                0x00000fdc   Section        0  display96x16x1.o(i.Display96x16x1WriteByte)
    Display96x16x1WriteByte                  0x00000fdd   Thumb Code    56  display96x16x1.o(i.Display96x16x1WriteByte)
    i.Display96x16x1WriteFinal               0x00001018   Section        0  display96x16x1.o(i.Display96x16x1WriteFinal)
    Display96x16x1WriteFinal                 0x00001019   Thumb Code    78  display96x16x1.o(i.Display96x16x1WriteFinal)
    i.Display96x16x1WriteFirst               0x0000106c   Section        0  display96x16x1.o(i.Display96x16x1WriteFirst)
    Display96x16x1WriteFirst                 0x0000106d   Thumb Code    46  display96x16x1.o(i.Display96x16x1WriteFirst)
    i.EvalBotStop                            0x000010a0   Section        0  chronos_drive.o(i.EvalBotStop)
    EvalBotStop                              0x000010a1   Thumb Code    44  chronos_drive.o(i.EvalBotStop)
    i.FlashUserGet                           0x000010cc   Section        0  flash.o(i.FlashUserGet)
    i.GPIODirModeSet                         0x00001104   Section        0  gpio.o(i.GPIODirModeSet)
    i.GPIOPadConfigSet                       0x0000112c   Section        0  gpio.o(i.GPIOPadConfigSet)
    i.GPIOPinConfigure                       0x000011dc   Section        0  gpio.o(i.GPIOPinConfigure)
    i.GPIOPinTypeI2S                         0x00001224   Section        0  gpio.o(i.GPIOPinTypeI2S)
    i.GPIOPinTypeUART                        0x00001240   Section        0  gpio.o(i.GPIOPinTypeUART)
    i.I2SIntClear                            0x0000125c   Section        0  i2s.o(i.I2SIntClear)
    i.I2SIntStatus                           0x00001262   Section        0  i2s.o(i.I2SIntStatus)
    i.I2SMasterClockSelect                   0x00001270   Section        0  i2s.o(i.I2SMasterClockSelect)
    i.I2STxConfigSet                         0x00001282   Section        0  i2s.o(i.I2STxConfigSet)
    i.I2STxEnable                            0x00001298   Section        0  i2s.o(i.I2STxEnable)
    i.I2STxFIFOLimitSet                      0x000012ac   Section        0  i2s.o(i.I2STxFIFOLimitSet)
    i.IntMasterEnable                        0x000012b0   Section        0  interrupt.o(i.IntMasterEnable)
    i.LED_Off                                0x000012bc   Section        0  io.o(i.LED_Off)
    i.LED_Toggle                             0x000012fc   Section        0  io.o(i.LED_Toggle)
    i.LEDsInit                               0x0000135c   Section        0  io.o(i.LEDsInit)
    i.MRFI_DelayMs                           0x00001388   Section        0  simplicitilib.o(i.MRFI_DelayMs)
    i.MRFI_GpioIsr                           0x000013a4   Section        0  simplicitilib.o(i.MRFI_GpioIsr)
    i.MRFI_Init                              0x000013e0   Section        0  simplicitilib.o(i.MRFI_Init)
    i.MRFI_PostKillSem                       0x00001598   Section        0  simplicitilib.o(i.MRFI_PostKillSem)
    i.MRFI_RandomByte                        0x000015ac   Section        0  simplicitilib.o(i.MRFI_RandomByte)
    i.MRFI_Receive                           0x000015c0   Section        0  simplicitilib.o(i.MRFI_Receive)
    i.MRFI_Rssi                              0x000015cc   Section        0  simplicitilib.o(i.MRFI_Rssi)
    i.MRFI_RxAddrIsFiltered                  0x0000160c   Section        0  simplicitilib.o(i.MRFI_RxAddrIsFiltered)
    i.MRFI_RxCompleteISR                     0x00001658   Section        0  simplicitilib.o(i.MRFI_RxCompleteISR)
    i.MRFI_RxIdle                            0x00001678   Section        0  simplicitilib.o(i.MRFI_RxIdle)
    i.MRFI_RxOn                              0x0000169c   Section        0  simplicitilib.o(i.MRFI_RxOn)
    i.MRFI_SetLogicalChannel                 0x000016c4   Section        0  simplicitilib.o(i.MRFI_SetLogicalChannel)
    i.MRFI_SetRFPwr                          0x000016fc   Section        0  simplicitilib.o(i.MRFI_SetRFPwr)
    i.MRFI_Sleep                             0x00001734   Section        0  simplicitilib.o(i.MRFI_Sleep)
    i.MRFI_Transmit                          0x0000176c   Section        0  simplicitilib.o(i.MRFI_Transmit)
    i.MRFI_WakeUp                            0x000018ac   Section        0  simplicitilib.o(i.MRFI_WakeUp)
    i.MotorDir                               0x00001908   Section        0  motor.o(i.MotorDir)
    i.MotorRun                               0x00001930   Section        0  motor.o(i.MotorRun)
    i.MotorSpeed                             0x0000194c   Section        0  motor.o(i.MotorSpeed)
    i.MotorStop                              0x000019a8   Section        0  motor.o(i.MotorStop)
    i.MotorsInit                             0x000019d8   Section        0  motor.o(i.MotorsInit)
    i.Mrfi_CalculateRssi                     0x00001b1c   Section        0  simplicitilib.o(i.Mrfi_CalculateRssi)
    Mrfi_CalculateRssi                       0x00001b1d   Thumb Code    40  simplicitilib.o(i.Mrfi_CalculateRssi)
    i.Mrfi_DelayUsec                         0x00001b44   Section        0  simplicitilib.o(i.Mrfi_DelayUsec)
    Mrfi_DelayUsec                           0x00001b45   Thumb Code    46  simplicitilib.o(i.Mrfi_DelayUsec)
    i.Mrfi_RxModeOff                         0x00001b74   Section        0  simplicitilib.o(i.Mrfi_RxModeOff)
    Mrfi_RxModeOff                           0x00001b75   Thumb Code    54  simplicitilib.o(i.Mrfi_RxModeOff)
    i.Mrfi_RxModeOn                          0x00001bb0   Section        0  simplicitilib.o(i.Mrfi_RxModeOn)
    Mrfi_RxModeOn                            0x00001bb1   Thumb Code    38  simplicitilib.o(i.Mrfi_RxModeOn)
    i.Mrfi_SyncPinRxIsr                      0x00001bdc   Section        0  simplicitilib.o(i.Mrfi_SyncPinRxIsr)
    Mrfi_SyncPinRxIsr                        0x00001bdd   Thumb Code   190  simplicitilib.o(i.Mrfi_SyncPinRxIsr)
    i.NormalizeReading                       0x00001ca4   Section        0  chronos_drive.o(i.NormalizeReading)
    NormalizeReading                         0x00001ca5   Thumb Code    58  chronos_drive.o(i.NormalizeReading)
    i.OutputAccelerometerReadings            0x00001ce0   Section        0  chronos_drive.o(i.OutputAccelerometerReadings)
    OutputAccelerometerReadings              0x00001ce1   Thumb Code    18  chronos_drive.o(i.OutputAccelerometerReadings)
    i.PushButtonGetStatus                    0x00001d0c   Section        0  io.o(i.PushButtonGetStatus)
    i.ReceiveCallback                        0x00001d3c   Section        0  chronos_drive.o(i.ReceiveCallback)
    ReceiveCallback                          0x00001d3d   Thumb Code    22  chronos_drive.o(i.ReceiveCallback)
    i.SMPL_Init                              0x00001d58   Section        0  simplicitilib.o(i.SMPL_Init)
    i.SMPL_Ioctl                             0x00001d84   Section        0  simplicitilib.o(i.SMPL_Ioctl)
    i.SMPL_LinkListen                        0x00001e50   Section        0  simplicitilib.o(i.SMPL_LinkListen)
    i.SMPL_Receive                           0x00001eb8   Section        0  simplicitilib.o(i.SMPL_Receive)
    i.SSIBusy                                0x00001ef2   Section        0  ssi.o(i.SSIBusy)
    i.SchedulerElapsedTicksCalc              0x00001efa   Section        0  scheduler.o(i.SchedulerElapsedTicksCalc)
    i.SchedulerElapsedTicksGet               0x00001f0c   Section        0  scheduler.o(i.SchedulerElapsedTicksGet)
    i.SchedulerInit                          0x00001f18   Section        0  scheduler.o(i.SchedulerInit)
    i.SchedulerRun                           0x00001f34   Section        0  scheduler.o(i.SchedulerRun)
    i.SchedulerSysTickIntHandler             0x00001f7c   Section        0  scheduler.o(i.SchedulerSysTickIntHandler)
    i.SchedulerTaskDisable                   0x00001f8c   Section        0  scheduler.o(i.SchedulerTaskDisable)
    i.SchedulerTaskEnable                    0x00001fac   Section        0  scheduler.o(i.SchedulerTaskEnable)
    i.SchedulerTickCountGet                  0x00001fe0   Section        0  scheduler.o(i.SchedulerTickCountGet)
    i.ScrollTextBanner                       0x00001fec   Section        0  chronos_drive.o(i.ScrollTextBanner)
    ScrollTextBanner                         0x00001fed   Thumb Code   108  chronos_drive.o(i.ScrollTextBanner)
    i.SetSimpliciTIAddress                   0x0000205c   Section        0  chronos_drive.o(i.SetSimpliciTIAddress)
    i.SoundBufferPlay                        0x00002110   Section        0  sound.o(i.SoundBufferPlay)
    i.SoundClassDDis                         0x000021c0   Section        0  sound.o(i.SoundClassDDis)
    i.SoundClassDEn                          0x000021c4   Section        0  sound.o(i.SoundClassDEn)
    i.SoundInit                              0x000021c8   Section        0  sound.o(i.SoundInit)
    i.SoundIntHandler                        0x000022cc   Section        0  sound.o(i.SoundIntHandler)
    i.SoundSetFormat                         0x00002358   Section        0  sound.o(i.SoundSetFormat)
    i.StateToString                          0x000024a8   Section        0  chronos_drive.o(i.StateToString)
    StateToString                            0x000024a9   Thumb Code    52  chronos_drive.o(i.StateToString)
    i.SysCtlClockGet                         0x00002548   Section        0  sysctl.o(i.SysCtlClockGet)
    i.SysCtlClockSet                         0x00002778   Section        0  sysctl.o(i.SysCtlClockSet)
    i.SysCtlI2SMClkSet                       0x000028c4   Section        0  sysctl.o(i.SysCtlI2SMClkSet)
    i.SysCtlPeripheralEnable                 0x0000299c   Section        0  sysctl.o(i.SysCtlPeripheralEnable)
    i.SysTickEnable                          0x000029ec   Section        0  systick.o(i.SysTickEnable)
    i.SysTickIntEnable                       0x000029fa   Section        0  systick.o(i.SysTickIntEnable)
    i.SysTickPeriodSet                       0x00002a08   Section        0  systick.o(i.SysTickPeriodSet)
    i.ToggleLED                              0x00002a12   Section        0  chronos_drive.o(i.ToggleLED)
    ToggleLED                                0x00002a13   Thumb Code    16  chronos_drive.o(i.ToggleLED)
    i.UARTStdioInit                          0x00002a22   Section        0  uartstdio.o(i.UARTStdioInit)
    i.UARTStdioInitExpClk                    0x00002a2c   Section        0  uartstdio.o(i.UARTStdioInitExpClk)
    i.UARTprintf                             0x00002a8c   Section        0  uartstdio.o(i.UARTprintf)
    i.UARTwrite                              0x00002c44   Section        0  uartstdio.o(i.UARTwrite)
    i.UpdateSpeedFromAccelReadings           0x00002c80   Section        0  chronos_drive.o(i.UpdateSpeedFromAccelReadings)
    UpdateSpeedFromAccelReadings             0x00002c81   Thumb Code   214  chronos_drive.o(i.UpdateSpeedFromAccelReadings)
    i.WaveOpen                               0x00002d68   Section        0  wav.o(i.WaveOpen)
    i.WavePlayContinue                       0x00002e38   Section        0  wav.o(i.WavePlayContinue)
    i.WavePlayStart                          0x00002ed4   Section        0  wav.o(i.WavePlayStart)
    i.WaveRead                               0x00002eec   Section        0  wav.o(i.WaveRead)
    WaveRead                                 0x00002eed   Thumb Code    68  wav.o(i.WaveRead)
    i.__scatterload_copy                     0x00002f34   Section       14  handlers.o(i.__scatterload_copy)
    i.__scatterload_null                     0x00002f42   Section        2  handlers.o(i.__scatterload_null)
    i.__scatterload_zeroinit                 0x00002f44   Section       14  handlers.o(i.__scatterload_zeroinit)
    i.dispatchFrame                          0x00002f54   Section        0  simplicitilib.o(i.dispatchFrame)
    dispatchFrame                            0x00002f55   Thumb Code   234  simplicitilib.o(i.dispatchFrame)
    i.handleLinkRequest                      0x00003048   Section        0  simplicitilib.o(i.handleLinkRequest)
    handleLinkRequest                        0x00003049   Thumb Code   112  simplicitilib.o(i.handleLinkRequest)
    i.initializeConnection                   0x000030bc   Section        0  simplicitilib.o(i.initializeConnection)
    initializeConnection                     0x000030bd   Thumb Code    44  simplicitilib.o(i.initializeConnection)
    i.isDupSandFFrame                        0x000030ec   Section        0  simplicitilib.o(i.isDupSandFFrame)
    i.main                                   0x00003160   Section        0  chronos_drive.o(i.main)
    i.map_lid2idx                            0x00003288   Section        0  simplicitilib.o(i.map_lid2idx)
    map_lid2idx                              0x00003289   Thumb Code    38  simplicitilib.o(i.map_lid2idx)
    i.mrfiSpiCmdStrobe                       0x000032b4   Section        0  simplicitilib.o(i.mrfiSpiCmdStrobe)
    i.mrfiSpiInit                            0x00003350   Section        0  simplicitilib.o(i.mrfiSpiInit)
    i.mrfiSpiReadReg                         0x0000342c   Section        0  simplicitilib.o(i.mrfiSpiReadReg)
    i.mrfiSpiReadRxFifo                      0x00003446   Section        0  simplicitilib.o(i.mrfiSpiReadRxFifo)
    i.mrfiSpiWriteReg                        0x00003450   Section        0  simplicitilib.o(i.mrfiSpiWriteReg)
    i.mrfiSpiWriteTxFifo                     0x00003468   Section        0  simplicitilib.o(i.mrfiSpiWriteTxFifo)
    i.nwk_QInit                              0x00003474   Section        0  simplicitilib.o(i.nwk_QInit)
    i.nwk_QadjustOrder                       0x00003490   Section        0  simplicitilib.o(i.nwk_QadjustOrder)
    i.nwk_QfindOldest                        0x000034dc   Section        0  simplicitilib.o(i.nwk_QfindOldest)
    i.nwk_QfindSlot                          0x00003600   Section        0  simplicitilib.o(i.nwk_QfindSlot)
    i.nwk_SendEmptyPollRspFrame              0x00003688   Section        0  simplicitilib.o(i.nwk_SendEmptyPollRspFrame)
    i.nwk_allocateLocalRxPort                0x000036f8   Section        0  simplicitilib.o(i.nwk_allocateLocalRxPort)
    i.nwk_buildFrame                         0x000037bc   Section        0  simplicitilib.o(i.nwk_buildFrame)
    i.nwk_checkAppMsgTID                     0x00003830   Section        0  simplicitilib.o(i.nwk_checkAppMsgTID)
    i.nwk_checkConnInfo                      0x00003852   Section        0  simplicitilib.o(i.nwk_checkConnInfo)
    i.nwk_connectionControl                  0x0000386c   Section        0  simplicitilib.o(i.nwk_connectionControl)
    i.nwk_deviceAddress                      0x0000388c   Section        0  simplicitilib.o(i.nwk_deviceAddress)
    i.nwk_findAlreadyJoined                  0x000038b0   Section        0  simplicitilib.o(i.nwk_findAlreadyJoined)
    i.nwk_findPeer                           0x000038e8   Section        0  simplicitilib.o(i.nwk_findPeer)
    i.nwk_frameInit                          0x00003924   Section        0  simplicitilib.o(i.nwk_frameInit)
    i.nwk_getConnInfo                        0x00003948   Section        0  simplicitilib.o(i.nwk_getConnInfo)
    i.nwk_getJoinToken                       0x00003974   Section        0  simplicitilib.o(i.nwk_getJoinToken)
    i.nwk_getLinkToken                       0x00003984   Section        0  simplicitilib.o(i.nwk_getLinkToken)
    i.nwk_getLocalLinkID                     0x00003994   Section        0  simplicitilib.o(i.nwk_getLocalLinkID)
    i.nwk_getMyAddress                       0x000039f0   Section        0  simplicitilib.o(i.nwk_getMyAddress)
    i.nwk_getNextConnection                  0x00003a08   Section        0  simplicitilib.o(i.nwk_getNextConnection)
    i.nwk_getNumObjectFromMsg                0x00003a44   Section        0  simplicitilib.o(i.nwk_getNumObjectFromMsg)
    i.nwk_getQ                               0x00003a54   Section        0  simplicitilib.o(i.nwk_getQ)
    i.nwk_getSandFFrame                      0x00003a68   Section        0  simplicitilib.o(i.nwk_getSandFFrame)
    i.nwk_globalsInit                        0x00003ac4   Section        0  simplicitilib.o(i.nwk_globalsInit)
    i.nwk_isConnectionValid                  0x00003ae8   Section        0  simplicitilib.o(i.nwk_isConnectionValid)
    i.nwk_isLinkDuplicate                    0x00003b60   Section        0  simplicitilib.o(i.nwk_isLinkDuplicate)
    i.nwk_isSandFClient                      0x00003b9c   Section        0  simplicitilib.o(i.nwk_isSandFClient)
    i.nwk_isValidReply                       0x00003bd8   Section        0  simplicitilib.o(i.nwk_isValidReply)
    i.nwk_joinContext                        0x00003c04   Section        0  simplicitilib.o(i.nwk_joinContext)
    i.nwk_joinInit                           0x00003c18   Section        0  simplicitilib.o(i.nwk_joinInit)
    i.nwk_linkInit                           0x00003c4c   Section        0  simplicitilib.o(i.nwk_linkInit)
    i.nwk_mgmtInit                           0x00003c78   Section        0  simplicitilib.o(i.nwk_mgmtInit)
    i.nwk_nwkInit                            0x00003c94   Section        0  simplicitilib.o(i.nwk_nwkInit)
    i.nwk_pingInit                           0x00003d04   Section        0  simplicitilib.o(i.nwk_pingInit)
    i.nwk_processFreq                        0x00003d14   Section        0  simplicitilib.o(i.nwk_processFreq)
    i.nwk_processJoin                        0x00003d18   Section        0  simplicitilib.o(i.nwk_processJoin)
    i.nwk_processLink                        0x00003d68   Section        0  simplicitilib.o(i.nwk_processLink)
    i.nwk_processMgmt                        0x00003d9c   Section        0  simplicitilib.o(i.nwk_processMgmt)
    i.nwk_processPing                        0x00003de4   Section        0  simplicitilib.o(i.nwk_processPing)
    i.nwk_processSecurity                    0x00003e44   Section        0  simplicitilib.o(i.nwk_processSecurity)
    i.nwk_putNumObjectIntoMsg                0x00003e48   Section        0  simplicitilib.o(i.nwk_putNumObjectIntoMsg)
    i.nwk_radioControl                       0x00003e74   Section        0  simplicitilib.o(i.nwk_radioControl)
    i.nwk_rawReceive                         0x00003ee8   Section        0  simplicitilib.o(i.nwk_rawReceive)
    i.nwk_rawSend                            0x00003f0c   Section        0  simplicitilib.o(i.nwk_rawSend)
    i.nwk_replayFrame                        0x00003f44   Section        0  simplicitilib.o(i.nwk_replayFrame)
    i.nwk_retrieveFrame                      0x00003f76   Section        0  simplicitilib.o(i.nwk_retrieveFrame)
    i.nwk_saveJoinedDevice                   0x00004008   Section        0  simplicitilib.o(i.nwk_saveJoinedDevice)
    i.nwk_sendAckReply                       0x00004058   Section        0  simplicitilib.o(i.nwk_sendAckReply)
    i.nwk_sendFrame                          0x000040c8   Section        0  simplicitilib.o(i.nwk_sendFrame)
    i.nwk_setJoinContext                     0x000040f0   Section        0  simplicitilib.o(i.nwk_setJoinContext)
    i.nwk_setJoinToken                       0x00004100   Section        0  simplicitilib.o(i.nwk_setJoinToken)
    i.nwk_setLinkToken                       0x00004110   Section        0  simplicitilib.o(i.nwk_setLinkToken)
    i.nwk_setListenContext                   0x00004120   Section        0  simplicitilib.o(i.nwk_setListenContext)
    i.nwk_setMyAddress                       0x00004134   Section        0  simplicitilib.o(i.nwk_setMyAddress)
    i.send_poll_reply                        0x00004150   Section        0  simplicitilib.o(i.send_poll_reply)
    send_poll_reply                          0x00004151   Thumb Code   106  simplicitilib.o(i.send_poll_reply)
    i.smpl_send_join_reply                   0x000041c0   Section        0  simplicitilib.o(i.smpl_send_join_reply)
    smpl_send_join_reply                     0x000041c1   Thumb Code   186  simplicitilib.o(i.smpl_send_join_reply)
    i.smpl_send_link_reply                   0x00004280   Section        0  simplicitilib.o(i.smpl_send_link_reply)
    smpl_send_link_reply                     0x00004281   Thumb Code   296  simplicitilib.o(i.smpl_send_link_reply)
    i.spiBurstFifoAccess                     0x000043ac   Section        0  simplicitilib.o(i.spiBurstFifoAccess)
    spiBurstFifoAccess                       0x000043ad   Thumb Code   292  simplicitilib.o(i.spiBurstFifoAccess)
    i.spiRegAccess                           0x000044dc   Section        0  simplicitilib.o(i.spiRegAccess)
    spiRegAccess                             0x000044dd   Thumb Code   168  simplicitilib.o(i.spiRegAccess)
    i.urand                                  0x00004590   Section        0  ustdlib.o(i.urand)
    i.usnprintf                              0x000045ac   Section        0  ustdlib.o(i.usnprintf)
    i.ustrncpy                               0x000045be   Section        0  ustdlib.o(i.ustrncpy)
    i.uvsnprintf                             0x000045e0   Section        0  ustdlib.o(i.uvsnprintf)
    .constdata                               0x00004830   Section      534  display96x16x1.o(.constdata)
    g_pucRITRow1                             0x00004830   Data           6  display96x16x1.o(.constdata)
    g_pucRITRow2                             0x00004836   Data           6  display96x16x1.o(.constdata)
    g_pucFont                                0x0000483c   Data         475  display96x16x1.o(.constdata)
    g_pucRITInit                             0x00004a17   Data          47  display96x16x1.o(.constdata)
    .constdata                               0x00004a48   Section      106  simplicitilib.o(.constdata)
    mrfiRFPowerTable                         0x00004a48   Data           3  simplicitilib.o(.constdata)
    sMyROMAddress                            0x00004a4b   Data           4  simplicitilib.o(.constdata)
    mrfiLogicalChanTable                     0x00004a53   Data           4  simplicitilib.o(.constdata)
    sVersionInfo                             0x00004a57   Data           5  simplicitilib.o(.constdata)
    func                                     0x00004a5c   Data          24  simplicitilib.o(.constdata)
    mrfiRadioCfg                             0x00004a74   Data          62  simplicitilib.o(.constdata)
    .constdata                               0x00004ab2   Section    12682  sounds.o(.constdata)
    .constdata                               0x00007c3c   Section    22872  sounds.o(.constdata)
    .constdata                               0x0000d594   Section     6216  sounds.o(.constdata)
    .constdata                               0x0000eddc   Section       28  uartstdio.o(.constdata)
    g_pcHex                                  0x0000eddc   Data           4  uartstdio.o(.constdata)
    g_ulUARTBase                             0x0000ede0   Data          12  uartstdio.o(.constdata)
    g_ulUARTPeriph                           0x0000edec   Data          12  uartstdio.o(.constdata)
    .constdata                               0x0000edf8   Section       28  ustdlib.o(.constdata)
    g_pcHex                                  0x0000edf8   Data           4  ustdlib.o(.constdata)
    g_psDaysToMonth                          0x0000edfc   Data          24  ustdlib.o(.constdata)
    .constdata                               0x0000ee14   Section      120  gpio.o(.constdata)
    g_pulGPIOBaseAddrs                       0x0000ee14   Data         120  gpio.o(.constdata)
    .constdata                               0x0000ee8c   Section      460  sysctl.o(.constdata)
    g_pulDCRegs                              0x0000ee8c   Data          16  sysctl.o(.constdata)
    g_pulSRCRRegs                            0x0000ee9c   Data          12  sysctl.o(.constdata)
    g_pulRCGCRegs                            0x0000eea8   Data          12  sysctl.o(.constdata)
    g_pulSCGCRegs                            0x0000eeb4   Data          12  sysctl.o(.constdata)
    g_pulDCGCRegs                            0x0000eec0   Data          12  sysctl.o(.constdata)
    g_pulXtals                               0x0000eecc   Data         108  sysctl.o(.constdata)
    g_ppulPeripheralMap                      0x0000ef38   Data         288  sysctl.o(.constdata)
    .conststring                             0x0000f058   Section       91  chronos_drive.o(.conststring)
    .conststring                             0x0000f0b3   Section       17  uartstdio.o(.conststring)
    .data                                    0x20000000   Section       24  chronos_drive.o(.data)
    g_ucPeerFrameSem                         0x20000000   Data           1  chronos_drive.o(.data)
    g_ucJoinSem                              0x20000001   Data           1  chronos_drive.o(.data)
    .data                                    0x20000018   Section        8  chronos_drive.o(.data)
    .data                                    0x20000020   Section      160  chronos_drive.o(.data)
    .data                                    0x200000c0   Section        4  chronos_drive.o(.data)
    .data                                    0x200000c4   Section        4  scheduler.o(.data)
    g_ulSchedulerTickCount                   0x200000c4   Data           4  scheduler.o(.data)
    .data                                    0x200000c8   Section      133  simplicitilib.o(.data)
    sInit_done                               0x200000c8   Data           1  simplicitilib.o(.data)
    sTRACTID                                 0x200000c9   Data           1  simplicitilib.o(.data)
    sMyRxType                                0x200000ca   Data           1  simplicitilib.o(.data)
    sMyTxType                                0x200000cb   Data           1  simplicitilib.o(.data)
    sRAMAddressIsSet                         0x200000cc   Data           1  simplicitilib.o(.data)
    sJoinTid                                 0x200000cd   Data           1  simplicitilib.o(.data)
    sJoinOK                                  0x200000ce   Data           1  simplicitilib.o(.data)
    sListenActive                            0x200000cf   Data           1  simplicitilib.o(.data)
    sNumLinkers                              0x200000d0   Data           1  simplicitilib.o(.data)
    sLinkTid                                 0x200000d1   Data           1  simplicitilib.o(.data)
    sMgmtTid                                 0x200000d2   Data           1  simplicitilib.o(.data)
    sPingTid                                 0x200000d3   Data           1  simplicitilib.o(.data)
    mrfiRadioState                           0x200000d4   Data           1  simplicitilib.o(.data)
    mrfiRndSeed                              0x200000d5   Data           1  simplicitilib.o(.data)
    sKillSem                                 0x200000d6   Data           1  simplicitilib.o(.data)
    sReplyDelayContext                       0x200000d7   Data           1  simplicitilib.o(.data)
    mrfiRxFilterEnabled                      0x200000d8   Data           1  simplicitilib.o(.data)
    sReplyDelayScalar                        0x200000da   Data           2  simplicitilib.o(.data)
    sBackoffHelper                           0x200000dc   Data           2  simplicitilib.o(.data)
    sSFMarker                                0x200000de   Data           3  simplicitilib.o(.data)
    sServiceLinkID                           0x200000e1   Data           3  simplicitilib.o(.data)
    sMyAddr                                  0x200000e4   Data           4  simplicitilib.o(.data)
    spCallback                               0x200000e8   Data           4  simplicitilib.o(.data)
    sJoinToken                               0x200000ec   Data           4  simplicitilib.o(.data)
    spJoinCallback                           0x200000f0   Data           4  simplicitilib.o(.data)
    spSandFContext                           0x200000f4   Data           4  simplicitilib.o(.data)
    sLinkToken                               0x200000f8   Data           4  simplicitilib.o(.data)
    mrfiRxFilterAddr                         0x200000fc   Data           4  simplicitilib.o(.data)
    sAPAddress                               0x20000100   Data           4  simplicitilib.o(.data)
    sMyRAMAddress                            0x20000104   Data           4  simplicitilib.o(.data)
    sPersistInfo                             0x20000108   Data          69  simplicitilib.o(.data)
    .data                                    0x20000150   Section       20  sound.o(.data)
    g_ucVolume                               0x20000150   Data           1  sound.o(.data)
    g_usChannels                             0x20000152   Data           2  sound.o(.data)
    g_ulDMAFlags                             0x20000154   Data           4  sound.o(.data)
    g_ulPlaying                              0x20000158   Data           4  sound.o(.data)
    g_ulSampleRate                           0x2000015c   Data           4  sound.o(.data)
    g_usBitsPerSample                        0x20000160   Data           4  sound.o(.data)
    .data                                    0x20000164   Section        8  uartstdio.o(.data)
    bLastWasCR                               0x20000164   Data           1  uartstdio.o(.data)
    g_ulBase                                 0x20000168   Data           4  uartstdio.o(.data)
    .data                                    0x2000016c   Section        4  ustdlib.o(.data)
    g_ulRandomSeed                           0x2000016c   Data           4  ustdlib.o(.data)
    .data                                    0x20000170   Section       24  wav.o(.data)
    g_usMinutes                              0x20000170   Data           2  wav.o(.data)
    g_usSeconds                              0x20000172   Data           2  wav.o(.data)
    g_pucDataPtr                             0x20000174   Data           4  wav.o(.data)
    g_ulMaxBufferSize                        0x20000178   Data           4  wav.o(.data)
    g_ulFlags                                0x2000017c   Data           4  wav.o(.data)
    g_ulBytesPlayed                          0x20000180   Data           4  wav.o(.data)
    g_ulBytesRemaining                       0x20000184   Data           4  wav.o(.data)
    .bss                                     0x20000400   Section     1024  chronos_drive.o(.bss)
    .bss                                     0x20000800   Section       96  chronos_drive.o(.bss)
    g_sStateInfo                             0x20000800   Data          64  chronos_drive.o(.bss)
    .bss                                     0x20000860   Section      313  simplicitilib.o(.bss)
    sInFrameQ                                0x20000860   Data         210  simplicitilib.o(.bss)
    sOutFrameQ                               0x20000932   Data          70  simplicitilib.o(.bss)
    mrfiIncomingPacket                       0x20000978   Data          33  simplicitilib.o(.bss)
    .bss                                     0x2000099c   Section       24  sound.o(.bss)
    g_sOutBuffers                            0x2000099c   Data          24  sound.o(.bss)
    .bss                                     0x200009b4   Section     4096  wav.o(.bss)
    g_pucBuffer                              0x200009b4   Data        4096  wav.o(.bss)
    STACK                                    0x200019b8   Section     1024  startup_rvmdk.o(STACK)
    StackMem                                 0x200019b8   Data           0  startup_rvmdk.o(STACK)

    Global Symbols

    Symbol Name                              Value     Ov Type        Size  Object(Section)

    BuildAttributes$$THM_ISAv4$P$D$K$B$S$PE$A:L22UL41UL21$X:L11$S22US41US21$IEEE1$IW$USESV6$~STKCKD$USESV7$~SHL$OTIME$EBA8$MICROLIB$REQ8$PRES8$EABIv2 0x00000000   Number         0  anon$$obj.o ABSOLUTE
    __ARM_use_no_argv                        0x00000000   Number         0  chronos_drive.o ABSOLUTE
    __Vectors                                0x00000000   Data           0  startup_rvmdk.o(RESET)
    _clock_init                               - Undefined Weak Reference
    Reset_Handler                            0x0000011d   Thumb Code     0  startup_rvmdk.o(RESET)
    __main                                   0x00000129   Thumb Code     0  entry.o(.ARM.Collect$$$$00000000)
    _main_stk                                0x00000129   Thumb Code     0  entry2.o(.ARM.Collect$$$$00000001)
    _main_scatterload                        0x0000012d   Thumb Code     0  entry5.o(.ARM.Collect$$$$00000004)
    __main_after_scatterload                 0x00000131   Thumb Code     0  entry5.o(.ARM.Collect$$$$00000004)
    _main_clock                              0x00000131   Thumb Code     0  entry7b.o(.ARM.Collect$$$$00000008)
    _main_init                               0x00000131   Thumb Code     0  entry8.o(.ARM.Collect$$$$00000009)
    CPUcpsid                                 0x0000013d   Thumb Code     8  cpu.o(.emb_text)
    CPUprimask                               0x00000145   Thumb Code     6  cpu.o(.emb_text)
    CPUcpsie                                 0x0000014b   Thumb Code     8  cpu.o(.emb_text)
    CPUwfi                                   0x00000153   Thumb Code     4  cpu.o(.emb_text)
    CPUbasepriSet                            0x00000157   Thumb Code     6  cpu.o(.emb_text)
    CPUbasepriGet                            0x0000015d   Thumb Code     6  cpu.o(.emb_text)
    SysCtlDelay                              0x00000165   Thumb Code     6  sysctl.o(.emb_text)
    ___aeabi_memcpy4$move                    0x0000016b   Thumb Code     0  memmovea.o(.text)
    ___aeabi_memcpy8$move                    0x0000016b   Thumb Code     0  memmovea.o(.text)
    __aeabi_memcpy                           0x0000016b   Thumb Code    64  memmovea.o(.text)
    __aeabi_memmove                          0x0000016b   Thumb Code     0  memmovea.o(.text)
    __aeabi_memmove4                         0x0000016b   Thumb Code     0  memmovea.o(.text)
    __aeabi_memmove8                         0x0000016b   Thumb Code     0  memmovea.o(.text)
    __aeabi_memset                           0x000001ab   Thumb Code    14  memseta.o(.text)
    __aeabi_memset4                          0x000001ab   Thumb Code     0  memseta.o(.text)
    __aeabi_memset8                          0x000001ab   Thumb Code     0  memseta.o(.text)
    __aeabi_memclr                           0x000001b9   Thumb Code     4  memseta.o(.text)
    __aeabi_memclr4                          0x000001b9   Thumb Code     0  memseta.o(.text)
    __aeabi_memclr8                          0x000001b9   Thumb Code     0  memseta.o(.text)
    _memset$wrapper                          0x000001bd   Thumb Code    20  memseta.o(.text)
    strlen                                   0x000001d1   Thumb Code    16  strlen.o(.text)
    memcmp                                   0x000001e1   Thumb Code    26  memcmp.o(.text)
    __scatterload                            0x000001fd   Thumb Code    28  init.o(.text)
    __scatterload_rt2                        0x000001fd   Thumb Code     0  init.o(.text)
    __decompress                             0x00000221   Thumb Code     0  __dczerorl2.o(.text)
    __decompress1                            0x00000221   Thumb Code    92  __dczerorl2.o(.text)
    BSP_Delay                                0x000003e9   Thumb Code    36  simplicitilib.o(i.BSP_Delay)
    BSP_GpioPort1Isr                         0x00000411   Thumb Code     4  simplicitilib.o(i.BSP_GpioPort1Isr)
    BSP_Init                                 0x00000415   Thumb Code    28  simplicitilib.o(i.BSP_Init)
    BSP_InitButtons                          0x00000431   Thumb Code    40  simplicitilib.o(i.BSP_InitButtons)
    BSP_InitDrivers                          0x0000045d   Thumb Code    46  simplicitilib.o(i.BSP_InitDrivers)
    BSP_InitLeds                             0x00000491   Thumb Code    54  simplicitilib.o(i.BSP_InitLeds)
    BumpSensorGetStatus                      0x000004fd   Thumb Code    46  sensors.o(i.BumpSensorGetStatus)
    BumpSensorsInit                          0x00000531   Thumb Code    46  sensors.o(i.BumpSensorsInit)
    DACClassDDis                             0x00000a3d   Thumb Code     8  dac.o(i.DACClassDDis)
    DACClassDEn                              0x00000a45   Thumb Code     8  dac.o(i.DACClassDEn)
    DACInit                                  0x00000a4d   Thumb Code   310  dac.o(i.DACInit)
    Display96x16x1Clear                      0x00000d0d   Thumb Code    18  display96x16x1.o(i.Display96x16x1Clear)
    Display96x16x1ClearLine                  0x00000d21   Thumb Code    50  display96x16x1.o(i.Display96x16x1ClearLine)
    Display96x16x1DisplayOn                  0x00000d59   Thumb Code    44  display96x16x1.o(i.Display96x16x1DisplayOn)
    Display96x16x1Init                       0x00000d89   Thumb Code   232  display96x16x1.o(i.Display96x16x1Init)
    Display96x16x1StringDraw                 0x00000e95   Thumb Code    10  display96x16x1.o(i.Display96x16x1StringDraw)
    Display96x16x1StringDrawCentered         0x00000e9f   Thumb Code    64  display96x16x1.o(i.Display96x16x1StringDrawCentered)
    Display96x16x1StringDrawLen              0x00000ee1   Thumb Code   172  display96x16x1.o(i.Display96x16x1StringDrawLen)
    FlashUserGet                             0x000010cd   Thumb Code    48  flash.o(i.FlashUserGet)
    GPIODirModeSet                           0x00001105   Thumb Code    40  gpio.o(i.GPIODirModeSet)
    GPIOPadConfigSet                         0x0000112d   Thumb Code   176  gpio.o(i.GPIOPadConfigSet)
    GPIOPinConfigure                         0x000011dd   Thumb Code    64  gpio.o(i.GPIOPinConfigure)
    GPIOPinTypeI2S                           0x00001225   Thumb Code    28  gpio.o(i.GPIOPinTypeI2S)
    GPIOPinTypeUART                          0x00001241   Thumb Code    28  gpio.o(i.GPIOPinTypeUART)
    I2SIntClear                              0x0000125d   Thumb Code     6  i2s.o(i.I2SIntClear)
    I2SIntStatus                             0x00001263   Thumb Code    14  i2s.o(i.I2SIntStatus)
    I2SMasterClockSelect                     0x00001271   Thumb Code    18  i2s.o(i.I2SMasterClockSelect)
    I2STxConfigSet                           0x00001283   Thumb Code    22  i2s.o(i.I2STxConfigSet)
    I2STxEnable                              0x00001299   Thumb Code    20  i2s.o(i.I2STxEnable)
    I2STxFIFOLimitSet                        0x000012ad   Thumb Code     4  i2s.o(i.I2STxFIFOLimitSet)
    IntMasterEnable                          0x000012b1   Thumb Code    10  interrupt.o(i.IntMasterEnable)
    LED_Off                                  0x000012bd   Thumb Code    58  io.o(i.LED_Off)
    LED_Toggle                               0x000012fd   Thumb Code    92  io.o(i.LED_Toggle)
    LEDsInit                                 0x0000135d   Thumb Code    34  io.o(i.LEDsInit)
    MRFI_DelayMs                             0x00001389   Thumb Code    26  simplicitilib.o(i.MRFI_DelayMs)
    MRFI_GpioIsr                             0x000013a5   Thumb Code    50  simplicitilib.o(i.MRFI_GpioIsr)
    MRFI_Init                                0x000013e1   Thumb Code   416  simplicitilib.o(i.MRFI_Init)
    MRFI_PostKillSem                         0x00001599   Thumb Code    14  simplicitilib.o(i.MRFI_PostKillSem)
    MRFI_RandomByte                          0x000015ad   Thumb Code    16  simplicitilib.o(i.MRFI_RandomByte)
    MRFI_Receive                             0x000015c1   Thumb Code     8  simplicitilib.o(i.MRFI_Receive)
    MRFI_Rssi                                0x000015cd   Thumb Code    60  simplicitilib.o(i.MRFI_Rssi)
    MRFI_RxAddrIsFiltered                    0x0000160d   Thumb Code    66  simplicitilib.o(i.MRFI_RxAddrIsFiltered)
    MRFI_RxCompleteISR                       0x00001659   Thumb Code    30  simplicitilib.o(i.MRFI_RxCompleteISR)
    MRFI_RxIdle                              0x00001679   Thumb Code    30  simplicitilib.o(i.MRFI_RxIdle)
    MRFI_RxOn                                0x0000169d   Thumb Code    34  simplicitilib.o(i.MRFI_RxOn)
    MRFI_SetLogicalChannel                   0x000016c5   Thumb Code    46  simplicitilib.o(i.MRFI_SetLogicalChannel)
    MRFI_SetRFPwr                            0x000016fd   Thumb Code    46  simplicitilib.o(i.MRFI_SetRFPwr)
    MRFI_Sleep                               0x00001735   Thumb Code    52  simplicitilib.o(i.MRFI_Sleep)
    MRFI_Transmit                            0x0000176d   Thumb Code   310  simplicitilib.o(i.MRFI_Transmit)
    MRFI_WakeUp                              0x000018ad   Thumb Code    80  simplicitilib.o(i.MRFI_WakeUp)
    MotorDir                                 0x00001909   Thumb Code    30  motor.o(i.MotorDir)
    MotorRun                                 0x00001931   Thumb Code    20  motor.o(i.MotorRun)
    MotorSpeed                               0x0000194d   Thumb Code    88  motor.o(i.MotorSpeed)
    MotorStop                                0x000019a9   Thumb Code    40  motor.o(i.MotorStop)
    MotorsInit                               0x000019d9   Thumb Code   300  motor.o(i.MotorsInit)
    PushButtonGetStatus                      0x00001d0d   Thumb Code    42  io.o(i.PushButtonGetStatus)
    SMPL_Init                                0x00001d59   Thumb Code    40  simplicitilib.o(i.SMPL_Init)
    SMPL_Ioctl                               0x00001d85   Thumb Code   194  simplicitilib.o(i.SMPL_Ioctl)
    SMPL_LinkListen                          0x00001e51   Thumb Code   100  simplicitilib.o(i.SMPL_LinkListen)
    SMPL_Receive                             0x00001eb9   Thumb Code    58  simplicitilib.o(i.SMPL_Receive)
    SSIBusy                                  0x00001ef3   Thumb Code     8  ssi.o(i.SSIBusy)
    SchedulerElapsedTicksCalc                0x00001efb   Thumb Code    16  scheduler.o(i.SchedulerElapsedTicksCalc)
    SchedulerElapsedTicksGet                 0x00001f0d   Thumb Code     8  scheduler.o(i.SchedulerElapsedTicksGet)
    SchedulerInit                            0x00001f19   Thumb Code    28  scheduler.o(i.SchedulerInit)
    SchedulerRun                             0x00001f35   Thumb Code    60  scheduler.o(i.SchedulerRun)
    SchedulerSysTickIntHandler               0x00001f7d   Thumb Code    10  scheduler.o(i.SchedulerSysTickIntHandler)
    SchedulerTaskDisable                     0x00001f8d   Thumb Code    24  scheduler.o(i.SchedulerTaskDisable)
    SchedulerTaskEnable                      0x00001fad   Thumb Code    40  scheduler.o(i.SchedulerTaskEnable)
    SchedulerTickCountGet                    0x00001fe1   Thumb Code     6  scheduler.o(i.SchedulerTickCountGet)
    SetSimpliciTIAddress                     0x0000205d   Thumb Code   102  chronos_drive.o(i.SetSimpliciTIAddress)
    SoundBufferPlay                          0x00002111   Thumb Code   160  sound.o(i.SoundBufferPlay)
    SoundClassDDis                           0x000021c1   Thumb Code     4  sound.o(i.SoundClassDDis)
    SoundClassDEn                            0x000021c5   Thumb Code     4  sound.o(i.SoundClassDEn)
    SoundInit                                0x000021c9   Thumb Code   212  sound.o(i.SoundInit)
    SoundIntHandler                          0x000022cd   Thumb Code   122  sound.o(i.SoundIntHandler)
    SoundSetFormat                           0x00002359   Thumb Code   254  sound.o(i.SoundSetFormat)
    SysCtlClockGet                           0x00002549   Thumb Code   514  sysctl.o(i.SysCtlClockGet)
    SysCtlClockSet                           0x00002779   Thumb Code   310  sysctl.o(i.SysCtlClockSet)
    SysCtlI2SMClkSet                         0x000028c5   Thumb Code   204  sysctl.o(i.SysCtlI2SMClkSet)
    SysCtlPeripheralEnable                   0x0000299d   Thumb Code    70  sysctl.o(i.SysCtlPeripheralEnable)
    SysTickEnable                            0x000029ed   Thumb Code    14  systick.o(i.SysTickEnable)
    SysTickIntEnable                         0x000029fb   Thumb Code    14  systick.o(i.SysTickIntEnable)
    SysTickPeriodSet                         0x00002a09   Thumb Code    10  systick.o(i.SysTickPeriodSet)
    UARTStdioInit                            0x00002a23   Thumb Code     8  uartstdio.o(i.UARTStdioInit)
    UARTStdioInitExpClk                      0x00002a2d   Thumb Code    86  uartstdio.o(i.UARTStdioInitExpClk)
    UARTprintf                               0x00002a8d   Thumb Code   424  uartstdio.o(i.UARTprintf)
    UARTwrite                                0x00002c45   Thumb Code    56  uartstdio.o(i.UARTwrite)
    WaveOpen                                 0x00002d69   Thumb Code   188  wav.o(i.WaveOpen)
    WavePlayContinue                         0x00002e39   Thumb Code   138  wav.o(i.WavePlayContinue)
    WavePlayStart                            0x00002ed5   Thumb Code    18  wav.o(i.WavePlayStart)
    __scatterload_copy                       0x00002f35   Thumb Code    14  handlers.o(i.__scatterload_copy)
    __scatterload_null                       0x00002f43   Thumb Code     2  handlers.o(i.__scatterload_null)
    __scatterload_zeroinit                   0x00002f45   Thumb Code    14  handlers.o(i.__scatterload_zeroinit)
    isDupSandFFrame                          0x000030ed   Thumb Code   116  simplicitilib.o(i.isDupSandFFrame)
    main                                     0x00003161   Thumb Code   186  chronos_drive.o(i.main)
    mrfiSpiCmdStrobe                         0x000032b5   Thumb Code   144  simplicitilib.o(i.mrfiSpiCmdStrobe)
    mrfiSpiInit                              0x00003351   Thumb Code   188  simplicitilib.o(i.mrfiSpiInit)
    mrfiSpiReadReg                           0x0000342d   Thumb Code    26  simplicitilib.o(i.mrfiSpiReadReg)
    mrfiSpiReadRxFifo                        0x00003447   Thumb Code    10  simplicitilib.o(i.mrfiSpiReadRxFifo)
    mrfiSpiWriteReg                          0x00003451   Thumb Code    24  simplicitilib.o(i.mrfiSpiWriteReg)
    mrfiSpiWriteTxFifo                       0x00003469   Thumb Code    10  simplicitilib.o(i.mrfiSpiWriteTxFifo)
    nwk_QInit                                0x00003475   Thumb Code    24  simplicitilib.o(i.nwk_QInit)
    nwk_QadjustOrder                         0x00003491   Thumb Code    72  simplicitilib.o(i.nwk_QadjustOrder)
    nwk_QfindOldest                          0x000034dd   Thumb Code   286  simplicitilib.o(i.nwk_QfindOldest)
    nwk_QfindSlot                            0x00003601   Thumb Code   130  simplicitilib.o(i.nwk_QfindSlot)
    nwk_SendEmptyPollRspFrame                0x00003689   Thumb Code   108  simplicitilib.o(i.nwk_SendEmptyPollRspFrame)
    nwk_allocateLocalRxPort                  0x000036f9   Thumb Code   190  simplicitilib.o(i.nwk_allocateLocalRxPort)
    nwk_buildFrame                           0x000037bd   Thumb Code   110  simplicitilib.o(i.nwk_buildFrame)
    nwk_checkAppMsgTID                       0x00003831   Thumb Code    34  simplicitilib.o(i.nwk_checkAppMsgTID)
    nwk_checkConnInfo                        0x00003853   Thumb Code    26  simplicitilib.o(i.nwk_checkConnInfo)
    nwk_connectionControl                    0x0000386d   Thumb Code    32  simplicitilib.o(i.nwk_connectionControl)
    nwk_deviceAddress                        0x0000388d   Thumb Code    36  simplicitilib.o(i.nwk_deviceAddress)
    nwk_findAlreadyJoined                    0x000038b1   Thumb Code    50  simplicitilib.o(i.nwk_findAlreadyJoined)
    nwk_findPeer                             0x000038e9   Thumb Code    56  simplicitilib.o(i.nwk_findPeer)
    nwk_frameInit                            0x00003925   Thumb Code    32  simplicitilib.o(i.nwk_frameInit)
    nwk_getConnInfo                          0x00003949   Thumb Code    38  simplicitilib.o(i.nwk_getConnInfo)
    nwk_getJoinToken                         0x00003975   Thumb Code    12  simplicitilib.o(i.nwk_getJoinToken)
    nwk_getLinkToken                         0x00003985   Thumb Code    12  simplicitilib.o(i.nwk_getLinkToken)
    nwk_getLocalLinkID                       0x00003995   Thumb Code    88  simplicitilib.o(i.nwk_getLocalLinkID)
    nwk_getMyAddress                         0x000039f1   Thumb Code    16  simplicitilib.o(i.nwk_getMyAddress)
    nwk_getNextConnection                    0x00003a09   Thumb Code    56  simplicitilib.o(i.nwk_getNextConnection)
    nwk_getNumObjectFromMsg                  0x00003a45   Thumb Code    14  simplicitilib.o(i.nwk_getNumObjectFromMsg)
    nwk_getQ                                 0x00003a55   Thumb Code    14  simplicitilib.o(i.nwk_getQ)
    nwk_getSandFFrame                        0x00003a69   Thumb Code    90  simplicitilib.o(i.nwk_getSandFFrame)
    nwk_globalsInit                          0x00003ac5   Thumb Code    26  simplicitilib.o(i.nwk_globalsInit)
    nwk_isConnectionValid                    0x00003ae9   Thumb Code   116  simplicitilib.o(i.nwk_isConnectionValid)
    nwk_isLinkDuplicate                      0x00003b61   Thumb Code    56  simplicitilib.o(i.nwk_isLinkDuplicate)
    nwk_isSandFClient                        0x00003b9d   Thumb Code    56  simplicitilib.o(i.nwk_isSandFClient)
    nwk_isValidReply                         0x00003bd9   Thumb Code    44  simplicitilib.o(i.nwk_isValidReply)
    nwk_joinContext                          0x00003c05   Thumb Code    20  simplicitilib.o(i.nwk_joinContext)
    nwk_joinInit                             0x00003c19   Thumb Code    38  simplicitilib.o(i.nwk_joinInit)
    nwk_linkInit                             0x00003c4d   Thumb Code    34  simplicitilib.o(i.nwk_linkInit)
    nwk_mgmtInit                             0x00003c79   Thumb Code    22  simplicitilib.o(i.nwk_mgmtInit)
    nwk_nwkInit                              0x00003c95   Thumb Code   102  simplicitilib.o(i.nwk_nwkInit)
    nwk_pingInit                             0x00003d05   Thumb Code    12  simplicitilib.o(i.nwk_pingInit)
    nwk_processFreq                          0x00003d15   Thumb Code     4  simplicitilib.o(i.nwk_processFreq)
    nwk_processJoin                          0x00003d19   Thumb Code    74  simplicitilib.o(i.nwk_processJoin)
    nwk_processLink                          0x00003d69   Thumb Code    46  simplicitilib.o(i.nwk_processLink)
    nwk_processMgmt                          0x00003d9d   Thumb Code    68  simplicitilib.o(i.nwk_processMgmt)
    nwk_processPing                          0x00003de5   Thumb Code    90  simplicitilib.o(i.nwk_processPing)
    nwk_processSecurity                      0x00003e45   Thumb Code     4  simplicitilib.o(i.nwk_processSecurity)
    nwk_putNumObjectIntoMsg                  0x00003e49   Thumb Code    44  simplicitilib.o(i.nwk_putNumObjectIntoMsg)
    nwk_radioControl                         0x00003e75   Thumb Code   116  simplicitilib.o(i.nwk_radioControl)
    nwk_rawReceive                           0x00003ee9   Thumb Code    36  simplicitilib.o(i.nwk_rawReceive)
    nwk_rawSend                              0x00003f0d   Thumb Code    56  simplicitilib.o(i.nwk_rawSend)
    nwk_replayFrame                          0x00003f45   Thumb Code    50  simplicitilib.o(i.nwk_replayFrame)
    nwk_retrieveFrame                        0x00003f77   Thumb Code   144  simplicitilib.o(i.nwk_retrieveFrame)
    nwk_saveJoinedDevice                     0x00004009   Thumb Code    76  simplicitilib.o(i.nwk_saveJoinedDevice)
    nwk_sendAckReply                         0x00004059   Thumb Code   106  simplicitilib.o(i.nwk_sendAckReply)
    nwk_sendFrame                            0x000040c9   Thumb Code    34  simplicitilib.o(i.nwk_sendFrame)
    nwk_setJoinContext                       0x000040f1   Thumb Code    12  simplicitilib.o(i.nwk_setJoinContext)
    nwk_setJoinToken                         0x00004101   Thumb Code    10  simplicitilib.o(i.nwk_setJoinToken)
    nwk_setLinkToken                         0x00004111   Thumb Code    10  simplicitilib.o(i.nwk_setLinkToken)
    nwk_setListenContext                     0x00004121   Thumb Code    14  simplicitilib.o(i.nwk_setListenContext)
    nwk_setMyAddress                         0x00004135   Thumb Code    22  simplicitilib.o(i.nwk_setMyAddress)
    urand                                    0x00004591   Thumb Code    16  ustdlib.o(i.urand)
    usnprintf                                0x000045ad   Thumb Code    18  ustdlib.o(i.usnprintf)
    ustrncpy                                 0x000045bf   Thumb Code    34  ustdlib.o(i.ustrncpy)
    uvsnprintf                               0x000045e1   Thumb Code   578  ustdlib.o(i.uvsnprintf)
    mrfiBroadcastAddr                        0x00004a4f   Data           4  simplicitilib.o(.constdata)
    g_pcReverseSound                         0x00004ab2   Data       12682  sounds.o(.constdata)
    g_pcBumpSound                            0x00007c3c   Data       22872  sounds.o(.constdata)
    g_pcHornSound                            0x0000d594   Data        6216  sounds.o(.constdata)
    Region$$Table$$Base                      0x0000f0c4   Number         0  anon$$obj.o(Region$$Table)
    Region$$Table$$Limit                     0x0000f0e4   Number         0  anon$$obj.o(Region$$Table)
    g_ulScrollStringIndex                    0x20000004   Data           4  chronos_drive.o(.data)
    g_ulScrollStartPos                       0x20000008   Data           4  chronos_drive.o(.data)
    g_ulCurrentString                        0x2000000c   Data           4  chronos_drive.o(.data)
    g_pcCyclingStrings                       0x20000010   Data           8  chronos_drive.o(.data)
    g_pcScrollingBannerStrings               0x20000018   Data           8  chronos_drive.o(.data)
    g_psSchedulerTable                       0x20000020   Data         160  chronos_drive.o(.data)
    g_ulSchedulerNumTasks                    0x200000c0   Data           4  chronos_drive.o(.data)
    g_ucSPIReadVal                           0x200000d9   Data           1  simplicitilib.o(.data)
    sDMAControlTable                         0x20000400   Data        1024  chronos_drive.o(.bss)
    g_pcString1                              0x20000840   Data          16  chronos_drive.o(.bss)
    g_pcString2                              0x20000850   Data          16  chronos_drive.o(.bss)
    __initial_sp                             0x20001db8   Data           0  startup_rvmdk.o(STACK)



==============================================================================

Memory Map of the image

  Image Entry point : 0x0000011d

  Load Region LR_IROM (Base: 0x00000000, Size: 0x0000f26c, Max: 0x00040000, ABSOLUTE, COMPRESSED[0x0000f140])

    Execution Region ER_IROM (Base: 0x00000000, Size: 0x0000f0e4, Max: 0x00040000, ABSOLUTE)

    Base Addr    Size         Type   Attr      Idx    E Section Name        Object

    0x00000000   0x00000128   Code   RO         1658  * RESET               startup_rvmdk.o
    0x00000128   0x00000000   Code   RO         3070  * .ARM.Collect$$$$00000000  mc_w.l(entry.o)
    0x00000128   0x00000004   Code   RO         3087    .ARM.Collect$$$$00000001  mc_w.l(entry2.o)
    0x0000012c   0x00000004   Code   RO         3090    .ARM.Collect$$$$00000004  mc_w.l(entry5.o)
    0x00000130   0x00000000   Code   RO         3092    .ARM.Collect$$$$00000008  mc_w.l(entry7b.o)
    0x00000130   0x00000008   Code   RO         3093    .ARM.Collect$$$$00000009  mc_w.l(entry8.o)
    0x00000138   0x00000004   Code   RO         3088    .ARM.Collect$$$$00002712  mc_w.l(entry2.o)
    0x0000013c   0x00000026   Code   RO         1889    .emb_text           driverlib-cm3.lib(cpu.o)
    0x00000162   0x00000002   PAD
    0x00000164   0x00000006   Code   RO         2707    .emb_text           driverlib-cm3.lib(sysctl.o)
    0x0000016a   0x00000040   Code   RO         3075    .text               mc_w.l(memmovea.o)
    0x000001aa   0x00000026   Code   RO         3077    .text               mc_w.l(memseta.o)
    0x000001d0   0x00000010   Code   RO         3079    .text               mc_w.l(strlen.o)
    0x000001e0   0x0000001a   Code   RO         3081    .text               mc_w.l(memcmp.o)
    0x000001fa   0x00000002   PAD
    0x000001fc   0x00000024   Code   RO         3094    .text               mc_w.l(init.o)
    0x00000220   0x0000005c   Code   RO         3104    .text               mc_w.l(__dczerorl2.o)
    0x0000027c   0x00000014   Code   RO            1    i.AutonomousModeStart  chronos_drive.o
    0x00000290   0x0000008c   Code   RO            2    i.AutonomousModeStraightStart  chronos_drive.o
    0x0000031c   0x000000cc   Code   RO            3    i.AutonomousModeTurnStart  chronos_drive.o
    0x000003e8   0x00000028   Code   RO          670    i.BSP_Delay         simplicitilib.o
    0x00000410   0x00000004   Code   RO          671    i.BSP_GpioPort1Isr  simplicitilib.o
    0x00000414   0x0000001c   Code   RO          672    i.BSP_Init          simplicitilib.o
    0x00000430   0x0000002c   Code   RO          674    i.BSP_InitButtons   simplicitilib.o
    0x0000045c   0x00000034   Code   RO          675    i.BSP_InitDrivers   simplicitilib.o
    0x00000490   0x00000040   Code   RO          676    i.BSP_InitLeds      simplicitilib.o
    0x000004d0   0x0000002c   Code   RO         1831    i.BufferCallback    wav.o
    0x000004fc   0x00000034   Code   RO          595    i.BumpSensorGetStatus  sensors.o
    0x00000530   0x00000038   Code   RO          596    i.BumpSensorsInit   sensors.o
    0x00000568   0x0000007c   Code   RO            4    i.CalibrationModeStart  chronos_drive.o
    0x000005e4   0x00000080   Code   RO            5    i.CalibrationModeStop  chronos_drive.o
    0x00000664   0x000000e0   Code   RO            6    i.CheckForReceivedRadioPacket  chronos_drive.o
    0x00000744   0x00000258   Code   RO            7    i.CheckForStateChange  chronos_drive.o
    0x0000099c   0x00000074   Code   RO            8    i.CheckSoundEffect  chronos_drive.o
    0x00000a10   0x0000002c   Code   RO            9    i.CycleDisplayString  chronos_drive.o
    0x00000a3c   0x00000008   Code   RO          276    i.DACClassDDis      dac.o
    0x00000a44   0x00000008   Code   RO          277    i.DACClassDEn       dac.o
    0x00000a4c   0x0000014c   Code   RO          278    i.DACInit           dac.o
    0x00000b98   0x000000c0   Code   RO          279    i.DACReadRegister   dac.o
    0x00000c58   0x000000b4   Code   RO          282    i.DACWriteRegister  dac.o
    0x00000d0c   0x00000012   Code   RO          339    i.Display96x16x1Clear  display96x16x1.o
    0x00000d1e   0x00000002   PAD
    0x00000d20   0x00000038   Code   RO          340    i.Display96x16x1ClearLine  display96x16x1.o
    0x00000d58   0x00000030   Code   RO          342    i.Display96x16x1DisplayOn  display96x16x1.o
    0x00000d88   0x0000010c   Code   RO          344    i.Display96x16x1Init  display96x16x1.o
    0x00000e94   0x0000000a   Code   RO          345    i.Display96x16x1StringDraw  display96x16x1.o
    0x00000e9e   0x00000040   Code   RO          346    i.Display96x16x1StringDrawCentered  display96x16x1.o
    0x00000ede   0x00000002   PAD
    0x00000ee0   0x000000b0   Code   RO          347    i.Display96x16x1StringDrawLen  display96x16x1.o
    0x00000f90   0x0000004c   Code   RO          348    i.Display96x16x1WriteArray  display96x16x1.o
    0x00000fdc   0x0000003c   Code   RO          349    i.Display96x16x1WriteByte  display96x16x1.o
    0x00001018   0x00000054   Code   RO          350    i.Display96x16x1WriteFinal  display96x16x1.o
    0x0000106c   0x00000034   Code   RO          351    i.Display96x16x1WriteFirst  display96x16x1.o
    0x000010a0   0x0000002c   Code   RO           10    i.EvalBotStop       chronos_drive.o
    0x000010cc   0x00000038   Code   RO         1915    i.FlashUserGet      driverlib-cm3.lib(flash.o)
    0x00001104   0x00000028   Code   RO         2032    i.GPIODirModeSet    driverlib-cm3.lib(gpio.o)
    0x0000112c   0x000000b0   Code   RO         2037    i.GPIOPadConfigSet  driverlib-cm3.lib(gpio.o)
    0x000011dc   0x00000048   Code   RO         2038    i.GPIOPinConfigure  driverlib-cm3.lib(gpio.o)
    0x00001224   0x0000001c   Code   RO         2056    i.GPIOPinTypeI2S    driverlib-cm3.lib(gpio.o)
    0x00001240   0x0000001c   Code   RO         2064    i.GPIOPinTypeUART   driverlib-cm3.lib(gpio.o)
    0x0000125c   0x00000006   Code   RO         2307    i.I2SIntClear       driverlib-cm3.lib(i2s.o)
    0x00001262   0x0000000e   Code   RO         2311    i.I2SIntStatus      driverlib-cm3.lib(i2s.o)
    0x00001270   0x00000012   Code   RO         2313    i.I2SMasterClockSelect  driverlib-cm3.lib(i2s.o)
    0x00001282   0x00000016   Code   RO         2322    i.I2STxConfigSet    driverlib-cm3.lib(i2s.o)
    0x00001298   0x00000014   Code   RO         2326    i.I2STxEnable       driverlib-cm3.lib(i2s.o)
    0x000012ac   0x00000004   Code   RO         2329    i.I2STxFIFOLimitSet  driverlib-cm3.lib(i2s.o)
    0x000012b0   0x0000000a   Code   RO         2480    i.IntMasterEnable   driverlib-cm3.lib(interrupt.o)
    0x000012ba   0x00000002   PAD
    0x000012bc   0x00000040   Code   RO          427    i.LED_Off           io.o
    0x000012fc   0x00000060   Code   RO          429    i.LED_Toggle        io.o
    0x0000135c   0x0000002c   Code   RO          430    i.LEDsInit          io.o
    0x00001388   0x0000001a   Code   RO          677    i.MRFI_DelayMs      simplicitilib.o
    0x000013a2   0x00000002   PAD
    0x000013a4   0x0000003c   Code   RO          681    i.MRFI_GpioIsr      simplicitilib.o
    0x000013e0   0x000001b8   Code   RO          682    i.MRFI_Init         simplicitilib.o
    0x00001598   0x00000014   Code   RO          683    i.MRFI_PostKillSem  simplicitilib.o
    0x000015ac   0x00000014   Code   RO          684    i.MRFI_RandomByte   simplicitilib.o
    0x000015c0   0x0000000c   Code   RO          685    i.MRFI_Receive      simplicitilib.o
    0x000015cc   0x00000040   Code   RO          687    i.MRFI_Rssi         simplicitilib.o
    0x0000160c   0x0000004c   Code   RO          688    i.MRFI_RxAddrIsFiltered  simplicitilib.o
    0x00001658   0x0000001e   Code   RO          689    i.MRFI_RxCompleteISR  simplicitilib.o
    0x00001676   0x00000002   PAD
    0x00001678   0x00000024   Code   RO          690    i.MRFI_RxIdle       simplicitilib.o
    0x0000169c   0x00000028   Code   RO          691    i.MRFI_RxOn         simplicitilib.o
    0x000016c4   0x00000038   Code   RO          692    i.MRFI_SetLogicalChannel  simplicitilib.o
    0x000016fc   0x00000038   Code   RO          693    i.MRFI_SetRFPwr     simplicitilib.o
    0x00001734   0x00000038   Code   RO          695    i.MRFI_Sleep        simplicitilib.o
    0x0000176c   0x00000140   Code   RO          696    i.MRFI_Transmit     simplicitilib.o
    0x000018ac   0x0000005c   Code   RO          697    i.MRFI_WakeUp       simplicitilib.o
    0x00001908   0x00000028   Code   RO          486    i.MotorDir          motor.o
    0x00001930   0x0000001c   Code   RO          487    i.MotorRun          motor.o
    0x0000194c   0x0000005c   Code   RO          488    i.MotorSpeed        motor.o
    0x000019a8   0x00000030   Code   RO          489    i.MotorStop         motor.o
    0x000019d8   0x00000144   Code   RO          490    i.MotorsInit        motor.o
    0x00001b1c   0x00000028   Code   RO          698    i.Mrfi_CalculateRssi  simplicitilib.o
    0x00001b44   0x0000002e   Code   RO          699    i.Mrfi_DelayUsec    simplicitilib.o
    0x00001b72   0x00000002   PAD
    0x00001b74   0x0000003c   Code   RO          700    i.Mrfi_RxModeOff    simplicitilib.o
    0x00001bb0   0x0000002c   Code   RO          701    i.Mrfi_RxModeOn     simplicitilib.o
    0x00001bdc   0x000000c8   Code   RO          702    i.Mrfi_SyncPinRxIsr  simplicitilib.o
    0x00001ca4   0x0000003a   Code   RO           11    i.NormalizeReading  chronos_drive.o
    0x00001cde   0x00000002   PAD
    0x00001ce0   0x0000002c   Code   RO           12    i.OutputAccelerometerReadings  chronos_drive.o
    0x00001d0c   0x00000030   Code   RO          433    i.PushButtonGetStatus  io.o
    0x00001d3c   0x0000001c   Code   RO           13    i.ReceiveCallback   chronos_drive.o
    0x00001d58   0x0000002c   Code   RO          704    i.SMPL_Init         simplicitilib.o
    0x00001d84   0x000000cc   Code   RO          705    i.SMPL_Ioctl        simplicitilib.o
    0x00001e50   0x00000068   Code   RO          707    i.SMPL_LinkListen   simplicitilib.o
    0x00001eb8   0x0000003a   Code   RO          709    i.SMPL_Receive      simplicitilib.o
    0x00001ef2   0x00000008   Code   RO         2582    i.SSIBusy           driverlib-cm3.lib(ssi.o)
    0x00001efa   0x00000010   Code   RO          528    i.SchedulerElapsedTicksCalc  scheduler.o
    0x00001f0a   0x00000002   PAD
    0x00001f0c   0x0000000c   Code   RO          529    i.SchedulerElapsedTicksGet  scheduler.o
    0x00001f18   0x0000001c   Code   RO          530    i.SchedulerInit     scheduler.o
    0x00001f34   0x00000048   Code   RO          531    i.SchedulerRun      scheduler.o
    0x00001f7c   0x00000010   Code   RO          532    i.SchedulerSysTickIntHandler  scheduler.o
    0x00001f8c   0x00000020   Code   RO          533    i.SchedulerTaskDisable  scheduler.o
    0x00001fac   0x00000034   Code   RO          534    i.SchedulerTaskEnable  scheduler.o
    0x00001fe0   0x0000000c   Code   RO          535    i.SchedulerTickCountGet  scheduler.o
    0x00001fec   0x00000070   Code   RO           14    i.ScrollTextBanner  chronos_drive.o
    0x0000205c   0x000000b4   Code   RO           15    i.SetSimpliciTIAddress  chronos_drive.o
    0x00002110   0x000000b0   Code   RO         1560    i.SoundBufferPlay   sound.o
    0x000021c0   0x00000004   Code   RO         1561    i.SoundClassDDis    sound.o
    0x000021c4   0x00000004   Code   RO         1562    i.SoundClassDEn     sound.o
    0x000021c8   0x00000104   Code   RO         1563    i.SoundInit         sound.o
    0x000022cc   0x0000008c   Code   RO         1564    i.SoundIntHandler   sound.o
    0x00002358   0x00000150   Code   RO         1566    i.SoundSetFormat    sound.o
    0x000024a8   0x000000a0   Code   RO           16    i.StateToString     chronos_drive.o
    0x00002548   0x00000230   Code   RO         2712    i.SysCtlClockGet    driverlib-cm3.lib(sysctl.o)
    0x00002778   0x0000014c   Code   RO         2713    i.SysCtlClockSet    driverlib-cm3.lib(sysctl.o)
    0x000028c4   0x000000d8   Code   RO         2719    i.SysCtlI2SMClkSet  driverlib-cm3.lib(sysctl.o)
    0x0000299c   0x00000050   Code   RO         2740    i.SysCtlPeripheralEnable  driverlib-cm3.lib(sysctl.o)
    0x000029ec   0x0000000e   Code   RO         3008    i.SysTickEnable     driverlib-cm3.lib(systick.o)
    0x000029fa   0x0000000e   Code   RO         3010    i.SysTickIntEnable  driverlib-cm3.lib(systick.o)
    0x00002a08   0x0000000a   Code   RO         3014    i.SysTickPeriodSet  driverlib-cm3.lib(systick.o)
    0x00002a12   0x00000010   Code   RO           17    i.ToggleLED         chronos_drive.o
    0x00002a22   0x00000008   Code   RO         1663    i.UARTStdioInit     uartstdio.o
    0x00002a2a   0x00000002   PAD
    0x00002a2c   0x00000060   Code   RO         1664    i.UARTStdioInitExpClk  uartstdio.o
    0x00002a8c   0x000001b8   Code   RO         1667    i.UARTprintf        uartstdio.o
    0x00002c44   0x0000003c   Code   RO         1668    i.UARTwrite         uartstdio.o
    0x00002c80   0x000000e8   Code   RO           18    i.UpdateSpeedFromAccelReadings  chronos_drive.o
    0x00002d68   0x000000d0   Code   RO         1833    i.WaveOpen          wav.o
    0x00002e38   0x0000009c   Code   RO         1834    i.WavePlayContinue  wav.o
    0x00002ed4   0x00000018   Code   RO         1835    i.WavePlayStart     wav.o
    0x00002eec   0x00000048   Code   RO         1837    i.WaveRead          wav.o
    0x00002f34   0x0000000e   Code   RO         3098    i.__scatterload_copy  mc_w.l(handlers.o)
    0x00002f42   0x00000002   Code   RO         3099    i.__scatterload_null  mc_w.l(handlers.o)
    0x00002f44   0x0000000e   Code   RO         3100    i.__scatterload_zeroinit  mc_w.l(handlers.o)
    0x00002f52   0x00000002   PAD
    0x00002f54   0x000000f4   Code   RO          713    i.dispatchFrame     simplicitilib.o
    0x00003048   0x00000074   Code   RO          714    i.handleLinkRequest  simplicitilib.o
    0x000030bc   0x00000030   Code   RO          715    i.initializeConnection  simplicitilib.o
    0x000030ec   0x00000074   Code   RO          716    i.isDupSandFFrame   simplicitilib.o
    0x00003160   0x00000128   Code   RO           19    i.main              chronos_drive.o
    0x00003288   0x0000002c   Code   RO          717    i.map_lid2idx       simplicitilib.o
    0x000032b4   0x0000009c   Code   RO          718    i.mrfiSpiCmdStrobe  simplicitilib.o
    0x00003350   0x000000dc   Code   RO          719    i.mrfiSpiInit       simplicitilib.o
    0x0000342c   0x0000001a   Code   RO          720    i.mrfiSpiReadReg    simplicitilib.o
    0x00003446   0x0000000a   Code   RO          721    i.mrfiSpiReadRxFifo  simplicitilib.o
    0x00003450   0x00000018   Code   RO          722    i.mrfiSpiWriteReg   simplicitilib.o
    0x00003468   0x0000000a   Code   RO          723    i.mrfiSpiWriteTxFifo  simplicitilib.o
    0x00003472   0x00000002   PAD
    0x00003474   0x0000001c   Code   RO          725    i.nwk_QInit         simplicitilib.o
    0x00003490   0x0000004c   Code   RO          726    i.nwk_QadjustOrder  simplicitilib.o
    0x000034dc   0x00000124   Code   RO          727    i.nwk_QfindOldest   simplicitilib.o
    0x00003600   0x00000088   Code   RO          728    i.nwk_QfindSlot     simplicitilib.o
    0x00003688   0x00000070   Code   RO          729    i.nwk_SendEmptyPollRspFrame  simplicitilib.o
    0x000036f8   0x000000c4   Code   RO          730    i.nwk_allocateLocalRxPort  simplicitilib.o
    0x000037bc   0x00000074   Code   RO          732    i.nwk_buildFrame    simplicitilib.o
    0x00003830   0x00000022   Code   RO          733    i.nwk_checkAppMsgTID  simplicitilib.o
    0x00003852   0x0000001a   Code   RO          734    i.nwk_checkConnInfo  simplicitilib.o
    0x0000386c   0x00000020   Code   RO          735    i.nwk_connectionControl  simplicitilib.o
    0x0000388c   0x00000024   Code   RO          736    i.nwk_deviceAddress  simplicitilib.o
    0x000038b0   0x00000038   Code   RO          738    i.nwk_findAlreadyJoined  simplicitilib.o
    0x000038e8   0x0000003c   Code   RO          739    i.nwk_findPeer      simplicitilib.o
    0x00003924   0x00000024   Code   RO          740    i.nwk_frameInit     simplicitilib.o
    0x00003948   0x0000002c   Code   RO          745    i.nwk_getConnInfo   simplicitilib.o
    0x00003974   0x00000010   Code   RO          747    i.nwk_getJoinToken  simplicitilib.o
    0x00003984   0x00000010   Code   RO          748    i.nwk_getLinkToken  simplicitilib.o
    0x00003994   0x0000005c   Code   RO          749    i.nwk_getLocalLinkID  simplicitilib.o
    0x000039f0   0x00000018   Code   RO          750    i.nwk_getMyAddress  simplicitilib.o
    0x00003a08   0x0000003c   Code   RO          752    i.nwk_getNextConnection  simplicitilib.o
    0x00003a44   0x0000000e   Code   RO          753    i.nwk_getNumObjectFromMsg  simplicitilib.o
    0x00003a52   0x00000002   PAD
    0x00003a54   0x00000014   Code   RO          755    i.nwk_getQ          simplicitilib.o
    0x00003a68   0x0000005a   Code   RO          757    i.nwk_getSandFFrame  simplicitilib.o
    0x00003ac2   0x00000002   PAD
    0x00003ac4   0x00000024   Code   RO          758    i.nwk_globalsInit   simplicitilib.o
    0x00003ae8   0x00000078   Code   RO          759    i.nwk_isConnectionValid  simplicitilib.o
    0x00003b60   0x0000003c   Code   RO          760    i.nwk_isLinkDuplicate  simplicitilib.o
    0x00003b9c   0x0000003c   Code   RO          761    i.nwk_isSandFClient  simplicitilib.o
    0x00003bd8   0x0000002c   Code   RO          762    i.nwk_isValidReply  simplicitilib.o
    0x00003c04   0x00000014   Code   RO          764    i.nwk_joinContext   simplicitilib.o
    0x00003c18   0x00000034   Code   RO          765    i.nwk_joinInit      simplicitilib.o
    0x00003c4c   0x0000002c   Code   RO          767    i.nwk_linkInit      simplicitilib.o
    0x00003c78   0x0000001c   Code   RO          768    i.nwk_mgmtInit      simplicitilib.o
    0x00003c94   0x00000070   Code   RO          769    i.nwk_nwkInit       simplicitilib.o
    0x00003d04   0x00000010   Code   RO          771    i.nwk_pingInit      simplicitilib.o
    0x00003d14   0x00000004   Code   RO          772    i.nwk_processFreq   simplicitilib.o
    0x00003d18   0x00000050   Code   RO          773    i.nwk_processJoin   simplicitilib.o
    0x00003d68   0x00000034   Code   RO          774    i.nwk_processLink   simplicitilib.o
    0x00003d9c   0x00000048   Code   RO          775    i.nwk_processMgmt   simplicitilib.o
    0x00003de4   0x00000060   Code   RO          776    i.nwk_processPing   simplicitilib.o
    0x00003e44   0x00000004   Code   RO          777    i.nwk_processSecurity  simplicitilib.o
    0x00003e48   0x0000002c   Code   RO          778    i.nwk_putNumObjectIntoMsg  simplicitilib.o
    0x00003e74   0x00000074   Code   RO          779    i.nwk_radioControl  simplicitilib.o
    0x00003ee8   0x00000024   Code   RO          780    i.nwk_rawReceive    simplicitilib.o
    0x00003f0c   0x00000038   Code   RO          781    i.nwk_rawSend       simplicitilib.o
    0x00003f44   0x00000032   Code   RO          782    i.nwk_replayFrame   simplicitilib.o
    0x00003f76   0x00000090   Code   RO          784    i.nwk_retrieveFrame  simplicitilib.o
    0x00004006   0x00000002   PAD
    0x00004008   0x00000050   Code   RO          785    i.nwk_saveJoinedDevice  simplicitilib.o
    0x00004058   0x00000070   Code   RO          787    i.nwk_sendAckReply  simplicitilib.o
    0x000040c8   0x00000028   Code   RO          788    i.nwk_sendFrame     simplicitilib.o
    0x000040f0   0x00000010   Code   RO          790    i.nwk_setJoinContext  simplicitilib.o
    0x00004100   0x00000010   Code   RO          791    i.nwk_setJoinToken  simplicitilib.o
    0x00004110   0x00000010   Code   RO          792    i.nwk_setLinkToken  simplicitilib.o
    0x00004120   0x00000014   Code   RO          793    i.nwk_setListenContext  simplicitilib.o
    0x00004134   0x0000001c   Code   RO          794    i.nwk_setMyAddress  simplicitilib.o
    0x00004150   0x00000070   Code   RO          796    i.send_poll_reply   simplicitilib.o
    0x000041c0   0x000000c0   Code   RO          797    i.smpl_send_join_reply  simplicitilib.o
    0x00004280   0x0000012c   Code   RO          798    i.smpl_send_link_reply  simplicitilib.o
    0x000043ac   0x00000130   Code   RO          799    i.spiBurstFifoAccess  simplicitilib.o
    0x000044dc   0x000000b4   Code   RO          800    i.spiRegAccess      simplicitilib.o
    0x00004590   0x0000001c   Code   RO         1727    i.urand             ustdlib.o
    0x000045ac   0x00000012   Code   RO         1728    i.usnprintf         ustdlib.o
    0x000045be   0x00000022   Code   RO         1735    i.ustrncpy          ustdlib.o
    0x000045e0   0x00000250   Code   RO         1739    i.uvsnprintf        ustdlib.o
    0x00004830   0x00000216   Data   RO          352    .constdata          display96x16x1.o
    0x00004a46   0x00000002   PAD
    0x00004a48   0x0000006a   Data   RO          802    .constdata          simplicitilib.o
    0x00004ab2   0x0000318a   Data   RO         1647    .constdata          sounds.o
    0x00007c3c   0x00005958   Data   RO         1648    .constdata          sounds.o
    0x0000d594   0x00001848   Data   RO         1649    .constdata          sounds.o
    0x0000eddc   0x0000001c   Data   RO         1669    .constdata          uartstdio.o
    0x0000edf8   0x0000001c   Data   RO         1740    .constdata          ustdlib.o
    0x0000ee14   0x00000078   Data   RO         2070    .constdata          driverlib-cm3.lib(gpio.o)
    0x0000ee8c   0x000001cc   Data   RO         2756    .constdata          driverlib-cm3.lib(sysctl.o)
    0x0000f058   0x0000005b   Data   RO           22    .conststring        chronos_drive.o
    0x0000f0b3   0x00000011   Data   RO         1670    .conststring        uartstdio.o
    0x0000f0c4   0x00000020   Data   RO         3096    Region$$Table       anon$$obj.o


    Execution Region RW_IRAM (Base: 0x20000000, Size: 0x00001db8, Max: 0x00018000, ABSOLUTE, COMPRESSED[0x0000005c])

    Base Addr    Size         Type   Attr      Idx    E Section Name        Object

    0x20000000   0x00000018   Data   RW           23    .data               chronos_drive.o
    0x20000018   0x00000008   Data   RW           24    .data               chronos_drive.o
    0x20000020   0x000000a0   Data   RW           25    .data               chronos_drive.o
    0x200000c0   0x00000004   Data   RW           26    .data               chronos_drive.o
    0x200000c4   0x00000004   Data   RW          536    .data               scheduler.o
    0x200000c8   0x00000085   Data   RW          803    .data               simplicitilib.o
    0x2000014d   0x00000003   PAD
    0x20000150   0x00000014   Data   RW         1572    .data               sound.o
    0x20000164   0x00000008   Data   RW         1671    .data               uartstdio.o
    0x2000016c   0x00000004   Data   RW         1742    .data               ustdlib.o
    0x20000170   0x00000018   Data   RW         1840    .data               wav.o
    0x20000188   0x00000278   PAD
    0x20000400   0x00000400   Zero   RW           20    .bss                chronos_drive.o
    0x20000800   0x00000060   Zero   RW           21    .bss                chronos_drive.o
    0x20000860   0x00000139   Zero   RW          801    .bss                simplicitilib.o
    0x20000999   0x00000003   PAD
    0x2000099c   0x00000018   Zero   RW         1571    .bss                sound.o
    0x200009b4   0x00001000   Zero   RW         1839    .bss                wav.o
    0x200019b4   0x00000004   PAD
    0x200019b8   0x00000400   Zero   RW         1656    STACK               startup_rvmdk.o


==============================================================================

Image component sizes


      Code (inc. data)   RO Data    RW Data    ZI Data      Debug   Object Name

      2770        716         91        196       1120      37899   chronos_drive.o
       720         32          0          0          0       5835   dac.o
       912         72        534          0          0       7287   display96x16x1.o
       252         26          0          0          0       2196   io.o
       532         54          0          0          0       2908   motor.o
       240         48          0          4          0       5097   scheduler.o
       108         16          0          0          0       1320   sensors.o
      7824        520        106        133        313     100072   simplicitilib.o
       920        164          0         20         24      15384   sound.o
         0          0      41770          0          0        431   sounds.o
       296        286          0          0       1024        232   startup_rvmdk.o
       604         30         45          8          0       4646   uartstdio.o
       672         26         28          4          0       4340   ustdlib.o
       504         56          0         24       4096       5182   wav.o

    ----------------------------------------------------------------------
     16378       2046      42608        392       7216     192829   Object Totals
         0          0         32          0          0          0   (incl. Generated)
        24          0          2          3        639          0   (incl. Padding)

    ----------------------------------------------------------------------

      Code (inc. data)   RO Data    RW Data    ZI Data      Debug   Library Member Name

        38          0          0          0          0        436   cpu.o
        56          8          0          0          0       3643   flash.o
       344          8        120          0          0       3218   gpio.o
        84          0          0          0          0       2491   i2s.o
        10          0          0          0          0        382   interrupt.o
         8          0          0          0          0        386   ssi.o
      1194         90        460          0          0       4850   sysctl.o
        38          0          0          0          0       1058   systick.o
        92          0          0          0          0          0   __dczerorl2.o
         0          0          0          0          0          0   entry.o
         8          4          0          0          0          0   entry2.o
         4          0          0          0          0          0   entry5.o
         0          0          0          0          0          0   entry7b.o
         8          4          0          0          0          0   entry8.o
        30          0          0          0          0          0   handlers.o
        36          8          0          0          0         68   init.o
        26          0          0          0          0         80   memcmp.o
        64          0          0          0          0         76   memmovea.o
        38          0          0          0          0        108   memseta.o
        16          0          0          0          0         68   strlen.o

    ----------------------------------------------------------------------
      2102        122        580          0          0      16864   Library Totals
         8          0          0          0          0          0   (incl. Padding)

    ----------------------------------------------------------------------

      Code (inc. data)   RO Data    RW Data    ZI Data      Debug   Library Name

      1772        106        580          0          0      16464   driverlib-cm3.lib
       322         16          0          0          0        400   mc_w.l

    ----------------------------------------------------------------------
      2102        122        580          0          0      16864   Library Totals

    ----------------------------------------------------------------------

==============================================================================


      Code (inc. data)   RO Data    RW Data    ZI Data      Debug   

     18480       2168      43188        392       7216     199605   Grand Totals
     18480       2168      43188         92       7216     199605   ELF Image Totals (compressed)
     18480       2168      43188         92          0          0   ROM Totals

==============================================================================

    Total RO  Size (Code + RO Data)                61668 (  60.22kB)
    Total RW  Size (RW Data + ZI Data)              7608 (   7.43kB)
    Total ROM Size (Code + RO Data + RW Data)      61760 (  60.31kB)

==============================================================================

