<html>
<body>
<pre>
<h1>µVision Build Log</h1>
<h2>Tool Versions:</h2>
IDE-Version: µVision V5.17.0.0
Copyright (C) 2015 ARM Ltd and ARM Germany GmbH. All rights reserved.
License Information: ruhtra ruhtra, esiee, LIC=----
 
Tool Versions:
Toolchain:       MDK-Lite  Version: 5.17
Toolchain Path:  D:\pgr\Keil_v5\ARM\ARMCC\Bin
C Compiler:      Armcc.exe V5.06 update 1 (build 61)
Assembler:       Armasm.exe V5.06 update 1 (build 61)
Linker/Locator:  ArmLink.exe V5.06 update 1 (build 61)
Library Manager: ArmAr.exe V5.06 update 1 (build 61)
Hex Converter:   FromElf.exe V5.06 update 1 (build 61)
CPU DLL:         SARMCM3.DLL V5.17
Dialog DLL:      DCM.DLL V1.13.4.0
Target DLL:      lmidk-agdi.dll V???
Dialog DLL:      TCM.DLL V1.14.6.0
 
<h2>Project:</h2>
D:\trav\AlgoCarto\testEvalbot\testFinal.uvprojx
Project File Date:  11/24/2015

<h2>Output:</h2>
*** Using Compiler 'V5.06 update 1 (build 61)', folder: 'D:\pgr\Keil_v5\ARM\ARMCC\Bin'
Rebuild target 'Target 1'
compiling main.c...
assembling Startup.s...
compiling capteur.c...
compiling motor_my.c...
compiling message.c...
compiling sensors.c...
compiling motor.c...
linking...
Program Size: Code=6080 RO-data=880 RW-data=24 ZI-data=69632  
".\Objects\testFinal.axf" - 0 Error(s), 0 Warning(s).

<h2>Collection of Component include folders:</h2>
  D:\trav\AlgoCarto\testEvalbot\RTE
  D:\pgr\Keil_v5\ARM\PACK\Keil\LM3S_DFP\1.1.0\Device\Include

<h2>Collection of Component Files used:</h2>
Build Time Elapsed:  00:00:02
</pre>
</body>
</html>
