<!doctype html public "-//w3c//dtd html 4.0 transitional//en">
<html><head>
<title>Static Call Graph - [.\rvmdk\qs-autonomous.axf]</title></head>
<body><HR>
<H1>Static Call Graph for image .\rvmdk\qs-autonomous.axf</H1><HR>
<BR><P>#&#060CALLGRAPH&#062# ARM Linker, 4.1 [Build 894]: Last Updated: Thu Dec 27 14:15:44 2012
<BR><P>
<H3>Maximum Stack Usage =        144 bytes + Unknown(Functions without stacksize, Cycles, Untraceable Function Pointers)</H3><H3>
Call chain for Maximum Stack Depth:</H3>
AutoTask &rArr; UARTprintf &rArr; UARTwrite &rArr; UARTPrimeTransmit
<P>
<H3>
Functions with no stack information
</H3><UL>
 <LI><a href="#[10]">Reset_Handler</a>
 <LI><a href="#[1]">NmiSR</a>
 <LI><a href="#[2]">FaultISR</a>
 <LI><a href="#[3]">IntDefaultHandler</a>
</UL>
</UL>
<P>
<H3>
Mutually Recursive functions
</H3> <LI><a href="#[14]">SysCtlDelay</a>&nbsp;&nbsp;&nbsp;&rArr;&nbsp;&nbsp;&nbsp;<a href="#[14]">SysCtlDelay</a><BR>
 <LI><a href="#[1]">NmiSR</a>&nbsp;&nbsp;&nbsp;&rArr;&nbsp;&nbsp;&nbsp;<a href="#[1]">NmiSR</a><BR>
 <LI><a href="#[2]">FaultISR</a>&nbsp;&nbsp;&nbsp;&rArr;&nbsp;&nbsp;&nbsp;<a href="#[2]">FaultISR</a><BR>
 <LI><a href="#[3]">IntDefaultHandler</a>&nbsp;&nbsp;&nbsp;&rArr;&nbsp;&nbsp;&nbsp;<a href="#[3]">IntDefaultHandler</a><BR>
</UL>
<P>
<H3>
Function Pointers
</H3><UL>
 <LI><a href="#[f]">AutoTask</a> from auto_task.o(i.AutoTask) referenced from qs-autonomous.o(.data)
 <LI><a href="#[a]">BufferCallback</a> from wav.o(i.BufferCallback) referenced from wav.o(i.WavePlayContinue)
 <LI><a href="#[c]">DisplayTask</a> from display_task.o(i.DisplayTask) referenced from qs-autonomous.o(.data)
 <LI><a href="#[b]">DriveTask</a> from drive_task.o(i.DriveTask) referenced from qs-autonomous.o(.data)
 <LI><a href="#[9]">DriveWheelSensorHandler</a> from drive_task.o(i.DriveWheelSensorHandler) referenced from drive_task.o(i.DriveInit)
 <LI><a href="#[2]">FaultISR</a> from startup_rvmdk.o(RESET) referenced from startup_rvmdk.o(RESET)
 <LI><a href="#[3]">IntDefaultHandler</a> from startup_rvmdk.o(RESET) referenced 58 times from startup_rvmdk.o(RESET)
 <LI><a href="#[d]">LEDTask</a> from led_task.o(i.LEDTask) referenced from qs-autonomous.o(.data)
 <LI><a href="#[1]">NmiSR</a> from startup_rvmdk.o(RESET) referenced from startup_rvmdk.o(RESET)
 <LI><a href="#[10]">Reset_Handler</a> from startup_rvmdk.o(RESET) referenced from startup_rvmdk.o(RESET)
 <LI><a href="#[4]">SchedulerSysTickIntHandler</a> from scheduler.o(i.SchedulerSysTickIntHandler) referenced from startup_rvmdk.o(RESET)
 <LI><a href="#[7]">SoundIntHandler</a> from sound.o(i.SoundIntHandler) referenced from startup_rvmdk.o(RESET)
 <LI><a href="#[e]">SoundTask</a> from sound_task.o(i.SoundTask) referenced from qs-autonomous.o(.data)
 <LI><a href="#[6]">UARTStdioIntHandler</a> from uartstdio.o(i.UARTStdioIntHandler) referenced from startup_rvmdk.o(RESET)
 <LI><a href="#[5]">WheelSensorIntHandler</a> from sensors.o(i.WheelSensorIntHandler) referenced from startup_rvmdk.o(RESET)
 <LI><a href="#[8]">main</a> from qs-autonomous.o(i.main) referenced from entry8.o(.ARM.Collect$$$$00000009)
</UL>
<P>
<H3>
Global Symbols
</H3>
<P><STRONG><a name="[10]"></a>Reset_Handler</STRONG> (Thumb, 0 bytes, Stack size unknown bytes, startup_rvmdk.o(RESET))
<BR><BR>[Calls]<UL><LI><a href="#[11]">&gt;&gt;</a>&nbsp;&nbsp;&nbsp;__main
</UL>

<P><STRONG><a name="[11]"></a>__main</STRONG> (Thumb, 0 bytes, Stack size unknown bytes, entry.o(.ARM.Collect$$$$00000000))
<BR><BR>[Called By]<UL><LI><a href="#[10]">&gt;&gt;</a>&nbsp;&nbsp;&nbsp;Reset_Handler
</UL>

<P><STRONG><a name="[6b]"></a>_main_stk</STRONG> (Thumb, 0 bytes, Stack size unknown bytes, entry2.o(.ARM.Collect$$$$00000001))

<P><STRONG><a name="[12]"></a>_main_scatterload</STRONG> (Thumb, 0 bytes, Stack size unknown bytes, entry5.o(.ARM.Collect$$$$00000004))
<BR><BR>[Calls]<UL><LI><a href="#[13]">&gt;&gt;</a>&nbsp;&nbsp;&nbsp;__scatterload
</UL>

<P><STRONG><a name="[15]"></a>__main_after_scatterload</STRONG> (Thumb, 0 bytes, Stack size unknown bytes, entry5.o(.ARM.Collect$$$$00000004))
<BR><BR>[Called By]<UL><LI><a href="#[13]">&gt;&gt;</a>&nbsp;&nbsp;&nbsp;__scatterload
</UL>

<P><STRONG><a name="[6c]"></a>_main_clock</STRONG> (Thumb, 0 bytes, Stack size unknown bytes, entry7b.o(.ARM.Collect$$$$00000008))

<P><STRONG><a name="[6d]"></a>_main_init</STRONG> (Thumb, 0 bytes, Stack size unknown bytes, entry8.o(.ARM.Collect$$$$00000009))

<P><STRONG><a name="[14]"></a>SysCtlDelay</STRONG> (Thumb, 6 bytes, Stack size 0 bytes, sysctl.o(.emb_text))
<BR><BR>[Calls]<UL><LI><a href="#[14]">&gt;&gt;</a>&nbsp;&nbsp;&nbsp;SysCtlDelay
</UL>
<BR>[Called By]<UL><LI><a href="#[33]">&gt;&gt;</a>&nbsp;&nbsp;&nbsp;Display96x16x1Init
<LI><a href="#[14]">&gt;&gt;</a>&nbsp;&nbsp;&nbsp;SysCtlDelay
<LI><a href="#[27]">&gt;&gt;</a>&nbsp;&nbsp;&nbsp;DACInit
</UL>

<P><STRONG><a name="[13]"></a>__scatterload</STRONG> (Thumb, 28 bytes, Stack size 0 bytes, init.o(.text))
<BR><BR>[Calls]<UL><LI><a href="#[15]">&gt;&gt;</a>&nbsp;&nbsp;&nbsp;__main_after_scatterload
</UL>
<BR>[Called By]<UL><LI><a href="#[12]">&gt;&gt;</a>&nbsp;&nbsp;&nbsp;_main_scatterload
</UL>

<P><STRONG><a name="[6e]"></a>__scatterload_rt2</STRONG> (Thumb, 0 bytes, Stack size 0 bytes, init.o(.text), UNUSED)

<P><STRONG><a name="[f]"></a>AutoTask</STRONG> (Thumb, 388 bytes, Stack size 16 bytes, auto_task.o(i.AutoTask))
<BR><BR>[Stack]<UL><LI>Max Depth = 144<LI>Call Chain = AutoTask &rArr; UARTprintf &rArr; UARTwrite &rArr; UARTPrimeTransmit
</UL>
<BR>[Calls]<UL><LI><a href="#[1a]">&gt;&gt;</a>&nbsp;&nbsp;&nbsp;UARTprintf
<LI><a href="#[1f]">&gt;&gt;</a>&nbsp;&nbsp;&nbsp;SoundTaskPlay
<LI><a href="#[17]">&gt;&gt;</a>&nbsp;&nbsp;&nbsp;SchedulerTickCountGet
<LI><a href="#[16]">&gt;&gt;</a>&nbsp;&nbsp;&nbsp;SchedulerElapsedTicksGet
<LI><a href="#[1d]">&gt;&gt;</a>&nbsp;&nbsp;&nbsp;RandomSeed
<LI><a href="#[18]">&gt;&gt;</a>&nbsp;&nbsp;&nbsp;RandomNumber
<LI><a href="#[1c]">&gt;&gt;</a>&nbsp;&nbsp;&nbsp;RandomAddEntropy
<LI><a href="#[1b]">&gt;&gt;</a>&nbsp;&nbsp;&nbsp;PushButtonGetStatus
<LI><a href="#[20]">&gt;&gt;</a>&nbsp;&nbsp;&nbsp;DriveStop
<LI><a href="#[19]">&gt;&gt;</a>&nbsp;&nbsp;&nbsp;DriveRun
<LI><a href="#[1e]">&gt;&gt;</a>&nbsp;&nbsp;&nbsp;BumpSensorGetStatus
</UL>
<BR>[Address Reference Count : 1]<UL><LI> qs-autonomous.o(.data)
</UL>
<P><STRONG><a name="[21]"></a>AutoTaskInit</STRONG> (Thumb, 14 bytes, Stack size 8 bytes, auto_task.o(i.AutoTaskInit))
<BR><BR>[Stack]<UL><LI>Max Depth = 24<LI>Call Chain = AutoTaskInit &rArr; PushButtonsInit
</UL>
<BR>[Calls]<UL><LI><a href="#[22]">&gt;&gt;</a>&nbsp;&nbsp;&nbsp;PushButtonsInit
<LI><a href="#[23]">&gt;&gt;</a>&nbsp;&nbsp;&nbsp;BumpSensorsInit
</UL>
<BR>[Called By]<UL><LI><a href="#[8]">&gt;&gt;</a>&nbsp;&nbsp;&nbsp;main
</UL>

<P><STRONG><a name="[1e]"></a>BumpSensorGetStatus</STRONG> (Thumb, 46 bytes, Stack size 8 bytes, sensors.o(i.BumpSensorGetStatus))
<BR><BR>[Stack]<UL><LI>Max Depth = 8<LI>Call Chain = BumpSensorGetStatus
</UL>
<BR>[Called By]<UL><LI><a href="#[f]">&gt;&gt;</a>&nbsp;&nbsp;&nbsp;AutoTask
</UL>

<P><STRONG><a name="[23]"></a>BumpSensorsInit</STRONG> (Thumb, 46 bytes, Stack size 16 bytes, sensors.o(i.BumpSensorsInit))
<BR><BR>[Stack]<UL><LI>Max Depth = 16<LI>Call Chain = BumpSensorsInit
</UL>
<BR>[Called By]<UL><LI><a href="#[21]">&gt;&gt;</a>&nbsp;&nbsp;&nbsp;AutoTaskInit
</UL>

<P><STRONG><a name="[24]"></a>DACClassDDis</STRONG> (Thumb, 8 bytes, Stack size 0 bytes, dac.o(i.DACClassDDis))
<BR><BR>[Stack]<UL><LI>Max Depth = 24<LI>Call Chain = DACClassDDis &rArr; DACWriteRegister
</UL>
<BR>[Calls]<UL><LI><a href="#[25]">&gt;&gt;</a>&nbsp;&nbsp;&nbsp;DACWriteRegister
</UL>
<BR>[Called By]<UL><LI><a href="#[54]">&gt;&gt;</a>&nbsp;&nbsp;&nbsp;SoundClassDDis
</UL>

<P><STRONG><a name="[26]"></a>DACClassDEn</STRONG> (Thumb, 8 bytes, Stack size 0 bytes, dac.o(i.DACClassDEn))
<BR><BR>[Stack]<UL><LI>Max Depth = 24<LI>Call Chain = DACClassDEn &rArr; DACWriteRegister
</UL>
<BR>[Calls]<UL><LI><a href="#[25]">&gt;&gt;</a>&nbsp;&nbsp;&nbsp;DACWriteRegister
</UL>
<BR>[Called By]<UL><LI><a href="#[55]">&gt;&gt;</a>&nbsp;&nbsp;&nbsp;SoundClassDEn
</UL>

<P><STRONG><a name="[27]"></a>DACInit</STRONG> (Thumb, 310 bytes, Stack size 24 bytes, dac.o(i.DACInit))
<BR><BR>[Stack]<UL><LI>Max Depth = 48<LI>Call Chain = DACInit &rArr; DACWriteRegister
</UL>
<BR>[Calls]<UL><LI><a href="#[14]">&gt;&gt;</a>&nbsp;&nbsp;&nbsp;SysCtlDelay
<LI><a href="#[29]">&gt;&gt;</a>&nbsp;&nbsp;&nbsp;SysCtlClockGet
<LI><a href="#[28]">&gt;&gt;</a>&nbsp;&nbsp;&nbsp;GPIOPinConfigure
<LI><a href="#[25]">&gt;&gt;</a>&nbsp;&nbsp;&nbsp;DACWriteRegister
<LI><a href="#[2a]">&gt;&gt;</a>&nbsp;&nbsp;&nbsp;DACReadRegister
</UL>
<BR>[Called By]<UL><LI><a href="#[56]">&gt;&gt;</a>&nbsp;&nbsp;&nbsp;SoundInit
</UL>

<P><STRONG><a name="[2b]"></a>Display96x16x1Clear</STRONG> (Thumb, 18 bytes, Stack size 8 bytes, display96x16x1.o(i.Display96x16x1Clear))
<BR><BR>[Stack]<UL><LI>Max Depth = 40<LI>Call Chain = Display96x16x1Clear &rArr; Display96x16x1ClearLine &rArr; Display96x16x1WriteArray
</UL>
<BR>[Calls]<UL><LI><a href="#[2c]">&gt;&gt;</a>&nbsp;&nbsp;&nbsp;Display96x16x1ClearLine
</UL>
<BR>[Called By]<UL><LI><a href="#[c]">&gt;&gt;</a>&nbsp;&nbsp;&nbsp;DisplayTask
<LI><a href="#[33]">&gt;&gt;</a>&nbsp;&nbsp;&nbsp;Display96x16x1Init
</UL>

<P><STRONG><a name="[2c]"></a>Display96x16x1ClearLine</STRONG> (Thumb, 50 bytes, Stack size 8 bytes, display96x16x1.o(i.Display96x16x1ClearLine))
<BR><BR>[Stack]<UL><LI>Max Depth = 32<LI>Call Chain = Display96x16x1ClearLine &rArr; Display96x16x1WriteArray
</UL>
<BR>[Calls]<UL><LI><a href="#[2d]">&gt;&gt;</a>&nbsp;&nbsp;&nbsp;Display96x16x1WriteFirst
<LI><a href="#[30]">&gt;&gt;</a>&nbsp;&nbsp;&nbsp;Display96x16x1WriteFinal
<LI><a href="#[2f]">&gt;&gt;</a>&nbsp;&nbsp;&nbsp;Display96x16x1WriteByte
<LI><a href="#[2e]">&gt;&gt;</a>&nbsp;&nbsp;&nbsp;Display96x16x1WriteArray
</UL>
<BR>[Called By]<UL><LI><a href="#[2b]">&gt;&gt;</a>&nbsp;&nbsp;&nbsp;Display96x16x1Clear
</UL>

<P><STRONG><a name="[31]"></a>Display96x16x1DisplayOn</STRONG> (Thumb, 44 bytes, Stack size 16 bytes, display96x16x1.o(i.Display96x16x1DisplayOn))
<BR><BR>[Stack]<UL><LI>Max Depth = 40<LI>Call Chain = Display96x16x1DisplayOn &rArr; Display96x16x1WriteArray
</UL>
<BR>[Calls]<UL><LI><a href="#[2d]">&gt;&gt;</a>&nbsp;&nbsp;&nbsp;Display96x16x1WriteFirst
<LI><a href="#[30]">&gt;&gt;</a>&nbsp;&nbsp;&nbsp;Display96x16x1WriteFinal
<LI><a href="#[2e]">&gt;&gt;</a>&nbsp;&nbsp;&nbsp;Display96x16x1WriteArray
</UL>
<BR>[Called By]<UL><LI><a href="#[37]">&gt;&gt;</a>&nbsp;&nbsp;&nbsp;DisplayTaskInit
<LI><a href="#[33]">&gt;&gt;</a>&nbsp;&nbsp;&nbsp;Display96x16x1Init
</UL>

<P><STRONG><a name="[32]"></a>Display96x16x1ImageDraw</STRONG> (Thumb, 104 bytes, Stack size 24 bytes, display96x16x1.o(i.Display96x16x1ImageDraw))
<BR><BR>[Stack]<UL><LI>Max Depth = 48<LI>Call Chain = Display96x16x1ImageDraw &rArr; Display96x16x1WriteArray
</UL>
<BR>[Calls]<UL><LI><a href="#[2d]">&gt;&gt;</a>&nbsp;&nbsp;&nbsp;Display96x16x1WriteFirst
<LI><a href="#[30]">&gt;&gt;</a>&nbsp;&nbsp;&nbsp;Display96x16x1WriteFinal
<LI><a href="#[2f]">&gt;&gt;</a>&nbsp;&nbsp;&nbsp;Display96x16x1WriteByte
<LI><a href="#[2e]">&gt;&gt;</a>&nbsp;&nbsp;&nbsp;Display96x16x1WriteArray
</UL>
<BR>[Called By]<UL><LI><a href="#[36]">&gt;&gt;</a>&nbsp;&nbsp;&nbsp;ScrollImage
</UL>

<P><STRONG><a name="[33]"></a>Display96x16x1Init</STRONG> (Thumb, 232 bytes, Stack size 24 bytes, display96x16x1.o(i.Display96x16x1Init))
<BR><BR>[Stack]<UL><LI>Max Depth = 64<LI>Call Chain = Display96x16x1Init &rArr; Display96x16x1DisplayOn &rArr; Display96x16x1WriteArray
</UL>
<BR>[Calls]<UL><LI><a href="#[31]">&gt;&gt;</a>&nbsp;&nbsp;&nbsp;Display96x16x1DisplayOn
<LI><a href="#[2b]">&gt;&gt;</a>&nbsp;&nbsp;&nbsp;Display96x16x1Clear
<LI><a href="#[2d]">&gt;&gt;</a>&nbsp;&nbsp;&nbsp;Display96x16x1WriteFirst
<LI><a href="#[30]">&gt;&gt;</a>&nbsp;&nbsp;&nbsp;Display96x16x1WriteFinal
<LI><a href="#[2e]">&gt;&gt;</a>&nbsp;&nbsp;&nbsp;Display96x16x1WriteArray
<LI><a href="#[14]">&gt;&gt;</a>&nbsp;&nbsp;&nbsp;SysCtlDelay
<LI><a href="#[28]">&gt;&gt;</a>&nbsp;&nbsp;&nbsp;GPIOPinConfigure
</UL>
<BR>[Called By]<UL><LI><a href="#[37]">&gt;&gt;</a>&nbsp;&nbsp;&nbsp;DisplayTaskInit
</UL>

<P><STRONG><a name="[34]"></a>Display96x16x1StringDraw</STRONG> (Thumb, 10 bytes, Stack size 0 bytes, display96x16x1.o(i.Display96x16x1StringDraw))
<BR><BR>[Stack]<UL><LI>Max Depth = 48<LI>Call Chain = Display96x16x1StringDraw &rArr; Display96x16x1StringDrawLen &rArr; Display96x16x1WriteArray
</UL>
<BR>[Calls]<UL><LI><a href="#[35]">&gt;&gt;</a>&nbsp;&nbsp;&nbsp;Display96x16x1StringDrawLen
</UL>
<BR>[Called By]<UL><LI><a href="#[c]">&gt;&gt;</a>&nbsp;&nbsp;&nbsp;DisplayTask
</UL>

<P><STRONG><a name="[35]"></a>Display96x16x1StringDrawLen</STRONG> (Thumb, 172 bytes, Stack size 24 bytes, display96x16x1.o(i.Display96x16x1StringDrawLen))
<BR><BR>[Stack]<UL><LI>Max Depth = 48<LI>Call Chain = Display96x16x1StringDrawLen &rArr; Display96x16x1WriteArray
</UL>
<BR>[Calls]<UL><LI><a href="#[2d]">&gt;&gt;</a>&nbsp;&nbsp;&nbsp;Display96x16x1WriteFirst
<LI><a href="#[30]">&gt;&gt;</a>&nbsp;&nbsp;&nbsp;Display96x16x1WriteFinal
<LI><a href="#[2f]">&gt;&gt;</a>&nbsp;&nbsp;&nbsp;Display96x16x1WriteByte
<LI><a href="#[2e]">&gt;&gt;</a>&nbsp;&nbsp;&nbsp;Display96x16x1WriteArray
</UL>
<BR>[Called By]<UL><LI><a href="#[34]">&gt;&gt;</a>&nbsp;&nbsp;&nbsp;Display96x16x1StringDraw
</UL>

<P><STRONG><a name="[c]"></a>DisplayTask</STRONG> (Thumb, 136 bytes, Stack size 24 bytes, display_task.o(i.DisplayTask))
<BR><BR>[Stack]<UL><LI>Max Depth = 104<LI>Call Chain = DisplayTask &rArr; ScrollImage &rArr; Display96x16x1ImageDraw &rArr; Display96x16x1WriteArray
</UL>
<BR>[Calls]<UL><LI><a href="#[36]">&gt;&gt;</a>&nbsp;&nbsp;&nbsp;ScrollImage
<LI><a href="#[34]">&gt;&gt;</a>&nbsp;&nbsp;&nbsp;Display96x16x1StringDraw
<LI><a href="#[2b]">&gt;&gt;</a>&nbsp;&nbsp;&nbsp;Display96x16x1Clear
<LI><a href="#[17]">&gt;&gt;</a>&nbsp;&nbsp;&nbsp;SchedulerTickCountGet
<LI><a href="#[16]">&gt;&gt;</a>&nbsp;&nbsp;&nbsp;SchedulerElapsedTicksGet
</UL>
<BR>[Address Reference Count : 1]<UL><LI> qs-autonomous.o(.data)
</UL>
<P><STRONG><a name="[37]"></a>DisplayTaskInit</STRONG> (Thumb, 16 bytes, Stack size 8 bytes, display_task.o(i.DisplayTaskInit))
<BR><BR>[Stack]<UL><LI>Max Depth = 72<LI>Call Chain = DisplayTaskInit &rArr; Display96x16x1Init &rArr; Display96x16x1DisplayOn &rArr; Display96x16x1WriteArray
</UL>
<BR>[Calls]<UL><LI><a href="#[33]">&gt;&gt;</a>&nbsp;&nbsp;&nbsp;Display96x16x1Init
<LI><a href="#[31]">&gt;&gt;</a>&nbsp;&nbsp;&nbsp;Display96x16x1DisplayOn
</UL>
<BR>[Called By]<UL><LI><a href="#[8]">&gt;&gt;</a>&nbsp;&nbsp;&nbsp;main
</UL>

<P><STRONG><a name="[38]"></a>DriveInit</STRONG> (Thumb, 164 bytes, Stack size 32 bytes, drive_task.o(i.DriveInit))
<BR><BR>[Stack]<UL><LI>Max Depth = 48<LI>Call Chain = DriveInit &rArr; WheelSensorsInit
</UL>
<BR>[Calls]<UL><LI><a href="#[3a]">&gt;&gt;</a>&nbsp;&nbsp;&nbsp;WheelSensorsInit
<LI><a href="#[3d]">&gt;&gt;</a>&nbsp;&nbsp;&nbsp;WheelSensorIntEnable
<LI><a href="#[3c]">&gt;&gt;</a>&nbsp;&nbsp;&nbsp;WheelSensorEnable
<LI><a href="#[3b]">&gt;&gt;</a>&nbsp;&nbsp;&nbsp;PIDInitialize
<LI><a href="#[39]">&gt;&gt;</a>&nbsp;&nbsp;&nbsp;MotorsInit
</UL>
<BR>[Called By]<UL><LI><a href="#[8]">&gt;&gt;</a>&nbsp;&nbsp;&nbsp;main
</UL>

<P><STRONG><a name="[19]"></a>DriveRun</STRONG> (Thumb, 182 bytes, Stack size 24 bytes, drive_task.o(i.DriveRun))
<BR><BR>[Stack]<UL><LI>Max Depth = 72<LI>Call Chain = DriveRun &rArr; DriveStop &rArr; MotorSpeed
</UL>
<BR>[Calls]<UL><LI><a href="#[41]">&gt;&gt;</a>&nbsp;&nbsp;&nbsp;PIDReset
<LI><a href="#[3f]">&gt;&gt;</a>&nbsp;&nbsp;&nbsp;MotorSpeed
<LI><a href="#[40]">&gt;&gt;</a>&nbsp;&nbsp;&nbsp;MotorRun
<LI><a href="#[3e]">&gt;&gt;</a>&nbsp;&nbsp;&nbsp;MotorDir
<LI><a href="#[20]">&gt;&gt;</a>&nbsp;&nbsp;&nbsp;DriveStop
</UL>
<BR>[Called By]<UL><LI><a href="#[f]">&gt;&gt;</a>&nbsp;&nbsp;&nbsp;AutoTask
</UL>

<P><STRONG><a name="[20]"></a>DriveStop</STRONG> (Thumb, 60 bytes, Stack size 24 bytes, drive_task.o(i.DriveStop))
<BR><BR>[Stack]<UL><LI>Max Depth = 48<LI>Call Chain = DriveStop &rArr; MotorSpeed
</UL>
<BR>[Calls]<UL><LI><a href="#[41]">&gt;&gt;</a>&nbsp;&nbsp;&nbsp;PIDReset
<LI><a href="#[42]">&gt;&gt;</a>&nbsp;&nbsp;&nbsp;MotorStop
<LI><a href="#[3f]">&gt;&gt;</a>&nbsp;&nbsp;&nbsp;MotorSpeed
</UL>
<BR>[Called By]<UL><LI><a href="#[19]">&gt;&gt;</a>&nbsp;&nbsp;&nbsp;DriveRun
<LI><a href="#[f]">&gt;&gt;</a>&nbsp;&nbsp;&nbsp;AutoTask
</UL>

<P><STRONG><a name="[b]"></a>DriveTask</STRONG> (Thumb, 104 bytes, Stack size 32 bytes, drive_task.o(i.DriveTask))
<BR><BR>[Stack]<UL><LI>Max Depth = 56<LI>Call Chain = DriveTask &rArr; MotorSpeed
</UL>
<BR>[Calls]<UL><LI><a href="#[43]">&gt;&gt;</a>&nbsp;&nbsp;&nbsp;PIDUpdate
<LI><a href="#[3f]">&gt;&gt;</a>&nbsp;&nbsp;&nbsp;MotorSpeed
</UL>
<BR>[Address Reference Count : 1]<UL><LI> qs-autonomous.o(.data)
</UL>
<P><STRONG><a name="[45]"></a>GPIODirModeSet</STRONG> (Thumb, 40 bytes, Stack size 0 bytes, gpio.o(i.GPIODirModeSet))
<BR><BR>[Called By]<UL><LI><a href="#[44]">&gt;&gt;</a>&nbsp;&nbsp;&nbsp;GPIOPinTypeI2S
</UL>

<P><STRONG><a name="[46]"></a>GPIOPadConfigSet</STRONG> (Thumb, 176 bytes, Stack size 0 bytes, gpio.o(i.GPIOPadConfigSet))
<BR><BR>[Called By]<UL><LI><a href="#[44]">&gt;&gt;</a>&nbsp;&nbsp;&nbsp;GPIOPinTypeI2S
</UL>

<P><STRONG><a name="[28]"></a>GPIOPinConfigure</STRONG> (Thumb, 64 bytes, Stack size 0 bytes, gpio.o(i.GPIOPinConfigure))
<BR><BR>[Called By]<UL><LI><a href="#[56]">&gt;&gt;</a>&nbsp;&nbsp;&nbsp;SoundInit
<LI><a href="#[39]">&gt;&gt;</a>&nbsp;&nbsp;&nbsp;MotorsInit
<LI><a href="#[33]">&gt;&gt;</a>&nbsp;&nbsp;&nbsp;Display96x16x1Init
<LI><a href="#[27]">&gt;&gt;</a>&nbsp;&nbsp;&nbsp;DACInit
</UL>

<P><STRONG><a name="[44]"></a>GPIOPinTypeI2S</STRONG> (Thumb, 28 bytes, Stack size 12 bytes, gpio.o(i.GPIOPinTypeI2S))
<BR><BR>[Stack]<UL><LI>Max Depth = 12<LI>Call Chain = GPIOPinTypeI2S
</UL>
<BR>[Calls]<UL><LI><a href="#[46]">&gt;&gt;</a>&nbsp;&nbsp;&nbsp;GPIOPadConfigSet
<LI><a href="#[45]">&gt;&gt;</a>&nbsp;&nbsp;&nbsp;GPIODirModeSet
</UL>
<BR>[Called By]<UL><LI><a href="#[56]">&gt;&gt;</a>&nbsp;&nbsp;&nbsp;SoundInit
</UL>

<P><STRONG><a name="[58]"></a>I2SIntClear</STRONG> (Thumb, 6 bytes, Stack size 0 bytes, i2s.o(i.I2SIntClear))
<BR><BR>[Called By]<UL><LI><a href="#[7]">&gt;&gt;</a>&nbsp;&nbsp;&nbsp;SoundIntHandler
<LI><a href="#[56]">&gt;&gt;</a>&nbsp;&nbsp;&nbsp;SoundInit
</UL>

<P><STRONG><a name="[59]"></a>I2SIntStatus</STRONG> (Thumb, 14 bytes, Stack size 0 bytes, i2s.o(i.I2SIntStatus))
<BR><BR>[Called By]<UL><LI><a href="#[7]">&gt;&gt;</a>&nbsp;&nbsp;&nbsp;SoundIntHandler
</UL>

<P><STRONG><a name="[5b]"></a>I2SMasterClockSelect</STRONG> (Thumb, 18 bytes, Stack size 0 bytes, i2s.o(i.I2SMasterClockSelect))
<BR><BR>[Called By]<UL><LI><a href="#[5a]">&gt;&gt;</a>&nbsp;&nbsp;&nbsp;SoundSetFormat
</UL>

<P><STRONG><a name="[5c]"></a>I2STxConfigSet</STRONG> (Thumb, 22 bytes, Stack size 0 bytes, i2s.o(i.I2STxConfigSet))
<BR><BR>[Called By]<UL><LI><a href="#[5a]">&gt;&gt;</a>&nbsp;&nbsp;&nbsp;SoundSetFormat
</UL>

<P><STRONG><a name="[53]"></a>I2STxEnable</STRONG> (Thumb, 20 bytes, Stack size 0 bytes, i2s.o(i.I2STxEnable))
<BR><BR>[Called By]<UL><LI><a href="#[56]">&gt;&gt;</a>&nbsp;&nbsp;&nbsp;SoundInit
<LI><a href="#[52]">&gt;&gt;</a>&nbsp;&nbsp;&nbsp;SoundBufferPlay
</UL>

<P><STRONG><a name="[57]"></a>I2STxFIFOLimitSet</STRONG> (Thumb, 4 bytes, Stack size 0 bytes, i2s.o(i.I2STxFIFOLimitSet))
<BR><BR>[Called By]<UL><LI><a href="#[56]">&gt;&gt;</a>&nbsp;&nbsp;&nbsp;SoundInit
</UL>

<P><STRONG><a name="[d]"></a>LEDTask</STRONG> (Thumb, 6 bytes, Stack size 0 bytes, led_task.o(i.LEDTask))
<BR><BR>[Stack]<UL><LI>Max Depth = 16<LI>Call Chain = LEDTask &rArr; LED_Toggle
</UL>
<BR>[Calls]<UL><LI><a href="#[47]">&gt;&gt;</a>&nbsp;&nbsp;&nbsp;LED_Toggle
</UL>
<BR>[Address Reference Count : 1]<UL><LI> qs-autonomous.o(.data)
</UL>
<P><STRONG><a name="[48]"></a>LEDTaskInit</STRONG> (Thumb, 16 bytes, Stack size 8 bytes, led_task.o(i.LEDTaskInit))
<BR><BR>[Stack]<UL><LI>Max Depth = 24<LI>Call Chain = LEDTaskInit &rArr; LEDsInit &rArr; LED_Off
</UL>
<BR>[Calls]<UL><LI><a href="#[49]">&gt;&gt;</a>&nbsp;&nbsp;&nbsp;LEDsInit
<LI><a href="#[4a]">&gt;&gt;</a>&nbsp;&nbsp;&nbsp;LED_On
</UL>
<BR>[Called By]<UL><LI><a href="#[8]">&gt;&gt;</a>&nbsp;&nbsp;&nbsp;main
</UL>

<P><STRONG><a name="[4b]"></a>LED_Off</STRONG> (Thumb, 58 bytes, Stack size 8 bytes, io.o(i.LED_Off))
<BR><BR>[Stack]<UL><LI>Max Depth = 8<LI>Call Chain = LED_Off
</UL>
<BR>[Called By]<UL><LI><a href="#[49]">&gt;&gt;</a>&nbsp;&nbsp;&nbsp;LEDsInit
</UL>

<P><STRONG><a name="[4a]"></a>LED_On</STRONG> (Thumb, 58 bytes, Stack size 8 bytes, io.o(i.LED_On))
<BR><BR>[Stack]<UL><LI>Max Depth = 8<LI>Call Chain = LED_On
</UL>
<BR>[Called By]<UL><LI><a href="#[48]">&gt;&gt;</a>&nbsp;&nbsp;&nbsp;LEDTaskInit
</UL>

<P><STRONG><a name="[47]"></a>LED_Toggle</STRONG> (Thumb, 92 bytes, Stack size 16 bytes, io.o(i.LED_Toggle))
<BR><BR>[Stack]<UL><LI>Max Depth = 16<LI>Call Chain = LED_Toggle
</UL>
<BR>[Called By]<UL><LI><a href="#[d]">&gt;&gt;</a>&nbsp;&nbsp;&nbsp;LEDTask
</UL>

<P><STRONG><a name="[49]"></a>LEDsInit</STRONG> (Thumb, 34 bytes, Stack size 8 bytes, io.o(i.LEDsInit))
<BR><BR>[Stack]<UL><LI>Max Depth = 16<LI>Call Chain = LEDsInit &rArr; LED_Off
</UL>
<BR>[Calls]<UL><LI><a href="#[4b]">&gt;&gt;</a>&nbsp;&nbsp;&nbsp;LED_Off
</UL>
<BR>[Called By]<UL><LI><a href="#[48]">&gt;&gt;</a>&nbsp;&nbsp;&nbsp;LEDTaskInit
</UL>

<P><STRONG><a name="[3e]"></a>MotorDir</STRONG> (Thumb, 30 bytes, Stack size 0 bytes, motor.o(i.MotorDir))
<BR><BR>[Called By]<UL><LI><a href="#[19]">&gt;&gt;</a>&nbsp;&nbsp;&nbsp;DriveRun
</UL>

<P><STRONG><a name="[40]"></a>MotorRun</STRONG> (Thumb, 20 bytes, Stack size 0 bytes, motor.o(i.MotorRun))
<BR><BR>[Called By]<UL><LI><a href="#[19]">&gt;&gt;</a>&nbsp;&nbsp;&nbsp;DriveRun
</UL>

<P><STRONG><a name="[3f]"></a>MotorSpeed</STRONG> (Thumb, 88 bytes, Stack size 24 bytes, motor.o(i.MotorSpeed))
<BR><BR>[Stack]<UL><LI>Max Depth = 24<LI>Call Chain = MotorSpeed
</UL>
<BR>[Called By]<UL><LI><a href="#[b]">&gt;&gt;</a>&nbsp;&nbsp;&nbsp;DriveTask
<LI><a href="#[20]">&gt;&gt;</a>&nbsp;&nbsp;&nbsp;DriveStop
<LI><a href="#[19]">&gt;&gt;</a>&nbsp;&nbsp;&nbsp;DriveRun
</UL>

<P><STRONG><a name="[42]"></a>MotorStop</STRONG> (Thumb, 40 bytes, Stack size 16 bytes, motor.o(i.MotorStop))
<BR><BR>[Stack]<UL><LI>Max Depth = 16<LI>Call Chain = MotorStop
</UL>
<BR>[Called By]<UL><LI><a href="#[20]">&gt;&gt;</a>&nbsp;&nbsp;&nbsp;DriveStop
</UL>

<P><STRONG><a name="[39]"></a>MotorsInit</STRONG> (Thumb, 300 bytes, Stack size 16 bytes, motor.o(i.MotorsInit))
<BR><BR>[Stack]<UL><LI>Max Depth = 16<LI>Call Chain = MotorsInit
</UL>
<BR>[Calls]<UL><LI><a href="#[28]">&gt;&gt;</a>&nbsp;&nbsp;&nbsp;GPIOPinConfigure
</UL>
<BR>[Called By]<UL><LI><a href="#[38]">&gt;&gt;</a>&nbsp;&nbsp;&nbsp;DriveInit
</UL>

<P><STRONG><a name="[3b]"></a>PIDInitialize</STRONG> (Thumb, 22 bytes, Stack size 16 bytes, pid.o(i.PIDInitialize))
<BR><BR>[Stack]<UL><LI>Max Depth = 16<LI>Call Chain = PIDInitialize
</UL>
<BR>[Called By]<UL><LI><a href="#[38]">&gt;&gt;</a>&nbsp;&nbsp;&nbsp;DriveInit
</UL>

<P><STRONG><a name="[41]"></a>PIDReset</STRONG> (Thumb, 8 bytes, Stack size 0 bytes, pid.o(i.PIDReset))
<BR><BR>[Called By]<UL><LI><a href="#[20]">&gt;&gt;</a>&nbsp;&nbsp;&nbsp;DriveStop
<LI><a href="#[19]">&gt;&gt;</a>&nbsp;&nbsp;&nbsp;DriveRun
</UL>

<P><STRONG><a name="[43]"></a>PIDUpdate</STRONG> (Thumb, 126 bytes, Stack size 16 bytes, pid.o(i.PIDUpdate))
<BR><BR>[Stack]<UL><LI>Max Depth = 16<LI>Call Chain = PIDUpdate
</UL>
<BR>[Called By]<UL><LI><a href="#[b]">&gt;&gt;</a>&nbsp;&nbsp;&nbsp;DriveTask
</UL>

<P><STRONG><a name="[1b]"></a>PushButtonGetStatus</STRONG> (Thumb, 42 bytes, Stack size 8 bytes, io.o(i.PushButtonGetStatus))
<BR><BR>[Stack]<UL><LI>Max Depth = 8<LI>Call Chain = PushButtonGetStatus
</UL>
<BR>[Called By]<UL><LI><a href="#[f]">&gt;&gt;</a>&nbsp;&nbsp;&nbsp;AutoTask
</UL>

<P><STRONG><a name="[22]"></a>PushButtonsInit</STRONG> (Thumb, 46 bytes, Stack size 16 bytes, io.o(i.PushButtonsInit))
<BR><BR>[Stack]<UL><LI>Max Depth = 16<LI>Call Chain = PushButtonsInit
</UL>
<BR>[Called By]<UL><LI><a href="#[21]">&gt;&gt;</a>&nbsp;&nbsp;&nbsp;AutoTaskInit
</UL>

<P><STRONG><a name="[1c]"></a>RandomAddEntropy</STRONG> (Thumb, 18 bytes, Stack size 0 bytes, random.o(i.RandomAddEntropy))
<BR><BR>[Called By]<UL><LI><a href="#[f]">&gt;&gt;</a>&nbsp;&nbsp;&nbsp;AutoTask
</UL>

<P><STRONG><a name="[18]"></a>RandomNumber</STRONG> (Thumb, 16 bytes, Stack size 0 bytes, random.o(i.RandomNumber))
<BR><BR>[Called By]<UL><LI><a href="#[f]">&gt;&gt;</a>&nbsp;&nbsp;&nbsp;AutoTask
</UL>

<P><STRONG><a name="[1d]"></a>RandomSeed</STRONG> (Thumb, 328 bytes, Stack size 28 bytes, random.o(i.RandomSeed))
<BR><BR>[Stack]<UL><LI>Max Depth = 28<LI>Call Chain = RandomSeed
</UL>
<BR>[Called By]<UL><LI><a href="#[f]">&gt;&gt;</a>&nbsp;&nbsp;&nbsp;AutoTask
</UL>

<P><STRONG><a name="[4c]"></a>SchedulerElapsedTicksCalc</STRONG> (Thumb, 16 bytes, Stack size 0 bytes, scheduler.o(i.SchedulerElapsedTicksCalc))
<BR><BR>[Called By]<UL><LI><a href="#[16]">&gt;&gt;</a>&nbsp;&nbsp;&nbsp;SchedulerElapsedTicksGet
</UL>

<P><STRONG><a name="[16]"></a>SchedulerElapsedTicksGet</STRONG> (Thumb, 8 bytes, Stack size 0 bytes, scheduler.o(i.SchedulerElapsedTicksGet))
<BR><BR>[Calls]<UL><LI><a href="#[4c]">&gt;&gt;</a>&nbsp;&nbsp;&nbsp;SchedulerElapsedTicksCalc
</UL>
<BR>[Called By]<UL><LI><a href="#[51]">&gt;&gt;</a>&nbsp;&nbsp;&nbsp;SchedulerRun
<LI><a href="#[c]">&gt;&gt;</a>&nbsp;&nbsp;&nbsp;DisplayTask
<LI><a href="#[f]">&gt;&gt;</a>&nbsp;&nbsp;&nbsp;AutoTask
</UL>

<P><STRONG><a name="[4d]"></a>SchedulerInit</STRONG> (Thumb, 28 bytes, Stack size 8 bytes, scheduler.o(i.SchedulerInit))
<BR><BR>[Stack]<UL><LI>Max Depth = 16<LI>Call Chain = SchedulerInit &rArr; SysCtlClockGet
</UL>
<BR>[Calls]<UL><LI><a href="#[4e]">&gt;&gt;</a>&nbsp;&nbsp;&nbsp;SysTickPeriodSet
<LI><a href="#[50]">&gt;&gt;</a>&nbsp;&nbsp;&nbsp;SysTickIntEnable
<LI><a href="#[4f]">&gt;&gt;</a>&nbsp;&nbsp;&nbsp;SysTickEnable
<LI><a href="#[29]">&gt;&gt;</a>&nbsp;&nbsp;&nbsp;SysCtlClockGet
</UL>
<BR>[Called By]<UL><LI><a href="#[8]">&gt;&gt;</a>&nbsp;&nbsp;&nbsp;main
</UL>

<P><STRONG><a name="[51]"></a>SchedulerRun</STRONG> (Thumb, 60 bytes, Stack size 24 bytes, scheduler.o(i.SchedulerRun))
<BR><BR>[Stack]<UL><LI>Max Depth = 24<LI>Call Chain = SchedulerRun
</UL>
<BR>[Calls]<UL><LI><a href="#[16]">&gt;&gt;</a>&nbsp;&nbsp;&nbsp;SchedulerElapsedTicksGet
</UL>
<BR>[Called By]<UL><LI><a href="#[8]">&gt;&gt;</a>&nbsp;&nbsp;&nbsp;main
</UL>

<P><STRONG><a name="[4]"></a>SchedulerSysTickIntHandler</STRONG> (Thumb, 10 bytes, Stack size 0 bytes, scheduler.o(i.SchedulerSysTickIntHandler))
<BR>[Address Reference Count : 1]<UL><LI> startup_rvmdk.o(RESET)
</UL>
<P><STRONG><a name="[17]"></a>SchedulerTickCountGet</STRONG> (Thumb, 6 bytes, Stack size 0 bytes, scheduler.o(i.SchedulerTickCountGet))
<BR><BR>[Called By]<UL><LI><a href="#[c]">&gt;&gt;</a>&nbsp;&nbsp;&nbsp;DisplayTask
<LI><a href="#[f]">&gt;&gt;</a>&nbsp;&nbsp;&nbsp;AutoTask
</UL>

<P><STRONG><a name="[52]"></a>SoundBufferPlay</STRONG> (Thumb, 160 bytes, Stack size 24 bytes, sound.o(i.SoundBufferPlay))
<BR><BR>[Stack]<UL><LI>Max Depth = 24<LI>Call Chain = SoundBufferPlay
</UL>
<BR>[Calls]<UL><LI><a href="#[53]">&gt;&gt;</a>&nbsp;&nbsp;&nbsp;I2STxEnable
</UL>
<BR>[Called By]<UL><LI><a href="#[60]">&gt;&gt;</a>&nbsp;&nbsp;&nbsp;WavePlayContinue
</UL>

<P><STRONG><a name="[54]"></a>SoundClassDDis</STRONG> (Thumb, 4 bytes, Stack size 0 bytes, sound.o(i.SoundClassDDis))
<BR><BR>[Stack]<UL><LI>Max Depth = 24<LI>Call Chain = SoundClassDDis &rArr; DACClassDDis &rArr; DACWriteRegister
</UL>
<BR>[Calls]<UL><LI><a href="#[24]">&gt;&gt;</a>&nbsp;&nbsp;&nbsp;DACClassDDis
</UL>
<BR>[Called By]<UL><LI><a href="#[60]">&gt;&gt;</a>&nbsp;&nbsp;&nbsp;WavePlayContinue
</UL>

<P><STRONG><a name="[55]"></a>SoundClassDEn</STRONG> (Thumb, 4 bytes, Stack size 0 bytes, sound.o(i.SoundClassDEn))
<BR><BR>[Stack]<UL><LI>Max Depth = 24<LI>Call Chain = SoundClassDEn &rArr; DACClassDEn &rArr; DACWriteRegister
</UL>
<BR>[Calls]<UL><LI><a href="#[26]">&gt;&gt;</a>&nbsp;&nbsp;&nbsp;DACClassDEn
</UL>
<BR>[Called By]<UL><LI><a href="#[5f]">&gt;&gt;</a>&nbsp;&nbsp;&nbsp;WavePlayStart
</UL>

<P><STRONG><a name="[56]"></a>SoundInit</STRONG> (Thumb, 212 bytes, Stack size 24 bytes, sound.o(i.SoundInit))
<BR><BR>[Stack]<UL><LI>Max Depth = 72<LI>Call Chain = SoundInit &rArr; DACInit &rArr; DACWriteRegister
</UL>
<BR>[Calls]<UL><LI><a href="#[57]">&gt;&gt;</a>&nbsp;&nbsp;&nbsp;I2STxFIFOLimitSet
<LI><a href="#[53]">&gt;&gt;</a>&nbsp;&nbsp;&nbsp;I2STxEnable
<LI><a href="#[58]">&gt;&gt;</a>&nbsp;&nbsp;&nbsp;I2SIntClear
<LI><a href="#[44]">&gt;&gt;</a>&nbsp;&nbsp;&nbsp;GPIOPinTypeI2S
<LI><a href="#[28]">&gt;&gt;</a>&nbsp;&nbsp;&nbsp;GPIOPinConfigure
<LI><a href="#[27]">&gt;&gt;</a>&nbsp;&nbsp;&nbsp;DACInit
</UL>
<BR>[Called By]<UL><LI><a href="#[61]">&gt;&gt;</a>&nbsp;&nbsp;&nbsp;SoundTaskInit
</UL>

<P><STRONG><a name="[7]"></a>SoundIntHandler</STRONG> (Thumb, 122 bytes, Stack size 24 bytes, sound.o(i.SoundIntHandler))
<BR><BR>[Stack]<UL><LI>Max Depth = 24<LI>Call Chain = SoundIntHandler
</UL>
<BR>[Calls]<UL><LI><a href="#[59]">&gt;&gt;</a>&nbsp;&nbsp;&nbsp;I2SIntStatus
<LI><a href="#[58]">&gt;&gt;</a>&nbsp;&nbsp;&nbsp;I2SIntClear
</UL>
<BR>[Address Reference Count : 1]<UL><LI> startup_rvmdk.o(RESET)
</UL>
<P><STRONG><a name="[5a]"></a>SoundSetFormat</STRONG> (Thumb, 254 bytes, Stack size 24 bytes, sound.o(i.SoundSetFormat))
<BR><BR>[Stack]<UL><LI>Max Depth = 28<LI>Call Chain = SoundSetFormat &rArr; SysCtlI2SMClkSet
</UL>
<BR>[Calls]<UL><LI><a href="#[5d]">&gt;&gt;</a>&nbsp;&nbsp;&nbsp;SysCtlI2SMClkSet
<LI><a href="#[5c]">&gt;&gt;</a>&nbsp;&nbsp;&nbsp;I2STxConfigSet
<LI><a href="#[5b]">&gt;&gt;</a>&nbsp;&nbsp;&nbsp;I2SMasterClockSelect
</UL>
<BR>[Called By]<UL><LI><a href="#[5e]">&gt;&gt;</a>&nbsp;&nbsp;&nbsp;WaveOpen
</UL>

<P><STRONG><a name="[e]"></a>SoundTask</STRONG> (Thumb, 72 bytes, Stack size 16 bytes, sound_task.o(i.SoundTask))
<BR><BR>[Stack]<UL><LI>Max Depth = 76<LI>Call Chain = SoundTask &rArr; WaveOpen &rArr; SoundSetFormat &rArr; SysCtlI2SMClkSet
</UL>
<BR>[Calls]<UL><LI><a href="#[5f]">&gt;&gt;</a>&nbsp;&nbsp;&nbsp;WavePlayStart
<LI><a href="#[60]">&gt;&gt;</a>&nbsp;&nbsp;&nbsp;WavePlayContinue
<LI><a href="#[5e]">&gt;&gt;</a>&nbsp;&nbsp;&nbsp;WaveOpen
</UL>
<BR>[Address Reference Count : 1]<UL><LI> qs-autonomous.o(.data)
</UL>
<P><STRONG><a name="[61]"></a>SoundTaskInit</STRONG> (Thumb, 4 bytes, Stack size 0 bytes, sound_task.o(i.SoundTaskInit))
<BR><BR>[Stack]<UL><LI>Max Depth = 72<LI>Call Chain = SoundTaskInit &rArr; SoundInit &rArr; DACInit &rArr; DACWriteRegister
</UL>
<BR>[Calls]<UL><LI><a href="#[56]">&gt;&gt;</a>&nbsp;&nbsp;&nbsp;SoundInit
</UL>
<BR>[Called By]<UL><LI><a href="#[8]">&gt;&gt;</a>&nbsp;&nbsp;&nbsp;main
</UL>

<P><STRONG><a name="[1f]"></a>SoundTaskPlay</STRONG> (Thumb, 6 bytes, Stack size 0 bytes, sound_task.o(i.SoundTaskPlay))
<BR><BR>[Called By]<UL><LI><a href="#[f]">&gt;&gt;</a>&nbsp;&nbsp;&nbsp;AutoTask
</UL>

<P><STRONG><a name="[29]"></a>SysCtlClockGet</STRONG> (Thumb, 514 bytes, Stack size 8 bytes, sysctl.o(i.SysCtlClockGet))
<BR><BR>[Stack]<UL><LI>Max Depth = 8<LI>Call Chain = SysCtlClockGet
</UL>
<BR>[Called By]<UL><LI><a href="#[4d]">&gt;&gt;</a>&nbsp;&nbsp;&nbsp;SchedulerInit
<LI><a href="#[27]">&gt;&gt;</a>&nbsp;&nbsp;&nbsp;DACInit
</UL>

<P><STRONG><a name="[5d]"></a>SysCtlI2SMClkSet</STRONG> (Thumb, 204 bytes, Stack size 4 bytes, sysctl.o(i.SysCtlI2SMClkSet))
<BR><BR>[Stack]<UL><LI>Max Depth = 4<LI>Call Chain = SysCtlI2SMClkSet
</UL>
<BR>[Called By]<UL><LI><a href="#[5a]">&gt;&gt;</a>&nbsp;&nbsp;&nbsp;SoundSetFormat
</UL>

<P><STRONG><a name="[4f]"></a>SysTickEnable</STRONG> (Thumb, 14 bytes, Stack size 0 bytes, systick.o(i.SysTickEnable))
<BR><BR>[Called By]<UL><LI><a href="#[4d]">&gt;&gt;</a>&nbsp;&nbsp;&nbsp;SchedulerInit
</UL>

<P><STRONG><a name="[50]"></a>SysTickIntEnable</STRONG> (Thumb, 14 bytes, Stack size 0 bytes, systick.o(i.SysTickIntEnable))
<BR><BR>[Called By]<UL><LI><a href="#[4d]">&gt;&gt;</a>&nbsp;&nbsp;&nbsp;SchedulerInit
</UL>

<P><STRONG><a name="[4e]"></a>SysTickPeriodSet</STRONG> (Thumb, 10 bytes, Stack size 0 bytes, systick.o(i.SysTickPeriodSet))
<BR><BR>[Called By]<UL><LI><a href="#[4d]">&gt;&gt;</a>&nbsp;&nbsp;&nbsp;SchedulerInit
</UL>

<P><STRONG><a name="[66]"></a>UARTFlushRx</STRONG> (Thumb, 36 bytes, Stack size 8 bytes, uartstdio.o(i.UARTFlushRx), UNUSED)
<BR><BR>[Called By]<UL><LI><a href="#[65]">&gt;&gt;</a>&nbsp;&nbsp;&nbsp;UARTStdioInitExpClk
</UL>

<P><STRONG><a name="[62]"></a>UARTFlushTx</STRONG> (Thumb, 52 bytes, Stack size 8 bytes, uartstdio.o(i.UARTFlushTx), UNUSED)
<BR><BR>[Calls]<UL><LI><a href="#[63]">&gt;&gt;</a>&nbsp;&nbsp;&nbsp;IsBufferEmpty
</UL>
<BR>[Called By]<UL><LI><a href="#[65]">&gt;&gt;</a>&nbsp;&nbsp;&nbsp;UARTStdioInitExpClk
</UL>

<P><STRONG><a name="[6a]"></a>UARTStdioInit</STRONG> (Thumb, 8 bytes, Stack size 0 bytes, uartstdio.o(i.UARTStdioInit))
<BR><BR>[Called By]<UL><LI><a href="#[8]">&gt;&gt;</a>&nbsp;&nbsp;&nbsp;main
</UL>

<P><STRONG><a name="[65]"></a>UARTStdioInitExpClk</STRONG> (Thumb, 146 bytes, Stack size 24 bytes, uartstdio.o(i.UARTStdioInitExpClk), UNUSED)
<BR><BR>[Calls]<UL><LI><a href="#[62]">&gt;&gt;</a>&nbsp;&nbsp;&nbsp;UARTFlushTx
<LI><a href="#[66]">&gt;&gt;</a>&nbsp;&nbsp;&nbsp;UARTFlushRx
</UL>

<P><STRONG><a name="[6]"></a>UARTStdioIntHandler</STRONG> (Thumb, 244 bytes, Stack size 24 bytes, uartstdio.o(i.UARTStdioIntHandler))
<BR><BR>[Stack]<UL><LI>Max Depth = 80<LI>Call Chain = UARTStdioIntHandler &rArr; UARTwrite &rArr; UARTPrimeTransmit
</UL>
<BR>[Calls]<UL><LI><a href="#[67]">&gt;&gt;</a>&nbsp;&nbsp;&nbsp;UARTwrite
<LI><a href="#[64]">&gt;&gt;</a>&nbsp;&nbsp;&nbsp;UARTPrimeTransmit
<LI><a href="#[68]">&gt;&gt;</a>&nbsp;&nbsp;&nbsp;IsBufferFull
<LI><a href="#[63]">&gt;&gt;</a>&nbsp;&nbsp;&nbsp;IsBufferEmpty
</UL>
<BR>[Address Reference Count : 1]<UL><LI> startup_rvmdk.o(RESET)
</UL>
<P><STRONG><a name="[1a]"></a>UARTprintf</STRONG> (Thumb, 424 bytes, Stack size 72 bytes, uartstdio.o(i.UARTprintf))
<BR><BR>[Stack]<UL><LI>Max Depth = 128<LI>Call Chain = UARTprintf &rArr; UARTwrite &rArr; UARTPrimeTransmit
</UL>
<BR>[Calls]<UL><LI><a href="#[67]">&gt;&gt;</a>&nbsp;&nbsp;&nbsp;UARTwrite
</UL>
<BR>[Called By]<UL><LI><a href="#[8]">&gt;&gt;</a>&nbsp;&nbsp;&nbsp;main
<LI><a href="#[f]">&gt;&gt;</a>&nbsp;&nbsp;&nbsp;AutoTask
</UL>

<P><STRONG><a name="[67]"></a>UARTwrite</STRONG> (Thumb, 134 bytes, Stack size 32 bytes, uartstdio.o(i.UARTwrite))
<BR><BR>[Stack]<UL><LI>Max Depth = 56<LI>Call Chain = UARTwrite &rArr; UARTPrimeTransmit
</UL>
<BR>[Calls]<UL><LI><a href="#[64]">&gt;&gt;</a>&nbsp;&nbsp;&nbsp;UARTPrimeTransmit
<LI><a href="#[68]">&gt;&gt;</a>&nbsp;&nbsp;&nbsp;IsBufferFull
<LI><a href="#[63]">&gt;&gt;</a>&nbsp;&nbsp;&nbsp;IsBufferEmpty
</UL>
<BR>[Called By]<UL><LI><a href="#[1a]">&gt;&gt;</a>&nbsp;&nbsp;&nbsp;UARTprintf
<LI><a href="#[6]">&gt;&gt;</a>&nbsp;&nbsp;&nbsp;UARTStdioIntHandler
</UL>

<P><STRONG><a name="[5e]"></a>WaveOpen</STRONG> (Thumb, 188 bytes, Stack size 32 bytes, wav.o(i.WaveOpen))
<BR><BR>[Stack]<UL><LI>Max Depth = 60<LI>Call Chain = WaveOpen &rArr; SoundSetFormat &rArr; SysCtlI2SMClkSet
</UL>
<BR>[Calls]<UL><LI><a href="#[5a]">&gt;&gt;</a>&nbsp;&nbsp;&nbsp;SoundSetFormat
</UL>
<BR>[Called By]<UL><LI><a href="#[e]">&gt;&gt;</a>&nbsp;&nbsp;&nbsp;SoundTask
</UL>

<P><STRONG><a name="[60]"></a>WavePlayContinue</STRONG> (Thumb, 138 bytes, Stack size 32 bytes, wav.o(i.WavePlayContinue))
<BR><BR>[Stack]<UL><LI>Max Depth = 56<LI>Call Chain = WavePlayContinue &rArr; SoundClassDDis &rArr; DACClassDDis &rArr; DACWriteRegister
</UL>
<BR>[Calls]<UL><LI><a href="#[54]">&gt;&gt;</a>&nbsp;&nbsp;&nbsp;SoundClassDDis
<LI><a href="#[52]">&gt;&gt;</a>&nbsp;&nbsp;&nbsp;SoundBufferPlay
<LI><a href="#[69]">&gt;&gt;</a>&nbsp;&nbsp;&nbsp;WaveRead
</UL>
<BR>[Called By]<UL><LI><a href="#[e]">&gt;&gt;</a>&nbsp;&nbsp;&nbsp;SoundTask
</UL>

<P><STRONG><a name="[5f]"></a>WavePlayStart</STRONG> (Thumb, 18 bytes, Stack size 0 bytes, wav.o(i.WavePlayStart))
<BR><BR>[Stack]<UL><LI>Max Depth = 24<LI>Call Chain = WavePlayStart &rArr; SoundClassDEn &rArr; DACClassDEn &rArr; DACWriteRegister
</UL>
<BR>[Calls]<UL><LI><a href="#[55]">&gt;&gt;</a>&nbsp;&nbsp;&nbsp;SoundClassDEn
</UL>
<BR>[Called By]<UL><LI><a href="#[e]">&gt;&gt;</a>&nbsp;&nbsp;&nbsp;SoundTask
</UL>

<P><STRONG><a name="[3c]"></a>WheelSensorEnable</STRONG> (Thumb, 16 bytes, Stack size 0 bytes, sensors.o(i.WheelSensorEnable))
<BR><BR>[Called By]<UL><LI><a href="#[38]">&gt;&gt;</a>&nbsp;&nbsp;&nbsp;DriveInit
</UL>

<P><STRONG><a name="[3d]"></a>WheelSensorIntEnable</STRONG> (Thumb, 48 bytes, Stack size 16 bytes, sensors.o(i.WheelSensorIntEnable))
<BR><BR>[Stack]<UL><LI>Max Depth = 16<LI>Call Chain = WheelSensorIntEnable
</UL>
<BR>[Called By]<UL><LI><a href="#[38]">&gt;&gt;</a>&nbsp;&nbsp;&nbsp;DriveInit
</UL>

<P><STRONG><a name="[5]"></a>WheelSensorIntHandler</STRONG> (Thumb, 130 bytes, Stack size 24 bytes, sensors.o(i.WheelSensorIntHandler))
<BR><BR>[Stack]<UL><LI>Max Depth = 24<LI>Call Chain = WheelSensorIntHandler
</UL>
<BR>[Address Reference Count : 1]<UL><LI> startup_rvmdk.o(RESET)
</UL>
<P><STRONG><a name="[3a]"></a>WheelSensorsInit</STRONG> (Thumb, 158 bytes, Stack size 16 bytes, sensors.o(i.WheelSensorsInit))
<BR><BR>[Stack]<UL><LI>Max Depth = 16<LI>Call Chain = WheelSensorsInit
</UL>
<BR>[Called By]<UL><LI><a href="#[38]">&gt;&gt;</a>&nbsp;&nbsp;&nbsp;DriveInit
</UL>

<P><STRONG><a name="[6f]"></a>__scatterload_copy</STRONG> (Thumb, 14 bytes, Stack size unknown bytes, handlers.o(i.__scatterload_copy), UNUSED)

<P><STRONG><a name="[70]"></a>__scatterload_null</STRONG> (Thumb, 2 bytes, Stack size unknown bytes, handlers.o(i.__scatterload_null), UNUSED)

<P><STRONG><a name="[71]"></a>__scatterload_zeroinit</STRONG> (Thumb, 14 bytes, Stack size unknown bytes, handlers.o(i.__scatterload_zeroinit), UNUSED)

<P><STRONG><a name="[8]"></a>main</STRONG> (Thumb, 84 bytes, Stack size 0 bytes, qs-autonomous.o(i.main))
<BR><BR>[Stack]<UL><LI>Max Depth = 128<LI>Call Chain = main &rArr; UARTprintf &rArr; UARTwrite &rArr; UARTPrimeTransmit
</UL>
<BR>[Calls]<UL><LI><a href="#[6a]">&gt;&gt;</a>&nbsp;&nbsp;&nbsp;UARTStdioInit
<LI><a href="#[61]">&gt;&gt;</a>&nbsp;&nbsp;&nbsp;SoundTaskInit
<LI><a href="#[51]">&gt;&gt;</a>&nbsp;&nbsp;&nbsp;SchedulerRun
<LI><a href="#[4d]">&gt;&gt;</a>&nbsp;&nbsp;&nbsp;SchedulerInit
<LI><a href="#[48]">&gt;&gt;</a>&nbsp;&nbsp;&nbsp;LEDTaskInit
<LI><a href="#[38]">&gt;&gt;</a>&nbsp;&nbsp;&nbsp;DriveInit
<LI><a href="#[37]">&gt;&gt;</a>&nbsp;&nbsp;&nbsp;DisplayTaskInit
<LI><a href="#[1a]">&gt;&gt;</a>&nbsp;&nbsp;&nbsp;UARTprintf
<LI><a href="#[21]">&gt;&gt;</a>&nbsp;&nbsp;&nbsp;AutoTaskInit
</UL>
<BR>[Address Reference Count : 1]<UL><LI> entry8.o(.ARM.Collect$$$$00000009)
</UL><P>
<H3>
Local Symbols
</H3>
<P><STRONG><a name="[2a]"></a>DACReadRegister</STRONG> (Thumb, 186 bytes, Stack size 24 bytes, dac.o(i.DACReadRegister))
<BR><BR>[Stack]<UL><LI>Max Depth = 24<LI>Call Chain = DACReadRegister
</UL>
<BR>[Called By]<UL><LI><a href="#[27]">&gt;&gt;</a>&nbsp;&nbsp;&nbsp;DACInit
</UL>

<P><STRONG><a name="[25]"></a>DACWriteRegister</STRONG> (Thumb, 176 bytes, Stack size 24 bytes, dac.o(i.DACWriteRegister))
<BR><BR>[Stack]<UL><LI>Max Depth = 24<LI>Call Chain = DACWriteRegister
</UL>
<BR>[Called By]<UL><LI><a href="#[27]">&gt;&gt;</a>&nbsp;&nbsp;&nbsp;DACInit
<LI><a href="#[26]">&gt;&gt;</a>&nbsp;&nbsp;&nbsp;DACClassDEn
<LI><a href="#[24]">&gt;&gt;</a>&nbsp;&nbsp;&nbsp;DACClassDDis
</UL>

<P><STRONG><a name="[2e]"></a>Display96x16x1WriteArray</STRONG> (Thumb, 70 bytes, Stack size 24 bytes, display96x16x1.o(i.Display96x16x1WriteArray))
<BR><BR>[Stack]<UL><LI>Max Depth = 24<LI>Call Chain = Display96x16x1WriteArray
</UL>
<BR>[Called By]<UL><LI><a href="#[35]">&gt;&gt;</a>&nbsp;&nbsp;&nbsp;Display96x16x1StringDrawLen
<LI><a href="#[33]">&gt;&gt;</a>&nbsp;&nbsp;&nbsp;Display96x16x1Init
<LI><a href="#[32]">&gt;&gt;</a>&nbsp;&nbsp;&nbsp;Display96x16x1ImageDraw
<LI><a href="#[31]">&gt;&gt;</a>&nbsp;&nbsp;&nbsp;Display96x16x1DisplayOn
<LI><a href="#[2c]">&gt;&gt;</a>&nbsp;&nbsp;&nbsp;Display96x16x1ClearLine
</UL>

<P><STRONG><a name="[2f]"></a>Display96x16x1WriteByte</STRONG> (Thumb, 56 bytes, Stack size 16 bytes, display96x16x1.o(i.Display96x16x1WriteByte))
<BR><BR>[Stack]<UL><LI>Max Depth = 16<LI>Call Chain = Display96x16x1WriteByte
</UL>
<BR>[Called By]<UL><LI><a href="#[35]">&gt;&gt;</a>&nbsp;&nbsp;&nbsp;Display96x16x1StringDrawLen
<LI><a href="#[32]">&gt;&gt;</a>&nbsp;&nbsp;&nbsp;Display96x16x1ImageDraw
<LI><a href="#[2c]">&gt;&gt;</a>&nbsp;&nbsp;&nbsp;Display96x16x1ClearLine
</UL>

<P><STRONG><a name="[30]"></a>Display96x16x1WriteFinal</STRONG> (Thumb, 78 bytes, Stack size 16 bytes, display96x16x1.o(i.Display96x16x1WriteFinal))
<BR><BR>[Stack]<UL><LI>Max Depth = 16<LI>Call Chain = Display96x16x1WriteFinal
</UL>
<BR>[Called By]<UL><LI><a href="#[35]">&gt;&gt;</a>&nbsp;&nbsp;&nbsp;Display96x16x1StringDrawLen
<LI><a href="#[33]">&gt;&gt;</a>&nbsp;&nbsp;&nbsp;Display96x16x1Init
<LI><a href="#[32]">&gt;&gt;</a>&nbsp;&nbsp;&nbsp;Display96x16x1ImageDraw
<LI><a href="#[31]">&gt;&gt;</a>&nbsp;&nbsp;&nbsp;Display96x16x1DisplayOn
<LI><a href="#[2c]">&gt;&gt;</a>&nbsp;&nbsp;&nbsp;Display96x16x1ClearLine
</UL>

<P><STRONG><a name="[2d]"></a>Display96x16x1WriteFirst</STRONG> (Thumb, 46 bytes, Stack size 16 bytes, display96x16x1.o(i.Display96x16x1WriteFirst))
<BR><BR>[Stack]<UL><LI>Max Depth = 16<LI>Call Chain = Display96x16x1WriteFirst
</UL>
<BR>[Called By]<UL><LI><a href="#[35]">&gt;&gt;</a>&nbsp;&nbsp;&nbsp;Display96x16x1StringDrawLen
<LI><a href="#[33]">&gt;&gt;</a>&nbsp;&nbsp;&nbsp;Display96x16x1Init
<LI><a href="#[32]">&gt;&gt;</a>&nbsp;&nbsp;&nbsp;Display96x16x1ImageDraw
<LI><a href="#[31]">&gt;&gt;</a>&nbsp;&nbsp;&nbsp;Display96x16x1DisplayOn
<LI><a href="#[2c]">&gt;&gt;</a>&nbsp;&nbsp;&nbsp;Display96x16x1ClearLine
</UL>

<P><STRONG><a name="[36]"></a>ScrollImage</STRONG> (Thumb, 192 bytes, Stack size 32 bytes, display_task.o(i.ScrollImage))
<BR><BR>[Stack]<UL><LI>Max Depth = 80<LI>Call Chain = ScrollImage &rArr; Display96x16x1ImageDraw &rArr; Display96x16x1WriteArray
</UL>
<BR>[Calls]<UL><LI><a href="#[32]">&gt;&gt;</a>&nbsp;&nbsp;&nbsp;Display96x16x1ImageDraw
</UL>
<BR>[Called By]<UL><LI><a href="#[c]">&gt;&gt;</a>&nbsp;&nbsp;&nbsp;DisplayTask
</UL>

<P><STRONG><a name="[9]"></a>DriveWheelSensorHandler</STRONG> (Thumb, 78 bytes, Stack size 8 bytes, drive_task.o(i.DriveWheelSensorHandler))
<BR><BR>[Stack]<UL><LI>Max Depth = 8<LI>Call Chain = DriveWheelSensorHandler
</UL>
<BR>[Address Reference Count : 1]<UL><LI> drive_task.o(i.DriveInit)
</UL>
<P><STRONG><a name="[1]"></a>NmiSR</STRONG> (Thumb, 0 bytes, Stack size unknown bytes, startup_rvmdk.o(RESET))
<BR><BR>[Calls]<UL><LI><a href="#[1]">&gt;&gt;</a>&nbsp;&nbsp;&nbsp;NmiSR
</UL>
<BR>[Called By]<UL><LI><a href="#[1]">&gt;&gt;</a>&nbsp;&nbsp;&nbsp;NmiSR
</UL>
<BR>[Address Reference Count : 1]<UL><LI> startup_rvmdk.o(RESET)
</UL>
<P><STRONG><a name="[2]"></a>FaultISR</STRONG> (Thumb, 0 bytes, Stack size unknown bytes, startup_rvmdk.o(RESET))
<BR><BR>[Calls]<UL><LI><a href="#[2]">&gt;&gt;</a>&nbsp;&nbsp;&nbsp;FaultISR
</UL>
<BR>[Called By]<UL><LI><a href="#[2]">&gt;&gt;</a>&nbsp;&nbsp;&nbsp;FaultISR
</UL>
<BR>[Address Reference Count : 1]<UL><LI> startup_rvmdk.o(RESET)
</UL>
<P><STRONG><a name="[3]"></a>IntDefaultHandler</STRONG> (Thumb, 0 bytes, Stack size unknown bytes, startup_rvmdk.o(RESET))
<BR><BR>[Calls]<UL><LI><a href="#[3]">&gt;&gt;</a>&nbsp;&nbsp;&nbsp;IntDefaultHandler
</UL>
<BR>[Called By]<UL><LI><a href="#[3]">&gt;&gt;</a>&nbsp;&nbsp;&nbsp;IntDefaultHandler
</UL>
<BR>[Address Reference Count : 1]<UL><LI> startup_rvmdk.o(RESET)
</UL>
<P><STRONG><a name="[63]"></a>IsBufferEmpty</STRONG> (Thumb, 16 bytes, Stack size 0 bytes, uartstdio.o(i.IsBufferEmpty))
<BR><BR>[Called By]<UL><LI><a href="#[67]">&gt;&gt;</a>&nbsp;&nbsp;&nbsp;UARTwrite
<LI><a href="#[62]">&gt;&gt;</a>&nbsp;&nbsp;&nbsp;UARTFlushTx
<LI><a href="#[64]">&gt;&gt;</a>&nbsp;&nbsp;&nbsp;UARTPrimeTransmit
<LI><a href="#[6]">&gt;&gt;</a>&nbsp;&nbsp;&nbsp;UARTStdioIntHandler
</UL>

<P><STRONG><a name="[68]"></a>IsBufferFull</STRONG> (Thumb, 26 bytes, Stack size 0 bytes, uartstdio.o(i.IsBufferFull))
<BR><BR>[Called By]<UL><LI><a href="#[67]">&gt;&gt;</a>&nbsp;&nbsp;&nbsp;UARTwrite
<LI><a href="#[6]">&gt;&gt;</a>&nbsp;&nbsp;&nbsp;UARTStdioIntHandler
</UL>

<P><STRONG><a name="[64]"></a>UARTPrimeTransmit</STRONG> (Thumb, 108 bytes, Stack size 24 bytes, uartstdio.o(i.UARTPrimeTransmit))
<BR><BR>[Stack]<UL><LI>Max Depth = 24<LI>Call Chain = UARTPrimeTransmit
</UL>
<BR>[Calls]<UL><LI><a href="#[63]">&gt;&gt;</a>&nbsp;&nbsp;&nbsp;IsBufferEmpty
</UL>
<BR>[Called By]<UL><LI><a href="#[67]">&gt;&gt;</a>&nbsp;&nbsp;&nbsp;UARTwrite
<LI><a href="#[6]">&gt;&gt;</a>&nbsp;&nbsp;&nbsp;UARTStdioIntHandler
</UL>

<P><STRONG><a name="[a]"></a>BufferCallback</STRONG> (Thumb, 36 bytes, Stack size 0 bytes, wav.o(i.BufferCallback))
<BR>[Address Reference Count : 1]<UL><LI> wav.o(i.WavePlayContinue)
</UL>
<P><STRONG><a name="[69]"></a>WaveRead</STRONG> (Thumb, 68 bytes, Stack size 20 bytes, wav.o(i.WaveRead))
<BR><BR>[Stack]<UL><LI>Max Depth = 20<LI>Call Chain = WaveRead
</UL>
<BR>[Called By]<UL><LI><a href="#[60]">&gt;&gt;</a>&nbsp;&nbsp;&nbsp;WavePlayContinue
</UL>
<P>
<H3>
Undefined Global Symbols
</H3><HR></body></html>
