ARM Linker, 4.1 [Build 894] [Standard]

==============================================================================

Section Cross References

    auto_task.o(i.AutoTask) refers to scheduler.o(i.SchedulerElapsedTicksGet) for SchedulerElapsedTicksGet
    auto_task.o(i.AutoTask) refers to scheduler.o(i.SchedulerTickCountGet) for SchedulerTickCountGet
    auto_task.o(i.AutoTask) refers to random.o(i.RandomNumber) for RandomNumber
    auto_task.o(i.AutoTask) refers to drive_task.o(i.DriveRun) for DriveRun
    auto_task.o(i.AutoTask) refers to uartstdio.o(i.UARTprintf) for UARTprintf
    auto_task.o(i.AutoTask) refers to io.o(i.PushButtonGetStatus) for PushButtonGetStatus
    auto_task.o(i.AutoTask) refers to random.o(i.RandomAddEntropy) for RandomAddEntropy
    auto_task.o(i.AutoTask) refers to random.o(i.RandomSeed) for RandomSeed
    auto_task.o(i.AutoTask) refers to sensors.o(i.BumpSensorGetStatus) for BumpSensorGetStatus
    auto_task.o(i.AutoTask) refers to sound_task.o(i.SoundTaskPlay) for SoundTaskPlay
    auto_task.o(i.AutoTask) refers to drive_task.o(i.DriveStop) for DriveStop
    auto_task.o(i.AutoTask) refers to auto_task.o(.data) for .data
    auto_task.o(i.AutoTask) refers to sounds.o(.constdata) for g_pcBumpSound
    auto_task.o(i.AutoTaskInit) refers to io.o(i.PushButtonsInit) for PushButtonsInit
    auto_task.o(i.AutoTaskInit) refers to sensors.o(i.BumpSensorsInit) for BumpSensorsInit
    dac.o(i.DACClassDDis) refers to dac.o(i.DACWriteRegister) for DACWriteRegister
    dac.o(i.DACClassDEn) refers to dac.o(i.DACWriteRegister) for DACWriteRegister
    dac.o(i.DACInit) refers to sysctl.o(.emb_text) for SysCtlDelay
    dac.o(i.DACInit) refers to gpio.o(i.GPIOPinConfigure) for GPIOPinConfigure
    dac.o(i.DACInit) refers to sysctl.o(i.SysCtlClockGet) for SysCtlClockGet
    dac.o(i.DACInit) refers to dac.o(i.DACWriteRegister) for DACWriteRegister
    dac.o(i.DACInit) refers to dac.o(i.DACReadRegister) for DACReadRegister
    dac.o(i.DACVolumeGet) refers to dac.o(.data) for .data
    dac.o(i.DACVolumeSet) refers to dac.o(i.DACWriteRegister) for DACWriteRegister
    dac.o(i.DACVolumeSet) refers to dac.o(.data) for .data
    display96x16x1.o(i.Display96x16x1Clear) refers to display96x16x1.o(i.Display96x16x1ClearLine) for Display96x16x1ClearLine
    display96x16x1.o(i.Display96x16x1ClearLine) refers to display96x16x1.o(i.Display96x16x1WriteFirst) for Display96x16x1WriteFirst
    display96x16x1.o(i.Display96x16x1ClearLine) refers to display96x16x1.o(i.Display96x16x1WriteArray) for Display96x16x1WriteArray
    display96x16x1.o(i.Display96x16x1ClearLine) refers to display96x16x1.o(i.Display96x16x1WriteByte) for Display96x16x1WriteByte
    display96x16x1.o(i.Display96x16x1ClearLine) refers to display96x16x1.o(i.Display96x16x1WriteFinal) for Display96x16x1WriteFinal
    display96x16x1.o(i.Display96x16x1ClearLine) refers to display96x16x1.o(.constdata) for .constdata
    display96x16x1.o(i.Display96x16x1DisplayOff) refers to display96x16x1.o(i.Display96x16x1WriteFirst) for Display96x16x1WriteFirst
    display96x16x1.o(i.Display96x16x1DisplayOff) refers to display96x16x1.o(i.Display96x16x1WriteByte) for Display96x16x1WriteByte
    display96x16x1.o(i.Display96x16x1DisplayOff) refers to display96x16x1.o(i.Display96x16x1WriteFinal) for Display96x16x1WriteFinal
    display96x16x1.o(i.Display96x16x1DisplayOn) refers to display96x16x1.o(i.Display96x16x1WriteFirst) for Display96x16x1WriteFirst
    display96x16x1.o(i.Display96x16x1DisplayOn) refers to display96x16x1.o(i.Display96x16x1WriteArray) for Display96x16x1WriteArray
    display96x16x1.o(i.Display96x16x1DisplayOn) refers to display96x16x1.o(i.Display96x16x1WriteFinal) for Display96x16x1WriteFinal
    display96x16x1.o(i.Display96x16x1DisplayOn) refers to display96x16x1.o(.constdata) for .constdata
    display96x16x1.o(i.Display96x16x1ImageDraw) refers to display96x16x1.o(i.Display96x16x1WriteFirst) for Display96x16x1WriteFirst
    display96x16x1.o(i.Display96x16x1ImageDraw) refers to display96x16x1.o(i.Display96x16x1WriteByte) for Display96x16x1WriteByte
    display96x16x1.o(i.Display96x16x1ImageDraw) refers to display96x16x1.o(i.Display96x16x1WriteArray) for Display96x16x1WriteArray
    display96x16x1.o(i.Display96x16x1ImageDraw) refers to display96x16x1.o(i.Display96x16x1WriteFinal) for Display96x16x1WriteFinal
    display96x16x1.o(i.Display96x16x1Init) refers to sysctl.o(.emb_text) for SysCtlDelay
    display96x16x1.o(i.Display96x16x1Init) refers to gpio.o(i.GPIOPinConfigure) for GPIOPinConfigure
    display96x16x1.o(i.Display96x16x1Init) refers to display96x16x1.o(i.Display96x16x1WriteFirst) for Display96x16x1WriteFirst
    display96x16x1.o(i.Display96x16x1Init) refers to display96x16x1.o(i.Display96x16x1WriteArray) for Display96x16x1WriteArray
    display96x16x1.o(i.Display96x16x1Init) refers to display96x16x1.o(i.Display96x16x1WriteFinal) for Display96x16x1WriteFinal
    display96x16x1.o(i.Display96x16x1Init) refers to display96x16x1.o(i.Display96x16x1Clear) for Display96x16x1Clear
    display96x16x1.o(i.Display96x16x1Init) refers to display96x16x1.o(i.Display96x16x1DisplayOn) for Display96x16x1DisplayOn
    display96x16x1.o(i.Display96x16x1Init) refers to display96x16x1.o(.constdata) for .constdata
    display96x16x1.o(i.Display96x16x1StringDraw) refers to display96x16x1.o(i.Display96x16x1StringDrawLen) for Display96x16x1StringDrawLen
    display96x16x1.o(i.Display96x16x1StringDrawCentered) refers to strlen.o(.text) for strlen
    display96x16x1.o(i.Display96x16x1StringDrawCentered) refers to display96x16x1.o(i.Display96x16x1ClearLine) for Display96x16x1ClearLine
    display96x16x1.o(i.Display96x16x1StringDrawCentered) refers to display96x16x1.o(i.Display96x16x1StringDrawLen) for Display96x16x1StringDrawLen
    display96x16x1.o(i.Display96x16x1StringDrawLen) refers to display96x16x1.o(i.Display96x16x1WriteFirst) for Display96x16x1WriteFirst
    display96x16x1.o(i.Display96x16x1StringDrawLen) refers to display96x16x1.o(i.Display96x16x1WriteByte) for Display96x16x1WriteByte
    display96x16x1.o(i.Display96x16x1StringDrawLen) refers to display96x16x1.o(i.Display96x16x1WriteArray) for Display96x16x1WriteArray
    display96x16x1.o(i.Display96x16x1StringDrawLen) refers to display96x16x1.o(i.Display96x16x1WriteFinal) for Display96x16x1WriteFinal
    display96x16x1.o(i.Display96x16x1StringDrawLen) refers to display96x16x1.o(.constdata) for .constdata
    display_task.o(i.DisplayTask) refers to scheduler.o(i.SchedulerElapsedTicksGet) for SchedulerElapsedTicksGet
    display_task.o(i.DisplayTask) refers to scheduler.o(i.SchedulerTickCountGet) for SchedulerTickCountGet
    display_task.o(i.DisplayTask) refers to display_task.o(i.ScrollImage) for ScrollImage
    display_task.o(i.DisplayTask) refers to display96x16x1.o(i.Display96x16x1StringDraw) for Display96x16x1StringDraw
    display_task.o(i.DisplayTask) refers to display96x16x1.o(i.Display96x16x1Clear) for Display96x16x1Clear
    display_task.o(i.DisplayTask) refers to display_task.o(.data) for .data
    display_task.o(i.DisplayTask) refers to display_task.o(.constdata) for .constdata
    display_task.o(i.DisplayTaskInit) refers to display96x16x1.o(i.Display96x16x1Init) for Display96x16x1Init
    display_task.o(i.DisplayTaskInit) refers to display96x16x1.o(i.Display96x16x1DisplayOn) for Display96x16x1DisplayOn
    display_task.o(i.ScrollImage) refers to display96x16x1.o(i.Display96x16x1ImageDraw) for Display96x16x1ImageDraw
    display_task.o(i.ScrollImage) refers to display_task.o(.data) for .data
    display_task.o(i.ScrollImage) refers to display_task.o(.bss) for .bss
    drive_task.o(i.DriveInit) refers to motor.o(i.MotorsInit) for MotorsInit
    drive_task.o(i.DriveInit) refers to sensors.o(i.WheelSensorsInit) for WheelSensorsInit
    drive_task.o(i.DriveInit) refers to pid.o(i.PIDInitialize) for PIDInitialize
    drive_task.o(i.DriveInit) refers to sensors.o(i.WheelSensorEnable) for WheelSensorEnable
    drive_task.o(i.DriveInit) refers to sensors.o(i.WheelSensorIntEnable) for WheelSensorIntEnable
    drive_task.o(i.DriveInit) refers to drive_task.o(.data) for .data
    drive_task.o(i.DriveInit) refers to drive_task.o(i.DriveWheelSensorHandler) for DriveWheelSensorHandler
    drive_task.o(i.DriveInit) refers to drive_task.o(.bss) for .bss
    drive_task.o(i.DriveRun) refers to drive_task.o(i.DriveStop) for DriveStop
    drive_task.o(i.DriveRun) refers to motor.o(i.MotorDir) for MotorDir
    drive_task.o(i.DriveRun) refers to motor.o(i.MotorSpeed) for MotorSpeed
    drive_task.o(i.DriveRun) refers to motor.o(i.MotorRun) for MotorRun
    drive_task.o(i.DriveRun) refers to pid.o(i.PIDReset) for PIDReset
    drive_task.o(i.DriveRun) refers to drive_task.o(.bss) for .bss
    drive_task.o(i.DriveSpeedGet) refers to drive_task.o(.bss) for .bss
    drive_task.o(i.DriveSpeedGet) refers to drive_task.o(.data) for .data
    drive_task.o(i.DriveStop) refers to motor.o(i.MotorSpeed) for MotorSpeed
    drive_task.o(i.DriveStop) refers to motor.o(i.MotorStop) for MotorStop
    drive_task.o(i.DriveStop) refers to pid.o(i.PIDReset) for PIDReset
    drive_task.o(i.DriveStop) refers to drive_task.o(.bss) for .bss
    drive_task.o(i.DriveTask) refers to pid.o(i.PIDUpdate) for PIDUpdate
    drive_task.o(i.DriveTask) refers to motor.o(i.MotorSpeed) for MotorSpeed
    drive_task.o(i.DriveTask) refers to drive_task.o(.bss) for .bss
    drive_task.o(i.DriveWheelSensorHandler) refers to drive_task.o(.bss) for .bss
    drive_task.o(i.DriveWheelSensorHandler) refers to drive_task.o(.data) for .data
    io.o(i.LEDsInit) refers to io.o(i.LED_Off) for LED_Off
    io.o(i.PushButtonDebouncer) refers to io.o(.data) for .data
    io.o(i.PushButtonGetDebounced) refers to io.o(.data) for .data
    led_task.o(i.LEDTask) refers to io.o(i.LED_Toggle) for LED_Toggle
    led_task.o(i.LEDTaskInit) refers to io.o(i.LEDsInit) for LEDsInit
    led_task.o(i.LEDTaskInit) refers to io.o(i.LED_On) for LED_On
    motor.o(i.MotorsInit) refers to gpio.o(i.GPIOPinConfigure) for GPIOPinConfigure
    qs-autonomous.o(i.main) refers to uartstdio.o(i.UARTStdioInit) for UARTStdioInit
    qs-autonomous.o(i.main) refers to uartstdio.o(i.UARTprintf) for UARTprintf
    qs-autonomous.o(i.main) refers to scheduler.o(i.SchedulerInit) for SchedulerInit
    qs-autonomous.o(i.main) refers to drive_task.o(i.DriveInit) for DriveInit
    qs-autonomous.o(i.main) refers to display_task.o(i.DisplayTaskInit) for DisplayTaskInit
    qs-autonomous.o(i.main) refers to led_task.o(i.LEDTaskInit) for LEDTaskInit
    qs-autonomous.o(i.main) refers to sound_task.o(i.SoundTaskInit) for SoundTaskInit
    qs-autonomous.o(i.main) refers to auto_task.o(i.AutoTaskInit) for AutoTaskInit
    qs-autonomous.o(i.main) refers to scheduler.o(i.SchedulerRun) for SchedulerRun
    qs-autonomous.o(.data) refers to drive_task.o(i.DriveTask) for DriveTask
    qs-autonomous.o(.data) refers to display_task.o(i.DisplayTask) for DisplayTask
    qs-autonomous.o(.data) refers to led_task.o(i.LEDTask) for LEDTask
    qs-autonomous.o(.data) refers to sound_task.o(i.SoundTask) for SoundTask
    qs-autonomous.o(.data) refers to auto_task.o(i.AutoTask) for AutoTask
    random.o(i.RandomAddEntropy) refers to random.o(.bss) for .bss
    random.o(i.RandomAddEntropy) refers to random.o(.data) for .data
    random.o(i.RandomNumber) refers to random.o(.data) for .data
    random.o(i.RandomSeed) refers to random.o(.bss) for .bss
    random.o(i.RandomSeed) refers to random.o(.data) for .data
    scheduler.o(i.SchedulerElapsedTicksGet) refers to scheduler.o(i.SchedulerElapsedTicksCalc) for SchedulerElapsedTicksCalc
    scheduler.o(i.SchedulerElapsedTicksGet) refers to scheduler.o(.data) for .data
    scheduler.o(i.SchedulerInit) refers to sysctl.o(i.SysCtlClockGet) for SysCtlClockGet
    scheduler.o(i.SchedulerInit) refers to systick.o(i.SysTickPeriodSet) for SysTickPeriodSet
    scheduler.o(i.SchedulerInit) refers to systick.o(i.SysTickEnable) for SysTickEnable
    scheduler.o(i.SchedulerInit) refers to systick.o(i.SysTickIntEnable) for SysTickIntEnable
    scheduler.o(i.SchedulerRun) refers to scheduler.o(i.SchedulerElapsedTicksGet) for SchedulerElapsedTicksGet
    scheduler.o(i.SchedulerRun) refers to qs-autonomous.o(.data) for g_psSchedulerTable
    scheduler.o(i.SchedulerRun) refers to scheduler.o(.data) for .data
    scheduler.o(i.SchedulerRun) refers to qs-autonomous.o(.data) for g_ulSchedulerNumTasks
    scheduler.o(i.SchedulerSysTickIntHandler) refers to scheduler.o(.data) for .data
    scheduler.o(i.SchedulerTaskDisable) refers to qs-autonomous.o(.data) for g_ulSchedulerNumTasks
    scheduler.o(i.SchedulerTaskDisable) refers to qs-autonomous.o(.data) for g_psSchedulerTable
    scheduler.o(i.SchedulerTaskEnable) refers to qs-autonomous.o(.data) for g_ulSchedulerNumTasks
    scheduler.o(i.SchedulerTaskEnable) refers to qs-autonomous.o(.data) for g_psSchedulerTable
    scheduler.o(i.SchedulerTaskEnable) refers to scheduler.o(.data) for .data
    scheduler.o(i.SchedulerTickCountGet) refers to scheduler.o(.data) for .data
    sensors.o(i.BumpSensorDebouncer) refers to sensors.o(.data) for .data
    sensors.o(i.BumpSensorGetDebounced) refers to sensors.o(.data) for .data
    sensors.o(i.WheelSensorIntHandler) refers to sensors.o(.data) for .data
    sensors.o(i.WheelSensorsInit) refers to sensors.o(.data) for .data
    sound.o(i.SoundBufferPlay) refers to i2s.o(i.I2STxEnable) for I2STxEnable
    sound.o(i.SoundBufferPlay) refers to sound.o(.data) for .data
    sound.o(i.SoundBufferPlay) refers to sound.o(.bss) for .bss
    sound.o(i.SoundClassDDis) refers to dac.o(i.DACClassDDis) for DACClassDDis
    sound.o(i.SoundClassDEn) refers to dac.o(i.DACClassDEn) for DACClassDEn
    sound.o(i.SoundInit) refers to gpio.o(i.GPIOPinConfigure) for GPIOPinConfigure
    sound.o(i.SoundInit) refers to gpio.o(i.GPIOPinTypeI2S) for GPIOPinTypeI2S
    sound.o(i.SoundInit) refers to dac.o(i.DACInit) for DACInit
    sound.o(i.SoundInit) refers to i2s.o(i.I2STxFIFOLimitSet) for I2STxFIFOLimitSet
    sound.o(i.SoundInit) refers to i2s.o(i.I2SIntClear) for I2SIntClear
    sound.o(i.SoundInit) refers to i2s.o(i.I2STxEnable) for I2STxEnable
    sound.o(i.SoundInit) refers to sound.o(.data) for .data
    sound.o(i.SoundInit) refers to qs-autonomous.o(.bss) for sDMAControlTable
    sound.o(i.SoundIntHandler) refers to i2s.o(i.I2SIntStatus) for I2SIntStatus
    sound.o(i.SoundIntHandler) refers to i2s.o(i.I2SIntClear) for I2SIntClear
    sound.o(i.SoundIntHandler) refers to sound.o(.data) for .data
    sound.o(i.SoundIntHandler) refers to sound.o(.bss) for .bss
    sound.o(i.SoundSampleRateGet) refers to sound.o(.data) for .data
    sound.o(i.SoundSetFormat) refers to i2s.o(i.I2SMasterClockSelect) for I2SMasterClockSelect
    sound.o(i.SoundSetFormat) refers to i2s.o(i.I2STxConfigSet) for I2STxConfigSet
    sound.o(i.SoundSetFormat) refers to sysctl.o(i.SysCtlI2SMClkSet) for SysCtlI2SMClkSet
    sound.o(i.SoundSetFormat) refers to sound.o(.data) for .data
    sound.o(i.SoundVolumeDown) refers to dac.o(i.DACVolumeSet) for DACVolumeSet
    sound.o(i.SoundVolumeDown) refers to sound.o(.data) for .data
    sound.o(i.SoundVolumeGet) refers to sound.o(.data) for .data
    sound.o(i.SoundVolumeSet) refers to dac.o(i.DACVolumeSet) for DACVolumeSet
    sound.o(i.SoundVolumeUp) refers to dac.o(i.DACVolumeSet) for DACVolumeSet
    sound.o(i.SoundVolumeUp) refers to sound.o(.data) for .data
    sound_task.o(i.SoundTask) refers to wav.o(i.WaveOpen) for WaveOpen
    sound_task.o(i.SoundTask) refers to wav.o(i.WavePlayStart) for WavePlayStart
    sound_task.o(i.SoundTask) refers to wav.o(i.WavePlayContinue) for WavePlayContinue
    sound_task.o(i.SoundTask) refers to sound_task.o(.data) for .data
    sound_task.o(i.SoundTask) refers to sound_task.o(.bss) for .bss
    sound_task.o(i.SoundTaskInit) refers to sound.o(i.SoundInit) for SoundInit
    sound_task.o(i.SoundTaskPlay) refers to sound_task.o(.data) for .data
    startup_rvmdk.o(RESET) refers to startup_rvmdk.o(STACK) for StackMem
    startup_rvmdk.o(RESET) refers to scheduler.o(i.SchedulerSysTickIntHandler) for SchedulerSysTickIntHandler
    startup_rvmdk.o(RESET) refers to sensors.o(i.WheelSensorIntHandler) for WheelSensorIntHandler
    startup_rvmdk.o(RESET) refers to uartstdio.o(i.UARTStdioIntHandler) for UARTStdioIntHandler
    startup_rvmdk.o(RESET) refers to sound.o(i.SoundIntHandler) for SoundIntHandler
    startup_rvmdk.o(RESET) refers to entry.o(.ARM.Collect$$$$00000000) for __main
    uartstdio.o(i.UARTEchoSet) refers to uartstdio.o(.data) for .data
    uartstdio.o(i.UARTFlushRx) refers to uartstdio.o(.data) for .data
    uartstdio.o(i.UARTFlushTx) refers to uartstdio.o(i.IsBufferEmpty) for IsBufferEmpty
    uartstdio.o(i.UARTFlushTx) refers to uartstdio.o(.data) for .data
    uartstdio.o(i.UARTPeek) refers to uartstdio.o(i.GetBufferCount) for GetBufferCount
    uartstdio.o(i.UARTPeek) refers to uartstdio.o(.data) for .data
    uartstdio.o(i.UARTPeek) refers to uartstdio.o(.bss) for .bss
    uartstdio.o(i.UARTPrimeTransmit) refers to uartstdio.o(i.IsBufferEmpty) for IsBufferEmpty
    uartstdio.o(i.UARTPrimeTransmit) refers to uartstdio.o(.data) for .data
    uartstdio.o(i.UARTPrimeTransmit) refers to uartstdio.o(.constdata) for .constdata
    uartstdio.o(i.UARTPrimeTransmit) refers to uartstdio.o(.bss) for .bss
    uartstdio.o(i.UARTRxBytesAvail) refers to uartstdio.o(i.GetBufferCount) for GetBufferCount
    uartstdio.o(i.UARTRxBytesAvail) refers to uartstdio.o(.data) for .data
    uartstdio.o(i.UARTStdioInit) refers to uartstdio.o(i.UARTStdioInitExpClk) for UARTStdioInitExpClk
    uartstdio.o(i.UARTStdioInitExpClk) refers to uartstdio.o(i.UARTFlushRx) for UARTFlushRx
    uartstdio.o(i.UARTStdioInitExpClk) refers to uartstdio.o(i.UARTFlushTx) for UARTFlushTx
    uartstdio.o(i.UARTStdioInitExpClk) refers to uartstdio.o(.constdata) for .constdata
    uartstdio.o(i.UARTStdioInitExpClk) refers to uartstdio.o(.data) for .data
    uartstdio.o(i.UARTStdioIntHandler) refers to uartstdio.o(i.UARTPrimeTransmit) for UARTPrimeTransmit
    uartstdio.o(i.UARTStdioIntHandler) refers to uartstdio.o(i.IsBufferEmpty) for IsBufferEmpty
    uartstdio.o(i.UARTStdioIntHandler) refers to uartstdio.o(i.UARTwrite) for UARTwrite
    uartstdio.o(i.UARTStdioIntHandler) refers to uartstdio.o(i.IsBufferFull) for IsBufferFull
    uartstdio.o(i.UARTStdioIntHandler) refers to uartstdio.o(.data) for .data
    uartstdio.o(i.UARTStdioIntHandler) refers to uartstdio.o(.bss) for .bss
    uartstdio.o(i.UARTTxBytesFree) refers to uartstdio.o(i.GetBufferCount) for GetBufferCount
    uartstdio.o(i.UARTTxBytesFree) refers to uartstdio.o(.data) for .data
    uartstdio.o(i.UARTgetc) refers to uartstdio.o(i.IsBufferEmpty) for IsBufferEmpty
    uartstdio.o(i.UARTgetc) refers to uartstdio.o(.data) for .data
    uartstdio.o(i.UARTgetc) refers to uartstdio.o(.bss) for .bss
    uartstdio.o(i.UARTgets) refers to uartstdio.o(i.IsBufferEmpty) for IsBufferEmpty
    uartstdio.o(i.UARTgets) refers to uartstdio.o(.bss) for .bss
    uartstdio.o(i.UARTgets) refers to uartstdio.o(.data) for .data
    uartstdio.o(i.UARTprintf) refers to uartstdio.o(i.UARTwrite) for UARTwrite
    uartstdio.o(i.UARTprintf) refers to uartstdio.o(.constdata) for .constdata
    uartstdio.o(i.UARTwrite) refers to uartstdio.o(i.IsBufferFull) for IsBufferFull
    uartstdio.o(i.UARTwrite) refers to uartstdio.o(i.IsBufferEmpty) for IsBufferEmpty
    uartstdio.o(i.UARTwrite) refers to uartstdio.o(i.UARTPrimeTransmit) for UARTPrimeTransmit
    uartstdio.o(i.UARTwrite) refers to uartstdio.o(.bss) for .bss
    uartstdio.o(i.UARTwrite) refers to uartstdio.o(.data) for .data
    uartstdio.o(.constdata) refers to uartstdio.o(.conststring) for .conststring
    ustdlib.o(i.ulocaltime) refers to ustdlib.o(.constdata) for .constdata
    ustdlib.o(i.umktime) refers to ustdlib.o(i.ulocaltime) for ulocaltime
    ustdlib.o(i.umktime) refers to ustdlib.o(i.ucmptime) for ucmptime
    ustdlib.o(i.urand) refers to ustdlib.o(.data) for .data
    ustdlib.o(i.usnprintf) refers to ustdlib.o(i.uvsnprintf) for uvsnprintf
    ustdlib.o(i.usprintf) refers to ustdlib.o(i.uvsnprintf) for uvsnprintf
    ustdlib.o(i.usrand) refers to ustdlib.o(.data) for .data
    ustdlib.o(i.ustrcasecmp) refers to ustdlib.o(i.ustrnicmp) for ustrnicmp
    ustdlib.o(i.ustrcmp) refers to ustdlib.o(i.ustrncmp) for ustrncmp
    ustdlib.o(i.ustrstr) refers to ustdlib.o(i.ustrlen) for ustrlen
    ustdlib.o(i.ustrstr) refers to ustdlib.o(i.ustrncmp) for ustrncmp
    ustdlib.o(i.uvsnprintf) refers to ustdlib.o(i.ustrncpy) for ustrncpy
    ustdlib.o(i.uvsnprintf) refers to ustdlib.o(.constdata) for .constdata
    ustdlib.o(.constdata) refers to ustdlib.o(.conststring) for .conststring
    wav.o(i.BufferCallback) refers to wav.o(.bss) for .bss
    wav.o(i.BufferCallback) refers to wav.o(.data) for .data
    wav.o(i.WaveGetTime) refers to ustdlib.o(i.usnprintf) for usnprintf
    wav.o(i.WaveGetTime) refers to wav.o(.data) for .data
    wav.o(i.WaveOpen) refers to sound.o(i.SoundSetFormat) for SoundSetFormat
    wav.o(i.WaveOpen) refers to wav.o(.data) for .data
    wav.o(i.WavePlayContinue) refers to wav.o(i.WaveRead) for WaveRead
    wav.o(i.WavePlayContinue) refers to sound.o(i.SoundBufferPlay) for SoundBufferPlay
    wav.o(i.WavePlayContinue) refers to sound.o(i.SoundClassDDis) for SoundClassDDis
    wav.o(i.WavePlayContinue) refers to wav.o(.data) for .data
    wav.o(i.WavePlayContinue) refers to wav.o(.bss) for .bss
    wav.o(i.WavePlayContinue) refers to wav.o(i.BufferCallback) for BufferCallback
    wav.o(i.WavePlayStart) refers to sound.o(i.SoundClassDEn) for SoundClassDEn
    wav.o(i.WavePlayStart) refers to wav.o(.data) for .data
    wav.o(i.WavePlaybackStatus) refers to wav.o(.data) for .data
    wav.o(i.WaveRead) refers to wav.o(.data) for .data
    wav.o(i.WaveStop) refers to wav.o(.data) for .data
    gpio.o(i.GPIOPinConfigure) refers to gpio.o(.constdata) for .constdata
    gpio.o(i.GPIOPinTypeADC) refers to gpio.o(i.GPIODirModeSet) for GPIODirModeSet
    gpio.o(i.GPIOPinTypeADC) refers to gpio.o(i.GPIOPadConfigSet) for GPIOPadConfigSet
    gpio.o(i.GPIOPinTypeCAN) refers to gpio.o(i.GPIODirModeSet) for GPIODirModeSet
    gpio.o(i.GPIOPinTypeCAN) refers to gpio.o(i.GPIOPadConfigSet) for GPIOPadConfigSet
    gpio.o(i.GPIOPinTypeComparator) refers to gpio.o(i.GPIODirModeSet) for GPIODirModeSet
    gpio.o(i.GPIOPinTypeComparator) refers to gpio.o(i.GPIOPadConfigSet) for GPIOPadConfigSet
    gpio.o(i.GPIOPinTypeEPI) refers to gpio.o(i.GPIODirModeSet) for GPIODirModeSet
    gpio.o(i.GPIOPinTypeEPI) refers to gpio.o(i.GPIOPadConfigSet) for GPIOPadConfigSet
    gpio.o(i.GPIOPinTypeEthernetLED) refers to gpio.o(i.GPIODirModeSet) for GPIODirModeSet
    gpio.o(i.GPIOPinTypeEthernetLED) refers to gpio.o(i.GPIOPadConfigSet) for GPIOPadConfigSet
    gpio.o(i.GPIOPinTypeEthernetMII) refers to gpio.o(i.GPIODirModeSet) for GPIODirModeSet
    gpio.o(i.GPIOPinTypeEthernetMII) refers to gpio.o(i.GPIOPadConfigSet) for GPIOPadConfigSet
    gpio.o(i.GPIOPinTypeFan) refers to gpio.o(i.GPIODirModeSet) for GPIODirModeSet
    gpio.o(i.GPIOPinTypeFan) refers to gpio.o(i.GPIOPadConfigSet) for GPIOPadConfigSet
    gpio.o(i.GPIOPinTypeGPIOInput) refers to gpio.o(i.GPIODirModeSet) for GPIODirModeSet
    gpio.o(i.GPIOPinTypeGPIOInput) refers to gpio.o(i.GPIOPadConfigSet) for GPIOPadConfigSet
    gpio.o(i.GPIOPinTypeGPIOOutput) refers to gpio.o(i.GPIOPadConfigSet) for GPIOPadConfigSet
    gpio.o(i.GPIOPinTypeGPIOOutput) refers to gpio.o(i.GPIODirModeSet) for GPIODirModeSet
    gpio.o(i.GPIOPinTypeGPIOOutputOD) refers to gpio.o(i.GPIOPadConfigSet) for GPIOPadConfigSet
    gpio.o(i.GPIOPinTypeGPIOOutputOD) refers to gpio.o(i.GPIODirModeSet) for GPIODirModeSet
    gpio.o(i.GPIOPinTypeI2C) refers to gpio.o(i.GPIODirModeSet) for GPIODirModeSet
    gpio.o(i.GPIOPinTypeI2C) refers to gpio.o(i.GPIOPadConfigSet) for GPIOPadConfigSet
    gpio.o(i.GPIOPinTypeI2CSCL) refers to gpio.o(i.GPIODirModeSet) for GPIODirModeSet
    gpio.o(i.GPIOPinTypeI2CSCL) refers to gpio.o(i.GPIOPadConfigSet) for GPIOPadConfigSet
    gpio.o(i.GPIOPinTypeI2S) refers to gpio.o(i.GPIODirModeSet) for GPIODirModeSet
    gpio.o(i.GPIOPinTypeI2S) refers to gpio.o(i.GPIOPadConfigSet) for GPIOPadConfigSet
    gpio.o(i.GPIOPinTypeLPC) refers to gpio.o(i.GPIODirModeSet) for GPIODirModeSet
    gpio.o(i.GPIOPinTypeLPC) refers to gpio.o(i.GPIOPadConfigSet) for GPIOPadConfigSet
    gpio.o(i.GPIOPinTypePECIRx) refers to gpio.o(i.GPIODirModeSet) for GPIODirModeSet
    gpio.o(i.GPIOPinTypePECIRx) refers to gpio.o(i.GPIOPadConfigSet) for GPIOPadConfigSet
    gpio.o(i.GPIOPinTypePECITx) refers to gpio.o(i.GPIODirModeSet) for GPIODirModeSet
    gpio.o(i.GPIOPinTypePECITx) refers to gpio.o(i.GPIOPadConfigSet) for GPIOPadConfigSet
    gpio.o(i.GPIOPinTypePWM) refers to gpio.o(i.GPIODirModeSet) for GPIODirModeSet
    gpio.o(i.GPIOPinTypePWM) refers to gpio.o(i.GPIOPadConfigSet) for GPIOPadConfigSet
    gpio.o(i.GPIOPinTypeQEI) refers to gpio.o(i.GPIODirModeSet) for GPIODirModeSet
    gpio.o(i.GPIOPinTypeQEI) refers to gpio.o(i.GPIOPadConfigSet) for GPIOPadConfigSet
    gpio.o(i.GPIOPinTypeSSI) refers to gpio.o(i.GPIODirModeSet) for GPIODirModeSet
    gpio.o(i.GPIOPinTypeSSI) refers to gpio.o(i.GPIOPadConfigSet) for GPIOPadConfigSet
    gpio.o(i.GPIOPinTypeTimer) refers to gpio.o(i.GPIODirModeSet) for GPIODirModeSet
    gpio.o(i.GPIOPinTypeTimer) refers to gpio.o(i.GPIOPadConfigSet) for GPIOPadConfigSet
    gpio.o(i.GPIOPinTypeUART) refers to gpio.o(i.GPIODirModeSet) for GPIODirModeSet
    gpio.o(i.GPIOPinTypeUART) refers to gpio.o(i.GPIOPadConfigSet) for GPIOPadConfigSet
    gpio.o(i.GPIOPinTypeUSBAnalog) refers to gpio.o(i.GPIODirModeSet) for GPIODirModeSet
    gpio.o(i.GPIOPinTypeUSBAnalog) refers to gpio.o(i.GPIOPadConfigSet) for GPIOPadConfigSet
    gpio.o(i.GPIOPinTypeUSBDigital) refers to gpio.o(i.GPIODirModeSet) for GPIODirModeSet
    gpio.o(i.GPIOPinTypeUSBDigital) refers to gpio.o(i.GPIOPadConfigSet) for GPIOPadConfigSet
    gpio.o(i.GPIOPortIntRegister) refers to gpio.o(i.GPIOGetIntNumber) for GPIOGetIntNumber
    gpio.o(i.GPIOPortIntRegister) refers to interrupt.o(i.IntRegister) for IntRegister
    gpio.o(i.GPIOPortIntRegister) refers to interrupt.o(i.IntEnable) for IntEnable
    gpio.o(i.GPIOPortIntUnregister) refers to gpio.o(i.GPIOGetIntNumber) for GPIOGetIntNumber
    gpio.o(i.GPIOPortIntUnregister) refers to interrupt.o(i.IntDisable) for IntDisable
    gpio.o(i.GPIOPortIntUnregister) refers to interrupt.o(i.IntUnregister) for IntUnregister
    i2s.o(i.I2SIntRegister) refers to interrupt.o(i.IntRegister) for IntRegister
    i2s.o(i.I2SIntRegister) refers to interrupt.o(i.IntEnable) for IntEnable
    i2s.o(i.I2SIntUnregister) refers to interrupt.o(i.IntDisable) for IntDisable
    i2s.o(i.I2SIntUnregister) refers to interrupt.o(i.IntUnregister) for IntUnregister
    sysctl.o(i.SysCtlClockGet) refers to sysctl.o(.constdata) for .constdata
    sysctl.o(i.SysCtlClockSet) refers to sysctl.o(.emb_text) for SysCtlDelay
    sysctl.o(i.SysCtlDeepSleep) refers to cpu.o(.emb_text) for CPUwfi
    sysctl.o(i.SysCtlI2SMClkSet) refers to sysctl.o(.constdata) for .constdata
    sysctl.o(i.SysCtlIntRegister) refers to interrupt.o(i.IntRegister) for IntRegister
    sysctl.o(i.SysCtlIntRegister) refers to interrupt.o(i.IntEnable) for IntEnable
    sysctl.o(i.SysCtlIntUnregister) refers to interrupt.o(i.IntDisable) for IntDisable
    sysctl.o(i.SysCtlIntUnregister) refers to interrupt.o(i.IntUnregister) for IntUnregister
    sysctl.o(i.SysCtlPeripheralDeepSleepDisable) refers to sysctl.o(.constdata) for .constdata
    sysctl.o(i.SysCtlPeripheralDeepSleepEnable) refers to sysctl.o(.constdata) for .constdata
    sysctl.o(i.SysCtlPeripheralDisable) refers to sysctl.o(.constdata) for .constdata
    sysctl.o(i.SysCtlPeripheralEnable) refers to sysctl.o(.constdata) for .constdata
    sysctl.o(i.SysCtlPeripheralPowerOff) refers to sysctl.o(.constdata) for .constdata
    sysctl.o(i.SysCtlPeripheralPowerOn) refers to sysctl.o(.constdata) for .constdata
    sysctl.o(i.SysCtlPeripheralPresent) refers to sysctl.o(.constdata) for .constdata
    sysctl.o(i.SysCtlPeripheralReady) refers to sysctl.o(.constdata) for .constdata
    sysctl.o(i.SysCtlPeripheralReset) refers to sysctl.o(.constdata) for .constdata
    sysctl.o(i.SysCtlPeripheralSleepDisable) refers to sysctl.o(.constdata) for .constdata
    sysctl.o(i.SysCtlPeripheralSleepEnable) refers to sysctl.o(.constdata) for .constdata
    sysctl.o(i.SysCtlSleep) refers to cpu.o(.emb_text) for CPUwfi
    systick.o(i.SysTickIntRegister) refers to interrupt.o(i.IntRegister) for IntRegister
    systick.o(i.SysTickIntUnregister) refers to interrupt.o(i.IntUnregister) for IntUnregister
    interrupt.o(i.IntDisable) refers to interrupt.o(.constdata) for .constdata
    interrupt.o(i.IntEnable) refers to interrupt.o(.constdata) for .constdata
    interrupt.o(i.IntIsEnabled) refers to interrupt.o(.constdata) for .constdata
    interrupt.o(i.IntMasterDisable) refers to cpu.o(.emb_text) for CPUcpsid
    interrupt.o(i.IntMasterEnable) refers to cpu.o(.emb_text) for CPUcpsie
    interrupt.o(i.IntPendClear) refers to interrupt.o(.constdata) for .constdata
    interrupt.o(i.IntPendSet) refers to interrupt.o(.constdata) for .constdata
    interrupt.o(i.IntPriorityGet) refers to interrupt.o(.constdata) for .constdata
    interrupt.o(i.IntPriorityGroupingGet) refers to interrupt.o(.constdata) for .constdata
    interrupt.o(i.IntPriorityGroupingSet) refers to interrupt.o(.constdata) for .constdata
    interrupt.o(i.IntPriorityMaskGet) refers to cpu.o(.emb_text) for CPUbasepriGet
    interrupt.o(i.IntPriorityMaskSet) refers to cpu.o(.emb_text) for CPUbasepriSet
    interrupt.o(i.IntPrioritySet) refers to interrupt.o(.constdata) for .constdata
    interrupt.o(i.IntRegister) refers to interrupt.o(vtable) for vtable
    interrupt.o(i.IntUnregister) refers to interrupt.o(i.IntDefaultHandler) for IntDefaultHandler
    interrupt.o(i.IntUnregister) refers to interrupt.o(vtable) for vtable
    entry.o(.ARM.Collect$$$$00000000) refers (Special) to entry7b.o(.ARM.Collect$$$$00000008) for _main_clock
    entry.o(.ARM.Collect$$$$00000000) refers (Special) to entry8.o(.ARM.Collect$$$$00000009) for _main_init
    entry.o(.ARM.Collect$$$$00000000) refers (Special) to entry5.o(.ARM.Collect$$$$00000004) for _main_scatterload
    entry.o(.ARM.Collect$$$$00000000) refers (Special) to entry2.o(.ARM.Collect$$$$00000001) for _main_stk
    entry2.o(.ARM.Collect$$$$00000001) refers to entry2.o(.ARM.Collect$$$$00002712) for __lit__00000000
    entry2.o(.ARM.Collect$$$$00002712) refers to startup_rvmdk.o(STACK) for __initial_sp
    entry2.o(__vectab_stack_and_reset_area) refers to startup_rvmdk.o(STACK) for __initial_sp
    entry2.o(__vectab_stack_and_reset_area) refers to entry.o(.ARM.Collect$$$$00000000) for __main
    entry5.o(.ARM.Collect$$$$00000004) refers to init.o(.text) for __scatterload
    entry8.o(.ARM.Collect$$$$00000009) refers to qs-autonomous.o(i.main) for main
    init.o(.text) refers to entry5.o(.ARM.Collect$$$$00000004) for __main_after_scatterload


==============================================================================

Removing Unused input sections from the image.

    Removing dac.o(i.DACVolumeGet), (12 bytes).
    Removing dac.o(i.DACVolumeSet), (44 bytes).
    Removing dac.o(.data), (1 bytes).
    Removing display96x16x1.o(i.Display96x16x1DisplayOff), (42 bytes).
    Removing display96x16x1.o(i.Display96x16x1StringDrawCentered), (64 bytes).
    Removing drive_task.o(i.DriveSpeedGet), (60 bytes).
    Removing io.o(i.PushButtonDebouncer), (64 bytes).
    Removing io.o(i.PushButtonGetDebounced), (28 bytes).
    Removing io.o(.data), (3 bytes).
    Removing pid.o(i.PIDGainDSet), (4 bytes).
    Removing pid.o(i.PIDGainISet), (24 bytes).
    Removing pid.o(i.PIDGainPSet), (4 bytes).
    Removing scheduler.o(i.SchedulerTaskDisable), (32 bytes).
    Removing scheduler.o(i.SchedulerTaskEnable), (52 bytes).
    Removing sensors.o(i.BumpSensorDebouncer), (64 bytes).
    Removing sensors.o(i.BumpSensorGetDebounced), (32 bytes).
    Removing sensors.o(i.WheelSensorDisable), (20 bytes).
    Removing sensors.o(i.WheelSensorIntDisable), (28 bytes).
    Removing sound.o(i.SoundSampleRateGet), (12 bytes).
    Removing sound.o(i.SoundVolumeDown), (28 bytes).
    Removing sound.o(i.SoundVolumeGet), (12 bytes).
    Removing sound.o(i.SoundVolumeSet), (4 bytes).
    Removing sound.o(i.SoundVolumeUp), (28 bytes).
    Removing sounds.o(.constdata), (12682 bytes).
    Removing sounds.o(.constdata), (6216 bytes).
    Removing startup_rvmdk.o(HEAP), (0 bytes).
    Removing startup_rvmdk.o(.text), (0 bytes).
    Removing uartstdio.o(i.GetBufferCount), (18 bytes).
    Removing uartstdio.o(i.UARTEchoSet), (20 bytes).
    Removing uartstdio.o(i.UARTPeek), (60 bytes).
    Removing uartstdio.o(i.UARTRxBytesAvail), (16 bytes).
    Removing uartstdio.o(i.UARTTxBytesFree), (24 bytes).
    Removing uartstdio.o(i.UARTgetc), (44 bytes).
    Removing uartstdio.o(i.UARTgets), (88 bytes).
    Removing ustdlib.o(i.ucmptime), (82 bytes).
    Removing ustdlib.o(i.ulocaltime), (168 bytes).
    Removing ustdlib.o(i.umktime), (54 bytes).
    Removing ustdlib.o(i.urand), (28 bytes).
    Removing ustdlib.o(i.usnprintf), (18 bytes).
    Removing ustdlib.o(i.usprintf), (22 bytes).
    Removing ustdlib.o(i.usrand), (12 bytes).
    Removing ustdlib.o(i.ustrcasecmp), (8 bytes).
    Removing ustdlib.o(i.ustrcmp), (8 bytes).
    Removing ustdlib.o(i.ustrlen), (16 bytes).
    Removing ustdlib.o(i.ustrncmp), (46 bytes).
    Removing ustdlib.o(i.ustrncpy), (34 bytes).
    Removing ustdlib.o(i.ustrnicmp), (70 bytes).
    Removing ustdlib.o(i.ustrstr), (42 bytes).
    Removing ustdlib.o(i.ustrtoul), (160 bytes).
    Removing ustdlib.o(i.uvsnprintf), (592 bytes).
    Removing ustdlib.o(.constdata), (28 bytes).
    Removing ustdlib.o(.conststring), (17 bytes).
    Removing ustdlib.o(.data), (4 bytes).
    Removing wav.o(i.WaveGetTime), (76 bytes).
    Removing wav.o(i.WavePlaybackStatus), (16 bytes).
    Removing wav.o(i.WaveStop), (16 bytes).
    Removing gpio.o(i.GPIOADCTriggerDisable), (14 bytes).
    Removing gpio.o(i.GPIOADCTriggerEnable), (14 bytes).
    Removing gpio.o(i.GPIODMATriggerDisable), (14 bytes).
    Removing gpio.o(i.GPIODMATriggerEnable), (14 bytes).
    Removing gpio.o(i.GPIODirModeGet), (34 bytes).
    Removing gpio.o(i.GPIOGetIntNumber), (216 bytes).
    Removing gpio.o(i.GPIOIntTypeGet), (48 bytes).
    Removing gpio.o(i.GPIOIntTypeSet), (58 bytes).
    Removing gpio.o(i.GPIOPadConfigGet), (140 bytes).
    Removing gpio.o(i.GPIOPinIntClear), (6 bytes).
    Removing gpio.o(i.GPIOPinIntDisable), (14 bytes).
    Removing gpio.o(i.GPIOPinIntEnable), (14 bytes).
    Removing gpio.o(i.GPIOPinIntStatus), (14 bytes).
    Removing gpio.o(i.GPIOPinRead), (6 bytes).
    Removing gpio.o(i.GPIOPinTypeADC), (28 bytes).
    Removing gpio.o(i.GPIOPinTypeCAN), (28 bytes).
    Removing gpio.o(i.GPIOPinTypeComparator), (28 bytes).
    Removing gpio.o(i.GPIOPinTypeEPI), (28 bytes).
    Removing gpio.o(i.GPIOPinTypeEthernetLED), (28 bytes).
    Removing gpio.o(i.GPIOPinTypeEthernetMII), (28 bytes).
    Removing gpio.o(i.GPIOPinTypeFan), (28 bytes).
    Removing gpio.o(i.GPIOPinTypeGPIOInput), (28 bytes).
    Removing gpio.o(i.GPIOPinTypeGPIOOutput), (28 bytes).
    Removing gpio.o(i.GPIOPinTypeGPIOOutputOD), (28 bytes).
    Removing gpio.o(i.GPIOPinTypeI2C), (28 bytes).
    Removing gpio.o(i.GPIOPinTypeI2CSCL), (72 bytes).
    Removing gpio.o(i.GPIOPinTypeLPC), (28 bytes).
    Removing gpio.o(i.GPIOPinTypePECIRx), (28 bytes).
    Removing gpio.o(i.GPIOPinTypePECITx), (28 bytes).
    Removing gpio.o(i.GPIOPinTypePWM), (28 bytes).
    Removing gpio.o(i.GPIOPinTypeQEI), (28 bytes).
    Removing gpio.o(i.GPIOPinTypeSSI), (28 bytes).
    Removing gpio.o(i.GPIOPinTypeTimer), (28 bytes).
    Removing gpio.o(i.GPIOPinTypeUART), (28 bytes).
    Removing gpio.o(i.GPIOPinTypeUSBAnalog), (28 bytes).
    Removing gpio.o(i.GPIOPinTypeUSBDigital), (28 bytes).
    Removing gpio.o(i.GPIOPinWrite), (6 bytes).
    Removing gpio.o(i.GPIOPortIntRegister), (26 bytes).
    Removing gpio.o(i.GPIOPortIntUnregister), (22 bytes).
    Removing i2s.o(i.I2SIntDisable), (14 bytes).
    Removing i2s.o(i.I2SIntEnable), (14 bytes).
    Removing i2s.o(i.I2SIntRegister), (18 bytes).
    Removing i2s.o(i.I2SIntUnregister), (18 bytes).
    Removing i2s.o(i.I2SRxConfigSet), (60 bytes).
    Removing i2s.o(i.I2SRxDataGet), (16 bytes).
    Removing i2s.o(i.I2SRxDataGetNonBlocking), (22 bytes).
    Removing i2s.o(i.I2SRxDisable), (16 bytes).
    Removing i2s.o(i.I2SRxEnable), (22 bytes).
    Removing i2s.o(i.I2SRxFIFOLevelGet), (6 bytes).
    Removing i2s.o(i.I2SRxFIFOLimitGet), (12 bytes).
    Removing i2s.o(i.I2SRxFIFOLimitSet), (6 bytes).
    Removing i2s.o(i.I2STxDataPut), (10 bytes).
    Removing i2s.o(i.I2STxDataPutNonBlocking), (14 bytes).
    Removing i2s.o(i.I2STxDisable), (16 bytes).
    Removing i2s.o(i.I2STxFIFOLevelGet), (4 bytes).
    Removing i2s.o(i.I2STxFIFOLimitGet), (4 bytes).
    Removing i2s.o(i.I2STxRxConfigSet), (70 bytes).
    Removing i2s.o(i.I2STxRxDisable), (16 bytes).
    Removing i2s.o(i.I2STxRxEnable), (24 bytes).
    Removing sysctl.o(i.SysCtlADCSpeedGet), (16 bytes).
    Removing sysctl.o(i.SysCtlADCSpeedSet), (32 bytes).
    Removing sysctl.o(i.SysCtlBrownOutConfigSet), (16 bytes).
    Removing sysctl.o(i.SysCtlClkVerificationClear), (20 bytes).
    Removing sysctl.o(i.SysCtlClockSet), (332 bytes).
    Removing sysctl.o(i.SysCtlDeepSleep), (32 bytes).
    Removing sysctl.o(i.SysCtlDeepSleepClockSet), (12 bytes).
    Removing sysctl.o(i.SysCtlFlashSizeGet), (20 bytes).
    Removing sysctl.o(i.SysCtlGPIOAHBDisable), (20 bytes).
    Removing sysctl.o(i.SysCtlGPIOAHBEnable), (16 bytes).
    Removing sysctl.o(i.SysCtlIOSCVerificationSet), (24 bytes).
    Removing sysctl.o(i.SysCtlIntClear), (12 bytes).
    Removing sysctl.o(i.SysCtlIntDisable), (16 bytes).
    Removing sysctl.o(i.SysCtlIntEnable), (16 bytes).
    Removing sysctl.o(i.SysCtlIntRegister), (20 bytes).
    Removing sysctl.o(i.SysCtlIntStatus), (16 bytes).
    Removing sysctl.o(i.SysCtlIntUnregister), (18 bytes).
    Removing sysctl.o(i.SysCtlLDOConfigSet), (12 bytes).
    Removing sysctl.o(i.SysCtlLDOGet), (12 bytes).
    Removing sysctl.o(i.SysCtlLDOSet), (12 bytes).
    Removing sysctl.o(i.SysCtlMOSCConfigSet), (12 bytes).
    Removing sysctl.o(i.SysCtlMOSCVerificationSet), (24 bytes).
    Removing sysctl.o(i.SysCtlPIOSCCalibrate), (76 bytes).
    Removing sysctl.o(i.SysCtlPLLVerificationSet), (24 bytes).
    Removing sysctl.o(i.SysCtlPWMClockGet), (24 bytes).
    Removing sysctl.o(i.SysCtlPWMClockSet), (20 bytes).
    Removing sysctl.o(i.SysCtlPeripheralClockGating), (24 bytes).
    Removing sysctl.o(i.SysCtlPeripheralDeepSleepDisable), (80 bytes).
    Removing sysctl.o(i.SysCtlPeripheralDeepSleepEnable), (80 bytes).
    Removing sysctl.o(i.SysCtlPeripheralDisable), (80 bytes).
    Removing sysctl.o(i.SysCtlPeripheralEnable), (80 bytes).
    Removing sysctl.o(i.SysCtlPeripheralPowerOff), (72 bytes).
    Removing sysctl.o(i.SysCtlPeripheralPowerOn), (72 bytes).
    Removing sysctl.o(i.SysCtlPeripheralPresent), (112 bytes).
    Removing sysctl.o(i.SysCtlPeripheralReady), (72 bytes).
    Removing sysctl.o(i.SysCtlPeripheralReset), (120 bytes).
    Removing sysctl.o(i.SysCtlPeripheralSleepDisable), (80 bytes).
    Removing sysctl.o(i.SysCtlPeripheralSleepEnable), (80 bytes).
    Removing sysctl.o(i.SysCtlPinPresent), (16 bytes).
    Removing sysctl.o(i.SysCtlReset), (16 bytes).
    Removing sysctl.o(i.SysCtlResetCauseClear), (16 bytes).
    Removing sysctl.o(i.SysCtlResetCauseGet), (12 bytes).
    Removing sysctl.o(i.SysCtlSRAMSizeGet), (20 bytes).
    Removing sysctl.o(i.SysCtlSleep), (4 bytes).
    Removing sysctl.o(i.SysCtlUSBPLLDisable), (16 bytes).
    Removing sysctl.o(i.SysCtlUSBPLLEnable), (16 bytes).
    Removing systick.o(i.SysTickDisable), (14 bytes).
    Removing systick.o(i.SysTickIntDisable), (14 bytes).
    Removing systick.o(i.SysTickIntRegister), (24 bytes).
    Removing systick.o(i.SysTickIntUnregister), (18 bytes).
    Removing systick.o(i.SysTickPeriodGet), (10 bytes).
    Removing systick.o(i.SysTickValueGet), (8 bytes).
    Removing cpu.o(.emb_text), (38 bytes).
    Removing interrupt.o(i.IntDefaultHandler), (2 bytes).
    Removing interrupt.o(i.IntDisable), (100 bytes).
    Removing interrupt.o(i.IntEnable), (100 bytes).
    Removing interrupt.o(i.IntIsEnabled), (96 bytes).
    Removing interrupt.o(i.IntMasterDisable), (10 bytes).
    Removing interrupt.o(i.IntMasterEnable), (10 bytes).
    Removing interrupt.o(i.IntPendClear), (68 bytes).
    Removing interrupt.o(i.IntPendSet), (84 bytes).
    Removing interrupt.o(i.IntPriorityGet), (28 bytes).
    Removing interrupt.o(i.IntPriorityGroupingGet), (40 bytes).
    Removing interrupt.o(i.IntPriorityGroupingSet), (28 bytes).
    Removing interrupt.o(i.IntPriorityMaskGet), (4 bytes).
    Removing interrupt.o(i.IntPriorityMaskSet), (4 bytes).
    Removing interrupt.o(i.IntPrioritySet), (40 bytes).
    Removing interrupt.o(i.IntRegister), (52 bytes).
    Removing interrupt.o(i.IntUnregister), (20 bytes).
    Removing interrupt.o(.constdata), (268 bytes).
    Removing interrupt.o(vtable), (620 bytes).

186 unused section(s) (total 26671 bytes) removed from the image.

==============================================================================

Image Symbol Table

    Local Symbols

    Symbol Name                              Value     Ov Type        Size  Object(Section)

    RESET                                    0x00000000   Section      296  startup_rvmdk.o(RESET)
    ../../microlib/init/entry.s              0x00000000   Number         0  entry5.o ABSOLUTE
    ../../microlib/init/entry.s              0x00000000   Number         0  entry.o ABSOLUTE
    ../../microlib/init/entry.s              0x00000000   Number         0  entry8.o ABSOLUTE
    ../../microlib/init/entry.s              0x00000000   Number         0  entry7b.o ABSOLUTE
    ../../microlib/init/entry.s              0x00000000   Number         0  entry7a.o ABSOLUTE
    ../../microlib/init/entry.s              0x00000000   Number         0  entry2.o ABSOLUTE
    ../../microlib/string/strlen.c           0x00000000   Number         0  strlen.o ABSOLUTE
    ..\..\..\utils\scheduler.c               0x00000000   Number         0  scheduler.o ABSOLUTE
    ..\..\..\utils\uartstdio.c               0x00000000   Number         0  uartstdio.o ABSOLUTE
    ..\..\..\utils\ustdlib.c                 0x00000000   Number         0  ustdlib.o ABSOLUTE
    ..\drivers\dac.c                         0x00000000   Number         0  dac.o ABSOLUTE
    ..\drivers\display96x16x1.c              0x00000000   Number         0  display96x16x1.o ABSOLUTE
    ..\drivers\io.c                          0x00000000   Number         0  io.o ABSOLUTE
    ..\drivers\motor.c                       0x00000000   Number         0  motor.o ABSOLUTE
    ..\drivers\sensors.c                     0x00000000   Number         0  sensors.o ABSOLUTE
    ..\drivers\sound.c                       0x00000000   Number         0  sound.o ABSOLUTE
    ..\drivers\wav.c                         0x00000000   Number         0  wav.o ABSOLUTE
    auto_task.c                              0x00000000   Number         0  auto_task.o ABSOLUTE
    cpu.c                                    0x00000000   Number         0  cpu.o ABSOLUTE
    cpu.c                                    0x00000000   Number         0  cpu.o ABSOLUTE
    dc.s                                     0x00000000   Number         0  dc.o ABSOLUTE
    display_task.c                           0x00000000   Number         0  display_task.o ABSOLUTE
    drive_task.c                             0x00000000   Number         0  drive_task.o ABSOLUTE
    gpio.c                                   0x00000000   Number         0  gpio.o ABSOLUTE
    handlers.s                               0x00000000   Number         0  handlers.o ABSOLUTE
    i2s.c                                    0x00000000   Number         0  i2s.o ABSOLUTE
    init.s                                   0x00000000   Number         0  init.o ABSOLUTE
    interrupt.c                              0x00000000   Number         0  interrupt.o ABSOLUTE
    led_task.c                               0x00000000   Number         0  led_task.o ABSOLUTE
    pid.c                                    0x00000000   Number         0  pid.o ABSOLUTE
    qs-autonomous.c                          0x00000000   Number         0  qs-autonomous.o ABSOLUTE
    random.c                                 0x00000000   Number         0  random.o ABSOLUTE
    sound_task.c                             0x00000000   Number         0  sound_task.o ABSOLUTE
    sounds.c                                 0x00000000   Number         0  sounds.o ABSOLUTE
    startup_rvmdk.S                          0x00000000   Number         0  startup_rvmdk.o ABSOLUTE
    sysctl.c                                 0x00000000   Number         0  sysctl.o ABSOLUTE
    sysctl.c                                 0x00000000   Number         0  sysctl.o ABSOLUTE
    systick.c                                0x00000000   Number         0  systick.o ABSOLUTE
    NmiSR                                    0x00000121   Thumb Code     0  startup_rvmdk.o(RESET)
    FaultISR                                 0x00000123   Thumb Code     0  startup_rvmdk.o(RESET)
    IntDefaultHandler                        0x00000125   Thumb Code     0  startup_rvmdk.o(RESET)
    .ARM.Collect$$$$00000000                 0x00000128   Section        0  entry.o(.ARM.Collect$$$$00000000)
    .ARM.Collect$$$$00000001                 0x00000128   Section        4  entry2.o(.ARM.Collect$$$$00000001)
    .ARM.Collect$$$$00000004                 0x0000012c   Section        4  entry5.o(.ARM.Collect$$$$00000004)
    .ARM.Collect$$$$00000008                 0x00000130   Section        0  entry7b.o(.ARM.Collect$$$$00000008)
    .ARM.Collect$$$$00000009                 0x00000130   Section        8  entry8.o(.ARM.Collect$$$$00000009)
    .ARM.Collect$$$$00002712                 0x00000138   Section        4  entry2.o(.ARM.Collect$$$$00002712)
    __lit__00000000                          0x00000138   Data           4  entry2.o(.ARM.Collect$$$$00002712)
    .emb_text                                0x0000013c   Section        6  sysctl.o(.emb_text)
    .text                                    0x00000144   Section       36  init.o(.text)
    i.AutoTask                               0x00000168   Section        0  auto_task.o(i.AutoTask)
    i.AutoTaskInit                           0x000003ac   Section        0  auto_task.o(i.AutoTaskInit)
    i.BufferCallback                         0x000003bc   Section        0  wav.o(i.BufferCallback)
    BufferCallback                           0x000003bd   Thumb Code    36  wav.o(i.BufferCallback)
    i.BumpSensorGetStatus                    0x000003e8   Section        0  sensors.o(i.BumpSensorGetStatus)
    i.BumpSensorsInit                        0x0000041c   Section        0  sensors.o(i.BumpSensorsInit)
    i.DACClassDDis                           0x00000454   Section        0  dac.o(i.DACClassDDis)
    i.DACClassDEn                            0x0000045c   Section        0  dac.o(i.DACClassDEn)
    i.DACInit                                0x00000464   Section        0  dac.o(i.DACInit)
    i.DACReadRegister                        0x000005b0   Section        0  dac.o(i.DACReadRegister)
    DACReadRegister                          0x000005b1   Thumb Code   186  dac.o(i.DACReadRegister)
    i.DACWriteRegister                       0x00000670   Section        0  dac.o(i.DACWriteRegister)
    DACWriteRegister                         0x00000671   Thumb Code   176  dac.o(i.DACWriteRegister)
    i.Display96x16x1Clear                    0x00000724   Section        0  display96x16x1.o(i.Display96x16x1Clear)
    i.Display96x16x1ClearLine                0x00000738   Section        0  display96x16x1.o(i.Display96x16x1ClearLine)
    i.Display96x16x1DisplayOn                0x00000770   Section        0  display96x16x1.o(i.Display96x16x1DisplayOn)
    i.Display96x16x1ImageDraw                0x000007a0   Section        0  display96x16x1.o(i.Display96x16x1ImageDraw)
    i.Display96x16x1Init                     0x00000808   Section        0  display96x16x1.o(i.Display96x16x1Init)
    i.Display96x16x1StringDraw               0x00000914   Section        0  display96x16x1.o(i.Display96x16x1StringDraw)
    i.Display96x16x1StringDrawLen            0x00000920   Section        0  display96x16x1.o(i.Display96x16x1StringDrawLen)
    i.Display96x16x1WriteArray               0x000009d0   Section        0  display96x16x1.o(i.Display96x16x1WriteArray)
    Display96x16x1WriteArray                 0x000009d1   Thumb Code    70  display96x16x1.o(i.Display96x16x1WriteArray)
    i.Display96x16x1WriteByte                0x00000a1c   Section        0  display96x16x1.o(i.Display96x16x1WriteByte)
    Display96x16x1WriteByte                  0x00000a1d   Thumb Code    56  display96x16x1.o(i.Display96x16x1WriteByte)
    i.Display96x16x1WriteFinal               0x00000a58   Section        0  display96x16x1.o(i.Display96x16x1WriteFinal)
    Display96x16x1WriteFinal                 0x00000a59   Thumb Code    78  display96x16x1.o(i.Display96x16x1WriteFinal)
    i.Display96x16x1WriteFirst               0x00000aac   Section        0  display96x16x1.o(i.Display96x16x1WriteFirst)
    Display96x16x1WriteFirst                 0x00000aad   Thumb Code    46  display96x16x1.o(i.Display96x16x1WriteFirst)
    i.DisplayTask                            0x00000ae0   Section        0  display_task.o(i.DisplayTask)
    i.DisplayTaskInit                        0x00000b80   Section        0  display_task.o(i.DisplayTaskInit)
    i.DriveInit                              0x00000b90   Section        0  drive_task.o(i.DriveInit)
    i.DriveRun                               0x00000c48   Section        0  drive_task.o(i.DriveRun)
    i.DriveStop                              0x00000d04   Section        0  drive_task.o(i.DriveStop)
    i.DriveTask                              0x00000d44   Section        0  drive_task.o(i.DriveTask)
    i.DriveWheelSensorHandler                0x00000db0   Section        0  drive_task.o(i.DriveWheelSensorHandler)
    DriveWheelSensorHandler                  0x00000db1   Thumb Code    78  drive_task.o(i.DriveWheelSensorHandler)
    i.GPIODirModeSet                         0x00000e0c   Section        0  gpio.o(i.GPIODirModeSet)
    i.GPIOPadConfigSet                       0x00000e34   Section        0  gpio.o(i.GPIOPadConfigSet)
    i.GPIOPinConfigure                       0x00000ee4   Section        0  gpio.o(i.GPIOPinConfigure)
    i.GPIOPinTypeI2S                         0x00000f2c   Section        0  gpio.o(i.GPIOPinTypeI2S)
    i.I2SIntClear                            0x00000f48   Section        0  i2s.o(i.I2SIntClear)
    i.I2SIntStatus                           0x00000f4e   Section        0  i2s.o(i.I2SIntStatus)
    i.I2SMasterClockSelect                   0x00000f5c   Section        0  i2s.o(i.I2SMasterClockSelect)
    i.I2STxConfigSet                         0x00000f6e   Section        0  i2s.o(i.I2STxConfigSet)
    i.I2STxEnable                            0x00000f84   Section        0  i2s.o(i.I2STxEnable)
    i.I2STxFIFOLimitSet                      0x00000f98   Section        0  i2s.o(i.I2STxFIFOLimitSet)
    i.IsBufferEmpty                          0x00000f9c   Section        0  uartstdio.o(i.IsBufferEmpty)
    IsBufferEmpty                            0x00000f9d   Thumb Code    16  uartstdio.o(i.IsBufferEmpty)
    i.IsBufferFull                           0x00000fac   Section        0  uartstdio.o(i.IsBufferFull)
    IsBufferFull                             0x00000fad   Thumb Code    26  uartstdio.o(i.IsBufferFull)
    i.LEDTask                                0x00000fc6   Section        0  led_task.o(i.LEDTask)
    i.LEDTaskInit                            0x00000fcc   Section        0  led_task.o(i.LEDTaskInit)
    i.LED_Off                                0x00000fdc   Section        0  io.o(i.LED_Off)
    i.LED_On                                 0x0000101c   Section        0  io.o(i.LED_On)
    i.LED_Toggle                             0x0000105c   Section        0  io.o(i.LED_Toggle)
    i.LEDsInit                               0x000010bc   Section        0  io.o(i.LEDsInit)
    i.MotorDir                               0x000010e8   Section        0  motor.o(i.MotorDir)
    i.MotorRun                               0x00001110   Section        0  motor.o(i.MotorRun)
    i.MotorSpeed                             0x0000112c   Section        0  motor.o(i.MotorSpeed)
    i.MotorStop                              0x00001188   Section        0  motor.o(i.MotorStop)
    i.MotorsInit                             0x000011b8   Section        0  motor.o(i.MotorsInit)
    i.PIDInitialize                          0x000012fc   Section        0  pid.o(i.PIDInitialize)
    i.PIDReset                               0x00001312   Section        0  pid.o(i.PIDReset)
    i.PIDUpdate                              0x0000131c   Section        0  pid.o(i.PIDUpdate)
    i.PushButtonGetStatus                    0x000013a0   Section        0  io.o(i.PushButtonGetStatus)
    i.PushButtonsInit                        0x000013d0   Section        0  io.o(i.PushButtonsInit)
    i.RandomAddEntropy                       0x00001408   Section        0  random.o(i.RandomAddEntropy)
    i.RandomNumber                           0x00001424   Section        0  random.o(i.RandomNumber)
    i.RandomSeed                             0x00001440   Section        0  random.o(i.RandomSeed)
    i.SchedulerElapsedTicksCalc              0x000015a0   Section        0  scheduler.o(i.SchedulerElapsedTicksCalc)
    i.SchedulerElapsedTicksGet               0x000015b0   Section        0  scheduler.o(i.SchedulerElapsedTicksGet)
    i.SchedulerInit                          0x000015bc   Section        0  scheduler.o(i.SchedulerInit)
    i.SchedulerRun                           0x000015d8   Section        0  scheduler.o(i.SchedulerRun)
    i.SchedulerSysTickIntHandler             0x00001620   Section        0  scheduler.o(i.SchedulerSysTickIntHandler)
    i.SchedulerTickCountGet                  0x00001630   Section        0  scheduler.o(i.SchedulerTickCountGet)
    i.ScrollImage                            0x0000163c   Section        0  display_task.o(i.ScrollImage)
    ScrollImage                              0x0000163d   Thumb Code   192  display_task.o(i.ScrollImage)
    i.SoundBufferPlay                        0x00001704   Section        0  sound.o(i.SoundBufferPlay)
    i.SoundClassDDis                         0x000017b4   Section        0  sound.o(i.SoundClassDDis)
    i.SoundClassDEn                          0x000017b8   Section        0  sound.o(i.SoundClassDEn)
    i.SoundInit                              0x000017bc   Section        0  sound.o(i.SoundInit)
    i.SoundIntHandler                        0x000018c0   Section        0  sound.o(i.SoundIntHandler)
    i.SoundSetFormat                         0x0000194c   Section        0  sound.o(i.SoundSetFormat)
    i.SoundTask                              0x00001a9c   Section        0  sound_task.o(i.SoundTask)
    i.SoundTaskInit                          0x00001aec   Section        0  sound_task.o(i.SoundTaskInit)
    i.SoundTaskPlay                          0x00001af0   Section        0  sound_task.o(i.SoundTaskPlay)
    i.SysCtlClockGet                         0x00001afc   Section        0  sysctl.o(i.SysCtlClockGet)
    i.SysCtlI2SMClkSet                       0x00001d2c   Section        0  sysctl.o(i.SysCtlI2SMClkSet)
    i.SysTickEnable                          0x00001e04   Section        0  systick.o(i.SysTickEnable)
    i.SysTickIntEnable                       0x00001e12   Section        0  systick.o(i.SysTickIntEnable)
    i.SysTickPeriodSet                       0x00001e20   Section        0  systick.o(i.SysTickPeriodSet)
    i.UARTFlushRx                            0x00001e2c   Section        0  uartstdio.o(i.UARTFlushRx)
    i.UARTFlushTx                            0x00001e54   Section        0  uartstdio.o(i.UARTFlushTx)
    i.UARTPrimeTransmit                      0x00001e8c   Section        0  uartstdio.o(i.UARTPrimeTransmit)
    UARTPrimeTransmit                        0x00001e8d   Thumb Code   108  uartstdio.o(i.UARTPrimeTransmit)
    i.UARTStdioInit                          0x00001f04   Section        0  uartstdio.o(i.UARTStdioInit)
    i.UARTStdioInitExpClk                    0x00001f0c   Section        0  uartstdio.o(i.UARTStdioInitExpClk)
    i.UARTStdioIntHandler                    0x00001fa8   Section        0  uartstdio.o(i.UARTStdioIntHandler)
    i.UARTprintf                             0x000020ac   Section        0  uartstdio.o(i.UARTprintf)
    i.UARTwrite                              0x00002264   Section        0  uartstdio.o(i.UARTwrite)
    i.WaveOpen                               0x000022f4   Section        0  wav.o(i.WaveOpen)
    i.WavePlayContinue                       0x000023c4   Section        0  wav.o(i.WavePlayContinue)
    i.WavePlayStart                          0x00002460   Section        0  wav.o(i.WavePlayStart)
    i.WaveRead                               0x00002478   Section        0  wav.o(i.WaveRead)
    WaveRead                                 0x00002479   Thumb Code    68  wav.o(i.WaveRead)
    i.WheelSensorEnable                      0x000024c0   Section        0  sensors.o(i.WheelSensorEnable)
    i.WheelSensorIntEnable                   0x000024d4   Section        0  sensors.o(i.WheelSensorIntEnable)
    i.WheelSensorIntHandler                  0x00002508   Section        0  sensors.o(i.WheelSensorIntHandler)
    i.WheelSensorsInit                       0x00002594   Section        0  sensors.o(i.WheelSensorsInit)
    i.__scatterload_copy                     0x00002640   Section       14  handlers.o(i.__scatterload_copy)
    i.__scatterload_null                     0x0000264e   Section        2  handlers.o(i.__scatterload_null)
    i.__scatterload_zeroinit                 0x00002650   Section       14  handlers.o(i.__scatterload_zeroinit)
    i.main                                   0x00002660   Section        0  qs-autonomous.o(i.main)
    .constdata                               0x000026d4   Section      534  display96x16x1.o(.constdata)
    g_pucRITRow1                             0x000026d4   Data           6  display96x16x1.o(.constdata)
    g_pucRITRow2                             0x000026da   Data           6  display96x16x1.o(.constdata)
    g_pucFont                                0x000026e0   Data         475  display96x16x1.o(.constdata)
    g_pucRITInit                             0x000028bb   Data          47  display96x16x1.o(.constdata)
    .constdata                               0x000028ea   Section        1  display_task.o(.constdata)
    g_pucTILogo                              0x000028ea   Data           1  display_task.o(.constdata)
    .constdata                               0x000028eb   Section    22872  sounds.o(.constdata)
    .constdata                               0x00008244   Section       40  uartstdio.o(.constdata)
    g_pcHex                                  0x00008244   Data           4  uartstdio.o(.constdata)
    g_ulUARTBase                             0x00008248   Data          12  uartstdio.o(.constdata)
    g_ulUARTInt                              0x00008254   Data          12  uartstdio.o(.constdata)
    g_ulUARTPeriph                           0x00008260   Data          12  uartstdio.o(.constdata)
    .constdata                               0x0000826c   Section      120  gpio.o(.constdata)
    g_pulGPIOBaseAddrs                       0x0000826c   Data         120  gpio.o(.constdata)
    .constdata                               0x000082e4   Section      460  sysctl.o(.constdata)
    g_pulDCRegs                              0x000082e4   Data          16  sysctl.o(.constdata)
    g_pulSRCRRegs                            0x000082f4   Data          12  sysctl.o(.constdata)
    g_pulRCGCRegs                            0x00008300   Data          12  sysctl.o(.constdata)
    g_pulSCGCRegs                            0x0000830c   Data          12  sysctl.o(.constdata)
    g_pulDCGCRegs                            0x00008318   Data          12  sysctl.o(.constdata)
    g_pulXtals                               0x00008324   Data         108  sysctl.o(.constdata)
    g_ppulPeripheralMap                      0x00008390   Data         288  sysctl.o(.constdata)
    .conststring                             0x000084b0   Section       17  uartstdio.o(.conststring)
    .data                                    0x20000000   Section       12  auto_task.o(.data)
    sState                                   0x20000000   Data           1  auto_task.o(.data)
    ulLastTicks                              0x20000004   Data           4  auto_task.o(.data)
    ulDurationTicks                          0x20000008   Data           4  auto_task.o(.data)
    .data                                    0x2000000c   Section       20  display_task.o(.data)
    ulIdx                                    0x2000000c   Data           4  display_task.o(.data)
    ulWidth                                  0x20000010   Data           4  display_task.o(.data)
    ulState                                  0x20000014   Data           4  display_task.o(.data)
    ulLastTick                               0x20000018   Data           4  display_task.o(.data)
    ulTimeout                                0x2000001c   Data           4  display_task.o(.data)
    .data                                    0x20000020   Section       12  drive_task.o(.data)
    g_ulWheelTimerTickConstant               0x20000020   Data           4  drive_task.o(.data)
    g_ulMinRPMTicks                          0x20000024   Data           4  drive_task.o(.data)
    g_ulMaxRPMTicks                          0x20000028   Data           4  drive_task.o(.data)
    .data                                    0x2000002c   Section      100  qs-autonomous.o(.data)
    .data                                    0x20000090   Section        4  qs-autonomous.o(.data)
    .data                                    0x20000094   Section        8  random.o(.data)
    g_ulRandomIndex                          0x20000094   Data           4  random.o(.data)
    g_ulRandomSeed                           0x20000098   Data           4  random.o(.data)
    .data                                    0x2000009c   Section        4  scheduler.o(.data)
    g_ulSchedulerTickCount                   0x2000009c   Data           4  scheduler.o(.data)
    .data                                    0x200000a0   Section        8  sensors.o(.data)
    g_ucDebouncedBumpers                     0x200000a0   Data           1  sensors.o(.data)
    ucBumperClockA                           0x200000a1   Data           1  sensors.o(.data)
    ucBumperClockB                           0x200000a2   Data           1  sensors.o(.data)
    g_pfnWheelCallback                       0x200000a4   Data           4  sensors.o(.data)
    .data                                    0x200000a8   Section       20  sound.o(.data)
    g_ucVolume                               0x200000a8   Data           1  sound.o(.data)
    g_usChannels                             0x200000aa   Data           2  sound.o(.data)
    g_ulDMAFlags                             0x200000ac   Data           4  sound.o(.data)
    g_ulPlaying                              0x200000b0   Data           4  sound.o(.data)
    g_ulSampleRate                           0x200000b4   Data           4  sound.o(.data)
    g_usBitsPerSample                        0x200000b8   Data           4  sound.o(.data)
    .data                                    0x200000bc   Section       12  sound_task.o(.data)
    ulState                                  0x200000bc   Data           4  sound_task.o(.data)
    .data                                    0x200000c8   Section       28  uartstdio.o(.data)
    bLastWasCR                               0x200000c8   Data           1  uartstdio.o(.data)
    g_bDisableEcho                           0x200000c9   Data           1  uartstdio.o(.data)
    g_ulUARTTxWriteIndex                     0x200000cc   Data           4  uartstdio.o(.data)
    g_ulUARTTxReadIndex                      0x200000d0   Data           4  uartstdio.o(.data)
    g_ulUARTRxWriteIndex                     0x200000d4   Data           4  uartstdio.o(.data)
    g_ulUARTRxReadIndex                      0x200000d8   Data           4  uartstdio.o(.data)
    g_ulBase                                 0x200000dc   Data           4  uartstdio.o(.data)
    g_ulPortNum                              0x200000e0   Data           4  uartstdio.o(.data)
    .data                                    0x200000e4   Section       24  wav.o(.data)
    g_usMinutes                              0x200000e4   Data           2  wav.o(.data)
    g_usSeconds                              0x200000e6   Data           2  wav.o(.data)
    g_pucDataPtr                             0x200000e8   Data           4  wav.o(.data)
    g_ulMaxBufferSize                        0x200000ec   Data           4  wav.o(.data)
    g_ulFlags                                0x200000f0   Data           4  wav.o(.data)
    g_ulBytesPlayed                          0x200000f4   Data           4  wav.o(.data)
    g_ulBytesRemaining                       0x200000f8   Data           4  wav.o(.data)
    .bss                                     0x200000fc   Section      192  display_task.o(.bss)
    g_pucFrame                               0x200000fc   Data         192  display_task.o(.bss)
    .bss                                     0x200001bc   Section       96  drive_task.o(.bss)
    g_sMotorDrives                           0x200001bc   Data          96  drive_task.o(.bss)
    .bss                                     0x20000400   Section     1024  qs-autonomous.o(.bss)
    .bss                                     0x20000800   Section       64  random.o(.bss)
    g_pulRandomEntropy                       0x20000800   Data          64  random.o(.bss)
    .bss                                     0x20000840   Section       24  sound.o(.bss)
    g_sOutBuffers                            0x20000840   Data          24  sound.o(.bss)
    .bss                                     0x20000858   Section       20  sound_task.o(.bss)
    .bss                                     0x2000086c   Section     1152  uartstdio.o(.bss)
    g_pcUARTTxBuffer                         0x2000086c   Data        1024  uartstdio.o(.bss)
    g_pcUARTRxBuffer                         0x20000c6c   Data         128  uartstdio.o(.bss)
    .bss                                     0x20000cec   Section     4096  wav.o(.bss)
    g_pucBuffer                              0x20000cec   Data        4096  wav.o(.bss)
    STACK                                    0x20001cf0   Section     1024  startup_rvmdk.o(STACK)
    StackMem                                 0x20001cf0   Data           0  startup_rvmdk.o(STACK)

    Global Symbols

    Symbol Name                              Value     Ov Type        Size  Object(Section)

    BuildAttributes$$THM_ISAv4$P$D$K$B$S$PE$A:L22UL41UL21$X:L11$S22US41US21$IEEE1$IW$USESV6$~STKCKD$USESV7$~SHL$OTIME$EBA8$MICROLIB$REQ8$PRES8$EABIv2 0x00000000   Number         0  anon$$obj.o ABSOLUTE
    __ARM_use_no_argv                        0x00000000   Number         0  qs-autonomous.o ABSOLUTE
    __Vectors                                0x00000000   Data           0  startup_rvmdk.o(RESET)
    __decompress                              - Undefined Weak Reference
    _clock_init                               - Undefined Weak Reference
    Reset_Handler                            0x0000011d   Thumb Code     0  startup_rvmdk.o(RESET)
    __main                                   0x00000129   Thumb Code     0  entry.o(.ARM.Collect$$$$00000000)
    _main_stk                                0x00000129   Thumb Code     0  entry2.o(.ARM.Collect$$$$00000001)
    _main_scatterload                        0x0000012d   Thumb Code     0  entry5.o(.ARM.Collect$$$$00000004)
    __main_after_scatterload                 0x00000131   Thumb Code     0  entry5.o(.ARM.Collect$$$$00000004)
    _main_clock                              0x00000131   Thumb Code     0  entry7b.o(.ARM.Collect$$$$00000008)
    _main_init                               0x00000131   Thumb Code     0  entry8.o(.ARM.Collect$$$$00000009)
    SysCtlDelay                              0x0000013d   Thumb Code     6  sysctl.o(.emb_text)
    __scatterload                            0x00000145   Thumb Code    28  init.o(.text)
    __scatterload_rt2                        0x00000145   Thumb Code     0  init.o(.text)
    AutoTask                                 0x00000169   Thumb Code   388  auto_task.o(i.AutoTask)
    AutoTaskInit                             0x000003ad   Thumb Code    14  auto_task.o(i.AutoTaskInit)
    BumpSensorGetStatus                      0x000003e9   Thumb Code    46  sensors.o(i.BumpSensorGetStatus)
    BumpSensorsInit                          0x0000041d   Thumb Code    46  sensors.o(i.BumpSensorsInit)
    DACClassDDis                             0x00000455   Thumb Code     8  dac.o(i.DACClassDDis)
    DACClassDEn                              0x0000045d   Thumb Code     8  dac.o(i.DACClassDEn)
    DACInit                                  0x00000465   Thumb Code   310  dac.o(i.DACInit)
    Display96x16x1Clear                      0x00000725   Thumb Code    18  display96x16x1.o(i.Display96x16x1Clear)
    Display96x16x1ClearLine                  0x00000739   Thumb Code    50  display96x16x1.o(i.Display96x16x1ClearLine)
    Display96x16x1DisplayOn                  0x00000771   Thumb Code    44  display96x16x1.o(i.Display96x16x1DisplayOn)
    Display96x16x1ImageDraw                  0x000007a1   Thumb Code   104  display96x16x1.o(i.Display96x16x1ImageDraw)
    Display96x16x1Init                       0x00000809   Thumb Code   232  display96x16x1.o(i.Display96x16x1Init)
    Display96x16x1StringDraw                 0x00000915   Thumb Code    10  display96x16x1.o(i.Display96x16x1StringDraw)
    Display96x16x1StringDrawLen              0x00000921   Thumb Code   172  display96x16x1.o(i.Display96x16x1StringDrawLen)
    DisplayTask                              0x00000ae1   Thumb Code   136  display_task.o(i.DisplayTask)
    DisplayTaskInit                          0x00000b81   Thumb Code    16  display_task.o(i.DisplayTaskInit)
    DriveInit                                0x00000b91   Thumb Code   164  drive_task.o(i.DriveInit)
    DriveRun                                 0x00000c49   Thumb Code   182  drive_task.o(i.DriveRun)
    DriveStop                                0x00000d05   Thumb Code    60  drive_task.o(i.DriveStop)
    DriveTask                                0x00000d45   Thumb Code   104  drive_task.o(i.DriveTask)
    GPIODirModeSet                           0x00000e0d   Thumb Code    40  gpio.o(i.GPIODirModeSet)
    GPIOPadConfigSet                         0x00000e35   Thumb Code   176  gpio.o(i.GPIOPadConfigSet)
    GPIOPinConfigure                         0x00000ee5   Thumb Code    64  gpio.o(i.GPIOPinConfigure)
    GPIOPinTypeI2S                           0x00000f2d   Thumb Code    28  gpio.o(i.GPIOPinTypeI2S)
    I2SIntClear                              0x00000f49   Thumb Code     6  i2s.o(i.I2SIntClear)
    I2SIntStatus                             0x00000f4f   Thumb Code    14  i2s.o(i.I2SIntStatus)
    I2SMasterClockSelect                     0x00000f5d   Thumb Code    18  i2s.o(i.I2SMasterClockSelect)
    I2STxConfigSet                           0x00000f6f   Thumb Code    22  i2s.o(i.I2STxConfigSet)
    I2STxEnable                              0x00000f85   Thumb Code    20  i2s.o(i.I2STxEnable)
    I2STxFIFOLimitSet                        0x00000f99   Thumb Code     4  i2s.o(i.I2STxFIFOLimitSet)
    LEDTask                                  0x00000fc7   Thumb Code     6  led_task.o(i.LEDTask)
    LEDTaskInit                              0x00000fcd   Thumb Code    16  led_task.o(i.LEDTaskInit)
    LED_Off                                  0x00000fdd   Thumb Code    58  io.o(i.LED_Off)
    LED_On                                   0x0000101d   Thumb Code    58  io.o(i.LED_On)
    LED_Toggle                               0x0000105d   Thumb Code    92  io.o(i.LED_Toggle)
    LEDsInit                                 0x000010bd   Thumb Code    34  io.o(i.LEDsInit)
    MotorDir                                 0x000010e9   Thumb Code    30  motor.o(i.MotorDir)
    MotorRun                                 0x00001111   Thumb Code    20  motor.o(i.MotorRun)
    MotorSpeed                               0x0000112d   Thumb Code    88  motor.o(i.MotorSpeed)
    MotorStop                                0x00001189   Thumb Code    40  motor.o(i.MotorStop)
    MotorsInit                               0x000011b9   Thumb Code   300  motor.o(i.MotorsInit)
    PIDInitialize                            0x000012fd   Thumb Code    22  pid.o(i.PIDInitialize)
    PIDReset                                 0x00001313   Thumb Code     8  pid.o(i.PIDReset)
    PIDUpdate                                0x0000131d   Thumb Code   126  pid.o(i.PIDUpdate)
    PushButtonGetStatus                      0x000013a1   Thumb Code    42  io.o(i.PushButtonGetStatus)
    PushButtonsInit                          0x000013d1   Thumb Code    46  io.o(i.PushButtonsInit)
    RandomAddEntropy                         0x00001409   Thumb Code    18  random.o(i.RandomAddEntropy)
    RandomNumber                             0x00001425   Thumb Code    16  random.o(i.RandomNumber)
    RandomSeed                               0x00001441   Thumb Code   328  random.o(i.RandomSeed)
    SchedulerElapsedTicksCalc                0x000015a1   Thumb Code    16  scheduler.o(i.SchedulerElapsedTicksCalc)
    SchedulerElapsedTicksGet                 0x000015b1   Thumb Code     8  scheduler.o(i.SchedulerElapsedTicksGet)
    SchedulerInit                            0x000015bd   Thumb Code    28  scheduler.o(i.SchedulerInit)
    SchedulerRun                             0x000015d9   Thumb Code    60  scheduler.o(i.SchedulerRun)
    SchedulerSysTickIntHandler               0x00001621   Thumb Code    10  scheduler.o(i.SchedulerSysTickIntHandler)
    SchedulerTickCountGet                    0x00001631   Thumb Code     6  scheduler.o(i.SchedulerTickCountGet)
    SoundBufferPlay                          0x00001705   Thumb Code   160  sound.o(i.SoundBufferPlay)
    SoundClassDDis                           0x000017b5   Thumb Code     4  sound.o(i.SoundClassDDis)
    SoundClassDEn                            0x000017b9   Thumb Code     4  sound.o(i.SoundClassDEn)
    SoundInit                                0x000017bd   Thumb Code   212  sound.o(i.SoundInit)
    SoundIntHandler                          0x000018c1   Thumb Code   122  sound.o(i.SoundIntHandler)
    SoundSetFormat                           0x0000194d   Thumb Code   254  sound.o(i.SoundSetFormat)
    SoundTask                                0x00001a9d   Thumb Code    72  sound_task.o(i.SoundTask)
    SoundTaskInit                            0x00001aed   Thumb Code     4  sound_task.o(i.SoundTaskInit)
    SoundTaskPlay                            0x00001af1   Thumb Code     6  sound_task.o(i.SoundTaskPlay)
    SysCtlClockGet                           0x00001afd   Thumb Code   514  sysctl.o(i.SysCtlClockGet)
    SysCtlI2SMClkSet                         0x00001d2d   Thumb Code   204  sysctl.o(i.SysCtlI2SMClkSet)
    SysTickEnable                            0x00001e05   Thumb Code    14  systick.o(i.SysTickEnable)
    SysTickIntEnable                         0x00001e13   Thumb Code    14  systick.o(i.SysTickIntEnable)
    SysTickPeriodSet                         0x00001e21   Thumb Code    10  systick.o(i.SysTickPeriodSet)
    UARTFlushRx                              0x00001e2d   Thumb Code    36  uartstdio.o(i.UARTFlushRx)
    UARTFlushTx                              0x00001e55   Thumb Code    52  uartstdio.o(i.UARTFlushTx)
    UARTStdioInit                            0x00001f05   Thumb Code     8  uartstdio.o(i.UARTStdioInit)
    UARTStdioInitExpClk                      0x00001f0d   Thumb Code   146  uartstdio.o(i.UARTStdioInitExpClk)
    UARTStdioIntHandler                      0x00001fa9   Thumb Code   244  uartstdio.o(i.UARTStdioIntHandler)
    UARTprintf                               0x000020ad   Thumb Code   424  uartstdio.o(i.UARTprintf)
    UARTwrite                                0x00002265   Thumb Code   134  uartstdio.o(i.UARTwrite)
    WaveOpen                                 0x000022f5   Thumb Code   188  wav.o(i.WaveOpen)
    WavePlayContinue                         0x000023c5   Thumb Code   138  wav.o(i.WavePlayContinue)
    WavePlayStart                            0x00002461   Thumb Code    18  wav.o(i.WavePlayStart)
    WheelSensorEnable                        0x000024c1   Thumb Code    16  sensors.o(i.WheelSensorEnable)
    WheelSensorIntEnable                     0x000024d5   Thumb Code    48  sensors.o(i.WheelSensorIntEnable)
    WheelSensorIntHandler                    0x00002509   Thumb Code   130  sensors.o(i.WheelSensorIntHandler)
    WheelSensorsInit                         0x00002595   Thumb Code   158  sensors.o(i.WheelSensorsInit)
    __scatterload_copy                       0x00002641   Thumb Code    14  handlers.o(i.__scatterload_copy)
    __scatterload_null                       0x0000264f   Thumb Code     2  handlers.o(i.__scatterload_null)
    __scatterload_zeroinit                   0x00002651   Thumb Code    14  handlers.o(i.__scatterload_zeroinit)
    main                                     0x00002661   Thumb Code    84  qs-autonomous.o(i.main)
    g_pcBumpSound                            0x000028eb   Data       22872  sounds.o(.constdata)
    Region$$Table$$Base                      0x000084c4   Number         0  anon$$obj.o(Region$$Table)
    Region$$Table$$Limit                     0x000084e4   Number         0  anon$$obj.o(Region$$Table)
    g_psSchedulerTable                       0x2000002c   Data         100  qs-autonomous.o(.data)
    g_ulSchedulerNumTasks                    0x20000090   Data           4  qs-autonomous.o(.data)
    pucNowPlaying                            0x200000c0   Data           4  sound_task.o(.data)
    pucNextPlaying                           0x200000c4   Data           4  sound_task.o(.data)
    sDMAControlTable                         0x20000400   Data        1024  qs-autonomous.o(.bss)
    sSoundEffectHeader                       0x20000858   Data          20  sound_task.o(.bss)
    __initial_sp                             0x200020f0   Data           0  startup_rvmdk.o(STACK)



==============================================================================

Memory Map of the image

  Image Entry point : 0x0000011d

  Load Region LR_IROM (Base: 0x00000000, Size: 0x000085e0, Max: 0x00040000, ABSOLUTE)

    Execution Region ER_IROM (Base: 0x00000000, Size: 0x000084e4, Max: 0x00040000, ABSOLUTE)

    Base Addr    Size         Type   Attr      Idx    E Section Name        Object

    0x00000000   0x00000128   Code   RO          807  * RESET               startup_rvmdk.o
    0x00000128   0x00000000   Code   RO         2050  * .ARM.Collect$$$$00000000  mc_w.l(entry.o)
    0x00000128   0x00000004   Code   RO         2055    .ARM.Collect$$$$00000001  mc_w.l(entry2.o)
    0x0000012c   0x00000004   Code   RO         2058    .ARM.Collect$$$$00000004  mc_w.l(entry5.o)
    0x00000130   0x00000000   Code   RO         2060    .ARM.Collect$$$$00000008  mc_w.l(entry7b.o)
    0x00000130   0x00000008   Code   RO         2061    .ARM.Collect$$$$00000009  mc_w.l(entry8.o)
    0x00000138   0x00000004   Code   RO         2056    .ARM.Collect$$$$00002712  mc_w.l(entry2.o)
    0x0000013c   0x00000006   Code   RO         1564    .emb_text           driverlib-cm3.lib(sysctl.o)
    0x00000142   0x00000002   PAD
    0x00000144   0x00000024   Code   RO         2062    .text               mc_w.l(init.o)
    0x00000168   0x00000244   Code   RO            1    i.AutoTask          auto_task.o
    0x000003ac   0x0000000e   Code   RO            2    i.AutoTaskInit      auto_task.o
    0x000003ba   0x00000002   PAD
    0x000003bc   0x0000002c   Code   RO         1043    i.BufferCallback    wav.o
    0x000003e8   0x00000034   Code   RO          600    i.BumpSensorGetStatus  sensors.o
    0x0000041c   0x00000038   Code   RO          601    i.BumpSensorsInit   sensors.o
    0x00000454   0x00000008   Code   RO           54    i.DACClassDDis      dac.o
    0x0000045c   0x00000008   Code   RO           55    i.DACClassDEn       dac.o
    0x00000464   0x0000014c   Code   RO           56    i.DACInit           dac.o
    0x000005b0   0x000000c0   Code   RO           57    i.DACReadRegister   dac.o
    0x00000670   0x000000b4   Code   RO           60    i.DACWriteRegister  dac.o
    0x00000724   0x00000012   Code   RO          129    i.Display96x16x1Clear  display96x16x1.o
    0x00000736   0x00000002   PAD
    0x00000738   0x00000038   Code   RO          130    i.Display96x16x1ClearLine  display96x16x1.o
    0x00000770   0x00000030   Code   RO          132    i.Display96x16x1DisplayOn  display96x16x1.o
    0x000007a0   0x00000068   Code   RO          133    i.Display96x16x1ImageDraw  display96x16x1.o
    0x00000808   0x0000010c   Code   RO          134    i.Display96x16x1Init  display96x16x1.o
    0x00000914   0x0000000a   Code   RO          135    i.Display96x16x1StringDraw  display96x16x1.o
    0x0000091e   0x00000002   PAD
    0x00000920   0x000000b0   Code   RO          137    i.Display96x16x1StringDrawLen  display96x16x1.o
    0x000009d0   0x0000004c   Code   RO          138    i.Display96x16x1WriteArray  display96x16x1.o
    0x00000a1c   0x0000003c   Code   RO          139    i.Display96x16x1WriteByte  display96x16x1.o
    0x00000a58   0x00000054   Code   RO          140    i.Display96x16x1WriteFinal  display96x16x1.o
    0x00000aac   0x00000034   Code   RO          141    i.Display96x16x1WriteFirst  display96x16x1.o
    0x00000ae0   0x000000a0   Code   RO          223    i.DisplayTask       display_task.o
    0x00000b80   0x00000010   Code   RO          224    i.DisplayTaskInit   display_task.o
    0x00000b90   0x000000b8   Code   RO          254    i.DriveInit         drive_task.o
    0x00000c48   0x000000bc   Code   RO          255    i.DriveRun          drive_task.o
    0x00000d04   0x00000040   Code   RO          257    i.DriveStop         drive_task.o
    0x00000d44   0x0000006c   Code   RO          258    i.DriveTask         drive_task.o
    0x00000db0   0x0000005c   Code   RO          259    i.DriveWheelSensorHandler  drive_task.o
    0x00000e0c   0x00000028   Code   RO         1106    i.GPIODirModeSet    driverlib-cm3.lib(gpio.o)
    0x00000e34   0x000000b0   Code   RO         1111    i.GPIOPadConfigSet  driverlib-cm3.lib(gpio.o)
    0x00000ee4   0x00000048   Code   RO         1112    i.GPIOPinConfigure  driverlib-cm3.lib(gpio.o)
    0x00000f2c   0x0000001c   Code   RO         1130    i.GPIOPinTypeI2S    driverlib-cm3.lib(gpio.o)
    0x00000f48   0x00000006   Code   RO         1393    i.I2SIntClear       driverlib-cm3.lib(i2s.o)
    0x00000f4e   0x0000000e   Code   RO         1397    i.I2SIntStatus      driverlib-cm3.lib(i2s.o)
    0x00000f5c   0x00000012   Code   RO         1399    i.I2SMasterClockSelect  driverlib-cm3.lib(i2s.o)
    0x00000f6e   0x00000016   Code   RO         1408    i.I2STxConfigSet    driverlib-cm3.lib(i2s.o)
    0x00000f84   0x00000014   Code   RO         1412    i.I2STxEnable       driverlib-cm3.lib(i2s.o)
    0x00000f98   0x00000004   Code   RO         1415    i.I2STxFIFOLimitSet  driverlib-cm3.lib(i2s.o)
    0x00000f9c   0x00000010   Code   RO          813    i.IsBufferEmpty     uartstdio.o
    0x00000fac   0x0000001a   Code   RO          814    i.IsBufferFull      uartstdio.o
    0x00000fc6   0x00000006   Code   RO          369    i.LEDTask           led_task.o
    0x00000fcc   0x00000010   Code   RO          370    i.LEDTaskInit       led_task.o
    0x00000fdc   0x00000040   Code   RO          310    i.LED_Off           io.o
    0x0000101c   0x00000040   Code   RO          311    i.LED_On            io.o
    0x0000105c   0x00000060   Code   RO          312    i.LED_Toggle        io.o
    0x000010bc   0x0000002c   Code   RO          313    i.LEDsInit          io.o
    0x000010e8   0x00000028   Code   RO          387    i.MotorDir          motor.o
    0x00001110   0x0000001c   Code   RO          388    i.MotorRun          motor.o
    0x0000112c   0x0000005c   Code   RO          389    i.MotorSpeed        motor.o
    0x00001188   0x00000030   Code   RO          390    i.MotorStop         motor.o
    0x000011b8   0x00000144   Code   RO          391    i.MotorsInit        motor.o
    0x000012fc   0x00000016   Code   RO          432    i.PIDInitialize     pid.o
    0x00001312   0x00000008   Code   RO          433    i.PIDReset          pid.o
    0x0000131a   0x00000002   PAD
    0x0000131c   0x00000084   Code   RO          434    i.PIDUpdate         pid.o
    0x000013a0   0x00000030   Code   RO          316    i.PushButtonGetStatus  io.o
    0x000013d0   0x00000038   Code   RO          317    i.PushButtonsInit   io.o
    0x00001408   0x0000001c   Code   RO          503    i.RandomAddEntropy  random.o
    0x00001424   0x0000001c   Code   RO          504    i.RandomNumber      random.o
    0x00001440   0x00000160   Code   RO          505    i.RandomSeed        random.o
    0x000015a0   0x00000010   Code   RO          530    i.SchedulerElapsedTicksCalc  scheduler.o
    0x000015b0   0x0000000c   Code   RO          531    i.SchedulerElapsedTicksGet  scheduler.o
    0x000015bc   0x0000001c   Code   RO          532    i.SchedulerInit     scheduler.o
    0x000015d8   0x00000048   Code   RO          533    i.SchedulerRun      scheduler.o
    0x00001620   0x00000010   Code   RO          534    i.SchedulerSysTickIntHandler  scheduler.o
    0x00001630   0x0000000c   Code   RO          537    i.SchedulerTickCountGet  scheduler.o
    0x0000163c   0x000000c8   Code   RO          225    i.ScrollImage       display_task.o
    0x00001704   0x000000b0   Code   RO          675    i.SoundBufferPlay   sound.o
    0x000017b4   0x00000004   Code   RO          676    i.SoundClassDDis    sound.o
    0x000017b8   0x00000004   Code   RO          677    i.SoundClassDEn     sound.o
    0x000017bc   0x00000104   Code   RO          678    i.SoundInit         sound.o
    0x000018c0   0x0000008c   Code   RO          679    i.SoundIntHandler   sound.o
    0x0000194c   0x00000150   Code   RO          681    i.SoundSetFormat    sound.o
    0x00001a9c   0x00000050   Code   RO          762    i.SoundTask         sound_task.o
    0x00001aec   0x00000004   Code   RO          763    i.SoundTaskInit     sound_task.o
    0x00001af0   0x0000000c   Code   RO          764    i.SoundTaskPlay     sound_task.o
    0x00001afc   0x00000230   Code   RO         1569    i.SysCtlClockGet    driverlib-cm3.lib(sysctl.o)
    0x00001d2c   0x000000d8   Code   RO         1576    i.SysCtlI2SMClkSet  driverlib-cm3.lib(sysctl.o)
    0x00001e04   0x0000000e   Code   RO         1874    i.SysTickEnable     driverlib-cm3.lib(systick.o)
    0x00001e12   0x0000000e   Code   RO         1876    i.SysTickIntEnable  driverlib-cm3.lib(systick.o)
    0x00001e20   0x0000000a   Code   RO         1880    i.SysTickPeriodSet  driverlib-cm3.lib(systick.o)
    0x00001e2a   0x00000002   PAD
    0x00001e2c   0x00000028   Code   RO          816    i.UARTFlushRx       uartstdio.o
    0x00001e54   0x00000038   Code   RO          817    i.UARTFlushTx       uartstdio.o
    0x00001e8c   0x00000078   Code   RO          819    i.UARTPrimeTransmit  uartstdio.o
    0x00001f04   0x00000008   Code   RO          821    i.UARTStdioInit     uartstdio.o
    0x00001f0c   0x0000009c   Code   RO          822    i.UARTStdioInitExpClk  uartstdio.o
    0x00001fa8   0x00000104   Code   RO          823    i.UARTStdioIntHandler  uartstdio.o
    0x000020ac   0x000001b8   Code   RO          827    i.UARTprintf        uartstdio.o
    0x00002264   0x00000090   Code   RO          828    i.UARTwrite         uartstdio.o
    0x000022f4   0x000000d0   Code   RO         1045    i.WaveOpen          wav.o
    0x000023c4   0x0000009c   Code   RO         1046    i.WavePlayContinue  wav.o
    0x00002460   0x00000018   Code   RO         1047    i.WavePlayStart     wav.o
    0x00002478   0x00000048   Code   RO         1049    i.WaveRead          wav.o
    0x000024c0   0x00000014   Code   RO          603    i.WheelSensorEnable  sensors.o
    0x000024d4   0x00000034   Code   RO          605    i.WheelSensorIntEnable  sensors.o
    0x00002508   0x0000008c   Code   RO          606    i.WheelSensorIntHandler  sensors.o
    0x00002594   0x000000ac   Code   RO          607    i.WheelSensorsInit  sensors.o
    0x00002640   0x0000000e   Code   RO         2066    i.__scatterload_copy  mc_w.l(handlers.o)
    0x0000264e   0x00000002   Code   RO         2067    i.__scatterload_null  mc_w.l(handlers.o)
    0x00002650   0x0000000e   Code   RO         2068    i.__scatterload_zeroinit  mc_w.l(handlers.o)
    0x0000265e   0x00000002   PAD
    0x00002660   0x00000074   Code   RO          471    i.main              qs-autonomous.o
    0x000026d4   0x00000216   Data   RO          142    .constdata          display96x16x1.o
    0x000028ea   0x00000001   Data   RO          227    .constdata          display_task.o
    0x000028eb   0x00005958   Data   RO          797    .constdata          sounds.o
    0x00008243   0x00000001   PAD
    0x00008244   0x00000028   Data   RO          830    .constdata          uartstdio.o
    0x0000826c   0x00000078   Data   RO         1144    .constdata          driverlib-cm3.lib(gpio.o)
    0x000082e4   0x000001cc   Data   RO         1613    .constdata          driverlib-cm3.lib(sysctl.o)
    0x000084b0   0x00000011   Data   RO          831    .conststring        uartstdio.o
    0x000084c1   0x00000003   PAD
    0x000084c4   0x00000020   Data   RO         2064    Region$$Table       anon$$obj.o


    Execution Region RW_IRAM (Base: 0x20000000, Size: 0x000020f0, Max: 0x00018000, ABSOLUTE)

    Base Addr    Size         Type   Attr      Idx    E Section Name        Object

    0x20000000   0x0000000c   Data   RW            3    .data               auto_task.o
    0x2000000c   0x00000014   Data   RW          228    .data               display_task.o
    0x20000020   0x0000000c   Data   RW          261    .data               drive_task.o
    0x2000002c   0x00000064   Data   RW          473    .data               qs-autonomous.o
    0x20000090   0x00000004   Data   RW          474    .data               qs-autonomous.o
    0x20000094   0x00000008   Data   RW          507    .data               random.o
    0x2000009c   0x00000004   Data   RW          538    .data               scheduler.o
    0x200000a0   0x00000008   Data   RW          608    .data               sensors.o
    0x200000a8   0x00000014   Data   RW          687    .data               sound.o
    0x200000bc   0x0000000c   Data   RW          766    .data               sound_task.o
    0x200000c8   0x0000001c   Data   RW          832    .data               uartstdio.o
    0x200000e4   0x00000018   Data   RW         1052    .data               wav.o
    0x200000fc   0x000000c0   Zero   RW          226    .bss                display_task.o
    0x200001bc   0x00000060   Zero   RW          260    .bss                drive_task.o
    0x2000021c   0x000001e4   PAD
    0x20000400   0x00000400   Zero   RW          472    .bss                qs-autonomous.o
    0x20000800   0x00000040   Zero   RW          506    .bss                random.o
    0x20000840   0x00000018   Zero   RW          686    .bss                sound.o
    0x20000858   0x00000014   Zero   RW          765    .bss                sound_task.o
    0x2000086c   0x00000480   Zero   RW          829    .bss                uartstdio.o
    0x20000cec   0x00001000   Zero   RW         1051    .bss                wav.o
    0x20001cec   0x00000004   PAD
    0x20001cf0   0x00000400   Zero   RW          805    STACK               startup_rvmdk.o


==============================================================================

Image component sizes


      Code (inc. data)   RO Data    RW Data    ZI Data      Debug   Object Name

       594        192          0         12          0       6886   auto_task.o
       720         32          0          0          0       5835   dac.o
       952         72        534          0          0       7270   display96x16x1.o
       376         38          1         20        192       2416   display_task.o
       636         48          0         12         96       4523   drive_task.o
       372         42          0          0          0       3111   io.o
        22          0          0          0          0        816   led_task.o
       532         54          0          0          0       2908   motor.o
       162          6          0          0          0       1683   pid.o
       116         32          0        104       1024      11775   qs-autonomous.o
       408         46          0          8         64       2551   random.o
       156         28          0          4          0       4120   scheduler.o
       492         48          0          8          0       5008   sensors.o
       920        164          0         20         24      15384   sound.o
        96         14          0         12         20       2162   sound_task.o
         0          0      22872          0          0        431   sounds.o
       296        286          0          0       1024        232   startup_rvmdk.o
      1266         72         57         28       1152       9209   uartstdio.o
       504         56          0         24       4096       5182   wav.o

    ----------------------------------------------------------------------
      8628       1230      23500        252       8180      91502   Object Totals
         0          0         32          0          0          0   (incl. Generated)
         8          0          4          0        488          0   (incl. Padding)

    ----------------------------------------------------------------------

      Code (inc. data)   RO Data    RW Data    ZI Data      Debug   Library Member Name

       316          8        120          0          0       5848   gpio.o
        84          0          0          0          0       2491   i2s.o
       782         58        460          0          0       3376   sysctl.o
        38          0          0          0          0       1058   systick.o
         0          0          0          0          0          0   entry.o
         8          4          0          0          0          0   entry2.o
         4          0          0          0          0          0   entry5.o
         0          0          0          0          0          0   entry7b.o
         8          4          0          0          0          0   entry8.o
        30          0          0          0          0          0   handlers.o
        36          8          0          0          0         68   init.o

    ----------------------------------------------------------------------
      1312         82        580          0          0      12841   Library Totals
         6          0          0          0          0          0   (incl. Padding)

    ----------------------------------------------------------------------

      Code (inc. data)   RO Data    RW Data    ZI Data      Debug   Library Name

      1220         66        580          0          0      12773   driverlib-cm3.lib
        86         16          0          0          0         68   mc_w.l

    ----------------------------------------------------------------------
      1312         82        580          0          0      12841   Library Totals

    ----------------------------------------------------------------------

==============================================================================


      Code (inc. data)   RO Data    RW Data    ZI Data      Debug   

      9940       1312      24080        252       8180      99559   Grand Totals
      9940       1312      24080        252       8180      99559   ELF Image Totals
      9940       1312      24080        252          0          0   ROM Totals

==============================================================================

    Total RO  Size (Code + RO Data)                34020 (  33.22kB)
    Total RW  Size (RW Data + ZI Data)              8432 (   8.23kB)
    Total ROM Size (Code + RO Data + RW Data)      34272 (  33.47kB)

==============================================================================

