ARM Linker, 4.1 [Build 894] [Evaluation]

==============================================================================

Section Cross References

    startup.o(RESET) refers to startup.o(STACK) for StackMem
    startup.o(RESET) refers to main.o(.text) for __main


==============================================================================

Removing Unused input sections from the image.

    Removing startup.o(HEAP), (0 bytes).
    Removing startup.o(.text), (0 bytes).

2 unused section(s) (total 0 bytes) removed from the image.

==============================================================================

Image Symbol Table

    Local Symbols

    Symbol Name                              Value     Ov Type        Size  Object(Section)

    RESET                                    0x00000000   Section      252  startup.o(RESET)
    Startup.s                                0x00000000   Number         0  startup.o ABSOLUTE
    main.s                                   0x00000000   Number         0  main.o ABSOLUTE
    NmiSR                                    0x000000f5   Thumb Code     0  startup.o(RESET)
    FaultISR                                 0x000000f7   Thumb Code     0  startup.o(RESET)
    IntDefaultHandler                        0x000000f9   Thumb Code     0  startup.o(RESET)
    .text                                    0x000000fc   Section       72  main.o(.text)
    STACK                                    0x20000000   Section      256  startup.o(STACK)
    StackMem                                 0x20000000   Data           0  startup.o(STACK)

    Global Symbols

    Symbol Name                              Value     Ov Type        Size  Object(Section)

    BuildAttributes$$THM_ISAv4$P$D$K$B$S$PE$A:L22UL41UL21$X:L11$S22US41US21$IEEE1$IW$USESV6$~STKCKD$USESV7$~SHL$OSPACE$EBA8$MICROLIB$PRES8$EABIv2 0x00000000   Number         0  anon$$obj.o ABSOLUTE
    __Vectors                                0x00000000   Data           0  startup.o(RESET)
    Reset_Handler                            0x000000f1   Thumb Code     0  startup.o(RESET)
    __main                                   0x000000fd   Thumb Code     0  main.o(.text)
    __initial_sp                             0x20000100   Data           0  startup.o(STACK)



==============================================================================

Memory Map of the image

  Image Entry point : 0x000000fd

  Load Region LR_IROM1 (Base: 0x00000000, Size: 0x00000144, Max: 0x00040000, ABSOLUTE)

    Execution Region ER_IROM1 (Base: 0x00000000, Size: 0x00000144, Max: 0x00040000, ABSOLUTE)

    Base Addr    Size         Type   Attr      Idx    E Section Name        Object

    0x00000000   0x000000fc   Code   RO            3    RESET               startup.o
    0x000000fc   0x00000048   Code   RO            9  * .text               main.o


    Execution Region RW_IRAM1 (Base: 0x20000000, Size: 0x00000100, Max: 0x00010000, ABSOLUTE)

    Base Addr    Size         Type   Attr      Idx    E Section Name        Object

    0x20000000   0x00000100   Zero   RW            1    STACK               startup.o


==============================================================================

Image component sizes


      Code (inc. data)   RO Data    RW Data    ZI Data      Debug   Object Name

        72         20          0          0          0        244   main.o
       252        242          0          0        256        272   startup.o

    ----------------------------------------------------------------------
       324        262          0          0        256        516   Object Totals
         0          0          0          0          0          0   (incl. Generated)
         0          0          0          0          0          0   (incl. Padding)

    ----------------------------------------------------------------------
         0          0          0          0          0          0   Library Totals
         0          0          0          0          0          0   (incl. Padding)

    ----------------------------------------------------------------------

==============================================================================


      Code (inc. data)   RO Data    RW Data    ZI Data      Debug   

       324        262          0          0        256        516   Grand Totals
       324        262          0          0        256        516   ELF Image Totals
       324        262          0          0          0          0   ROM Totals

==============================================================================

    Total RO  Size (Code + RO Data)                  324 (   0.32kB)
    Total RW  Size (RW Data + ZI Data)               256 (   0.25kB)
    Total ROM Size (Code + RO Data + RW Data)        324 (   0.32kB)

==============================================================================

