ARM Linker, 4.1 [Build 894] [Standard]

==============================================================================

Section Cross References

    display96x16x1.o(i.Display96x16x1Clear) refers to display96x16x1.o(i.Display96x16x1ClearLine) for Display96x16x1ClearLine
    display96x16x1.o(i.Display96x16x1ClearLine) refers to display96x16x1.o(i.Display96x16x1WriteFirst) for Display96x16x1WriteFirst
    display96x16x1.o(i.Display96x16x1ClearLine) refers to display96x16x1.o(i.Display96x16x1WriteArray) for Display96x16x1WriteArray
    display96x16x1.o(i.Display96x16x1ClearLine) refers to display96x16x1.o(i.Display96x16x1WriteByte) for Display96x16x1WriteByte
    display96x16x1.o(i.Display96x16x1ClearLine) refers to display96x16x1.o(i.Display96x16x1WriteFinal) for Display96x16x1WriteFinal
    display96x16x1.o(i.Display96x16x1ClearLine) refers to display96x16x1.o(.constdata) for .constdata
    display96x16x1.o(i.Display96x16x1DisplayOff) refers to display96x16x1.o(i.Display96x16x1WriteFirst) for Display96x16x1WriteFirst
    display96x16x1.o(i.Display96x16x1DisplayOff) refers to display96x16x1.o(i.Display96x16x1WriteByte) for Display96x16x1WriteByte
    display96x16x1.o(i.Display96x16x1DisplayOff) refers to display96x16x1.o(i.Display96x16x1WriteFinal) for Display96x16x1WriteFinal
    display96x16x1.o(i.Display96x16x1DisplayOn) refers to display96x16x1.o(i.Display96x16x1WriteFirst) for Display96x16x1WriteFirst
    display96x16x1.o(i.Display96x16x1DisplayOn) refers to display96x16x1.o(i.Display96x16x1WriteArray) for Display96x16x1WriteArray
    display96x16x1.o(i.Display96x16x1DisplayOn) refers to display96x16x1.o(i.Display96x16x1WriteFinal) for Display96x16x1WriteFinal
    display96x16x1.o(i.Display96x16x1DisplayOn) refers to display96x16x1.o(.constdata) for .constdata
    display96x16x1.o(i.Display96x16x1ImageDraw) refers to display96x16x1.o(i.Display96x16x1WriteFirst) for Display96x16x1WriteFirst
    display96x16x1.o(i.Display96x16x1ImageDraw) refers to display96x16x1.o(i.Display96x16x1WriteByte) for Display96x16x1WriteByte
    display96x16x1.o(i.Display96x16x1ImageDraw) refers to display96x16x1.o(i.Display96x16x1WriteArray) for Display96x16x1WriteArray
    display96x16x1.o(i.Display96x16x1ImageDraw) refers to display96x16x1.o(i.Display96x16x1WriteFinal) for Display96x16x1WriteFinal
    display96x16x1.o(i.Display96x16x1Init) refers to sysctl.o(.emb_text) for SysCtlDelay
    display96x16x1.o(i.Display96x16x1Init) refers to gpio.o(i.GPIOPinConfigure) for GPIOPinConfigure
    display96x16x1.o(i.Display96x16x1Init) refers to display96x16x1.o(i.Display96x16x1WriteFirst) for Display96x16x1WriteFirst
    display96x16x1.o(i.Display96x16x1Init) refers to display96x16x1.o(i.Display96x16x1WriteArray) for Display96x16x1WriteArray
    display96x16x1.o(i.Display96x16x1Init) refers to display96x16x1.o(i.Display96x16x1WriteFinal) for Display96x16x1WriteFinal
    display96x16x1.o(i.Display96x16x1Init) refers to display96x16x1.o(i.Display96x16x1Clear) for Display96x16x1Clear
    display96x16x1.o(i.Display96x16x1Init) refers to display96x16x1.o(i.Display96x16x1DisplayOn) for Display96x16x1DisplayOn
    display96x16x1.o(i.Display96x16x1Init) refers to display96x16x1.o(.constdata) for .constdata
    display96x16x1.o(i.Display96x16x1StringDraw) refers to display96x16x1.o(i.Display96x16x1StringDrawLen) for Display96x16x1StringDrawLen
    display96x16x1.o(i.Display96x16x1StringDrawCentered) refers to strlen.o(.text) for strlen
    display96x16x1.o(i.Display96x16x1StringDrawCentered) refers to display96x16x1.o(i.Display96x16x1ClearLine) for Display96x16x1ClearLine
    display96x16x1.o(i.Display96x16x1StringDrawCentered) refers to display96x16x1.o(i.Display96x16x1StringDrawLen) for Display96x16x1StringDrawLen
    display96x16x1.o(i.Display96x16x1StringDrawLen) refers to display96x16x1.o(i.Display96x16x1WriteFirst) for Display96x16x1WriteFirst
    display96x16x1.o(i.Display96x16x1StringDrawLen) refers to display96x16x1.o(i.Display96x16x1WriteByte) for Display96x16x1WriteByte
    display96x16x1.o(i.Display96x16x1StringDrawLen) refers to display96x16x1.o(i.Display96x16x1WriteArray) for Display96x16x1WriteArray
    display96x16x1.o(i.Display96x16x1StringDrawLen) refers to display96x16x1.o(i.Display96x16x1WriteFinal) for Display96x16x1WriteFinal
    display96x16x1.o(i.Display96x16x1StringDrawLen) refers to display96x16x1.o(.constdata) for .constdata
    io.o(i.LEDsInit) refers to io.o(i.LED_Off) for LED_Off
    io.o(i.PushButtonDebouncer) refers to io.o(.data) for .data
    io.o(i.PushButtonGetDebounced) refers to io.o(.data) for .data
    motor.o(i.MotorsInit) refers to gpio.o(i.GPIOPinConfigure) for GPIOPinConfigure
    motor_demo.o(i.SysTickHandler) refers to io.o(i.LED_Toggle) for LED_Toggle
    motor_demo.o(i.SysTickHandler) refers to io.o(i.PushButtonDebouncer) for PushButtonDebouncer
    motor_demo.o(i.SysTickHandler) refers to sensors.o(i.BumpSensorDebouncer) for BumpSensorDebouncer
    motor_demo.o(i.SysTickHandler) refers to motor_demo.o(.data) for .data
    motor_demo.o(i.main) refers to display96x16x1.o(i.Display96x16x1Init) for Display96x16x1Init
    motor_demo.o(i.main) refers to display96x16x1.o(i.Display96x16x1StringDraw) for Display96x16x1StringDraw
    motor_demo.o(i.main) refers to io.o(i.LEDsInit) for LEDsInit
    motor_demo.o(i.main) refers to io.o(i.LED_On) for LED_On
    motor_demo.o(i.main) refers to io.o(i.PushButtonsInit) for PushButtonsInit
    motor_demo.o(i.main) refers to sensors.o(i.BumpSensorsInit) for BumpSensorsInit
    motor_demo.o(i.main) refers to motor.o(i.MotorsInit) for MotorsInit
    motor_demo.o(i.main) refers to io.o(i.PushButtonGetDebounced) for PushButtonGetDebounced
    motor_demo.o(i.main) refers to sensors.o(i.BumpSensorGetDebounced) for BumpSensorGetDebounced
    motor_demo.o(i.main) refers to motor.o(i.MotorDir) for MotorDir
    motor_demo.o(i.main) refers to motor.o(i.MotorSpeed) for MotorSpeed
    motor_demo.o(i.main) refers to motor.o(i.MotorStop) for MotorStop
    motor_demo.o(i.main) refers to motor.o(i.MotorRun) for MotorRun
    sensors.o(i.BumpSensorDebouncer) refers to sensors.o(.data) for .data
    sensors.o(i.BumpSensorGetDebounced) refers to sensors.o(.data) for .data
    sensors.o(i.WheelSensorIntHandler) refers to sensors.o(.data) for .data
    sensors.o(i.WheelSensorsInit) refers to sensors.o(.data) for .data
    startup_rvmdk.o(RESET) refers to startup_rvmdk.o(STACK) for StackMem
    startup_rvmdk.o(RESET) refers to motor_demo.o(i.SysTickHandler) for SysTickHandler
    startup_rvmdk.o(RESET) refers to entry.o(.ARM.Collect$$$$00000000) for __main
    gpio.o(i.GPIOPinConfigure) refers to gpio.o(.constdata) for .constdata
    gpio.o(i.GPIOPinTypeADC) refers to gpio.o(i.GPIODirModeSet) for GPIODirModeSet
    gpio.o(i.GPIOPinTypeADC) refers to gpio.o(i.GPIOPadConfigSet) for GPIOPadConfigSet
    gpio.o(i.GPIOPinTypeCAN) refers to gpio.o(i.GPIODirModeSet) for GPIODirModeSet
    gpio.o(i.GPIOPinTypeCAN) refers to gpio.o(i.GPIOPadConfigSet) for GPIOPadConfigSet
    gpio.o(i.GPIOPinTypeComparator) refers to gpio.o(i.GPIODirModeSet) for GPIODirModeSet
    gpio.o(i.GPIOPinTypeComparator) refers to gpio.o(i.GPIOPadConfigSet) for GPIOPadConfigSet
    gpio.o(i.GPIOPinTypeEPI) refers to gpio.o(i.GPIODirModeSet) for GPIODirModeSet
    gpio.o(i.GPIOPinTypeEPI) refers to gpio.o(i.GPIOPadConfigSet) for GPIOPadConfigSet
    gpio.o(i.GPIOPinTypeEthernetLED) refers to gpio.o(i.GPIODirModeSet) for GPIODirModeSet
    gpio.o(i.GPIOPinTypeEthernetLED) refers to gpio.o(i.GPIOPadConfigSet) for GPIOPadConfigSet
    gpio.o(i.GPIOPinTypeEthernetMII) refers to gpio.o(i.GPIODirModeSet) for GPIODirModeSet
    gpio.o(i.GPIOPinTypeEthernetMII) refers to gpio.o(i.GPIOPadConfigSet) for GPIOPadConfigSet
    gpio.o(i.GPIOPinTypeFan) refers to gpio.o(i.GPIODirModeSet) for GPIODirModeSet
    gpio.o(i.GPIOPinTypeFan) refers to gpio.o(i.GPIOPadConfigSet) for GPIOPadConfigSet
    gpio.o(i.GPIOPinTypeGPIOInput) refers to gpio.o(i.GPIODirModeSet) for GPIODirModeSet
    gpio.o(i.GPIOPinTypeGPIOInput) refers to gpio.o(i.GPIOPadConfigSet) for GPIOPadConfigSet
    gpio.o(i.GPIOPinTypeGPIOOutput) refers to gpio.o(i.GPIOPadConfigSet) for GPIOPadConfigSet
    gpio.o(i.GPIOPinTypeGPIOOutput) refers to gpio.o(i.GPIODirModeSet) for GPIODirModeSet
    gpio.o(i.GPIOPinTypeGPIOOutputOD) refers to gpio.o(i.GPIOPadConfigSet) for GPIOPadConfigSet
    gpio.o(i.GPIOPinTypeGPIOOutputOD) refers to gpio.o(i.GPIODirModeSet) for GPIODirModeSet
    gpio.o(i.GPIOPinTypeI2C) refers to gpio.o(i.GPIODirModeSet) for GPIODirModeSet
    gpio.o(i.GPIOPinTypeI2C) refers to gpio.o(i.GPIOPadConfigSet) for GPIOPadConfigSet
    gpio.o(i.GPIOPinTypeI2CSCL) refers to gpio.o(i.GPIODirModeSet) for GPIODirModeSet
    gpio.o(i.GPIOPinTypeI2CSCL) refers to gpio.o(i.GPIOPadConfigSet) for GPIOPadConfigSet
    gpio.o(i.GPIOPinTypeI2S) refers to gpio.o(i.GPIODirModeSet) for GPIODirModeSet
    gpio.o(i.GPIOPinTypeI2S) refers to gpio.o(i.GPIOPadConfigSet) for GPIOPadConfigSet
    gpio.o(i.GPIOPinTypeLPC) refers to gpio.o(i.GPIODirModeSet) for GPIODirModeSet
    gpio.o(i.GPIOPinTypeLPC) refers to gpio.o(i.GPIOPadConfigSet) for GPIOPadConfigSet
    gpio.o(i.GPIOPinTypePECIRx) refers to gpio.o(i.GPIODirModeSet) for GPIODirModeSet
    gpio.o(i.GPIOPinTypePECIRx) refers to gpio.o(i.GPIOPadConfigSet) for GPIOPadConfigSet
    gpio.o(i.GPIOPinTypePECITx) refers to gpio.o(i.GPIODirModeSet) for GPIODirModeSet
    gpio.o(i.GPIOPinTypePECITx) refers to gpio.o(i.GPIOPadConfigSet) for GPIOPadConfigSet
    gpio.o(i.GPIOPinTypePWM) refers to gpio.o(i.GPIODirModeSet) for GPIODirModeSet
    gpio.o(i.GPIOPinTypePWM) refers to gpio.o(i.GPIOPadConfigSet) for GPIOPadConfigSet
    gpio.o(i.GPIOPinTypeQEI) refers to gpio.o(i.GPIODirModeSet) for GPIODirModeSet
    gpio.o(i.GPIOPinTypeQEI) refers to gpio.o(i.GPIOPadConfigSet) for GPIOPadConfigSet
    gpio.o(i.GPIOPinTypeSSI) refers to gpio.o(i.GPIODirModeSet) for GPIODirModeSet
    gpio.o(i.GPIOPinTypeSSI) refers to gpio.o(i.GPIOPadConfigSet) for GPIOPadConfigSet
    gpio.o(i.GPIOPinTypeTimer) refers to gpio.o(i.GPIODirModeSet) for GPIODirModeSet
    gpio.o(i.GPIOPinTypeTimer) refers to gpio.o(i.GPIOPadConfigSet) for GPIOPadConfigSet
    gpio.o(i.GPIOPinTypeUART) refers to gpio.o(i.GPIODirModeSet) for GPIODirModeSet
    gpio.o(i.GPIOPinTypeUART) refers to gpio.o(i.GPIOPadConfigSet) for GPIOPadConfigSet
    gpio.o(i.GPIOPinTypeUSBAnalog) refers to gpio.o(i.GPIODirModeSet) for GPIODirModeSet
    gpio.o(i.GPIOPinTypeUSBAnalog) refers to gpio.o(i.GPIOPadConfigSet) for GPIOPadConfigSet
    gpio.o(i.GPIOPinTypeUSBDigital) refers to gpio.o(i.GPIODirModeSet) for GPIODirModeSet
    gpio.o(i.GPIOPinTypeUSBDigital) refers to gpio.o(i.GPIOPadConfigSet) for GPIOPadConfigSet
    gpio.o(i.GPIOPortIntRegister) refers to gpio.o(i.GPIOGetIntNumber) for GPIOGetIntNumber
    gpio.o(i.GPIOPortIntRegister) refers to interrupt.o(i.IntRegister) for IntRegister
    gpio.o(i.GPIOPortIntRegister) refers to interrupt.o(i.IntEnable) for IntEnable
    gpio.o(i.GPIOPortIntUnregister) refers to gpio.o(i.GPIOGetIntNumber) for GPIOGetIntNumber
    gpio.o(i.GPIOPortIntUnregister) refers to interrupt.o(i.IntDisable) for IntDisable
    gpio.o(i.GPIOPortIntUnregister) refers to interrupt.o(i.IntUnregister) for IntUnregister
    sysctl.o(i.SysCtlClockGet) refers to sysctl.o(.constdata) for .constdata
    sysctl.o(i.SysCtlClockSet) refers to sysctl.o(.emb_text) for SysCtlDelay
    sysctl.o(i.SysCtlDeepSleep) refers to cpu.o(.emb_text) for CPUwfi
    sysctl.o(i.SysCtlI2SMClkSet) refers to sysctl.o(.constdata) for .constdata
    sysctl.o(i.SysCtlIntRegister) refers to interrupt.o(i.IntRegister) for IntRegister
    sysctl.o(i.SysCtlIntRegister) refers to interrupt.o(i.IntEnable) for IntEnable
    sysctl.o(i.SysCtlIntUnregister) refers to interrupt.o(i.IntDisable) for IntDisable
    sysctl.o(i.SysCtlIntUnregister) refers to interrupt.o(i.IntUnregister) for IntUnregister
    sysctl.o(i.SysCtlPeripheralDeepSleepDisable) refers to sysctl.o(.constdata) for .constdata
    sysctl.o(i.SysCtlPeripheralDeepSleepEnable) refers to sysctl.o(.constdata) for .constdata
    sysctl.o(i.SysCtlPeripheralDisable) refers to sysctl.o(.constdata) for .constdata
    sysctl.o(i.SysCtlPeripheralEnable) refers to sysctl.o(.constdata) for .constdata
    sysctl.o(i.SysCtlPeripheralPowerOff) refers to sysctl.o(.constdata) for .constdata
    sysctl.o(i.SysCtlPeripheralPowerOn) refers to sysctl.o(.constdata) for .constdata
    sysctl.o(i.SysCtlPeripheralPresent) refers to sysctl.o(.constdata) for .constdata
    sysctl.o(i.SysCtlPeripheralReady) refers to sysctl.o(.constdata) for .constdata
    sysctl.o(i.SysCtlPeripheralReset) refers to sysctl.o(.constdata) for .constdata
    sysctl.o(i.SysCtlPeripheralSleepDisable) refers to sysctl.o(.constdata) for .constdata
    sysctl.o(i.SysCtlPeripheralSleepEnable) refers to sysctl.o(.constdata) for .constdata
    sysctl.o(i.SysCtlSleep) refers to cpu.o(.emb_text) for CPUwfi
    interrupt.o(i.IntDisable) refers to interrupt.o(.constdata) for .constdata
    interrupt.o(i.IntEnable) refers to interrupt.o(.constdata) for .constdata
    interrupt.o(i.IntIsEnabled) refers to interrupt.o(.constdata) for .constdata
    interrupt.o(i.IntMasterDisable) refers to cpu.o(.emb_text) for CPUcpsid
    interrupt.o(i.IntMasterEnable) refers to cpu.o(.emb_text) for CPUcpsie
    interrupt.o(i.IntPendClear) refers to interrupt.o(.constdata) for .constdata
    interrupt.o(i.IntPendSet) refers to interrupt.o(.constdata) for .constdata
    interrupt.o(i.IntPriorityGet) refers to interrupt.o(.constdata) for .constdata
    interrupt.o(i.IntPriorityGroupingGet) refers to interrupt.o(.constdata) for .constdata
    interrupt.o(i.IntPriorityGroupingSet) refers to interrupt.o(.constdata) for .constdata
    interrupt.o(i.IntPriorityMaskGet) refers to cpu.o(.emb_text) for CPUbasepriGet
    interrupt.o(i.IntPriorityMaskSet) refers to cpu.o(.emb_text) for CPUbasepriSet
    interrupt.o(i.IntPrioritySet) refers to interrupt.o(.constdata) for .constdata
    interrupt.o(i.IntRegister) refers to interrupt.o(vtable) for vtable
    interrupt.o(i.IntUnregister) refers to interrupt.o(i.IntDefaultHandler) for IntDefaultHandler
    interrupt.o(i.IntUnregister) refers to interrupt.o(vtable) for vtable
    entry.o(.ARM.Collect$$$$00000000) refers (Special) to entry7b.o(.ARM.Collect$$$$00000008) for _main_clock
    entry.o(.ARM.Collect$$$$00000000) refers (Special) to entry8.o(.ARM.Collect$$$$00000009) for _main_init
    entry.o(.ARM.Collect$$$$00000000) refers (Special) to entry5.o(.ARM.Collect$$$$00000004) for _main_scatterload
    entry.o(.ARM.Collect$$$$00000000) refers (Special) to entry2.o(.ARM.Collect$$$$00000001) for _main_stk
    entry2.o(.ARM.Collect$$$$00000001) refers to entry2.o(.ARM.Collect$$$$00002712) for __lit__00000000
    entry2.o(.ARM.Collect$$$$00002712) refers to startup_rvmdk.o(STACK) for __initial_sp
    entry2.o(__vectab_stack_and_reset_area) refers to startup_rvmdk.o(STACK) for __initial_sp
    entry2.o(__vectab_stack_and_reset_area) refers to entry.o(.ARM.Collect$$$$00000000) for __main
    entry5.o(.ARM.Collect$$$$00000004) refers to init.o(.text) for __scatterload
    entry8.o(.ARM.Collect$$$$00000009) refers to motor_demo.o(i.main) for main
    init.o(.text) refers to entry5.o(.ARM.Collect$$$$00000004) for __main_after_scatterload


==============================================================================

Removing Unused input sections from the image.

    Removing display96x16x1.o(i.Display96x16x1DisplayOff), (42 bytes).
    Removing display96x16x1.o(i.Display96x16x1ImageDraw), (104 bytes).
    Removing display96x16x1.o(i.Display96x16x1StringDrawCentered), (64 bytes).
    Removing io.o(i.PushButtonGetStatus), (48 bytes).
    Removing sensors.o(i.BumpSensorGetStatus), (52 bytes).
    Removing sensors.o(i.WheelSensorDisable), (20 bytes).
    Removing sensors.o(i.WheelSensorEnable), (20 bytes).
    Removing sensors.o(i.WheelSensorIntDisable), (28 bytes).
    Removing sensors.o(i.WheelSensorIntEnable), (52 bytes).
    Removing sensors.o(i.WheelSensorIntHandler), (140 bytes).
    Removing sensors.o(i.WheelSensorsInit), (172 bytes).
    Removing startup_rvmdk.o(HEAP), (0 bytes).
    Removing startup_rvmdk.o(.text), (0 bytes).
    Removing gpio.o(i.GPIOADCTriggerDisable), (14 bytes).
    Removing gpio.o(i.GPIOADCTriggerEnable), (14 bytes).
    Removing gpio.o(i.GPIODMATriggerDisable), (14 bytes).
    Removing gpio.o(i.GPIODMATriggerEnable), (14 bytes).
    Removing gpio.o(i.GPIODirModeGet), (34 bytes).
    Removing gpio.o(i.GPIODirModeSet), (40 bytes).
    Removing gpio.o(i.GPIOGetIntNumber), (216 bytes).
    Removing gpio.o(i.GPIOIntTypeGet), (48 bytes).
    Removing gpio.o(i.GPIOIntTypeSet), (58 bytes).
    Removing gpio.o(i.GPIOPadConfigGet), (140 bytes).
    Removing gpio.o(i.GPIOPadConfigSet), (176 bytes).
    Removing gpio.o(i.GPIOPinIntClear), (6 bytes).
    Removing gpio.o(i.GPIOPinIntDisable), (14 bytes).
    Removing gpio.o(i.GPIOPinIntEnable), (14 bytes).
    Removing gpio.o(i.GPIOPinIntStatus), (14 bytes).
    Removing gpio.o(i.GPIOPinRead), (6 bytes).
    Removing gpio.o(i.GPIOPinTypeADC), (28 bytes).
    Removing gpio.o(i.GPIOPinTypeCAN), (28 bytes).
    Removing gpio.o(i.GPIOPinTypeComparator), (28 bytes).
    Removing gpio.o(i.GPIOPinTypeEPI), (28 bytes).
    Removing gpio.o(i.GPIOPinTypeEthernetLED), (28 bytes).
    Removing gpio.o(i.GPIOPinTypeEthernetMII), (28 bytes).
    Removing gpio.o(i.GPIOPinTypeFan), (28 bytes).
    Removing gpio.o(i.GPIOPinTypeGPIOInput), (28 bytes).
    Removing gpio.o(i.GPIOPinTypeGPIOOutput), (28 bytes).
    Removing gpio.o(i.GPIOPinTypeGPIOOutputOD), (28 bytes).
    Removing gpio.o(i.GPIOPinTypeI2C), (28 bytes).
    Removing gpio.o(i.GPIOPinTypeI2CSCL), (72 bytes).
    Removing gpio.o(i.GPIOPinTypeI2S), (28 bytes).
    Removing gpio.o(i.GPIOPinTypeLPC), (28 bytes).
    Removing gpio.o(i.GPIOPinTypePECIRx), (28 bytes).
    Removing gpio.o(i.GPIOPinTypePECITx), (28 bytes).
    Removing gpio.o(i.GPIOPinTypePWM), (28 bytes).
    Removing gpio.o(i.GPIOPinTypeQEI), (28 bytes).
    Removing gpio.o(i.GPIOPinTypeSSI), (28 bytes).
    Removing gpio.o(i.GPIOPinTypeTimer), (28 bytes).
    Removing gpio.o(i.GPIOPinTypeUART), (28 bytes).
    Removing gpio.o(i.GPIOPinTypeUSBAnalog), (28 bytes).
    Removing gpio.o(i.GPIOPinTypeUSBDigital), (28 bytes).
    Removing gpio.o(i.GPIOPinWrite), (6 bytes).
    Removing gpio.o(i.GPIOPortIntRegister), (26 bytes).
    Removing gpio.o(i.GPIOPortIntUnregister), (22 bytes).
    Removing sysctl.o(i.SysCtlADCSpeedGet), (16 bytes).
    Removing sysctl.o(i.SysCtlADCSpeedSet), (32 bytes).
    Removing sysctl.o(i.SysCtlBrownOutConfigSet), (16 bytes).
    Removing sysctl.o(i.SysCtlClkVerificationClear), (20 bytes).
    Removing sysctl.o(i.SysCtlClockGet), (560 bytes).
    Removing sysctl.o(i.SysCtlClockSet), (332 bytes).
    Removing sysctl.o(i.SysCtlDeepSleep), (32 bytes).
    Removing sysctl.o(i.SysCtlDeepSleepClockSet), (12 bytes).
    Removing sysctl.o(i.SysCtlFlashSizeGet), (20 bytes).
    Removing sysctl.o(i.SysCtlGPIOAHBDisable), (20 bytes).
    Removing sysctl.o(i.SysCtlGPIOAHBEnable), (16 bytes).
    Removing sysctl.o(i.SysCtlI2SMClkSet), (216 bytes).
    Removing sysctl.o(i.SysCtlIOSCVerificationSet), (24 bytes).
    Removing sysctl.o(i.SysCtlIntClear), (12 bytes).
    Removing sysctl.o(i.SysCtlIntDisable), (16 bytes).
    Removing sysctl.o(i.SysCtlIntEnable), (16 bytes).
    Removing sysctl.o(i.SysCtlIntRegister), (20 bytes).
    Removing sysctl.o(i.SysCtlIntStatus), (16 bytes).
    Removing sysctl.o(i.SysCtlIntUnregister), (18 bytes).
    Removing sysctl.o(i.SysCtlLDOConfigSet), (12 bytes).
    Removing sysctl.o(i.SysCtlLDOGet), (12 bytes).
    Removing sysctl.o(i.SysCtlLDOSet), (12 bytes).
    Removing sysctl.o(i.SysCtlMOSCConfigSet), (12 bytes).
    Removing sysctl.o(i.SysCtlMOSCVerificationSet), (24 bytes).
    Removing sysctl.o(i.SysCtlPIOSCCalibrate), (76 bytes).
    Removing sysctl.o(i.SysCtlPLLVerificationSet), (24 bytes).
    Removing sysctl.o(i.SysCtlPWMClockGet), (24 bytes).
    Removing sysctl.o(i.SysCtlPWMClockSet), (20 bytes).
    Removing sysctl.o(i.SysCtlPeripheralClockGating), (24 bytes).
    Removing sysctl.o(i.SysCtlPeripheralDeepSleepDisable), (80 bytes).
    Removing sysctl.o(i.SysCtlPeripheralDeepSleepEnable), (80 bytes).
    Removing sysctl.o(i.SysCtlPeripheralDisable), (80 bytes).
    Removing sysctl.o(i.SysCtlPeripheralEnable), (80 bytes).
    Removing sysctl.o(i.SysCtlPeripheralPowerOff), (72 bytes).
    Removing sysctl.o(i.SysCtlPeripheralPowerOn), (72 bytes).
    Removing sysctl.o(i.SysCtlPeripheralPresent), (112 bytes).
    Removing sysctl.o(i.SysCtlPeripheralReady), (72 bytes).
    Removing sysctl.o(i.SysCtlPeripheralReset), (120 bytes).
    Removing sysctl.o(i.SysCtlPeripheralSleepDisable), (80 bytes).
    Removing sysctl.o(i.SysCtlPeripheralSleepEnable), (80 bytes).
    Removing sysctl.o(i.SysCtlPinPresent), (16 bytes).
    Removing sysctl.o(i.SysCtlReset), (16 bytes).
    Removing sysctl.o(i.SysCtlResetCauseClear), (16 bytes).
    Removing sysctl.o(i.SysCtlResetCauseGet), (12 bytes).
    Removing sysctl.o(i.SysCtlSRAMSizeGet), (20 bytes).
    Removing sysctl.o(i.SysCtlSleep), (4 bytes).
    Removing sysctl.o(i.SysCtlUSBPLLDisable), (16 bytes).
    Removing sysctl.o(i.SysCtlUSBPLLEnable), (16 bytes).
    Removing sysctl.o(.constdata), (460 bytes).
    Removing cpu.o(.emb_text), (38 bytes).
    Removing interrupt.o(i.IntDefaultHandler), (2 bytes).
    Removing interrupt.o(i.IntDisable), (100 bytes).
    Removing interrupt.o(i.IntEnable), (100 bytes).
    Removing interrupt.o(i.IntIsEnabled), (96 bytes).
    Removing interrupt.o(i.IntMasterDisable), (10 bytes).
    Removing interrupt.o(i.IntMasterEnable), (10 bytes).
    Removing interrupt.o(i.IntPendClear), (68 bytes).
    Removing interrupt.o(i.IntPendSet), (84 bytes).
    Removing interrupt.o(i.IntPriorityGet), (28 bytes).
    Removing interrupt.o(i.IntPriorityGroupingGet), (40 bytes).
    Removing interrupt.o(i.IntPriorityGroupingSet), (28 bytes).
    Removing interrupt.o(i.IntPriorityMaskGet), (4 bytes).
    Removing interrupt.o(i.IntPriorityMaskSet), (4 bytes).
    Removing interrupt.o(i.IntPrioritySet), (40 bytes).
    Removing interrupt.o(i.IntRegister), (52 bytes).
    Removing interrupt.o(i.IntUnregister), (20 bytes).
    Removing interrupt.o(.constdata), (268 bytes).
    Removing interrupt.o(vtable), (620 bytes).

123 unused section(s) (total 7076 bytes) removed from the image.

==============================================================================

Image Symbol Table

    Local Symbols

    Symbol Name                              Value     Ov Type        Size  Object(Section)

    RESET                                    0x00000000   Section      296  startup_rvmdk.o(RESET)
    ../../microlib/init/entry.s              0x00000000   Number         0  entry7a.o ABSOLUTE
    ../../microlib/init/entry.s              0x00000000   Number         0  entry2.o ABSOLUTE
    ../../microlib/init/entry.s              0x00000000   Number         0  entry8.o ABSOLUTE
    ../../microlib/init/entry.s              0x00000000   Number         0  entry5.o ABSOLUTE
    ../../microlib/init/entry.s              0x00000000   Number         0  entry7b.o ABSOLUTE
    ../../microlib/init/entry.s              0x00000000   Number         0  entry.o ABSOLUTE
    ../../microlib/string/strlen.c           0x00000000   Number         0  strlen.o ABSOLUTE
    ..\drivers\display96x16x1.c              0x00000000   Number         0  display96x16x1.o ABSOLUTE
    ..\drivers\io.c                          0x00000000   Number         0  io.o ABSOLUTE
    ..\drivers\motor.c                       0x00000000   Number         0  motor.o ABSOLUTE
    ..\drivers\sensors.c                     0x00000000   Number         0  sensors.o ABSOLUTE
    cpu.c                                    0x00000000   Number         0  cpu.o ABSOLUTE
    cpu.c                                    0x00000000   Number         0  cpu.o ABSOLUTE
    dc.s                                     0x00000000   Number         0  dc.o ABSOLUTE
    gpio.c                                   0x00000000   Number         0  gpio.o ABSOLUTE
    handlers.s                               0x00000000   Number         0  handlers.o ABSOLUTE
    init.s                                   0x00000000   Number         0  init.o ABSOLUTE
    interrupt.c                              0x00000000   Number         0  interrupt.o ABSOLUTE
    motor_demo.c                             0x00000000   Number         0  motor_demo.o ABSOLUTE
    startup_rvmdk.S                          0x00000000   Number         0  startup_rvmdk.o ABSOLUTE
    sysctl.c                                 0x00000000   Number         0  sysctl.o ABSOLUTE
    sysctl.c                                 0x00000000   Number         0  sysctl.o ABSOLUTE
    NmiSR                                    0x00000121   Thumb Code     0  startup_rvmdk.o(RESET)
    FaultISR                                 0x00000123   Thumb Code     0  startup_rvmdk.o(RESET)
    IntDefaultHandler                        0x00000125   Thumb Code     0  startup_rvmdk.o(RESET)
    .ARM.Collect$$$$00000000                 0x00000128   Section        0  entry.o(.ARM.Collect$$$$00000000)
    .ARM.Collect$$$$00000001                 0x00000128   Section        4  entry2.o(.ARM.Collect$$$$00000001)
    .ARM.Collect$$$$00000004                 0x0000012c   Section        4  entry5.o(.ARM.Collect$$$$00000004)
    .ARM.Collect$$$$00000008                 0x00000130   Section        0  entry7b.o(.ARM.Collect$$$$00000008)
    .ARM.Collect$$$$00000009                 0x00000130   Section        8  entry8.o(.ARM.Collect$$$$00000009)
    .ARM.Collect$$$$00002712                 0x00000138   Section        4  entry2.o(.ARM.Collect$$$$00002712)
    __lit__00000000                          0x00000138   Data           4  entry2.o(.ARM.Collect$$$$00002712)
    .emb_text                                0x0000013c   Section        6  sysctl.o(.emb_text)
    .text                                    0x00000144   Section       36  init.o(.text)
    i.BumpSensorDebouncer                    0x00000168   Section        0  sensors.o(i.BumpSensorDebouncer)
    i.BumpSensorGetDebounced                 0x000001a8   Section        0  sensors.o(i.BumpSensorGetDebounced)
    i.BumpSensorsInit                        0x000001c8   Section        0  sensors.o(i.BumpSensorsInit)
    i.Display96x16x1Clear                    0x00000200   Section        0  display96x16x1.o(i.Display96x16x1Clear)
    i.Display96x16x1ClearLine                0x00000214   Section        0  display96x16x1.o(i.Display96x16x1ClearLine)
    i.Display96x16x1DisplayOn                0x0000024c   Section        0  display96x16x1.o(i.Display96x16x1DisplayOn)
    i.Display96x16x1Init                     0x0000027c   Section        0  display96x16x1.o(i.Display96x16x1Init)
    i.Display96x16x1StringDraw               0x00000388   Section        0  display96x16x1.o(i.Display96x16x1StringDraw)
    i.Display96x16x1StringDrawLen            0x00000394   Section        0  display96x16x1.o(i.Display96x16x1StringDrawLen)
    i.Display96x16x1WriteArray               0x00000444   Section        0  display96x16x1.o(i.Display96x16x1WriteArray)
    Display96x16x1WriteArray                 0x00000445   Thumb Code    70  display96x16x1.o(i.Display96x16x1WriteArray)
    i.Display96x16x1WriteByte                0x00000490   Section        0  display96x16x1.o(i.Display96x16x1WriteByte)
    Display96x16x1WriteByte                  0x00000491   Thumb Code    56  display96x16x1.o(i.Display96x16x1WriteByte)
    i.Display96x16x1WriteFinal               0x000004cc   Section        0  display96x16x1.o(i.Display96x16x1WriteFinal)
    Display96x16x1WriteFinal                 0x000004cd   Thumb Code    78  display96x16x1.o(i.Display96x16x1WriteFinal)
    i.Display96x16x1WriteFirst               0x00000520   Section        0  display96x16x1.o(i.Display96x16x1WriteFirst)
    Display96x16x1WriteFirst                 0x00000521   Thumb Code    46  display96x16x1.o(i.Display96x16x1WriteFirst)
    i.GPIOPinConfigure                       0x00000554   Section        0  gpio.o(i.GPIOPinConfigure)
    i.LED_Off                                0x0000059c   Section        0  io.o(i.LED_Off)
    i.LED_On                                 0x000005dc   Section        0  io.o(i.LED_On)
    i.LED_Toggle                             0x0000061c   Section        0  io.o(i.LED_Toggle)
    i.LEDsInit                               0x0000067c   Section        0  io.o(i.LEDsInit)
    i.MotorDir                               0x000006a8   Section        0  motor.o(i.MotorDir)
    i.MotorRun                               0x000006d0   Section        0  motor.o(i.MotorRun)
    i.MotorSpeed                             0x000006ec   Section        0  motor.o(i.MotorSpeed)
    i.MotorStop                              0x00000748   Section        0  motor.o(i.MotorStop)
    i.MotorsInit                             0x00000778   Section        0  motor.o(i.MotorsInit)
    i.PushButtonDebouncer                    0x000008bc   Section        0  io.o(i.PushButtonDebouncer)
    i.PushButtonGetDebounced                 0x000008fc   Section        0  io.o(i.PushButtonGetDebounced)
    i.PushButtonsInit                        0x00000918   Section        0  io.o(i.PushButtonsInit)
    i.SysTickHandler                         0x00000950   Section        0  motor_demo.o(i.SysTickHandler)
    i.__scatterload_copy                     0x00000980   Section       14  handlers.o(i.__scatterload_copy)
    i.__scatterload_null                     0x0000098e   Section        2  handlers.o(i.__scatterload_null)
    i.__scatterload_zeroinit                 0x00000990   Section       14  handlers.o(i.__scatterload_zeroinit)
    i.main                                   0x000009a0   Section        0  motor_demo.o(i.main)
    .constdata                               0x00000ae8   Section      534  display96x16x1.o(.constdata)
    g_pucRITRow1                             0x00000ae8   Data           6  display96x16x1.o(.constdata)
    g_pucRITRow2                             0x00000aee   Data           6  display96x16x1.o(.constdata)
    g_pucFont                                0x00000af4   Data         475  display96x16x1.o(.constdata)
    g_pucRITInit                             0x00000ccf   Data          47  display96x16x1.o(.constdata)
    .constdata                               0x00000d00   Section      120  gpio.o(.constdata)
    g_pulGPIOBaseAddrs                       0x00000d00   Data         120  gpio.o(.constdata)
    .data                                    0x20000000   Section        3  io.o(.data)
    g_ucDebouncedButtons                     0x20000000   Data           1  io.o(.data)
    ucButtonsClockA                          0x20000001   Data           1  io.o(.data)
    ucButtonsClockB                          0x20000002   Data           1  io.o(.data)
    .data                                    0x20000004   Section        4  motor_demo.o(.data)
    g_ulTickCount                            0x20000004   Data           4  motor_demo.o(.data)
    .data                                    0x20000008   Section        8  sensors.o(.data)
    g_ucDebouncedBumpers                     0x20000008   Data           1  sensors.o(.data)
    ucBumperClockA                           0x20000009   Data           1  sensors.o(.data)
    ucBumperClockB                           0x2000000a   Data           1  sensors.o(.data)
    g_pfnWheelCallback                       0x2000000c   Data           4  sensors.o(.data)
    STACK                                    0x20000010   Section     1024  startup_rvmdk.o(STACK)
    StackMem                                 0x20000010   Data           0  startup_rvmdk.o(STACK)

    Global Symbols

    Symbol Name                              Value     Ov Type        Size  Object(Section)

    BuildAttributes$$THM_ISAv4$P$D$K$B$S$PE$A:L22UL41UL21$X:L11$S22US41US21$IEEE1$IW$USESV6$~STKCKD$USESV7$~SHL$OTIME$EBA8$MICROLIB$REQ8$PRES8$EABIv2 0x00000000   Number         0  anon$$obj.o ABSOLUTE
    __ARM_use_no_argv                        0x00000000   Number         0  motor_demo.o ABSOLUTE
    __Vectors                                0x00000000   Data           0  startup_rvmdk.o(RESET)
    __decompress                              - Undefined Weak Reference
    _clock_init                               - Undefined Weak Reference
    Reset_Handler                            0x0000011d   Thumb Code     0  startup_rvmdk.o(RESET)
    __main                                   0x00000129   Thumb Code     0  entry.o(.ARM.Collect$$$$00000000)
    _main_stk                                0x00000129   Thumb Code     0  entry2.o(.ARM.Collect$$$$00000001)
    _main_scatterload                        0x0000012d   Thumb Code     0  entry5.o(.ARM.Collect$$$$00000004)
    __main_after_scatterload                 0x00000131   Thumb Code     0  entry5.o(.ARM.Collect$$$$00000004)
    _main_clock                              0x00000131   Thumb Code     0  entry7b.o(.ARM.Collect$$$$00000008)
    _main_init                               0x00000131   Thumb Code     0  entry8.o(.ARM.Collect$$$$00000009)
    SysCtlDelay                              0x0000013d   Thumb Code     6  sysctl.o(.emb_text)
    __scatterload                            0x00000145   Thumb Code    28  init.o(.text)
    __scatterload_rt2                        0x00000145   Thumb Code     0  init.o(.text)
    BumpSensorDebouncer                      0x00000169   Thumb Code    54  sensors.o(i.BumpSensorDebouncer)
    BumpSensorGetDebounced                   0x000001a9   Thumb Code    26  sensors.o(i.BumpSensorGetDebounced)
    BumpSensorsInit                          0x000001c9   Thumb Code    46  sensors.o(i.BumpSensorsInit)
    Display96x16x1Clear                      0x00000201   Thumb Code    18  display96x16x1.o(i.Display96x16x1Clear)
    Display96x16x1ClearLine                  0x00000215   Thumb Code    50  display96x16x1.o(i.Display96x16x1ClearLine)
    Display96x16x1DisplayOn                  0x0000024d   Thumb Code    44  display96x16x1.o(i.Display96x16x1DisplayOn)
    Display96x16x1Init                       0x0000027d   Thumb Code   232  display96x16x1.o(i.Display96x16x1Init)
    Display96x16x1StringDraw                 0x00000389   Thumb Code    10  display96x16x1.o(i.Display96x16x1StringDraw)
    Display96x16x1StringDrawLen              0x00000395   Thumb Code   172  display96x16x1.o(i.Display96x16x1StringDrawLen)
    GPIOPinConfigure                         0x00000555   Thumb Code    64  gpio.o(i.GPIOPinConfigure)
    LED_Off                                  0x0000059d   Thumb Code    58  io.o(i.LED_Off)
    LED_On                                   0x000005dd   Thumb Code    58  io.o(i.LED_On)
    LED_Toggle                               0x0000061d   Thumb Code    92  io.o(i.LED_Toggle)
    LEDsInit                                 0x0000067d   Thumb Code    34  io.o(i.LEDsInit)
    MotorDir                                 0x000006a9   Thumb Code    30  motor.o(i.MotorDir)
    MotorRun                                 0x000006d1   Thumb Code    20  motor.o(i.MotorRun)
    MotorSpeed                               0x000006ed   Thumb Code    88  motor.o(i.MotorSpeed)
    MotorStop                                0x00000749   Thumb Code    40  motor.o(i.MotorStop)
    MotorsInit                               0x00000779   Thumb Code   300  motor.o(i.MotorsInit)
    PushButtonDebouncer                      0x000008bd   Thumb Code    54  io.o(i.PushButtonDebouncer)
    PushButtonGetDebounced                   0x000008fd   Thumb Code    24  io.o(i.PushButtonGetDebounced)
    PushButtonsInit                          0x00000919   Thumb Code    46  io.o(i.PushButtonsInit)
    SysTickHandler                           0x00000951   Thumb Code    42  motor_demo.o(i.SysTickHandler)
    __scatterload_copy                       0x00000981   Thumb Code    14  handlers.o(i.__scatterload_copy)
    __scatterload_null                       0x0000098f   Thumb Code     2  handlers.o(i.__scatterload_null)
    __scatterload_zeroinit                   0x00000991   Thumb Code    14  handlers.o(i.__scatterload_zeroinit)
    main                                     0x000009a1   Thumb Code   294  motor_demo.o(i.main)
    Region$$Table$$Base                      0x00000d78   Number         0  anon$$obj.o(Region$$Table)
    Region$$Table$$Limit                     0x00000d98   Number         0  anon$$obj.o(Region$$Table)
    __initial_sp                             0x20000410   Data           0  startup_rvmdk.o(STACK)



==============================================================================

Memory Map of the image

  Image Entry point : 0x0000011d

  Load Region LR_IROM (Base: 0x00000000, Size: 0x00000da8, Max: 0x00040000, ABSOLUTE)

    Execution Region ER_IROM (Base: 0x00000000, Size: 0x00000d98, Max: 0x00040000, ABSOLUTE)

    Base Addr    Size         Type   Attr      Idx    E Section Name        Object

    0x00000000   0x00000128   Code   RO          348  * RESET               startup_rvmdk.o
    0x00000128   0x00000000   Code   RO         1071  * .ARM.Collect$$$$00000000  mc_w.l(entry.o)
    0x00000128   0x00000004   Code   RO         1076    .ARM.Collect$$$$00000001  mc_w.l(entry2.o)
    0x0000012c   0x00000004   Code   RO         1079    .ARM.Collect$$$$00000004  mc_w.l(entry5.o)
    0x00000130   0x00000000   Code   RO         1081    .ARM.Collect$$$$00000008  mc_w.l(entry7b.o)
    0x00000130   0x00000008   Code   RO         1082    .ARM.Collect$$$$00000009  mc_w.l(entry8.o)
    0x00000138   0x00000004   Code   RO         1077    .ARM.Collect$$$$00002712  mc_w.l(entry2.o)
    0x0000013c   0x00000006   Code   RO          645    .emb_text           driverlib-cm3.lib(sysctl.o)
    0x00000142   0x00000002   PAD
    0x00000144   0x00000024   Code   RO         1083    .text               mc_w.l(init.o)
    0x00000168   0x00000040   Code   RO          266    i.BumpSensorDebouncer  sensors.o
    0x000001a8   0x00000020   Code   RO          267    i.BumpSensorGetDebounced  sensors.o
    0x000001c8   0x00000038   Code   RO          269    i.BumpSensorsInit   sensors.o
    0x00000200   0x00000012   Code   RO            1    i.Display96x16x1Clear  display96x16x1.o
    0x00000212   0x00000002   PAD
    0x00000214   0x00000038   Code   RO            2    i.Display96x16x1ClearLine  display96x16x1.o
    0x0000024c   0x00000030   Code   RO            4    i.Display96x16x1DisplayOn  display96x16x1.o
    0x0000027c   0x0000010c   Code   RO            6    i.Display96x16x1Init  display96x16x1.o
    0x00000388   0x0000000a   Code   RO            7    i.Display96x16x1StringDraw  display96x16x1.o
    0x00000392   0x00000002   PAD
    0x00000394   0x000000b0   Code   RO            9    i.Display96x16x1StringDrawLen  display96x16x1.o
    0x00000444   0x0000004c   Code   RO           10    i.Display96x16x1WriteArray  display96x16x1.o
    0x00000490   0x0000003c   Code   RO           11    i.Display96x16x1WriteByte  display96x16x1.o
    0x000004cc   0x00000054   Code   RO           12    i.Display96x16x1WriteFinal  display96x16x1.o
    0x00000520   0x00000034   Code   RO           13    i.Display96x16x1WriteFirst  display96x16x1.o
    0x00000554   0x00000048   Code   RO          364    i.GPIOPinConfigure  driverlib-cm3.lib(gpio.o)
    0x0000059c   0x00000040   Code   RO          121    i.LED_Off           io.o
    0x000005dc   0x00000040   Code   RO          122    i.LED_On            io.o
    0x0000061c   0x00000060   Code   RO          123    i.LED_Toggle        io.o
    0x0000067c   0x0000002c   Code   RO          124    i.LEDsInit          io.o
    0x000006a8   0x00000028   Code   RO          183    i.MotorDir          motor.o
    0x000006d0   0x0000001c   Code   RO          184    i.MotorRun          motor.o
    0x000006ec   0x0000005c   Code   RO          185    i.MotorSpeed        motor.o
    0x00000748   0x00000030   Code   RO          186    i.MotorStop         motor.o
    0x00000778   0x00000144   Code   RO          187    i.MotorsInit        motor.o
    0x000008bc   0x00000040   Code   RO          125    i.PushButtonDebouncer  io.o
    0x000008fc   0x0000001c   Code   RO          126    i.PushButtonGetDebounced  io.o
    0x00000918   0x00000038   Code   RO          128    i.PushButtonsInit   io.o
    0x00000950   0x00000030   Code   RO          225    i.SysTickHandler    motor_demo.o
    0x00000980   0x0000000e   Code   RO         1087    i.__scatterload_copy  mc_w.l(handlers.o)
    0x0000098e   0x00000002   Code   RO         1088    i.__scatterload_null  mc_w.l(handlers.o)
    0x00000990   0x0000000e   Code   RO         1089    i.__scatterload_zeroinit  mc_w.l(handlers.o)
    0x0000099e   0x00000002   PAD
    0x000009a0   0x00000148   Code   RO          226    i.main              motor_demo.o
    0x00000ae8   0x00000216   Data   RO           14    .constdata          display96x16x1.o
    0x00000cfe   0x00000002   PAD
    0x00000d00   0x00000078   Data   RO          396    .constdata          driverlib-cm3.lib(gpio.o)
    0x00000d78   0x00000020   Data   RO         1085    Region$$Table       anon$$obj.o


    Execution Region RW_IRAM (Base: 0x20000000, Size: 0x00000410, Max: 0x00018000, ABSOLUTE)

    Base Addr    Size         Type   Attr      Idx    E Section Name        Object

    0x20000000   0x00000003   Data   RW          129    .data               io.o
    0x20000003   0x00000001   PAD
    0x20000004   0x00000004   Data   RW          227    .data               motor_demo.o
    0x20000008   0x00000008   Data   RW          276    .data               sensors.o
    0x20000010   0x00000400   Zero   RW          346    STACK               startup_rvmdk.o


==============================================================================

Image component sizes


      Code (inc. data)   RO Data    RW Data    ZI Data      Debug   Object Name

       848         72        534          0          0      11120   display96x16x1.o
       416         50          0          3          0       6976   io.o
       532         54          0          0          0       2884   motor.o
       376         40          0          4          0       2044   motor_demo.o
       152         26          0          8          0       2953   sensors.o
       296        286          0          0       1024        228   startup_rvmdk.o

    ----------------------------------------------------------------------
      2624        528        568         16       1024      26205   Object Totals
         0          0         32          0          0          0   (incl. Generated)
         4          0          2          1          0          0   (incl. Padding)

    ----------------------------------------------------------------------

      Code (inc. data)   RO Data    RW Data    ZI Data      Debug   Library Member Name

        72          8        120          0          0       1047   gpio.o
         6          0          0          0          0        244   sysctl.o
         0          0          0          0          0          0   entry.o
         8          4          0          0          0          0   entry2.o
         4          0          0          0          0          0   entry5.o
         0          0          0          0          0          0   entry7b.o
         8          4          0          0          0          0   entry8.o
        30          0          0          0          0          0   handlers.o
        36          8          0          0          0         68   init.o

    ----------------------------------------------------------------------
       168         24        120          0          0       1359   Library Totals
         4          0          0          0          0          0   (incl. Padding)

    ----------------------------------------------------------------------

      Code (inc. data)   RO Data    RW Data    ZI Data      Debug   Library Name

        78          8        120          0          0       1291   driverlib-cm3.lib
        86         16          0          0          0         68   mc_w.l

    ----------------------------------------------------------------------
       168         24        120          0          0       1359   Library Totals

    ----------------------------------------------------------------------

==============================================================================


      Code (inc. data)   RO Data    RW Data    ZI Data      Debug   

      2792        552        688         16       1024      26160   Grand Totals
      2792        552        688         16       1024      26160   ELF Image Totals
      2792        552        688         16          0          0   ROM Totals

==============================================================================

    Total RO  Size (Code + RO Data)                 3480 (   3.40kB)
    Total RW  Size (RW Data + ZI Data)              1040 (   1.02kB)
    Total ROM Size (Code + RO Data + RW Data)       3496 (   3.41kB)

==============================================================================

