<html>
<body>
<pre>
<h1>µVision Build Log</h1>
<h2>Project:</h2>
C:\Users\titi\Desktop\EvalbotASMblinkyTG\EvalbotASMLedsTG.uvproj
Project File Date:  09/26/2012

<h2>Output:</h2>
Rebuild target 'Target 1'
assembling Startup.s...
assembling leds.s...
leds.s(66): warning: A1581W: Added 2 bytes of padding at address 0x42
linking...
Program Size: Code=724 RO-data=0 RW-data=0 ZI-data=256  
"EvalbotASMLedsTG.axf" - 0 Error(s), 1 Warning(s).
Load "C:\\Users\\titi\\Desktop\\EvalbotASMblinkyTG\\EvalbotASMLedsTG.AXF" 
Warning: OSC to JTAG clock ratio violation - JTAG clock has been automatically adjusted to comply.
Connecting: Mode=JTAG, Speed=600000Hz
Connection failed!, error code=&d
