Component: ARM Compiler 5.06 update 1 (build 61) Tool: armlink [4d35a8]

==============================================================================

Section Cross References

    startup.o(RESET) refers to startup.o(STACK) for StackMem
    startup.o(RESET) refers to sensors.o(i.WheelSensorIntHandler) for WheelSensorIntHandler
    startup.o(RESET) refers to entry.o(.ARM.Collect$$$$00000000) for __main
    main.o(i.main) refers to malloc.o(i.malloc) for malloc
    main.o(i.main) refers to motor_my.o(i.motor_init) for motor_init
    main.o(i.main) refers to message.o(i.mess_init) for mess_init
    main.o(i.main) refers to capteur.o(i.bump_init) for bump_init
    main.o(i.main) refers to capteur.o(i.wheel_init) for wheel_init
    main.o(i.main) refers to motor_my.o(i.motor_STOP) for motor_STOP
    main.o(i.main) refers to message.o(i.mess_get) for mess_get
    main.o(i.main) refers to capteur.o(i.actionInt) for actionInt
    main.o(i.main) refers to printf6.o(i.__0sprintf$6) for __2sprintf
    main.o(i.main) refers to message.o(i.mess_setString) for mess_setString
    main.o(i.main) refers to main.o(.data) for evalbot
    capteur.o(i.actionInt) refers to motor_my.o(i.motor_UP) for motor_UP
    capteur.o(i.actionInt) refers to motor_my.o(i.motor_DOWN) for motor_DOWN
    capteur.o(i.actionInt) refers to motor_my.o(i.motor_LEFT) for motor_LEFT
    capteur.o(i.actionInt) refers to motor_my.o(i.motor_RIGHT) for motor_RIGHT
    capteur.o(i.actionInt) refers to main.o(.data) for evalbot
    capteur.o(i.bump_init) refers to sensors.o(i.BumpSensorsInit) for BumpSensorsInit
    capteur.o(i.bump_init) refers to sensors.o(i.BumpSensorsInterupEnable) for BumpSensorsInterupEnable
    capteur.o(i.bump_init) refers to sensors.o(i.BumperEnableSide) for BumperEnableSide
    capteur.o(i.bump_init) refers to capteur.o(i.bump_interuptFunction) for bump_interuptFunction
    capteur.o(i.bump_interuptFunction) refers to printf6.o(i.__0sprintf$6) for __2sprintf
    capteur.o(i.bump_interuptFunction) refers to message.o(i.mess_setString) for mess_setString
    capteur.o(i.bump_interuptFunction) refers to motor_my.o(i.motor_DOWN) for motor_DOWN
    capteur.o(i.bump_interuptFunction) refers to capteur.o(i.actionInt) for actionInt
    capteur.o(i.bump_interuptFunction) refers to main.o(.data) for evalbot
    capteur.o(i.bump_test) refers to capteur.o(i.bump_init) for bump_init
    capteur.o(i.bumper_check) refers to sensors.o(i.BumpSensorGetStatus) for BumpSensorGetStatus
    capteur.o(i.sensor_test) refers to capteur.o(i.bump_test) for bump_test
    capteur.o(i.sensor_test) refers to capteur.o(i.wheel_test) for wheel_test
    capteur.o(i.wheel_init) refers to sensors.o(i.WheelSensorsInit) for WheelSensorsInit
    capteur.o(i.wheel_init) refers to sensors.o(i.WheelSensorEnable) for WheelSensorEnable
    capteur.o(i.wheel_init) refers to sensors.o(i.WheelSensorIntEnable) for WheelSensorIntEnable
    capteur.o(i.wheel_init) refers to capteur.o(i.wheel_interuptFunction) for wheel_interuptFunction
    capteur.o(i.wheel_interuptFunction) refers to motor_my.o(i.motor_STOP) for motor_STOP
    capteur.o(i.wheel_interuptFunction) refers to main.o(.data) for evalbot
    capteur.o(i.wheel_test) refers to capteur.o(i.wheel_init) for wheel_init
    motor_my.o(i.motor_DOWN) refers to motor.o(i.MotorDir) for MotorDir
    motor_my.o(i.motor_DOWN) refers to motor.o(i.MotorRun) for MotorRun
    motor_my.o(i.motor_DOWN) refers to main.o(.data) for evalbot
    motor_my.o(i.motor_LEFT) refers to motor.o(i.MotorDir) for MotorDir
    motor_my.o(i.motor_LEFT) refers to motor.o(i.MotorRun) for MotorRun
    motor_my.o(i.motor_LEFT) refers to main.o(.data) for evalbot
    motor_my.o(i.motor_RIGHT) refers to motor.o(i.MotorDir) for MotorDir
    motor_my.o(i.motor_RIGHT) refers to motor.o(i.MotorRun) for MotorRun
    motor_my.o(i.motor_RIGHT) refers to main.o(.data) for evalbot
    motor_my.o(i.motor_STOP) refers to motor.o(i.MotorStop) for MotorStop
    motor_my.o(i.motor_STOP) refers to printf6.o(i.__0sprintf$6) for __2sprintf
    motor_my.o(i.motor_STOP) refers to message.o(i.mess_setString) for mess_setString
    motor_my.o(i.motor_STOP) refers to main.o(.data) for evalbot
    motor_my.o(i.motor_UP) refers to motor.o(i.MotorDir) for MotorDir
    motor_my.o(i.motor_UP) refers to motor.o(i.MotorRun) for MotorRun
    motor_my.o(i.motor_UP) refers to main.o(.data) for evalbot
    motor_my.o(i.motor_init) refers to motor.o(i.MotorsInit) for MotorsInit
    motor_my.o(i.motor_init) refers to motor.o(i.MotorSpeed) for MotorSpeed
    motor_my.o(i.motor_test) refers to motor_my.o(i.motor_init) for motor_init
    motor_my.o(i.motor_test) refers to motor_my.o(i.wait) for wait
    motor_my.o(i.motor_test) refers to motor_my.o(i.motor_UP) for motor_UP
    motor_my.o(i.motor_test) refers to motor_my.o(i.motor_DOWN) for motor_DOWN
    motor_my.o(i.motor_test) refers to motor_my.o(i.motor_STOP) for motor_STOP
    motor_my.o(i.motor_test) refers to motor_my.o(i.motor_RIGHT) for motor_RIGHT
    motor_my.o(i.motor_test) refers to motor_my.o(i.motor_LEFT) for motor_LEFT
    message.o(i.mess_get) refers to uart.o(i.UARTCharGet) for UARTCharGet
    message.o(i.mess_init) refers to sysctl.o(i.SysCtlClockSet) for SysCtlClockSet
    message.o(i.mess_init) refers to sysctl.o(i.SysCtlPeripheralEnable) for SysCtlPeripheralEnable
    message.o(i.mess_init) refers to gpio.o(i.GPIOPinConfigure) for GPIOPinConfigure
    message.o(i.mess_init) refers to gpio.o(i.GPIOPinTypeUART) for GPIOPinTypeUART
    message.o(i.mess_init) refers to sysctl.o(i.SysCtlClockGet) for SysCtlClockGet
    message.o(i.mess_init) refers to uart.o(i.UARTConfigSetExpClk) for UARTConfigSetExpClk
    message.o(i.mess_set) refers to uart.o(i.UARTCharPut) for UARTCharPut
    message.o(i.mess_setString) refers to message.o(i.mess_set) for mess_set
    message.o(i.mess_test) refers to message.o(i.mess_init) for mess_init
    message.o(i.mess_test) refers to message.o(i.mess_set) for mess_set
    message.o(i.mess_test) refers to message.o(i.mess_get) for mess_get
    message.o(i.mess_test) refers to message.o(i.mess_setString) for mess_setString
    sensors.o(i.BumpSensorDebouncer) refers to gpio.o(i.GPIOPinRead) for GPIOPinRead
    sensors.o(i.BumpSensorDebouncer) refers to sensors.o(.data) for g_ucDebouncedBumpers
    sensors.o(i.BumpSensorGetDebounced) refers to sensors.o(.data) for g_ucDebouncedBumpers
    sensors.o(i.BumpSensorGetStatus) refers to gpio.o(i.GPIOPinRead) for GPIOPinRead
    sensors.o(i.BumpSensorsInit) refers to sysctl.o(i.SysCtlPeripheralEnable) for SysCtlPeripheralEnable
    sensors.o(i.BumpSensorsInit) refers to gpio.o(i.GPIOPinTypeGPIOInput) for GPIOPinTypeGPIOInput
    sensors.o(i.BumpSensorsInit) refers to gpio.o(i.GPIOPadConfigSet) for GPIOPadConfigSet
    sensors.o(i.BumpSensorsInterupEnable) refers to sensors.o(.data) for g_pfnBumpCallback
    sensors.o(i.BumperEnableSide) refers to gpio.o(i.GPIOPinIntEnable) for GPIOPinIntEnable
    sensors.o(i.WheelSensorDisable) refers to gpio.o(i.GPIOPinWrite) for GPIOPinWrite
    sensors.o(i.WheelSensorEnable) refers to gpio.o(i.GPIOPinWrite) for GPIOPinWrite
    sensors.o(i.WheelSensorIntDisable) refers to gpio.o(i.GPIOPinIntDisable) for GPIOPinIntDisable
    sensors.o(i.WheelSensorIntEnable) refers to gpio.o(i.GPIOPinIntClear) for GPIOPinIntClear
    sensors.o(i.WheelSensorIntEnable) refers to gpio.o(i.GPIOPinIntEnable) for GPIOPinIntEnable
    sensors.o(i.WheelSensorIntHandler) refers to gpio.o(i.GPIOPinIntStatus) for GPIOPinIntStatus
    sensors.o(i.WheelSensorIntHandler) refers to gpio.o(i.GPIOPinIntClear) for GPIOPinIntClear
    sensors.o(i.WheelSensorIntHandler) refers to gpio.o(i.GPIOPinRead) for GPIOPinRead
    sensors.o(i.WheelSensorIntHandler) refers to sensors.o(.data) for g_pfnWheelCallback
    sensors.o(i.WheelSensorsInit) refers to sysctl.o(i.SysCtlPeripheralEnable) for SysCtlPeripheralEnable
    sensors.o(i.WheelSensorsInit) refers to gpio.o(i.GPIOPinTypeGPIOInput) for GPIOPinTypeGPIOInput
    sensors.o(i.WheelSensorsInit) refers to gpio.o(i.GPIOPinTypeGPIOOutput) for GPIOPinTypeGPIOOutput
    sensors.o(i.WheelSensorsInit) refers to gpio.o(i.GPIOPadConfigSet) for GPIOPadConfigSet
    sensors.o(i.WheelSensorsInit) refers to gpio.o(i.GPIOPinWrite) for GPIOPinWrite
    sensors.o(i.WheelSensorsInit) refers to gpio.o(i.GPIOPinIntDisable) for GPIOPinIntDisable
    sensors.o(i.WheelSensorsInit) refers to gpio.o(i.GPIOIntTypeSet) for GPIOIntTypeSet
    sensors.o(i.WheelSensorsInit) refers to interrupt.o(i.IntEnable) for IntEnable
    sensors.o(i.WheelSensorsInit) refers to sensors.o(.data) for g_pfnWheelCallback
    motor.o(i.MotorDir) refers to gpio.o(i.GPIOPinWrite) for GPIOPinWrite
    motor.o(i.MotorRun) refers to gpio.o(i.GPIOPinTypePWM) for GPIOPinTypePWM
    motor.o(i.MotorSpeed) refers to pwm.o(i.PWMOutputState) for PWMOutputState
    motor.o(i.MotorSpeed) refers to pwm.o(i.PWMOutputInvert) for PWMOutputInvert
    motor.o(i.MotorSpeed) refers to sysctl.o(i.SysCtlClockGet) for SysCtlClockGet
    motor.o(i.MotorSpeed) refers to pwm.o(i.PWMPulseWidthSet) for PWMPulseWidthSet
    motor.o(i.MotorStop) refers to gpio.o(i.GPIOPinTypeGPIOOutput) for GPIOPinTypeGPIOOutput
    motor.o(i.MotorStop) refers to gpio.o(i.GPIOPinWrite) for GPIOPinWrite
    motor.o(i.MotorsInit) refers to sysctl.o(i.SysCtlPeripheralEnable) for SysCtlPeripheralEnable
    motor.o(i.MotorsInit) refers to sysctl.o(i.SysCtlPWMClockSet) for SysCtlPWMClockSet
    motor.o(i.MotorsInit) refers to gpio.o(i.GPIOPinConfigure) for GPIOPinConfigure
    motor.o(i.MotorsInit) refers to pwm.o(i.PWMGenConfigure) for PWMGenConfigure
    motor.o(i.MotorsInit) refers to sysctl.o(i.SysCtlClockGet) for SysCtlClockGet
    motor.o(i.MotorsInit) refers to pwm.o(i.PWMGenPeriodSet) for PWMGenPeriodSet
    motor.o(i.MotorsInit) refers to pwm.o(i.PWMPulseWidthSet) for PWMPulseWidthSet
    motor.o(i.MotorsInit) refers to pwm.o(i.PWMOutputState) for PWMOutputState
    motor.o(i.MotorsInit) refers to pwm.o(i.PWMGenEnable) for PWMGenEnable
    motor.o(i.MotorsInit) refers to gpio.o(i.GPIOPinTypeGPIOInput) for GPIOPinTypeGPIOInput
    motor.o(i.MotorsInit) refers to gpio.o(i.GPIOPadConfigSet) for GPIOPadConfigSet
    motor.o(i.MotorsInit) refers to gpio.o(i.GPIOPinTypeGPIOOutput) for GPIOPinTypeGPIOOutput
    motor.o(i.MotorsInit) refers to gpio.o(i.GPIOPinWrite) for GPIOPinWrite
    gpio.o(i.GPIOPinConfigure) refers to gpio.o(.constdata) for .constdata
    gpio.o(i.GPIOPinTypeADC) refers to gpio.o(i.GPIODirModeSet) for GPIODirModeSet
    gpio.o(i.GPIOPinTypeADC) refers to gpio.o(i.GPIOPadConfigSet) for GPIOPadConfigSet
    gpio.o(i.GPIOPinTypeCAN) refers to gpio.o(i.GPIODirModeSet) for GPIODirModeSet
    gpio.o(i.GPIOPinTypeCAN) refers to gpio.o(i.GPIOPadConfigSet) for GPIOPadConfigSet
    gpio.o(i.GPIOPinTypeComparator) refers to gpio.o(i.GPIODirModeSet) for GPIODirModeSet
    gpio.o(i.GPIOPinTypeComparator) refers to gpio.o(i.GPIOPadConfigSet) for GPIOPadConfigSet
    gpio.o(i.GPIOPinTypeEPI) refers to gpio.o(i.GPIODirModeSet) for GPIODirModeSet
    gpio.o(i.GPIOPinTypeEPI) refers to gpio.o(i.GPIOPadConfigSet) for GPIOPadConfigSet
    gpio.o(i.GPIOPinTypeEthernetLED) refers to gpio.o(i.GPIODirModeSet) for GPIODirModeSet
    gpio.o(i.GPIOPinTypeEthernetLED) refers to gpio.o(i.GPIOPadConfigSet) for GPIOPadConfigSet
    gpio.o(i.GPIOPinTypeEthernetMII) refers to gpio.o(i.GPIODirModeSet) for GPIODirModeSet
    gpio.o(i.GPIOPinTypeEthernetMII) refers to gpio.o(i.GPIOPadConfigSet) for GPIOPadConfigSet
    gpio.o(i.GPIOPinTypeFan) refers to gpio.o(i.GPIODirModeSet) for GPIODirModeSet
    gpio.o(i.GPIOPinTypeFan) refers to gpio.o(i.GPIOPadConfigSet) for GPIOPadConfigSet
    gpio.o(i.GPIOPinTypeGPIOInput) refers to gpio.o(i.GPIODirModeSet) for GPIODirModeSet
    gpio.o(i.GPIOPinTypeGPIOInput) refers to gpio.o(i.GPIOPadConfigSet) for GPIOPadConfigSet
    gpio.o(i.GPIOPinTypeGPIOOutput) refers to gpio.o(i.GPIOPadConfigSet) for GPIOPadConfigSet
    gpio.o(i.GPIOPinTypeGPIOOutput) refers to gpio.o(i.GPIODirModeSet) for GPIODirModeSet
    gpio.o(i.GPIOPinTypeGPIOOutputOD) refers to gpio.o(i.GPIOPadConfigSet) for GPIOPadConfigSet
    gpio.o(i.GPIOPinTypeGPIOOutputOD) refers to gpio.o(i.GPIODirModeSet) for GPIODirModeSet
    gpio.o(i.GPIOPinTypeI2C) refers to gpio.o(i.GPIODirModeSet) for GPIODirModeSet
    gpio.o(i.GPIOPinTypeI2C) refers to gpio.o(i.GPIOPadConfigSet) for GPIOPadConfigSet
    gpio.o(i.GPIOPinTypeI2CSCL) refers to gpio.o(i.GPIODirModeSet) for GPIODirModeSet
    gpio.o(i.GPIOPinTypeI2CSCL) refers to gpio.o(i.GPIOPadConfigSet) for GPIOPadConfigSet
    gpio.o(i.GPIOPinTypeI2S) refers to gpio.o(i.GPIODirModeSet) for GPIODirModeSet
    gpio.o(i.GPIOPinTypeI2S) refers to gpio.o(i.GPIOPadConfigSet) for GPIOPadConfigSet
    gpio.o(i.GPIOPinTypeLPC) refers to gpio.o(i.GPIODirModeSet) for GPIODirModeSet
    gpio.o(i.GPIOPinTypeLPC) refers to gpio.o(i.GPIOPadConfigSet) for GPIOPadConfigSet
    gpio.o(i.GPIOPinTypePECIRx) refers to gpio.o(i.GPIODirModeSet) for GPIODirModeSet
    gpio.o(i.GPIOPinTypePECIRx) refers to gpio.o(i.GPIOPadConfigSet) for GPIOPadConfigSet
    gpio.o(i.GPIOPinTypePECITx) refers to gpio.o(i.GPIODirModeSet) for GPIODirModeSet
    gpio.o(i.GPIOPinTypePECITx) refers to gpio.o(i.GPIOPadConfigSet) for GPIOPadConfigSet
    gpio.o(i.GPIOPinTypePWM) refers to gpio.o(i.GPIODirModeSet) for GPIODirModeSet
    gpio.o(i.GPIOPinTypePWM) refers to gpio.o(i.GPIOPadConfigSet) for GPIOPadConfigSet
    gpio.o(i.GPIOPinTypeQEI) refers to gpio.o(i.GPIODirModeSet) for GPIODirModeSet
    gpio.o(i.GPIOPinTypeQEI) refers to gpio.o(i.GPIOPadConfigSet) for GPIOPadConfigSet
    gpio.o(i.GPIOPinTypeSSI) refers to gpio.o(i.GPIODirModeSet) for GPIODirModeSet
    gpio.o(i.GPIOPinTypeSSI) refers to gpio.o(i.GPIOPadConfigSet) for GPIOPadConfigSet
    gpio.o(i.GPIOPinTypeTimer) refers to gpio.o(i.GPIODirModeSet) for GPIODirModeSet
    gpio.o(i.GPIOPinTypeTimer) refers to gpio.o(i.GPIOPadConfigSet) for GPIOPadConfigSet
    gpio.o(i.GPIOPinTypeUART) refers to gpio.o(i.GPIODirModeSet) for GPIODirModeSet
    gpio.o(i.GPIOPinTypeUART) refers to gpio.o(i.GPIOPadConfigSet) for GPIOPadConfigSet
    gpio.o(i.GPIOPinTypeUSBAnalog) refers to gpio.o(i.GPIODirModeSet) for GPIODirModeSet
    gpio.o(i.GPIOPinTypeUSBAnalog) refers to gpio.o(i.GPIOPadConfigSet) for GPIOPadConfigSet
    gpio.o(i.GPIOPinTypeUSBDigital) refers to gpio.o(i.GPIODirModeSet) for GPIODirModeSet
    gpio.o(i.GPIOPinTypeUSBDigital) refers to gpio.o(i.GPIOPadConfigSet) for GPIOPadConfigSet
    gpio.o(i.GPIOPortIntRegister) refers to gpio.o(i.GPIOGetIntNumber) for GPIOGetIntNumber
    gpio.o(i.GPIOPortIntRegister) refers to interrupt.o(i.IntRegister) for IntRegister
    gpio.o(i.GPIOPortIntRegister) refers to interrupt.o(i.IntEnable) for IntEnable
    gpio.o(i.GPIOPortIntUnregister) refers to gpio.o(i.GPIOGetIntNumber) for GPIOGetIntNumber
    gpio.o(i.GPIOPortIntUnregister) refers to interrupt.o(i.IntDisable) for IntDisable
    gpio.o(i.GPIOPortIntUnregister) refers to interrupt.o(i.IntUnregister) for IntUnregister
    interrupt.o(i.IntDisable) refers to interrupt.o(.constdata) for .constdata
    interrupt.o(i.IntEnable) refers to interrupt.o(.constdata) for .constdata
    interrupt.o(i.IntIsEnabled) refers to interrupt.o(.constdata) for .constdata
    interrupt.o(i.IntMasterDisable) refers to cpu.o(.emb_text) for CPUcpsid
    interrupt.o(i.IntMasterEnable) refers to cpu.o(.emb_text) for CPUcpsie
    interrupt.o(i.IntPendClear) refers to interrupt.o(.constdata) for .constdata
    interrupt.o(i.IntPendSet) refers to interrupt.o(.constdata) for .constdata
    interrupt.o(i.IntPriorityGet) refers to interrupt.o(.constdata) for .constdata
    interrupt.o(i.IntPriorityGroupingGet) refers to interrupt.o(.constdata) for .constdata
    interrupt.o(i.IntPriorityGroupingSet) refers to interrupt.o(.constdata) for .constdata
    interrupt.o(i.IntPriorityMaskGet) refers to cpu.o(.emb_text) for CPUbasepriGet
    interrupt.o(i.IntPriorityMaskSet) refers to cpu.o(.emb_text) for CPUbasepriSet
    interrupt.o(i.IntPrioritySet) refers to interrupt.o(.constdata) for .constdata
    interrupt.o(i.IntRegister) refers to interrupt.o(vtable) for vtable
    interrupt.o(i.IntUnregister) refers to interrupt.o(i.IntDefaultHandler) for IntDefaultHandler
    interrupt.o(i.IntUnregister) refers to interrupt.o(vtable) for vtable
    pwm.o(i.PWMFaultIntRegister) refers to interrupt.o(i.IntRegister) for IntRegister
    pwm.o(i.PWMFaultIntRegister) refers to interrupt.o(i.IntEnable) for IntEnable
    pwm.o(i.PWMFaultIntUnregister) refers to interrupt.o(i.IntDisable) for IntDisable
    pwm.o(i.PWMFaultIntUnregister) refers to interrupt.o(i.IntUnregister) for IntUnregister
    pwm.o(i.PWMGenIntRegister) refers to interrupt.o(i.IntRegister) for IntRegister
    pwm.o(i.PWMGenIntRegister) refers to interrupt.o(i.IntEnable) for IntEnable
    pwm.o(i.PWMGenIntUnregister) refers to interrupt.o(i.IntDisable) for IntDisable
    pwm.o(i.PWMGenIntUnregister) refers to interrupt.o(i.IntUnregister) for IntUnregister
    sysctl.o(i.SysCtlClockGet) refers to sysctl.o(.constdata) for .constdata
    sysctl.o(i.SysCtlClockSet) refers to sysctl.o(.emb_text) for SysCtlDelay
    sysctl.o(i.SysCtlDeepSleep) refers to cpu.o(.emb_text) for CPUwfi
    sysctl.o(i.SysCtlI2SMClkSet) refers to sysctl.o(.constdata) for .constdata
    sysctl.o(i.SysCtlIntRegister) refers to interrupt.o(i.IntRegister) for IntRegister
    sysctl.o(i.SysCtlIntRegister) refers to interrupt.o(i.IntEnable) for IntEnable
    sysctl.o(i.SysCtlIntUnregister) refers to interrupt.o(i.IntDisable) for IntDisable
    sysctl.o(i.SysCtlIntUnregister) refers to interrupt.o(i.IntUnregister) for IntUnregister
    sysctl.o(i.SysCtlPeripheralDeepSleepDisable) refers to sysctl.o(.constdata) for .constdata
    sysctl.o(i.SysCtlPeripheralDeepSleepEnable) refers to sysctl.o(.constdata) for .constdata
    sysctl.o(i.SysCtlPeripheralDisable) refers to sysctl.o(.constdata) for .constdata
    sysctl.o(i.SysCtlPeripheralEnable) refers to sysctl.o(.constdata) for .constdata
    sysctl.o(i.SysCtlPeripheralPowerOff) refers to sysctl.o(.constdata) for .constdata
    sysctl.o(i.SysCtlPeripheralPowerOn) refers to sysctl.o(.constdata) for .constdata
    sysctl.o(i.SysCtlPeripheralPresent) refers to sysctl.o(.constdata) for .constdata
    sysctl.o(i.SysCtlPeripheralReady) refers to sysctl.o(.constdata) for .constdata
    sysctl.o(i.SysCtlPeripheralReset) refers to sysctl.o(.constdata) for .constdata
    sysctl.o(i.SysCtlPeripheralSleepDisable) refers to sysctl.o(.constdata) for .constdata
    sysctl.o(i.SysCtlPeripheralSleepEnable) refers to sysctl.o(.constdata) for .constdata
    sysctl.o(i.SysCtlSleep) refers to cpu.o(.emb_text) for CPUwfi
    uart.o(i.UARTIntRegister) refers to interrupt.o(i.IntRegister) for IntRegister
    uart.o(i.UARTIntRegister) refers to interrupt.o(i.IntEnable) for IntEnable
    uart.o(i.UARTIntRegister) refers to uart.o(.constdata) for .constdata
    uart.o(i.UARTIntUnregister) refers to interrupt.o(i.IntDisable) for IntDisable
    uart.o(i.UARTIntUnregister) refers to interrupt.o(i.IntUnregister) for IntUnregister
    uart.o(i.UARTIntUnregister) refers to uart.o(.constdata) for .constdata
    entry.o(.ARM.Collect$$$$00000000) refers (Special) to entry10a.o(.ARM.Collect$$$$0000000D) for __rt_final_cpp
    entry.o(.ARM.Collect$$$$00000000) refers (Special) to entry11a.o(.ARM.Collect$$$$0000000F) for __rt_final_exit
    entry.o(.ARM.Collect$$$$00000000) refers (Special) to entry7b.o(.ARM.Collect$$$$00000008) for _main_clock
    entry.o(.ARM.Collect$$$$00000000) refers (Special) to entry8b.o(.ARM.Collect$$$$0000000A) for _main_cpp_init
    entry.o(.ARM.Collect$$$$00000000) refers (Special) to entry9a.o(.ARM.Collect$$$$0000000B) for _main_init
    entry.o(.ARM.Collect$$$$00000000) refers (Special) to entry5.o(.ARM.Collect$$$$00000004) for _main_scatterload
    entry.o(.ARM.Collect$$$$00000000) refers (Special) to entry2.o(.ARM.Collect$$$$00000001) for _main_stk
    printfb.o(i.__0fprintf$bare) refers to printfb.o(i._printf_core) for _printf_core
    printfb.o(i.__0fprintf$bare) refers to fputc.o(i.fputc) for fputc
    printfb.o(i.__0printf$bare) refers to printfb.o(i._printf_core) for _printf_core
    printfb.o(i.__0printf$bare) refers to fputc.o(i.fputc) for fputc
    printfb.o(i.__0printf$bare) refers to stdout.o(.data) for __stdout
    printfb.o(i.__0snprintf$bare) refers to printfb.o(i._printf_core) for _printf_core
    printfb.o(i.__0snprintf$bare) refers to printfb.o(i._snputc) for _snputc
    printfb.o(i.__0sprintf$bare) refers to printfb.o(i._printf_core) for _printf_core
    printfb.o(i.__0sprintf$bare) refers to printfb.o(i._sputc) for _sputc
    printfb.o(i.__0vfprintf$bare) refers to printfb.o(i._printf_core) for _printf_core
    printfb.o(i.__0vfprintf$bare) refers to fputc.o(i.fputc) for fputc
    printfb.o(i.__0vprintf$bare) refers to printfb.o(i._printf_core) for _printf_core
    printfb.o(i.__0vprintf$bare) refers to fputc.o(i.fputc) for fputc
    printfb.o(i.__0vprintf$bare) refers to stdout.o(.data) for __stdout
    printfb.o(i.__0vsnprintf$bare) refers to printfb.o(i._printf_core) for _printf_core
    printfb.o(i.__0vsnprintf$bare) refers to printfb.o(i._snputc) for _snputc
    printfb.o(i.__0vsprintf$bare) refers to printfb.o(i._printf_core) for _printf_core
    printfb.o(i.__0vsprintf$bare) refers to printfb.o(i._sputc) for _sputc
    printf0.o(i.__0fprintf$0) refers to printf0.o(i._printf_core) for _printf_core
    printf0.o(i.__0fprintf$0) refers to fputc.o(i.fputc) for fputc
    printf0.o(i.__0printf$0) refers to printf0.o(i._printf_core) for _printf_core
    printf0.o(i.__0printf$0) refers to fputc.o(i.fputc) for fputc
    printf0.o(i.__0printf$0) refers to stdout.o(.data) for __stdout
    printf0.o(i.__0snprintf$0) refers to printf0.o(i._printf_core) for _printf_core
    printf0.o(i.__0snprintf$0) refers to printf0.o(i._snputc) for _snputc
    printf0.o(i.__0sprintf$0) refers to printf0.o(i._printf_core) for _printf_core
    printf0.o(i.__0sprintf$0) refers to printf0.o(i._sputc) for _sputc
    printf0.o(i.__0vfprintf$0) refers to printf0.o(i._printf_core) for _printf_core
    printf0.o(i.__0vfprintf$0) refers to fputc.o(i.fputc) for fputc
    printf0.o(i.__0vprintf$0) refers to printf0.o(i._printf_core) for _printf_core
    printf0.o(i.__0vprintf$0) refers to fputc.o(i.fputc) for fputc
    printf0.o(i.__0vprintf$0) refers to stdout.o(.data) for __stdout
    printf0.o(i.__0vsnprintf$0) refers to printf0.o(i._printf_core) for _printf_core
    printf0.o(i.__0vsnprintf$0) refers to printf0.o(i._snputc) for _snputc
    printf0.o(i.__0vsprintf$0) refers to printf0.o(i._printf_core) for _printf_core
    printf0.o(i.__0vsprintf$0) refers to printf0.o(i._sputc) for _sputc
    printf1.o(i.__0fprintf$1) refers to printf1.o(i._printf_core) for _printf_core
    printf1.o(i.__0fprintf$1) refers to fputc.o(i.fputc) for fputc
    printf1.o(i.__0printf$1) refers to printf1.o(i._printf_core) for _printf_core
    printf1.o(i.__0printf$1) refers to fputc.o(i.fputc) for fputc
    printf1.o(i.__0printf$1) refers to stdout.o(.data) for __stdout
    printf1.o(i.__0snprintf$1) refers to printf1.o(i._printf_core) for _printf_core
    printf1.o(i.__0snprintf$1) refers to printf1.o(i._snputc) for _snputc
    printf1.o(i.__0sprintf$1) refers to printf1.o(i._printf_core) for _printf_core
    printf1.o(i.__0sprintf$1) refers to printf1.o(i._sputc) for _sputc
    printf1.o(i.__0vfprintf$1) refers to printf1.o(i._printf_core) for _printf_core
    printf1.o(i.__0vfprintf$1) refers to fputc.o(i.fputc) for fputc
    printf1.o(i.__0vprintf$1) refers to printf1.o(i._printf_core) for _printf_core
    printf1.o(i.__0vprintf$1) refers to fputc.o(i.fputc) for fputc
    printf1.o(i.__0vprintf$1) refers to stdout.o(.data) for __stdout
    printf1.o(i.__0vsnprintf$1) refers to printf1.o(i._printf_core) for _printf_core
    printf1.o(i.__0vsnprintf$1) refers to printf1.o(i._snputc) for _snputc
    printf1.o(i.__0vsprintf$1) refers to printf1.o(i._printf_core) for _printf_core
    printf1.o(i.__0vsprintf$1) refers to printf1.o(i._sputc) for _sputc
    printf1.o(i._printf_core) refers to uidiv.o(.text) for __aeabi_uidivmod
    printf2.o(i.__0fprintf$2) refers to printf2.o(i._printf_core) for _printf_core
    printf2.o(i.__0fprintf$2) refers to fputc.o(i.fputc) for fputc
    printf2.o(i.__0printf$2) refers to printf2.o(i._printf_core) for _printf_core
    printf2.o(i.__0printf$2) refers to fputc.o(i.fputc) for fputc
    printf2.o(i.__0printf$2) refers to stdout.o(.data) for __stdout
    printf2.o(i.__0snprintf$2) refers to printf2.o(i._printf_core) for _printf_core
    printf2.o(i.__0snprintf$2) refers to printf2.o(i._snputc) for _snputc
    printf2.o(i.__0sprintf$2) refers to printf2.o(i._printf_core) for _printf_core
    printf2.o(i.__0sprintf$2) refers to printf2.o(i._sputc) for _sputc
    printf2.o(i.__0vfprintf$2) refers to printf2.o(i._printf_core) for _printf_core
    printf2.o(i.__0vfprintf$2) refers to fputc.o(i.fputc) for fputc
    printf2.o(i.__0vprintf$2) refers to printf2.o(i._printf_core) for _printf_core
    printf2.o(i.__0vprintf$2) refers to fputc.o(i.fputc) for fputc
    printf2.o(i.__0vprintf$2) refers to stdout.o(.data) for __stdout
    printf2.o(i.__0vsnprintf$2) refers to printf2.o(i._printf_core) for _printf_core
    printf2.o(i.__0vsnprintf$2) refers to printf2.o(i._snputc) for _snputc
    printf2.o(i.__0vsprintf$2) refers to printf2.o(i._printf_core) for _printf_core
    printf2.o(i.__0vsprintf$2) refers to printf2.o(i._sputc) for _sputc
    printf3.o(i.__0fprintf$3) refers to printf3.o(i._printf_core) for _printf_core
    printf3.o(i.__0fprintf$3) refers to fputc.o(i.fputc) for fputc
    printf3.o(i.__0printf$3) refers to printf3.o(i._printf_core) for _printf_core
    printf3.o(i.__0printf$3) refers to fputc.o(i.fputc) for fputc
    printf3.o(i.__0printf$3) refers to stdout.o(.data) for __stdout
    printf3.o(i.__0snprintf$3) refers to printf3.o(i._printf_core) for _printf_core
    printf3.o(i.__0snprintf$3) refers to printf3.o(i._snputc) for _snputc
    printf3.o(i.__0sprintf$3) refers to printf3.o(i._printf_core) for _printf_core
    printf3.o(i.__0sprintf$3) refers to printf3.o(i._sputc) for _sputc
    printf3.o(i.__0vfprintf$3) refers to printf3.o(i._printf_core) for _printf_core
    printf3.o(i.__0vfprintf$3) refers to fputc.o(i.fputc) for fputc
    printf3.o(i.__0vprintf$3) refers to printf3.o(i._printf_core) for _printf_core
    printf3.o(i.__0vprintf$3) refers to fputc.o(i.fputc) for fputc
    printf3.o(i.__0vprintf$3) refers to stdout.o(.data) for __stdout
    printf3.o(i.__0vsnprintf$3) refers to printf3.o(i._printf_core) for _printf_core
    printf3.o(i.__0vsnprintf$3) refers to printf3.o(i._snputc) for _snputc
    printf3.o(i.__0vsprintf$3) refers to printf3.o(i._printf_core) for _printf_core
    printf3.o(i.__0vsprintf$3) refers to printf3.o(i._sputc) for _sputc
    printf3.o(i._printf_core) refers to uidiv.o(.text) for __aeabi_uidivmod
    printf4.o(i.__0fprintf$4) refers to printf4.o(i._printf_core) for _printf_core
    printf4.o(i.__0fprintf$4) refers to fputc.o(i.fputc) for fputc
    printf4.o(i.__0printf$4) refers to printf4.o(i._printf_core) for _printf_core
    printf4.o(i.__0printf$4) refers to fputc.o(i.fputc) for fputc
    printf4.o(i.__0printf$4) refers to stdout.o(.data) for __stdout
    printf4.o(i.__0snprintf$4) refers to printf4.o(i._printf_core) for _printf_core
    printf4.o(i.__0snprintf$4) refers to printf4.o(i._snputc) for _snputc
    printf4.o(i.__0sprintf$4) refers to printf4.o(i._printf_core) for _printf_core
    printf4.o(i.__0sprintf$4) refers to printf4.o(i._sputc) for _sputc
    printf4.o(i.__0vfprintf$4) refers to printf4.o(i._printf_core) for _printf_core
    printf4.o(i.__0vfprintf$4) refers to fputc.o(i.fputc) for fputc
    printf4.o(i.__0vprintf$4) refers to printf4.o(i._printf_core) for _printf_core
    printf4.o(i.__0vprintf$4) refers to fputc.o(i.fputc) for fputc
    printf4.o(i.__0vprintf$4) refers to stdout.o(.data) for __stdout
    printf4.o(i.__0vsnprintf$4) refers to printf4.o(i._printf_core) for _printf_core
    printf4.o(i.__0vsnprintf$4) refers to printf4.o(i._snputc) for _snputc
    printf4.o(i.__0vsprintf$4) refers to printf4.o(i._printf_core) for _printf_core
    printf4.o(i.__0vsprintf$4) refers to printf4.o(i._sputc) for _sputc
    printf4.o(i._printf_core) refers to uldiv.o(.text) for __aeabi_uldivmod
    printf5.o(i.__0fprintf$5) refers to printf5.o(i._printf_core) for _printf_core
    printf5.o(i.__0fprintf$5) refers to fputc.o(i.fputc) for fputc
    printf5.o(i.__0printf$5) refers to printf5.o(i._printf_core) for _printf_core
    printf5.o(i.__0printf$5) refers to fputc.o(i.fputc) for fputc
    printf5.o(i.__0printf$5) refers to stdout.o(.data) for __stdout
    printf5.o(i.__0snprintf$5) refers to printf5.o(i._printf_core) for _printf_core
    printf5.o(i.__0snprintf$5) refers to printf5.o(i._snputc) for _snputc
    printf5.o(i.__0sprintf$5) refers to printf5.o(i._printf_core) for _printf_core
    printf5.o(i.__0sprintf$5) refers to printf5.o(i._sputc) for _sputc
    printf5.o(i.__0vfprintf$5) refers to printf5.o(i._printf_core) for _printf_core
    printf5.o(i.__0vfprintf$5) refers to fputc.o(i.fputc) for fputc
    printf5.o(i.__0vprintf$5) refers to printf5.o(i._printf_core) for _printf_core
    printf5.o(i.__0vprintf$5) refers to fputc.o(i.fputc) for fputc
    printf5.o(i.__0vprintf$5) refers to stdout.o(.data) for __stdout
    printf5.o(i.__0vsnprintf$5) refers to printf5.o(i._printf_core) for _printf_core
    printf5.o(i.__0vsnprintf$5) refers to printf5.o(i._snputc) for _snputc
    printf5.o(i.__0vsprintf$5) refers to printf5.o(i._printf_core) for _printf_core
    printf5.o(i.__0vsprintf$5) refers to printf5.o(i._sputc) for _sputc
    printf5.o(i._printf_core) refers to uldiv.o(.text) for __aeabi_uldivmod
    printf6.o(i.__0fprintf$6) refers to printf6.o(i._printf_core) for _printf_core
    printf6.o(i.__0fprintf$6) refers to fputc.o(i.fputc) for fputc
    printf6.o(i.__0printf$6) refers to printf6.o(i._printf_core) for _printf_core
    printf6.o(i.__0printf$6) refers to fputc.o(i.fputc) for fputc
    printf6.o(i.__0printf$6) refers to stdout.o(.data) for __stdout
    printf6.o(i.__0snprintf$6) refers to printf6.o(i._printf_core) for _printf_core
    printf6.o(i.__0snprintf$6) refers to printf6.o(i._snputc) for _snputc
    printf6.o(i.__0sprintf$6) refers to printf6.o(i._printf_core) for _printf_core
    printf6.o(i.__0sprintf$6) refers to printf6.o(i._sputc) for _sputc
    printf6.o(i.__0vfprintf$6) refers to printf6.o(i._printf_core) for _printf_core
    printf6.o(i.__0vfprintf$6) refers to fputc.o(i.fputc) for fputc
    printf6.o(i.__0vprintf$6) refers to printf6.o(i._printf_core) for _printf_core
    printf6.o(i.__0vprintf$6) refers to fputc.o(i.fputc) for fputc
    printf6.o(i.__0vprintf$6) refers to stdout.o(.data) for __stdout
    printf6.o(i.__0vsnprintf$6) refers to printf6.o(i._printf_core) for _printf_core
    printf6.o(i.__0vsnprintf$6) refers to printf6.o(i._snputc) for _snputc
    printf6.o(i.__0vsprintf$6) refers to printf6.o(i._printf_core) for _printf_core
    printf6.o(i.__0vsprintf$6) refers to printf6.o(i._sputc) for _sputc
    printf6.o(i._printf_core) refers to printf6.o(i._printf_pre_padding) for _printf_pre_padding
    printf6.o(i._printf_core) refers to uidiv.o(.text) for __aeabi_uidivmod
    printf6.o(i._printf_core) refers to printf6.o(i._printf_post_padding) for _printf_post_padding
    printf7.o(i.__0fprintf$7) refers to printf7.o(i._printf_core) for _printf_core
    printf7.o(i.__0fprintf$7) refers to fputc.o(i.fputc) for fputc
    printf7.o(i.__0printf$7) refers to printf7.o(i._printf_core) for _printf_core
    printf7.o(i.__0printf$7) refers to fputc.o(i.fputc) for fputc
    printf7.o(i.__0printf$7) refers to stdout.o(.data) for __stdout
    printf7.o(i.__0snprintf$7) refers to printf7.o(i._printf_core) for _printf_core
    printf7.o(i.__0snprintf$7) refers to printf7.o(i._snputc) for _snputc
    printf7.o(i.__0sprintf$7) refers to printf7.o(i._printf_core) for _printf_core
    printf7.o(i.__0sprintf$7) refers to printf7.o(i._sputc) for _sputc
    printf7.o(i.__0vfprintf$7) refers to printf7.o(i._printf_core) for _printf_core
    printf7.o(i.__0vfprintf$7) refers to fputc.o(i.fputc) for fputc
    printf7.o(i.__0vprintf$7) refers to printf7.o(i._printf_core) for _printf_core
    printf7.o(i.__0vprintf$7) refers to fputc.o(i.fputc) for fputc
    printf7.o(i.__0vprintf$7) refers to stdout.o(.data) for __stdout
    printf7.o(i.__0vsnprintf$7) refers to printf7.o(i._printf_core) for _printf_core
    printf7.o(i.__0vsnprintf$7) refers to printf7.o(i._snputc) for _snputc
    printf7.o(i.__0vsprintf$7) refers to printf7.o(i._printf_core) for _printf_core
    printf7.o(i.__0vsprintf$7) refers to printf7.o(i._sputc) for _sputc
    printf7.o(i._printf_core) refers to printf7.o(i._printf_pre_padding) for _printf_pre_padding
    printf7.o(i._printf_core) refers to uldiv.o(.text) for __aeabi_uldivmod
    printf7.o(i._printf_core) refers to printf7.o(i._printf_post_padding) for _printf_post_padding
    printf8.o(i.__0fprintf$8) refers to printf8.o(i._printf_core) for _printf_core
    printf8.o(i.__0fprintf$8) refers to fputc.o(i.fputc) for fputc
    printf8.o(i.__0printf$8) refers to printf8.o(i._printf_core) for _printf_core
    printf8.o(i.__0printf$8) refers to fputc.o(i.fputc) for fputc
    printf8.o(i.__0printf$8) refers to stdout.o(.data) for __stdout
    printf8.o(i.__0snprintf$8) refers to printf8.o(i._printf_core) for _printf_core
    printf8.o(i.__0snprintf$8) refers to printf8.o(i._snputc) for _snputc
    printf8.o(i.__0sprintf$8) refers to printf8.o(i._printf_core) for _printf_core
    printf8.o(i.__0sprintf$8) refers to printf8.o(i._sputc) for _sputc
    printf8.o(i.__0vfprintf$8) refers to printf8.o(i._printf_core) for _printf_core
    printf8.o(i.__0vfprintf$8) refers to fputc.o(i.fputc) for fputc
    printf8.o(i.__0vprintf$8) refers to printf8.o(i._printf_core) for _printf_core
    printf8.o(i.__0vprintf$8) refers to fputc.o(i.fputc) for fputc
    printf8.o(i.__0vprintf$8) refers to stdout.o(.data) for __stdout
    printf8.o(i.__0vsnprintf$8) refers to printf8.o(i._printf_core) for _printf_core
    printf8.o(i.__0vsnprintf$8) refers to printf8.o(i._snputc) for _snputc
    printf8.o(i.__0vsprintf$8) refers to printf8.o(i._printf_core) for _printf_core
    printf8.o(i.__0vsprintf$8) refers to printf8.o(i._sputc) for _sputc
    printf8.o(i._printf_core) refers to printf8.o(i._printf_pre_padding) for _printf_pre_padding
    printf8.o(i._printf_core) refers to uldiv.o(.text) for __aeabi_uldivmod
    printf8.o(i._printf_core) refers to printf8.o(i._printf_post_padding) for _printf_post_padding
    printfa.o(i.__0fprintf) refers (Special) to iusefp.o(.text) for __I$use$fp
    printfa.o(i.__0fprintf) refers to printfa.o(i._printf_core) for _printf_core
    printfa.o(i.__0fprintf) refers to fputc.o(i.fputc) for fputc
    printfa.o(i.__0printf) refers (Special) to iusefp.o(.text) for __I$use$fp
    printfa.o(i.__0printf) refers to printfa.o(i._printf_core) for _printf_core
    printfa.o(i.__0printf) refers to fputc.o(i.fputc) for fputc
    printfa.o(i.__0printf) refers to stdout.o(.data) for __stdout
    printfa.o(i.__0snprintf) refers (Special) to iusefp.o(.text) for __I$use$fp
    printfa.o(i.__0snprintf) refers to printfa.o(i._printf_core) for _printf_core
    printfa.o(i.__0snprintf) refers to printfa.o(i._snputc) for _snputc
    printfa.o(i.__0sprintf) refers (Special) to iusefp.o(.text) for __I$use$fp
    printfa.o(i.__0sprintf) refers to printfa.o(i._printf_core) for _printf_core
    printfa.o(i.__0sprintf) refers to printfa.o(i._sputc) for _sputc
    printfa.o(i.__0vfprintf) refers (Special) to iusefp.o(.text) for __I$use$fp
    printfa.o(i.__0vfprintf) refers to printfa.o(i._printf_core) for _printf_core
    printfa.o(i.__0vfprintf) refers to fputc.o(i.fputc) for fputc
    printfa.o(i.__0vprintf) refers (Special) to iusefp.o(.text) for __I$use$fp
    printfa.o(i.__0vprintf) refers to printfa.o(i._printf_core) for _printf_core
    printfa.o(i.__0vprintf) refers to fputc.o(i.fputc) for fputc
    printfa.o(i.__0vprintf) refers to stdout.o(.data) for __stdout
    printfa.o(i.__0vsnprintf) refers (Special) to iusefp.o(.text) for __I$use$fp
    printfa.o(i.__0vsnprintf) refers to printfa.o(i._printf_core) for _printf_core
    printfa.o(i.__0vsnprintf) refers to printfa.o(i._snputc) for _snputc
    printfa.o(i.__0vsprintf) refers (Special) to iusefp.o(.text) for __I$use$fp
    printfa.o(i.__0vsprintf) refers to printfa.o(i._printf_core) for _printf_core
    printfa.o(i.__0vsprintf) refers to printfa.o(i._sputc) for _sputc
    printfa.o(i._fp_digits) refers (Special) to iusefp.o(.text) for __I$use$fp
    printfa.o(i._fp_digits) refers to dmul.o(.text) for __aeabi_dmul
    printfa.o(i._fp_digits) refers to ddiv.o(.text) for __aeabi_ddiv
    printfa.o(i._fp_digits) refers to cdrcmple.o(.text) for __aeabi_cdrcmple
    printfa.o(i._fp_digits) refers to dadd.o(.text) for __aeabi_dadd
    printfa.o(i._fp_digits) refers to dfixul.o(.text) for __aeabi_d2ulz
    printfa.o(i._fp_digits) refers to uldiv.o(.text) for __aeabi_uldivmod
    printfa.o(i._printf_core) refers (Special) to iusefp.o(.text) for __I$use$fp
    printfa.o(i._printf_core) refers to printfa.o(i._printf_pre_padding) for _printf_pre_padding
    printfa.o(i._printf_core) refers to uldiv.o(.text) for __aeabi_uldivmod
    printfa.o(i._printf_core) refers to printfa.o(i._printf_post_padding) for _printf_post_padding
    printfa.o(i._printf_core) refers to printfa.o(i._fp_digits) for _fp_digits
    printfa.o(i._printf_core) refers to uidiv.o(.text) for __aeabi_uidivmod
    printfa.o(i._printf_post_padding) refers (Special) to iusefp.o(.text) for __I$use$fp
    printfa.o(i._printf_pre_padding) refers (Special) to iusefp.o(.text) for __I$use$fp
    printfa.o(i._snputc) refers (Special) to iusefp.o(.text) for __I$use$fp
    printfa.o(i._sputc) refers (Special) to iusefp.o(.text) for __I$use$fp
    malloc.o(i.free) refers to mvars.o(.data) for __microlib_freelist
    malloc.o(i.malloc) refers to mvars.o(.data) for __microlib_freelist_initialised
    malloc.o(i.malloc) refers to mvars.o(.data) for __microlib_freelist
    malloc.o(i.malloc) refers to startup.o(HEAP) for __heap_base
    mallocr.o(i.__free$realloc) refers to mvars.o(.data) for __microlib_freelist
    mallocr.o(i.__malloc$realloc) refers to mallocr.o(i.internal_alloc) for internal_alloc
    mallocr.o(i.__malloc$realloc) refers to mvars.o(.data) for __microlib_freelist_initialised
    mallocr.o(i.__malloc$realloc) refers to startup.o(HEAP) for __heap_base
    mallocr.o(i.__malloc$realloc) refers to mvars.o(.data) for __microlib_freelist
    mallocr.o(i.internal_alloc) refers to memcpya.o(.text) for __aeabi_memcpy
    mallocr.o(i.internal_alloc) refers to mvars.o(.data) for __microlib_freelist
    mallocr.o(i.realloc) refers to mallocr.o(i.__free$realloc) for __free$realloc
    mallocr.o(i.realloc) refers to mallocr.o(i.internal_alloc) for internal_alloc
    mallocr.o(i.realloc) refers to mallocr.o(i.__malloc$realloc) for __malloc$realloc
    mallocr.o(i.realloc) refers to mvars.o(.data) for __microlib_freelist
    malloca.o(i.__aligned_malloc) refers to mvars.o(.data) for __microlib_freelist_initialised
    malloca.o(i.__aligned_malloc) refers to mvars.o(.data) for __microlib_freelist
    malloca.o(i.__aligned_malloc) refers to startup.o(HEAP) for __heap_base
    malloca.o(i.__free$memalign) refers to mvars.o(.data) for __microlib_freelist
    malloca.o(i.__malloc$memalign) refers to malloca.o(i.__aligned_malloc) for __aligned_malloc
    mallocra.o(i.__aligned_malloc$realloc) refers to mallocra.o(i.internal_alloc) for internal_alloc
    mallocra.o(i.__aligned_malloc$realloc) refers to mvars.o(.data) for __microlib_freelist_initialised
    mallocra.o(i.__aligned_malloc$realloc) refers to startup.o(HEAP) for __heap_base
    mallocra.o(i.__aligned_malloc$realloc) refers to mvars.o(.data) for __microlib_freelist
    mallocra.o(i.__free$realloc$memalign) refers to mvars.o(.data) for __microlib_freelist
    mallocra.o(i.__malloc$realloc$memalign) refers to mallocra.o(i.__aligned_malloc$realloc) for __aligned_malloc$realloc
    mallocra.o(i.__realloc$memalign) refers to mallocra.o(i.__free$realloc$memalign) for __free$realloc$memalign
    mallocra.o(i.__realloc$memalign) refers to mallocra.o(i.internal_alloc) for internal_alloc
    mallocra.o(i.__realloc$memalign) refers to mallocra.o(i.__malloc$realloc$memalign) for __malloc$realloc$memalign
    mallocra.o(i.__realloc$memalign) refers to mvars.o(.data) for __microlib_freelist
    mallocra.o(i.internal_alloc) refers to memcpya.o(.text) for __aeabi_memcpy
    mallocra.o(i.internal_alloc) refers to mvars.o(.data) for __microlib_freelist
    entry2.o(.ARM.Collect$$$$00000001) refers to entry2.o(.ARM.Collect$$$$00002712) for __lit__00000000
    entry2.o(.ARM.Collect$$$$00002712) refers to startup.o(STACK) for __initial_sp
    entry2.o(__vectab_stack_and_reset_area) refers to startup.o(STACK) for __initial_sp
    entry2.o(__vectab_stack_and_reset_area) refers to entry.o(.ARM.Collect$$$$00000000) for __main
    entry5.o(.ARM.Collect$$$$00000004) refers to init.o(.text) for __scatterload
    entry9a.o(.ARM.Collect$$$$0000000B) refers to main.o(i.main) for main
    entry9b.o(.ARM.Collect$$$$0000000C) refers to main.o(i.main) for main
    fputc.o(i.fputc) refers (Special) to iusesemip.o(.text) for __I$use$semihosting$fputc
    fputc.o(i.fputc) refers (Special) to semi.o(.text) for __semihosting_library_function
    uldiv.o(.text) refers to llushr.o(.text) for __aeabi_llsr
    uldiv.o(.text) refers to llshl.o(.text) for __aeabi_llsl
    dadd.o(.text) refers to llshl.o(.text) for __aeabi_llsl
    dadd.o(.text) refers to llsshr.o(.text) for __aeabi_lasr
    dadd.o(.text) refers to depilogue.o(.text) for _double_epilogue
    dmul.o(.text) refers to depilogue.o(.text) for _double_epilogue
    ddiv.o(.text) refers to depilogue.o(.text) for _double_round
    dfixul.o(.text) refers to llushr.o(.text) for __aeabi_llsr
    dfixul.o(.text) refers to llshl.o(.text) for __aeabi_llsl
    init.o(.text) refers to entry5.o(.ARM.Collect$$$$00000004) for __main_after_scatterload
    depilogue.o(.text) refers to llshl.o(.text) for __aeabi_llsl
    depilogue.o(.text) refers to llushr.o(.text) for __aeabi_llsr


==============================================================================

Removing Unused input sections from the image.

    Removing startup.o(.text), (0 bytes).
    Removing capteur.o(i.bump_test), (10 bytes).
    Removing capteur.o(i.bumper_check), (30 bytes).
    Removing capteur.o(i.sensor_test), (14 bytes).
    Removing capteur.o(i.wheel_test), (10 bytes).
    Removing motor_my.o(i.motor_test), (76 bytes).
    Removing motor_my.o(i.wait), (16 bytes).
    Removing message.o(i.mess_getSting), (4 bytes).
    Removing message.o(i.mess_test), (48 bytes).
    Removing sensors.o(i.BumpSensorDebouncer), (124 bytes).
    Removing sensors.o(i.BumpSensorGetDebounced), (40 bytes).
    Removing sensors.o(i.BumpSensorGetStatus), (64 bytes).
    Removing sensors.o(i.WheelSensorDisable), (20 bytes).
    Removing sensors.o(i.WheelSensorIntDisable), (32 bytes).
    Removing gpio.o(i.GPIOADCTriggerDisable), (14 bytes).
    Removing gpio.o(i.GPIOADCTriggerEnable), (14 bytes).
    Removing gpio.o(i.GPIODMATriggerDisable), (14 bytes).
    Removing gpio.o(i.GPIODMATriggerEnable), (14 bytes).
    Removing gpio.o(i.GPIODirModeGet), (34 bytes).
    Removing gpio.o(i.GPIOGetIntNumber), (216 bytes).
    Removing gpio.o(i.GPIOIntTypeGet), (48 bytes).
    Removing gpio.o(i.GPIOPadConfigGet), (140 bytes).
    Removing gpio.o(i.GPIOPinTypeADC), (28 bytes).
    Removing gpio.o(i.GPIOPinTypeCAN), (28 bytes).
    Removing gpio.o(i.GPIOPinTypeComparator), (28 bytes).
    Removing gpio.o(i.GPIOPinTypeEPI), (28 bytes).
    Removing gpio.o(i.GPIOPinTypeEthernetLED), (28 bytes).
    Removing gpio.o(i.GPIOPinTypeEthernetMII), (28 bytes).
    Removing gpio.o(i.GPIOPinTypeFan), (28 bytes).
    Removing gpio.o(i.GPIOPinTypeGPIOOutputOD), (28 bytes).
    Removing gpio.o(i.GPIOPinTypeI2C), (28 bytes).
    Removing gpio.o(i.GPIOPinTypeI2CSCL), (72 bytes).
    Removing gpio.o(i.GPIOPinTypeI2S), (28 bytes).
    Removing gpio.o(i.GPIOPinTypeLPC), (28 bytes).
    Removing gpio.o(i.GPIOPinTypePECIRx), (28 bytes).
    Removing gpio.o(i.GPIOPinTypePECITx), (28 bytes).
    Removing gpio.o(i.GPIOPinTypeQEI), (28 bytes).
    Removing gpio.o(i.GPIOPinTypeSSI), (28 bytes).
    Removing gpio.o(i.GPIOPinTypeTimer), (28 bytes).
    Removing gpio.o(i.GPIOPinTypeUSBAnalog), (28 bytes).
    Removing gpio.o(i.GPIOPinTypeUSBDigital), (28 bytes).
    Removing gpio.o(i.GPIOPortIntRegister), (26 bytes).
    Removing gpio.o(i.GPIOPortIntUnregister), (22 bytes).
    Removing interrupt.o(i.IntDefaultHandler), (2 bytes).
    Removing interrupt.o(i.IntDisable), (100 bytes).
    Removing interrupt.o(i.IntIsEnabled), (96 bytes).
    Removing interrupt.o(i.IntMasterDisable), (10 bytes).
    Removing interrupt.o(i.IntMasterEnable), (10 bytes).
    Removing interrupt.o(i.IntPendClear), (68 bytes).
    Removing interrupt.o(i.IntPendSet), (84 bytes).
    Removing interrupt.o(i.IntPriorityGet), (28 bytes).
    Removing interrupt.o(i.IntPriorityGroupingGet), (40 bytes).
    Removing interrupt.o(i.IntPriorityGroupingSet), (28 bytes).
    Removing interrupt.o(i.IntPriorityMaskGet), (4 bytes).
    Removing interrupt.o(i.IntPriorityMaskSet), (4 bytes).
    Removing interrupt.o(i.IntPrioritySet), (40 bytes).
    Removing interrupt.o(i.IntRegister), (52 bytes).
    Removing interrupt.o(i.IntUnregister), (20 bytes).
    Removing interrupt.o(vtable), (620 bytes).
    Removing pwm.o(i.PWMDeadBandDisable), (12 bytes).
    Removing pwm.o(i.PWMDeadBandEnable), (16 bytes).
    Removing pwm.o(i.PWMFaultIntClear), (8 bytes).
    Removing pwm.o(i.PWMFaultIntClearExt), (4 bytes).
    Removing pwm.o(i.PWMFaultIntRegister), (32 bytes).
    Removing pwm.o(i.PWMFaultIntUnregister), (32 bytes).
    Removing pwm.o(i.PWMGenDisable), (10 bytes).
    Removing pwm.o(i.PWMGenFaultClear), (18 bytes).
    Removing pwm.o(i.PWMGenFaultConfigure), (18 bytes).
    Removing pwm.o(i.PWMGenFaultStatus), (18 bytes).
    Removing pwm.o(i.PWMGenFaultTriggerGet), (12 bytes).
    Removing pwm.o(i.PWMGenFaultTriggerSet), (12 bytes).
    Removing pwm.o(i.PWMGenIntClear), (6 bytes).
    Removing pwm.o(i.PWMGenIntRegister), (108 bytes).
    Removing pwm.o(i.PWMGenIntStatus), (12 bytes).
    Removing pwm.o(i.PWMGenIntTrigDisable), (10 bytes).
    Removing pwm.o(i.PWMGenIntTrigEnable), (10 bytes).
    Removing pwm.o(i.PWMGenIntUnregister), (104 bytes).
    Removing pwm.o(i.PWMGenPeriodGet), (18 bytes).
    Removing pwm.o(i.PWMIntDisable), (10 bytes).
    Removing pwm.o(i.PWMIntEnable), (8 bytes).
    Removing pwm.o(i.PWMIntStatus), (10 bytes).
    Removing pwm.o(i.PWMOutputFault), (16 bytes).
    Removing pwm.o(i.PWMOutputFaultLevel), (16 bytes).
    Removing pwm.o(i.PWMPulseWidthGet), (32 bytes).
    Removing pwm.o(i.PWMSyncTimeBase), (4 bytes).
    Removing pwm.o(i.PWMSyncUpdate), (4 bytes).
    Removing sysctl.o(i.SysCtlADCSpeedGet), (16 bytes).
    Removing sysctl.o(i.SysCtlADCSpeedSet), (32 bytes).
    Removing sysctl.o(i.SysCtlBrownOutConfigSet), (16 bytes).
    Removing sysctl.o(i.SysCtlClkVerificationClear), (20 bytes).
    Removing sysctl.o(i.SysCtlDeepSleep), (32 bytes).
    Removing sysctl.o(i.SysCtlDeepSleepClockSet), (12 bytes).
    Removing sysctl.o(i.SysCtlFlashSizeGet), (20 bytes).
    Removing sysctl.o(i.SysCtlGPIOAHBDisable), (20 bytes).
    Removing sysctl.o(i.SysCtlGPIOAHBEnable), (16 bytes).
    Removing sysctl.o(i.SysCtlI2SMClkSet), (216 bytes).
    Removing sysctl.o(i.SysCtlIOSCVerificationSet), (24 bytes).
    Removing sysctl.o(i.SysCtlIntClear), (12 bytes).
    Removing sysctl.o(i.SysCtlIntDisable), (16 bytes).
    Removing sysctl.o(i.SysCtlIntEnable), (16 bytes).
    Removing sysctl.o(i.SysCtlIntRegister), (20 bytes).
    Removing sysctl.o(i.SysCtlIntStatus), (16 bytes).
    Removing sysctl.o(i.SysCtlIntUnregister), (18 bytes).
    Removing sysctl.o(i.SysCtlLDOConfigSet), (12 bytes).
    Removing sysctl.o(i.SysCtlLDOGet), (12 bytes).
    Removing sysctl.o(i.SysCtlLDOSet), (12 bytes).
    Removing sysctl.o(i.SysCtlMOSCConfigSet), (12 bytes).
    Removing sysctl.o(i.SysCtlMOSCVerificationSet), (24 bytes).
    Removing sysctl.o(i.SysCtlPIOSCCalibrate), (76 bytes).
    Removing sysctl.o(i.SysCtlPLLVerificationSet), (24 bytes).
    Removing sysctl.o(i.SysCtlPWMClockGet), (24 bytes).
    Removing sysctl.o(i.SysCtlPeripheralClockGating), (24 bytes).
    Removing sysctl.o(i.SysCtlPeripheralDeepSleepDisable), (80 bytes).
    Removing sysctl.o(i.SysCtlPeripheralDeepSleepEnable), (80 bytes).
    Removing sysctl.o(i.SysCtlPeripheralDisable), (80 bytes).
    Removing sysctl.o(i.SysCtlPeripheralPowerOff), (72 bytes).
    Removing sysctl.o(i.SysCtlPeripheralPowerOn), (72 bytes).
    Removing sysctl.o(i.SysCtlPeripheralPresent), (112 bytes).
    Removing sysctl.o(i.SysCtlPeripheralReady), (72 bytes).
    Removing sysctl.o(i.SysCtlPeripheralReset), (120 bytes).
    Removing sysctl.o(i.SysCtlPeripheralSleepDisable), (80 bytes).
    Removing sysctl.o(i.SysCtlPeripheralSleepEnable), (80 bytes).
    Removing sysctl.o(i.SysCtlPinPresent), (16 bytes).
    Removing sysctl.o(i.SysCtlReset), (16 bytes).
    Removing sysctl.o(i.SysCtlResetCauseClear), (16 bytes).
    Removing sysctl.o(i.SysCtlResetCauseGet), (12 bytes).
    Removing sysctl.o(i.SysCtlSRAMSizeGet), (20 bytes).
    Removing sysctl.o(i.SysCtlSleep), (4 bytes).
    Removing sysctl.o(i.SysCtlUSBPLLDisable), (16 bytes).
    Removing sysctl.o(i.SysCtlUSBPLLEnable), (16 bytes).
    Removing uart.o(i.UART9BitAddrSend), (34 bytes).
    Removing uart.o(i.UART9BitAddrSet), (10 bytes).
    Removing uart.o(i.UART9BitDisable), (14 bytes).
    Removing uart.o(i.UART9BitEnable), (14 bytes).
    Removing uart.o(i.UARTBreakCtl), (18 bytes).
    Removing uart.o(i.UARTBusy), (8 bytes).
    Removing uart.o(i.UARTCharGetNonBlocking), (16 bytes).
    Removing uart.o(i.UARTCharPutNonBlocking), (16 bytes).
    Removing uart.o(i.UARTCharsAvail), (10 bytes).
    Removing uart.o(i.UARTClockSourceGet), (6 bytes).
    Removing uart.o(i.UARTClockSourceSet), (6 bytes).
    Removing uart.o(i.UARTConfigGetExpClk), (46 bytes).
    Removing uart.o(i.UARTDMADisable), (10 bytes).
    Removing uart.o(i.UARTDMAEnable), (8 bytes).
    Removing uart.o(i.UARTDisable), (30 bytes).
    Removing uart.o(i.UARTDisableSIR), (10 bytes).
    Removing uart.o(i.UARTEnable), (20 bytes).
    Removing uart.o(i.UARTEnableSIR), (18 bytes).
    Removing uart.o(i.UARTFIFODisable), (10 bytes).
    Removing uart.o(i.UARTFIFOEnable), (10 bytes).
    Removing uart.o(i.UARTFIFOLevelGet), (16 bytes).
    Removing uart.o(i.UARTFIFOLevelSet), (6 bytes).
    Removing uart.o(i.UARTFlowControlGet), (8 bytes).
    Removing uart.o(i.UARTFlowControlSet), (12 bytes).
    Removing uart.o(i.UARTIntClear), (4 bytes).
    Removing uart.o(i.UARTIntDisable), (10 bytes).
    Removing uart.o(i.UARTIntEnable), (8 bytes).
    Removing uart.o(i.UARTIntRegister), (52 bytes).
    Removing uart.o(i.UARTIntStatus), (10 bytes).
    Removing uart.o(i.UARTIntUnregister), (52 bytes).
    Removing uart.o(i.UARTModemControlClear), (14 bytes).
    Removing uart.o(i.UARTModemControlGet), (8 bytes).
    Removing uart.o(i.UARTModemControlSet), (12 bytes).
    Removing uart.o(i.UARTModemStatusGet), (10 bytes).
    Removing uart.o(i.UARTParityModeGet), (8 bytes).
    Removing uart.o(i.UARTParityModeSet), (12 bytes).
    Removing uart.o(i.UARTRxErrorClear), (6 bytes).
    Removing uart.o(i.UARTRxErrorGet), (8 bytes).
    Removing uart.o(i.UARTSmartCardDisable), (10 bytes).
    Removing uart.o(i.UARTSmartCardEnable), (22 bytes).
    Removing uart.o(i.UARTSpaceAvail), (10 bytes).
    Removing uart.o(i.UARTTxIntModeGet), (8 bytes).
    Removing uart.o(i.UARTTxIntModeSet), (12 bytes).
    Removing uart.o(.constdata), (64 bytes).
    Removing cpu.o(.emb_text), (38 bytes).
    Removing dadd.o(.text), (334 bytes).
    Removing dmul.o(.text), (228 bytes).
    Removing ddiv.o(.text), (222 bytes).
    Removing dfixul.o(.text), (48 bytes).
    Removing cdrcmple.o(.text), (48 bytes).
    Removing depilogue.o(.text), (186 bytes).

181 unused section(s) (total 6878 bytes) removed from the image.

==============================================================================

Image Symbol Table

    Local Symbols

    Symbol Name                              Value     Ov Type        Size  Object(Section)

    RESET                                    0x00000000   Section      632  startup.o(RESET)
    ../clib/microlib/division.c              0x00000000   Number         0  uldiv.o ABSOLUTE
    ../clib/microlib/division.c              0x00000000   Number         0  uidiv.o ABSOLUTE
    ../clib/microlib/init/entry.s            0x00000000   Number         0  entry10b.o ABSOLUTE
    ../clib/microlib/init/entry.s            0x00000000   Number         0  entry5.o ABSOLUTE
    ../clib/microlib/init/entry.s            0x00000000   Number         0  entry2.o ABSOLUTE
    ../clib/microlib/init/entry.s            0x00000000   Number         0  entry7a.o ABSOLUTE
    ../clib/microlib/init/entry.s            0x00000000   Number         0  entry7b.o ABSOLUTE
    ../clib/microlib/init/entry.s            0x00000000   Number         0  entry8a.o ABSOLUTE
    ../clib/microlib/init/entry.s            0x00000000   Number         0  entry8b.o ABSOLUTE
    ../clib/microlib/init/entry.s            0x00000000   Number         0  entry.o ABSOLUTE
    ../clib/microlib/init/entry.s            0x00000000   Number         0  entry9a.o ABSOLUTE
    ../clib/microlib/init/entry.s            0x00000000   Number         0  entry11b.o ABSOLUTE
    ../clib/microlib/init/entry.s            0x00000000   Number         0  entry10a.o ABSOLUTE
    ../clib/microlib/init/entry.s            0x00000000   Number         0  entry11a.o ABSOLUTE
    ../clib/microlib/init/entry.s            0x00000000   Number         0  entry9b.o ABSOLUTE
    ../clib/microlib/longlong.c              0x00000000   Number         0  llshl.o ABSOLUTE
    ../clib/microlib/longlong.c              0x00000000   Number         0  llushr.o ABSOLUTE
    ../clib/microlib/longlong.c              0x00000000   Number         0  llsshr.o ABSOLUTE
    ../clib/microlib/malloc/malloc.c         0x00000000   Number         0  mallocr.o ABSOLUTE
    ../clib/microlib/malloc/malloc.c         0x00000000   Number         0  malloca.o ABSOLUTE
    ../clib/microlib/malloc/malloc.c         0x00000000   Number         0  mallocra.o ABSOLUTE
    ../clib/microlib/malloc/malloc.c         0x00000000   Number         0  malloc.o ABSOLUTE
    ../clib/microlib/malloc/mvars.c          0x00000000   Number         0  mvars.o ABSOLUTE
    ../clib/microlib/printf/printf.c         0x00000000   Number         0  printf0.o ABSOLUTE
    ../clib/microlib/printf/printf.c         0x00000000   Number         0  printf1.o ABSOLUTE
    ../clib/microlib/printf/printf.c         0x00000000   Number         0  printfa.o ABSOLUTE
    ../clib/microlib/printf/printf.c         0x00000000   Number         0  printf2.o ABSOLUTE
    ../clib/microlib/printf/printf.c         0x00000000   Number         0  printf3.o ABSOLUTE
    ../clib/microlib/printf/printf.c         0x00000000   Number         0  printf4.o ABSOLUTE
    ../clib/microlib/printf/printf.c         0x00000000   Number         0  printf6.o ABSOLUTE
    ../clib/microlib/printf/printf.c         0x00000000   Number         0  printf7.o ABSOLUTE
    ../clib/microlib/printf/printf.c         0x00000000   Number         0  printf8.o ABSOLUTE
    ../clib/microlib/printf/printf.c         0x00000000   Number         0  printf5.o ABSOLUTE
    ../clib/microlib/printf/printf.c         0x00000000   Number         0  printfb.o ABSOLUTE
    ../clib/microlib/printf/stubs.s          0x00000000   Number         0  stubs.o ABSOLUTE
    ../clib/microlib/stdio/fputc.c           0x00000000   Number         0  fputc.o ABSOLUTE
    ../clib/microlib/stdio/semi.s            0x00000000   Number         0  semi.o ABSOLUTE
    ../clib/microlib/stdio/streams.c         0x00000000   Number         0  stdout.o ABSOLUTE
    ../clib/microlib/string/memcpy.c         0x00000000   Number         0  memcpya.o ABSOLUTE
    ../clib/microlib/string/memcpy.c         0x00000000   Number         0  memcpyb.o ABSOLUTE
    ../clib/microlib/stubs.s                 0x00000000   Number         0  iusefp.o ABSOLUTE
    ../clib/microlib/stubs.s                 0x00000000   Number         0  iusesemip.o ABSOLUTE
    ../fplib/microlib/fpadd.c                0x00000000   Number         0  dadd.o ABSOLUTE
    ../fplib/microlib/fpdiv.c                0x00000000   Number         0  ddiv.o ABSOLUTE
    ../fplib/microlib/fpepilogue.c           0x00000000   Number         0  depilogue.o ABSOLUTE
    ../fplib/microlib/fpfix.c                0x00000000   Number         0  dfixul.o ABSOLUTE
    ../fplib/microlib/fpmul.c                0x00000000   Number         0  dmul.o ABSOLUTE
    ..\AlgoCarto\lib\StellarisWare\boards\ek-evalbot\drivers\motor.c 0x00000000   Number         0  motor.o ABSOLUTE
    ..\AlgoCarto\lib\StellarisWare\boards\ek-evalbot\drivers\sensors.c 0x00000000   Number         0  sensors.o ABSOLUTE
    Startup.s                                0x00000000   Number         0  startup.o ABSOLUTE
    capteur.c                                0x00000000   Number         0  capteur.o ABSOLUTE
    cdrcmple.s                               0x00000000   Number         0  cdrcmple.o ABSOLUTE
    cpu.c                                    0x00000000   Number         0  cpu.o ABSOLUTE
    cpu.c                                    0x00000000   Number         0  cpu.o ABSOLUTE
    dc.s                                     0x00000000   Number         0  dc.o ABSOLUTE
    gpio.c                                   0x00000000   Number         0  gpio.o ABSOLUTE
    handlers.s                               0x00000000   Number         0  handlers.o ABSOLUTE
    init.s                                   0x00000000   Number         0  init.o ABSOLUTE
    interrupt.c                              0x00000000   Number         0  interrupt.o ABSOLUTE
    main.c                                   0x00000000   Number         0  main.o ABSOLUTE
    message.c                                0x00000000   Number         0  message.o ABSOLUTE
    motor_my.c                               0x00000000   Number         0  motor_my.o ABSOLUTE
    pwm.c                                    0x00000000   Number         0  pwm.o ABSOLUTE
    sysctl.c                                 0x00000000   Number         0  sysctl.o ABSOLUTE
    sysctl.c                                 0x00000000   Number         0  sysctl.o ABSOLUTE
    uart.c                                   0x00000000   Number         0  uart.o ABSOLUTE
    NmiSR                                    0x00000271   Thumb Code     0  startup.o(RESET)
    FaultISR                                 0x00000273   Thumb Code     0  startup.o(RESET)
    IntDefaultHandler                        0x00000275   Thumb Code     0  startup.o(RESET)
    .ARM.Collect$$$$00000000                 0x00000278   Section        0  entry.o(.ARM.Collect$$$$00000000)
    .ARM.Collect$$$$00000001                 0x00000278   Section        4  entry2.o(.ARM.Collect$$$$00000001)
    .ARM.Collect$$$$00000004                 0x0000027c   Section        4  entry5.o(.ARM.Collect$$$$00000004)
    .ARM.Collect$$$$00000008                 0x00000280   Section        0  entry7b.o(.ARM.Collect$$$$00000008)
    .ARM.Collect$$$$0000000A                 0x00000280   Section        0  entry8b.o(.ARM.Collect$$$$0000000A)
    .ARM.Collect$$$$0000000B                 0x00000280   Section        8  entry9a.o(.ARM.Collect$$$$0000000B)
    .ARM.Collect$$$$0000000D                 0x00000288   Section        0  entry10a.o(.ARM.Collect$$$$0000000D)
    .ARM.Collect$$$$0000000F                 0x00000288   Section        0  entry11a.o(.ARM.Collect$$$$0000000F)
    .ARM.Collect$$$$00002712                 0x00000288   Section        4  entry2.o(.ARM.Collect$$$$00002712)
    __lit__00000000                          0x00000288   Data           4  entry2.o(.ARM.Collect$$$$00002712)
    .emb_text                                0x0000028c   Section        6  sysctl.o(.emb_text)
    .text                                    0x00000292   Section        0  uidiv.o(.text)
    .text                                    0x000002c0   Section       36  init.o(.text)
    i.BumpSensorsInit                        0x000002e4   Section        0  sensors.o(i.BumpSensorsInit)
    i.BumpSensorsInterupEnable               0x0000030c   Section        0  sensors.o(i.BumpSensorsInterupEnable)
    i.BumperEnableSide                       0x00000318   Section        0  sensors.o(i.BumperEnableSide)
    i.GPIODirModeSet                         0x00000338   Section        0  gpio.o(i.GPIODirModeSet)
    i.GPIOIntTypeSet                         0x00000360   Section        0  gpio.o(i.GPIOIntTypeSet)
    i.GPIOPadConfigSet                       0x0000039a   Section        0  gpio.o(i.GPIOPadConfigSet)
    i.GPIOPinConfigure                       0x0000044c   Section        0  gpio.o(i.GPIOPinConfigure)
    i.GPIOPinIntClear                        0x00000494   Section        0  gpio.o(i.GPIOPinIntClear)
    i.GPIOPinIntDisable                      0x0000049a   Section        0  gpio.o(i.GPIOPinIntDisable)
    i.GPIOPinIntEnable                       0x000004a8   Section        0  gpio.o(i.GPIOPinIntEnable)
    i.GPIOPinIntStatus                       0x000004b6   Section        0  gpio.o(i.GPIOPinIntStatus)
    i.GPIOPinRead                            0x000004c4   Section        0  gpio.o(i.GPIOPinRead)
    i.GPIOPinTypeGPIOInput                   0x000004ca   Section        0  gpio.o(i.GPIOPinTypeGPIOInput)
    i.GPIOPinTypeGPIOOutput                  0x000004e6   Section        0  gpio.o(i.GPIOPinTypeGPIOOutput)
    i.GPIOPinTypePWM                         0x00000502   Section        0  gpio.o(i.GPIOPinTypePWM)
    i.GPIOPinTypeUART                        0x0000051e   Section        0  gpio.o(i.GPIOPinTypeUART)
    i.GPIOPinWrite                           0x0000053a   Section        0  gpio.o(i.GPIOPinWrite)
    i.IntEnable                              0x00000540   Section        0  interrupt.o(i.IntEnable)
    i.MotorDir                               0x000005a4   Section        0  motor.o(i.MotorDir)
    i.MotorRun                               0x000005e8   Section        0  motor.o(i.MotorRun)
    i.MotorSpeed                             0x00000608   Section        0  motor.o(i.MotorSpeed)
    i.MotorStop                              0x00000658   Section        0  motor.o(i.MotorStop)
    i.MotorsInit                             0x00000684   Section        0  motor.o(i.MotorsInit)
    i.PWMGenConfigure                        0x00000794   Section        0  pwm.o(i.PWMGenConfigure)
    i.PWMGenEnable                           0x000007ba   Section        0  pwm.o(i.PWMGenEnable)
    i.PWMGenPeriodSet                        0x000007c4   Section        0  pwm.o(i.PWMGenPeriodSet)
    i.PWMOutputInvert                        0x000007d6   Section        0  pwm.o(i.PWMOutputInvert)
    i.PWMOutputState                         0x000007e6   Section        0  pwm.o(i.PWMOutputState)
    i.PWMPulseWidthSet                       0x000007f6   Section        0  pwm.o(i.PWMPulseWidthSet)
    i.SysCtlClockGet                         0x00000818   Section        0  sysctl.o(i.SysCtlClockGet)
    i.SysCtlClockSet                         0x00000a48   Section        0  sysctl.o(i.SysCtlClockSet)
    i.SysCtlPWMClockSet                      0x00000b94   Section        0  sysctl.o(i.SysCtlPWMClockSet)
    i.SysCtlPeripheralEnable                 0x00000ba8   Section        0  sysctl.o(i.SysCtlPeripheralEnable)
    i.UARTCharGet                            0x00000bf8   Section        0  uart.o(i.UARTCharGet)
    i.UARTCharPut                            0x00000c04   Section        0  uart.o(i.UARTCharPut)
    i.UARTConfigSetExpClk                    0x00000c10   Section        0  uart.o(i.UARTConfigSetExpClk)
    i.WheelSensorEnable                      0x00000c80   Section        0  sensors.o(i.WheelSensorEnable)
    i.WheelSensorIntEnable                   0x00000c94   Section        0  sensors.o(i.WheelSensorIntEnable)
    i.WheelSensorIntHandler                  0x00000cc4   Section        0  sensors.o(i.WheelSensorIntHandler)
    i.WheelSensorsInit                       0x00000d90   Section        0  sensors.o(i.WheelSensorsInit)
    i.__0sprintf$6                           0x00000e18   Section        0  printf6.o(i.__0sprintf$6)
    i.__scatterload_copy                     0x00000e40   Section       14  handlers.o(i.__scatterload_copy)
    i.__scatterload_null                     0x00000e4e   Section        2  handlers.o(i.__scatterload_null)
    i.__scatterload_zeroinit                 0x00000e50   Section       14  handlers.o(i.__scatterload_zeroinit)
    i._printf_core                           0x00000e60   Section        0  printf6.o(i._printf_core)
    _printf_core                             0x00000e61   Thumb Code   748  printf6.o(i._printf_core)
    i._printf_post_padding                   0x00001150   Section        0  printf6.o(i._printf_post_padding)
    _printf_post_padding                     0x00001151   Thumb Code    36  printf6.o(i._printf_post_padding)
    i._printf_pre_padding                    0x00001174   Section        0  printf6.o(i._printf_pre_padding)
    _printf_pre_padding                      0x00001175   Thumb Code    46  printf6.o(i._printf_pre_padding)
    i._sputc                                 0x000011a2   Section        0  printf6.o(i._sputc)
    _sputc                                   0x000011a3   Thumb Code    10  printf6.o(i._sputc)
    i.actionInt                              0x000011ac   Section        0  capteur.o(i.actionInt)
    i.bump_init                              0x0000120c   Section        0  capteur.o(i.bump_init)
    i.bump_interuptFunction                  0x0000122c   Section        0  capteur.o(i.bump_interuptFunction)
    i.main                                   0x000012a8   Section        0  main.o(i.main)
    i.malloc                                 0x0000135c   Section        0  malloc.o(i.malloc)
    i.mess_get                               0x000013c8   Section        0  message.o(i.mess_get)
    i.mess_init                              0x000013dc   Section        0  message.o(i.mess_init)
    i.mess_set                               0x00001438   Section        0  message.o(i.mess_set)
    i.mess_setString                         0x0000144c   Section        0  message.o(i.mess_setString)
    i.motor_DOWN                             0x00001468   Section        0  motor_my.o(i.motor_DOWN)
    i.motor_LEFT                             0x000014a8   Section        0  motor_my.o(i.motor_LEFT)
    i.motor_RIGHT                            0x000014e0   Section        0  motor_my.o(i.motor_RIGHT)
    i.motor_STOP                             0x00001518   Section        0  motor_my.o(i.motor_STOP)
    i.motor_UP                               0x00001578   Section        0  motor_my.o(i.motor_UP)
    i.motor_init                             0x000015a8   Section        0  motor_my.o(i.motor_init)
    i.wheel_init                             0x000015c8   Section        0  capteur.o(i.wheel_init)
    i.wheel_interuptFunction                 0x000015e8   Section        0  capteur.o(i.wheel_interuptFunction)
    .constdata                               0x000017c0   Section      120  gpio.o(.constdata)
    g_pulGPIOBaseAddrs                       0x000017c0   Data         120  gpio.o(.constdata)
    .constdata                               0x00001838   Section      268  interrupt.o(.constdata)
    g_pulPriority                            0x00001838   Data          32  interrupt.o(.constdata)
    g_pulRegs                                0x00001858   Data         156  interrupt.o(.constdata)
    g_pulEnRegs                              0x000018f4   Data          20  interrupt.o(.constdata)
    g_pulDisRegs                             0x00001908   Data          20  interrupt.o(.constdata)
    g_pulPendRegs                            0x0000191c   Data          20  interrupt.o(.constdata)
    g_pulUnpendRegs                          0x00001930   Data          20  interrupt.o(.constdata)
    .constdata                               0x00001944   Section      460  sysctl.o(.constdata)
    g_pulDCRegs                              0x00001944   Data          16  sysctl.o(.constdata)
    g_pulSRCRRegs                            0x00001954   Data          12  sysctl.o(.constdata)
    g_pulRCGCRegs                            0x00001960   Data          12  sysctl.o(.constdata)
    g_pulSCGCRegs                            0x0000196c   Data          12  sysctl.o(.constdata)
    g_pulDCGCRegs                            0x00001978   Data          12  sysctl.o(.constdata)
    g_pulXtals                               0x00001984   Data         108  sysctl.o(.constdata)
    g_ppulPeripheralMap                      0x000019f0   Data         288  sysctl.o(.constdata)
    .data                                    0x20000000   Section        4  main.o(.data)
    .data                                    0x20000004   Section       11  sensors.o(.data)
    g_pfnWheelCallback                       0x20000004   Data           4  sensors.o(.data)
    g_pfnBumpCallback                        0x20000008   Data           4  sensors.o(.data)
    g_ucDebouncedBumpers                     0x2000000c   Data           1  sensors.o(.data)
    ucBumperClockA                           0x2000000d   Data           1  sensors.o(.data)
    ucBumperClockB                           0x2000000e   Data           1  sensors.o(.data)
    .data                                    0x20000010   Section        4  mvars.o(.data)
    .data                                    0x20000014   Section        4  mvars.o(.data)
    HEAP                                     0x20000018   Section    65536  startup.o(HEAP)
    STACK                                    0x20010018   Section     4096  startup.o(STACK)
    StackMem                                 0x20010018   Data           0  startup.o(STACK)

    Global Symbols

    Symbol Name                              Value     Ov Type        Size  Object(Section)

    BuildAttributes$$THM_ISAv4$P$D$K$B$S$PE$A:L22UL41UL21$X:L11$S22US41US21$IEEE1$IW$USESV6$~STKCKD$USESV7$~SHL$OTIME$ROPI$EBA8$MICROLIB$REQ8$PRES8$EABIv2 0x00000000   Number         0  anon$$obj.o ABSOLUTE
    __ARM_use_no_argv                        0x00000000   Number         0  main.o ABSOLUTE
    __Vectors                                0x00000000   Data           0  startup.o(RESET)
    _printf_a                                0x00000000   Number         0  stubs.o ABSOLUTE
    _printf_c                                0x00000000   Number         0  stubs.o ABSOLUTE
    _printf_charcount                        0x00000000   Number         0  stubs.o ABSOLUTE
    _printf_d                                0x00000000   Number         0  stubs.o ABSOLUTE
    _printf_e                                0x00000000   Number         0  stubs.o ABSOLUTE
    _printf_f                                0x00000000   Number         0  stubs.o ABSOLUTE
    _printf_flags                            0x00000000   Number         0  stubs.o ABSOLUTE
    _printf_fp_dec                           0x00000000   Number         0  stubs.o ABSOLUTE
    _printf_fp_hex                           0x00000000   Number         0  stubs.o ABSOLUTE
    _printf_g                                0x00000000   Number         0  stubs.o ABSOLUTE
    _printf_i                                0x00000000   Number         0  stubs.o ABSOLUTE
    _printf_int_dec                          0x00000000   Number         0  stubs.o ABSOLUTE
    _printf_l                                0x00000000   Number         0  stubs.o ABSOLUTE
    _printf_lc                               0x00000000   Number         0  stubs.o ABSOLUTE
    _printf_ll                               0x00000000   Number         0  stubs.o ABSOLUTE
    _printf_lld                              0x00000000   Number         0  stubs.o ABSOLUTE
    _printf_lli                              0x00000000   Number         0  stubs.o ABSOLUTE
    _printf_llo                              0x00000000   Number         0  stubs.o ABSOLUTE
    _printf_llu                              0x00000000   Number         0  stubs.o ABSOLUTE
    _printf_llx                              0x00000000   Number         0  stubs.o ABSOLUTE
    _printf_longlong_dec                     0x00000000   Number         0  stubs.o ABSOLUTE
    _printf_longlong_hex                     0x00000000   Number         0  stubs.o ABSOLUTE
    _printf_longlong_oct                     0x00000000   Number         0  stubs.o ABSOLUTE
    _printf_ls                               0x00000000   Number         0  stubs.o ABSOLUTE
    _printf_mbtowc                           0x00000000   Number         0  stubs.o ABSOLUTE
    _printf_n                                0x00000000   Number         0  stubs.o ABSOLUTE
    _printf_o                                0x00000000   Number         0  stubs.o ABSOLUTE
    _printf_p                                0x00000000   Number         0  stubs.o ABSOLUTE
    _printf_percent                          0x00000000   Number         0  stubs.o ABSOLUTE
    _printf_pre_padding                      0x00000000   Number         0  stubs.o ABSOLUTE
    _printf_return_value                     0x00000000   Number         0  stubs.o ABSOLUTE
    _printf_s                                0x00000000   Number         0  stubs.o ABSOLUTE
    _printf_sizespec                         0x00000000   Number         0  stubs.o ABSOLUTE
    _printf_str                              0x00000000   Number         0  stubs.o ABSOLUTE
    _printf_truncate_signed                  0x00000000   Number         0  stubs.o ABSOLUTE
    _printf_truncate_unsigned                0x00000000   Number         0  stubs.o ABSOLUTE
    _printf_u                                0x00000000   Number         0  stubs.o ABSOLUTE
    _printf_wc                               0x00000000   Number         0  stubs.o ABSOLUTE
    _printf_wctomb                           0x00000000   Number         0  stubs.o ABSOLUTE
    _printf_widthprec                        0x00000000   Number         0  stubs.o ABSOLUTE
    _printf_x                                0x00000000   Number         0  stubs.o ABSOLUTE
    __cpp_initialize__aeabi_                  - Undefined Weak Reference
    __cxa_finalize                            - Undefined Weak Reference
    __decompress                              - Undefined Weak Reference
    _clock_init                               - Undefined Weak Reference
    _microlib_exit                            - Undefined Weak Reference
    Reset_Handler                            0x0000026d   Thumb Code     0  startup.o(RESET)
    __main                                   0x00000279   Thumb Code     0  entry.o(.ARM.Collect$$$$00000000)
    _main_stk                                0x00000279   Thumb Code     0  entry2.o(.ARM.Collect$$$$00000001)
    _main_scatterload                        0x0000027d   Thumb Code     0  entry5.o(.ARM.Collect$$$$00000004)
    __main_after_scatterload                 0x00000281   Thumb Code     0  entry5.o(.ARM.Collect$$$$00000004)
    _main_clock                              0x00000281   Thumb Code     0  entry7b.o(.ARM.Collect$$$$00000008)
    _main_cpp_init                           0x00000281   Thumb Code     0  entry8b.o(.ARM.Collect$$$$0000000A)
    _main_init                               0x00000281   Thumb Code     0  entry9a.o(.ARM.Collect$$$$0000000B)
    __rt_final_cpp                           0x00000289   Thumb Code     0  entry10a.o(.ARM.Collect$$$$0000000D)
    __rt_final_exit                          0x00000289   Thumb Code     0  entry11a.o(.ARM.Collect$$$$0000000F)
    SysCtlDelay                              0x0000028d   Thumb Code     6  sysctl.o(.emb_text)
    __aeabi_uidiv                            0x00000293   Thumb Code     0  uidiv.o(.text)
    __aeabi_uidivmod                         0x00000293   Thumb Code    44  uidiv.o(.text)
    __scatterload                            0x000002c1   Thumb Code    28  init.o(.text)
    __scatterload_rt2                        0x000002c1   Thumb Code     0  init.o(.text)
    BumpSensorsInit                          0x000002e5   Thumb Code    30  sensors.o(i.BumpSensorsInit)
    BumpSensorsInterupEnable                 0x0000030d   Thumb Code     6  sensors.o(i.BumpSensorsInterupEnable)
    BumperEnableSide                         0x00000319   Thumb Code    26  sensors.o(i.BumperEnableSide)
    GPIODirModeSet                           0x00000339   Thumb Code    40  gpio.o(i.GPIODirModeSet)
    GPIOIntTypeSet                           0x00000361   Thumb Code    58  gpio.o(i.GPIOIntTypeSet)
    GPIOPadConfigSet                         0x0000039b   Thumb Code   176  gpio.o(i.GPIOPadConfigSet)
    GPIOPinConfigure                         0x0000044d   Thumb Code    64  gpio.o(i.GPIOPinConfigure)
    GPIOPinIntClear                          0x00000495   Thumb Code     6  gpio.o(i.GPIOPinIntClear)
    GPIOPinIntDisable                        0x0000049b   Thumb Code    14  gpio.o(i.GPIOPinIntDisable)
    GPIOPinIntEnable                         0x000004a9   Thumb Code    14  gpio.o(i.GPIOPinIntEnable)
    GPIOPinIntStatus                         0x000004b7   Thumb Code    14  gpio.o(i.GPIOPinIntStatus)
    GPIOPinRead                              0x000004c5   Thumb Code     6  gpio.o(i.GPIOPinRead)
    GPIOPinTypeGPIOInput                     0x000004cb   Thumb Code    28  gpio.o(i.GPIOPinTypeGPIOInput)
    GPIOPinTypeGPIOOutput                    0x000004e7   Thumb Code    28  gpio.o(i.GPIOPinTypeGPIOOutput)
    GPIOPinTypePWM                           0x00000503   Thumb Code    28  gpio.o(i.GPIOPinTypePWM)
    GPIOPinTypeUART                          0x0000051f   Thumb Code    28  gpio.o(i.GPIOPinTypeUART)
    GPIOPinWrite                             0x0000053b   Thumb Code     6  gpio.o(i.GPIOPinWrite)
    IntEnable                                0x00000541   Thumb Code    92  interrupt.o(i.IntEnable)
    MotorDir                                 0x000005a5   Thumb Code    60  motor.o(i.MotorDir)
    MotorRun                                 0x000005e9   Thumb Code    24  motor.o(i.MotorRun)
    MotorSpeed                               0x00000609   Thumb Code    76  motor.o(i.MotorSpeed)
    MotorStop                                0x00000659   Thumb Code    34  motor.o(i.MotorStop)
    MotorsInit                               0x00000685   Thumb Code   246  motor.o(i.MotorsInit)
    PWMGenConfigure                          0x00000795   Thumb Code    38  pwm.o(i.PWMGenConfigure)
    PWMGenEnable                             0x000007bb   Thumb Code    10  pwm.o(i.PWMGenEnable)
    PWMGenPeriodSet                          0x000007c5   Thumb Code    18  pwm.o(i.PWMGenPeriodSet)
    PWMOutputInvert                          0x000007d7   Thumb Code    16  pwm.o(i.PWMOutputInvert)
    PWMOutputState                           0x000007e7   Thumb Code    16  pwm.o(i.PWMOutputState)
    PWMPulseWidthSet                         0x000007f7   Thumb Code    32  pwm.o(i.PWMPulseWidthSet)
    SysCtlClockGet                           0x00000819   Thumb Code   514  sysctl.o(i.SysCtlClockGet)
    SysCtlClockSet                           0x00000a49   Thumb Code   310  sysctl.o(i.SysCtlClockSet)
    SysCtlPWMClockSet                        0x00000b95   Thumb Code    14  sysctl.o(i.SysCtlPWMClockSet)
    SysCtlPeripheralEnable                   0x00000ba9   Thumb Code    70  sysctl.o(i.SysCtlPeripheralEnable)
    UARTCharGet                              0x00000bf9   Thumb Code    12  uart.o(i.UARTCharGet)
    UARTCharPut                              0x00000c05   Thumb Code    12  uart.o(i.UARTCharPut)
    UARTConfigSetExpClk                      0x00000c11   Thumb Code   110  uart.o(i.UARTConfigSetExpClk)
    WheelSensorEnable                        0x00000c81   Thumb Code    14  sensors.o(i.WheelSensorEnable)
    WheelSensorIntEnable                     0x00000c95   Thumb Code    42  sensors.o(i.WheelSensorIntEnable)
    WheelSensorIntHandler                    0x00000cc5   Thumb Code   190  sensors.o(i.WheelSensorIntHandler)
    WheelSensorsInit                         0x00000d91   Thumb Code   122  sensors.o(i.WheelSensorsInit)
    __0sprintf$6                             0x00000e19   Thumb Code    34  printf6.o(i.__0sprintf$6)
    __1sprintf$6                             0x00000e19   Thumb Code     0  printf6.o(i.__0sprintf$6)
    __2sprintf                               0x00000e19   Thumb Code     0  printf6.o(i.__0sprintf$6)
    __scatterload_copy                       0x00000e41   Thumb Code    14  handlers.o(i.__scatterload_copy)
    __scatterload_null                       0x00000e4f   Thumb Code     2  handlers.o(i.__scatterload_null)
    __scatterload_zeroinit                   0x00000e51   Thumb Code    14  handlers.o(i.__scatterload_zeroinit)
    actionInt                                0x000011ad   Thumb Code    90  capteur.o(i.actionInt)
    bump_init                                0x0000120d   Thumb Code    28  capteur.o(i.bump_init)
    bump_interuptFunction                    0x0000122d   Thumb Code    96  capteur.o(i.bump_interuptFunction)
    main                                     0x000012a9   Thumb Code   152  main.o(i.main)
    malloc                                   0x0000135d   Thumb Code    92  malloc.o(i.malloc)
    mess_get                                 0x000013c9   Thumb Code    14  message.o(i.mess_get)
    mess_init                                0x000013dd   Thumb Code    64  message.o(i.mess_init)
    mess_set                                 0x00001439   Thumb Code    16  message.o(i.mess_set)
    mess_setString                           0x0000144d   Thumb Code    26  message.o(i.mess_setString)
    motor_DOWN                               0x00001469   Thumb Code    58  motor_my.o(i.motor_DOWN)
    motor_LEFT                               0x000014a9   Thumb Code    50  motor_my.o(i.motor_LEFT)
    motor_RIGHT                              0x000014e1   Thumb Code    50  motor_my.o(i.motor_RIGHT)
    motor_STOP                               0x00001519   Thumb Code    66  motor_my.o(i.motor_STOP)
    motor_UP                                 0x00001579   Thumb Code    42  motor_my.o(i.motor_UP)
    motor_init                               0x000015a9   Thumb Code    30  motor_my.o(i.motor_init)
    wheel_init                               0x000015c9   Thumb Code    28  capteur.o(i.wheel_init)
    wheel_interuptFunction                   0x000015e9   Thumb Code   466  capteur.o(i.wheel_interuptFunction)
    Region$$Table$$Base                      0x00001b10   Number         0  anon$$obj.o(Region$$Table)
    Region$$Table$$Limit                     0x00001b30   Number         0  anon$$obj.o(Region$$Table)
    evalbot                                  0x20000000   Data           4  main.o(.data)
    __microlib_freelist                      0x20000010   Data           4  mvars.o(.data)
    __microlib_freelist_initialised          0x20000014   Data           4  mvars.o(.data)
    __heap_base                              0x20000018   Data           0  startup.o(HEAP)
    __heap_limit                             0x20010018   Data           0  startup.o(HEAP)
    __initial_sp                             0x20011018   Data           0  startup.o(STACK)



==============================================================================

Memory Map of the image

  Image Entry point : 0x0000026d

  Load Region LR_1 (Base: 0x00000000, Size: 0x00001b48, Max: 0xffffffff, ABSOLUTE)

    Execution Region ER_RO (Base: 0x00000000, Size: 0x00001b30, Max: 0xffffffff, ABSOLUTE)

    Base Addr    Size         Type   Attr      Idx    E Section Name        Object

    0x00000000   0x00000278   Code   RO            3  * RESET               startup.o
    0x00000278   0x00000000   Code   RO         1596  * .ARM.Collect$$$$00000000  mc_w.l(entry.o)
    0x00000278   0x00000004   Code   RO         1888    .ARM.Collect$$$$00000001  mc_w.l(entry2.o)
    0x0000027c   0x00000004   Code   RO         1891    .ARM.Collect$$$$00000004  mc_w.l(entry5.o)
    0x00000280   0x00000000   Code   RO         1893    .ARM.Collect$$$$00000008  mc_w.l(entry7b.o)
    0x00000280   0x00000000   Code   RO         1895    .ARM.Collect$$$$0000000A  mc_w.l(entry8b.o)
    0x00000280   0x00000008   Code   RO         1896    .ARM.Collect$$$$0000000B  mc_w.l(entry9a.o)
    0x00000288   0x00000000   Code   RO         1898    .ARM.Collect$$$$0000000D  mc_w.l(entry10a.o)
    0x00000288   0x00000000   Code   RO         1900    .ARM.Collect$$$$0000000F  mc_w.l(entry11a.o)
    0x00000288   0x00000004   Code   RO         1889    .ARM.Collect$$$$00002712  mc_w.l(entry2.o)
    0x0000028c   0x00000006   Code   RO          994    .emb_text           driverlib-cm3.lib(sysctl.o)
    0x00000292   0x0000002c   Code   RO         1905    .text               mc_w.l(uidiv.o)
    0x000002be   0x00000002   PAD
    0x000002c0   0x00000024   Code   RO         1926    .text               mc_w.l(init.o)
    0x000002e4   0x00000028   Code   RO          236    i.BumpSensorsInit   sensors.o
    0x0000030c   0x0000000c   Code   RO          237    i.BumpSensorsInterupEnable  sensors.o
    0x00000318   0x00000020   Code   RO          238    i.BumperEnableSide  sensors.o
    0x00000338   0x00000028   Code   RO          384    i.GPIODirModeSet    driverlib-cm3.lib(gpio.o)
    0x00000360   0x0000003a   Code   RO          387    i.GPIOIntTypeSet    driverlib-cm3.lib(gpio.o)
    0x0000039a   0x000000b0   Code   RO          389    i.GPIOPadConfigSet  driverlib-cm3.lib(gpio.o)
    0x0000044a   0x00000002   PAD
    0x0000044c   0x00000048   Code   RO          390    i.GPIOPinConfigure  driverlib-cm3.lib(gpio.o)
    0x00000494   0x00000006   Code   RO          391    i.GPIOPinIntClear   driverlib-cm3.lib(gpio.o)
    0x0000049a   0x0000000e   Code   RO          392    i.GPIOPinIntDisable  driverlib-cm3.lib(gpio.o)
    0x000004a8   0x0000000e   Code   RO          393    i.GPIOPinIntEnable  driverlib-cm3.lib(gpio.o)
    0x000004b6   0x0000000e   Code   RO          394    i.GPIOPinIntStatus  driverlib-cm3.lib(gpio.o)
    0x000004c4   0x00000006   Code   RO          395    i.GPIOPinRead       driverlib-cm3.lib(gpio.o)
    0x000004ca   0x0000001c   Code   RO          403    i.GPIOPinTypeGPIOInput  driverlib-cm3.lib(gpio.o)
    0x000004e6   0x0000001c   Code   RO          404    i.GPIOPinTypeGPIOOutput  driverlib-cm3.lib(gpio.o)
    0x00000502   0x0000001c   Code   RO          412    i.GPIOPinTypePWM    driverlib-cm3.lib(gpio.o)
    0x0000051e   0x0000001c   Code   RO          416    i.GPIOPinTypeUART   driverlib-cm3.lib(gpio.o)
    0x0000053a   0x00000006   Code   RO          419    i.GPIOPinWrite      driverlib-cm3.lib(gpio.o)
    0x00000540   0x00000064   Code   RO          673    i.IntEnable         driverlib-cm3.lib(interrupt.o)
    0x000005a4   0x00000044   Code   RO          331    i.MotorDir          motor.o
    0x000005e8   0x00000020   Code   RO          332    i.MotorRun          motor.o
    0x00000608   0x00000050   Code   RO          333    i.MotorSpeed        motor.o
    0x00000658   0x0000002c   Code   RO          334    i.MotorStop         motor.o
    0x00000684   0x00000110   Code   RO          335    i.MotorsInit        motor.o
    0x00000794   0x00000026   Code   RO          790    i.PWMGenConfigure   driverlib-cm3.lib(pwm.o)
    0x000007ba   0x0000000a   Code   RO          792    i.PWMGenEnable      driverlib-cm3.lib(pwm.o)
    0x000007c4   0x00000012   Code   RO          805    i.PWMGenPeriodSet   driverlib-cm3.lib(pwm.o)
    0x000007d6   0x00000010   Code   RO          811    i.PWMOutputInvert   driverlib-cm3.lib(pwm.o)
    0x000007e6   0x00000010   Code   RO          812    i.PWMOutputState    driverlib-cm3.lib(pwm.o)
    0x000007f6   0x00000020   Code   RO          814    i.PWMPulseWidthSet  driverlib-cm3.lib(pwm.o)
    0x00000816   0x00000002   PAD
    0x00000818   0x00000230   Code   RO          999    i.SysCtlClockGet    driverlib-cm3.lib(sysctl.o)
    0x00000a48   0x0000014c   Code   RO         1000    i.SysCtlClockSet    driverlib-cm3.lib(sysctl.o)
    0x00000b94   0x00000014   Code   RO         1022    i.SysCtlPWMClockSet  driverlib-cm3.lib(sysctl.o)
    0x00000ba8   0x00000050   Code   RO         1027    i.SysCtlPeripheralEnable  driverlib-cm3.lib(sysctl.o)
    0x00000bf8   0x0000000c   Code   RO         1303    i.UARTCharGet       driverlib-cm3.lib(uart.o)
    0x00000c04   0x0000000c   Code   RO         1305    i.UARTCharPut       driverlib-cm3.lib(uart.o)
    0x00000c10   0x0000006e   Code   RO         1311    i.UARTConfigSetExpClk  driverlib-cm3.lib(uart.o)
    0x00000c7e   0x00000002   PAD
    0x00000c80   0x00000014   Code   RO          240    i.WheelSensorEnable  sensors.o
    0x00000c94   0x00000030   Code   RO          242    i.WheelSensorIntEnable  sensors.o
    0x00000cc4   0x000000cc   Code   RO          243    i.WheelSensorIntHandler  sensors.o
    0x00000d90   0x00000088   Code   RO          244    i.WheelSensorsInit  sensors.o
    0x00000e18   0x00000028   Code   RO         1756    i.__0sprintf$6      mc_w.l(printf6.o)
    0x00000e40   0x0000000e   Code   RO         1940    i.__scatterload_copy  mc_w.l(handlers.o)
    0x00000e4e   0x00000002   Code   RO         1941    i.__scatterload_null  mc_w.l(handlers.o)
    0x00000e50   0x0000000e   Code   RO         1942    i.__scatterload_zeroinit  mc_w.l(handlers.o)
    0x00000e5e   0x00000002   PAD
    0x00000e60   0x000002f0   Code   RO         1761    i._printf_core      mc_w.l(printf6.o)
    0x00001150   0x00000024   Code   RO         1762    i._printf_post_padding  mc_w.l(printf6.o)
    0x00001174   0x0000002e   Code   RO         1763    i._printf_pre_padding  mc_w.l(printf6.o)
    0x000011a2   0x0000000a   Code   RO         1765    i._sputc            mc_w.l(printf6.o)
    0x000011ac   0x00000060   Code   RO           44    i.actionInt         capteur.o
    0x0000120c   0x00000020   Code   RO           45    i.bump_init         capteur.o
    0x0000122c   0x0000007c   Code   RO           46    i.bump_interuptFunction  capteur.o
    0x000012a8   0x000000b4   Code   RO            9    i.main              main.o
    0x0000135c   0x0000006c   Code   RO         1861    i.malloc            mc_w.l(malloc.o)
    0x000013c8   0x00000014   Code   RO          173    i.mess_get          message.o
    0x000013dc   0x0000005c   Code   RO          175    i.mess_init         message.o
    0x00001438   0x00000014   Code   RO          176    i.mess_set          message.o
    0x0000144c   0x0000001a   Code   RO          177    i.mess_setString    message.o
    0x00001466   0x00000002   PAD
    0x00001468   0x00000040   Code   RO          115    i.motor_DOWN        motor_my.o
    0x000014a8   0x00000038   Code   RO          116    i.motor_LEFT        motor_my.o
    0x000014e0   0x00000038   Code   RO          117    i.motor_RIGHT       motor_my.o
    0x00001518   0x00000060   Code   RO          118    i.motor_STOP        motor_my.o
    0x00001578   0x00000030   Code   RO          119    i.motor_UP          motor_my.o
    0x000015a8   0x0000001e   Code   RO          120    i.motor_init        motor_my.o
    0x000015c6   0x00000002   PAD
    0x000015c8   0x00000020   Code   RO           50    i.wheel_init        capteur.o
    0x000015e8   0x000001d8   Code   RO           51    i.wheel_interuptFunction  capteur.o
    0x000017c0   0x00000078   Data   RO          422    .constdata          driverlib-cm3.lib(gpio.o)
    0x00001838   0x0000010c   Data   RO          687    .constdata          driverlib-cm3.lib(interrupt.o)
    0x00001944   0x000001cc   Data   RO         1043    .constdata          driverlib-cm3.lib(sysctl.o)
    0x00001b10   0x00000020   Data   RO         1938    Region$$Table       anon$$obj.o


    Execution Region ER_RW (Base: 0x20000000, Size: 0x00000018, Max: 0xffffffff, ABSOLUTE)

    Base Addr    Size         Type   Attr      Idx    E Section Name        Object

    0x20000000   0x00000004   Data   RW           10    .data               main.o
    0x20000004   0x0000000b   Data   RW          245    .data               sensors.o
    0x2000000f   0x00000001   PAD
    0x20000010   0x00000004   Data   RW         1913    .data               mc_w.l(mvars.o)
    0x20000014   0x00000004   Data   RW         1914    .data               mc_w.l(mvars.o)


    Execution Region ER_ZI (Base: 0x20000018, Size: 0x00011000, Max: 0xffffffff, ABSOLUTE)

    Base Addr    Size         Type   Attr      Idx    E Section Name        Object

    0x20000018   0x00010000   Zero   RW            2    HEAP                startup.o
    0x20010018   0x00001000   Zero   RW            1    STACK               startup.o


==============================================================================

Image component sizes


      Code (inc. data)   RO Data    RW Data    ZI Data      Debug   Object Name

       756         48          0          0          0       2578   capteur.o
       180         28          0          4          0       3393   main.o
       158         38          0          0          0       1815   message.o
       496         56          0          0          0       3464   motor.o
       350         54          0          0          0       2581   motor_my.o
       492         62          0         11          0       6512   sensors.o
       632        622          0          0      69632        228   startup.o

    ----------------------------------------------------------------------
      3068        908         32         16      69632      20571   Object Totals
         0          0         32          0          0          0   (incl. Generated)
         4          0          0          1          0          0   (incl. Padding)

    ----------------------------------------------------------------------

      Code (inc. data)   RO Data    RW Data    ZI Data      Debug   Library Member Name

       518          8        120          0          0      10539   gpio.o
       100          8        268          0          0       1196   interrupt.o
       130          0          0          0          0       2753   pwm.o
       998         84        460          0          0       4455   sysctl.o
       134          0          0          0          0       2187   uart.o
         0          0          0          0          0          0   entry.o
         0          0          0          0          0          0   entry10a.o
         0          0          0          0          0          0   entry11a.o
         8          4          0          0          0          0   entry2.o
         4          0          0          0          0          0   entry5.o
         0          0          0          0          0          0   entry7b.o
         0          0          0          0          0          0   entry8b.o
         8          4          0          0          0          0   entry9a.o
        30          0          0          0          0          0   handlers.o
        36          8          0          0          0         68   init.o
       108         16          0          0          0         84   malloc.o
         0          0          0          8          0          0   mvars.o
       884         10          0          0          0        420   printf6.o
        44          0          0          0          0         80   uidiv.o

    ----------------------------------------------------------------------
      3012        142        848          8          0      21782   Library Totals
        10          0          0          0          0          0   (incl. Padding)

    ----------------------------------------------------------------------

      Code (inc. data)   RO Data    RW Data    ZI Data      Debug   Library Name

      1880        100        848          0          0      21130   driverlib-cm3.lib
      1122         42          0          8          0        652   mc_w.l

    ----------------------------------------------------------------------
      3012        142        848          8          0      21782   Library Totals

    ----------------------------------------------------------------------

==============================================================================


      Code (inc. data)   RO Data    RW Data    ZI Data      Debug   

      6080       1050        880         24      69632      39489   Grand Totals
      6080       1050        880         24      69632      39489   ELF Image Totals
      6080       1050        880         24          0          0   ROM Totals

==============================================================================

    Total RO  Size (Code + RO Data)                 6960 (   6.80kB)
    Total RW  Size (RW Data + ZI Data)             69656 (  68.02kB)
    Total ROM Size (Code + RO Data + RW Data)       6984 (   6.82kB)

==============================================================================

