<html>
<body>
<pre>
<h1>µVision Build Log</h1>
<h2>Project:</h2>
C:\StellarisWare\boards\ek-evalbot\simple_display\simple_display.uvproj
Project File Date:  11/28/2012

<h2>Output:</h2>
Rebuild target 'simple_display'
compiling display96x16x1.c...
compiling simple_display.c...
assembling startup_rvmdk.S...
linking...
Program Size: Code=1676 RO-data=688 RW-data=4 ZI-data=1028  
User command #1: fromelf --bin --output .\rvmdk\simple_display.bin .\rvmdk\simple_display.axf
".\rvmdk\simple_display.axf" - 0 Error(s), 0 Warning(s).
Load "C:\\StellarisWare\\boards\\ek-evalbot\\simple_display\\rvmdk\\simple_display.AXF" 
Connecting: Mode=JTAG, Speed=1000000Hz
Erase Done.
Programming Done.
Verify OK.
