<!doctype html public "-//w3c//dtd html 4.0 transitional//en">
<html><head>
<title>Static Call Graph - [.\rvmdk\simple_display.axf]</title></head>
<body><HR>
<H1>Static Call Graph for image .\rvmdk\simple_display.axf</H1><HR>
<BR><P>#&#060CALLGRAPH&#062# ARM Linker, 5.03 [Build 76]: Last Updated: Tue Sep 15 17:28:51 2015
<BR><P>
<H3>Maximum Stack Usage =         48 bytes + Unknown(Functions without stacksize, Cycles, Untraceable Function Pointers)</H3><H3>
Call chain for Maximum Stack Depth:</H3>
main &rArr; Display96x16x1Init &rArr; Display96x16x1DisplayOn &rArr; Display96x16x1WriteFirst
<P>
<H3>
Functions with no stack information
</H3><UL>
 <LI><a href="#[6]">Reset_Handler</a>
 <LI><a href="#[1]">NmiSR</a>
 <LI><a href="#[2]">FaultISR</a>
 <LI><a href="#[3]">IntDefaultHandler</a>
</UL>
</UL>
<P>
<H3>
Mutually Recursive functions
</H3> <LI><a href="#[a]">SysCtlDelay</a>&nbsp;&nbsp;&nbsp;&rArr;&nbsp;&nbsp;&nbsp;<a href="#[a]">SysCtlDelay</a><BR>
 <LI><a href="#[1]">NmiSR</a>&nbsp;&nbsp;&nbsp;&rArr;&nbsp;&nbsp;&nbsp;<a href="#[1]">NmiSR</a><BR>
 <LI><a href="#[2]">FaultISR</a>&nbsp;&nbsp;&nbsp;&rArr;&nbsp;&nbsp;&nbsp;<a href="#[2]">FaultISR</a><BR>
 <LI><a href="#[3]">IntDefaultHandler</a>&nbsp;&nbsp;&nbsp;&rArr;&nbsp;&nbsp;&nbsp;<a href="#[3]">IntDefaultHandler</a><BR>
</UL>
<P>
<H3>
Function Pointers
</H3><UL>
 <LI><a href="#[2]">FaultISR</a> from startup_rvmdk.o(RESET) referenced from startup_rvmdk.o(RESET)
 <LI><a href="#[3]">IntDefaultHandler</a> from startup_rvmdk.o(RESET) referenced 61 times from startup_rvmdk.o(RESET)
 <LI><a href="#[1]">NmiSR</a> from startup_rvmdk.o(RESET) referenced from startup_rvmdk.o(RESET)
 <LI><a href="#[6]">Reset_Handler</a> from startup_rvmdk.o(RESET) referenced from startup_rvmdk.o(RESET)
 <LI><a href="#[4]">SysTickHandler</a> from simple_display.o(i.SysTickHandler) referenced from startup_rvmdk.o(RESET)
 <LI><a href="#[5]">main</a> from simple_display.o(i.main) referenced from entry9a.o(.ARM.Collect$$$$0000000B)
</UL>
<P>
<H3>
Global Symbols
</H3>
<P><STRONG><a name="[6]"></a>Reset_Handler</STRONG> (Thumb, 0 bytes, Stack size unknown bytes, startup_rvmdk.o(RESET))
<BR><BR>[Calls]<UL><LI><a href="#[7]">&gt;&gt;</a>&nbsp;&nbsp;&nbsp;__main
</UL>

<P><STRONG><a name="[7]"></a>__main</STRONG> (Thumb, 0 bytes, Stack size unknown bytes, entry.o(.ARM.Collect$$$$00000000))
<BR><BR>[Called By]<UL><LI><a href="#[6]">&gt;&gt;</a>&nbsp;&nbsp;&nbsp;Reset_Handler
</UL>

<P><STRONG><a name="[25]"></a>_main_stk</STRONG> (Thumb, 0 bytes, Stack size unknown bytes, entry2.o(.ARM.Collect$$$$00000001))

<P><STRONG><a name="[8]"></a>_main_scatterload</STRONG> (Thumb, 0 bytes, Stack size unknown bytes, entry5.o(.ARM.Collect$$$$00000004))
<BR><BR>[Calls]<UL><LI><a href="#[9]">&gt;&gt;</a>&nbsp;&nbsp;&nbsp;__scatterload
</UL>

<P><STRONG><a name="[b]"></a>__main_after_scatterload</STRONG> (Thumb, 0 bytes, Stack size unknown bytes, entry5.o(.ARM.Collect$$$$00000004))
<BR><BR>[Called By]<UL><LI><a href="#[9]">&gt;&gt;</a>&nbsp;&nbsp;&nbsp;__scatterload
</UL>

<P><STRONG><a name="[26]"></a>_main_clock</STRONG> (Thumb, 0 bytes, Stack size unknown bytes, entry7b.o(.ARM.Collect$$$$00000008))

<P><STRONG><a name="[27]"></a>_main_cpp_init</STRONG> (Thumb, 0 bytes, Stack size unknown bytes, entry8b.o(.ARM.Collect$$$$0000000A))

<P><STRONG><a name="[28]"></a>_main_init</STRONG> (Thumb, 0 bytes, Stack size unknown bytes, entry9a.o(.ARM.Collect$$$$0000000B))

<P><STRONG><a name="[29]"></a>__rt_final_cpp</STRONG> (Thumb, 0 bytes, Stack size unknown bytes, entry10a.o(.ARM.Collect$$$$0000000D))

<P><STRONG><a name="[2a]"></a>__rt_final_exit</STRONG> (Thumb, 0 bytes, Stack size unknown bytes, entry11a.o(.ARM.Collect$$$$0000000F))

<P><STRONG><a name="[a]"></a>SysCtlDelay</STRONG> (Thumb, 6 bytes, Stack size 0 bytes, sysctl.o(.emb_text))
<BR><BR>[Calls]<UL><LI><a href="#[a]">&gt;&gt;</a>&nbsp;&nbsp;&nbsp;SysCtlDelay
</UL>
<BR>[Called By]<UL><LI><a href="#[a]">&gt;&gt;</a>&nbsp;&nbsp;&nbsp;SysCtlDelay
<LI><a href="#[13]">&gt;&gt;</a>&nbsp;&nbsp;&nbsp;Display96x16x1Init
</UL>

<P><STRONG><a name="[9]"></a>__scatterload</STRONG> (Thumb, 28 bytes, Stack size 0 bytes, init.o(.text))
<BR><BR>[Calls]<UL><LI><a href="#[b]">&gt;&gt;</a>&nbsp;&nbsp;&nbsp;__main_after_scatterload
</UL>
<BR>[Called By]<UL><LI><a href="#[8]">&gt;&gt;</a>&nbsp;&nbsp;&nbsp;_main_scatterload
</UL>

<P><STRONG><a name="[2b]"></a>__scatterload_rt2</STRONG> (Thumb, 0 bytes, Stack size 0 bytes, init.o(.text), UNUSED)

<P><STRONG><a name="[c]"></a>Display96x16x1Clear</STRONG> (Thumb, 18 bytes, Stack size 8 bytes, display96x16x1.o(i.Display96x16x1Clear))
<BR><BR>[Stack]<UL><LI>Max Depth = 32<LI>Call Chain = Display96x16x1Clear &rArr; Display96x16x1ClearLine &rArr; Display96x16x1WriteFirst
</UL>
<BR>[Calls]<UL><LI><a href="#[d]">&gt;&gt;</a>&nbsp;&nbsp;&nbsp;Display96x16x1ClearLine
</UL>
<BR>[Called By]<UL><LI><a href="#[5]">&gt;&gt;</a>&nbsp;&nbsp;&nbsp;main
<LI><a href="#[13]">&gt;&gt;</a>&nbsp;&nbsp;&nbsp;Display96x16x1Init
</UL>

<P><STRONG><a name="[d]"></a>Display96x16x1ClearLine</STRONG> (Thumb, 50 bytes, Stack size 8 bytes, display96x16x1.o(i.Display96x16x1ClearLine))
<BR><BR>[Stack]<UL><LI>Max Depth = 24<LI>Call Chain = Display96x16x1ClearLine &rArr; Display96x16x1WriteFirst
</UL>
<BR>[Calls]<UL><LI><a href="#[e]">&gt;&gt;</a>&nbsp;&nbsp;&nbsp;Display96x16x1WriteFirst
<LI><a href="#[11]">&gt;&gt;</a>&nbsp;&nbsp;&nbsp;Display96x16x1WriteFinal
<LI><a href="#[10]">&gt;&gt;</a>&nbsp;&nbsp;&nbsp;Display96x16x1WriteByte
<LI><a href="#[f]">&gt;&gt;</a>&nbsp;&nbsp;&nbsp;Display96x16x1WriteArray
</UL>
<BR>[Called By]<UL><LI><a href="#[c]">&gt;&gt;</a>&nbsp;&nbsp;&nbsp;Display96x16x1Clear
</UL>

<P><STRONG><a name="[12]"></a>Display96x16x1DisplayOn</STRONG> (Thumb, 44 bytes, Stack size 16 bytes, display96x16x1.o(i.Display96x16x1DisplayOn))
<BR><BR>[Stack]<UL><LI>Max Depth = 32<LI>Call Chain = Display96x16x1DisplayOn &rArr; Display96x16x1WriteFirst
</UL>
<BR>[Calls]<UL><LI><a href="#[e]">&gt;&gt;</a>&nbsp;&nbsp;&nbsp;Display96x16x1WriteFirst
<LI><a href="#[11]">&gt;&gt;</a>&nbsp;&nbsp;&nbsp;Display96x16x1WriteFinal
<LI><a href="#[f]">&gt;&gt;</a>&nbsp;&nbsp;&nbsp;Display96x16x1WriteArray
</UL>
<BR>[Called By]<UL><LI><a href="#[13]">&gt;&gt;</a>&nbsp;&nbsp;&nbsp;Display96x16x1Init
</UL>

<P><STRONG><a name="[13]"></a>Display96x16x1Init</STRONG> (Thumb, 198 bytes, Stack size 16 bytes, display96x16x1.o(i.Display96x16x1Init))
<BR><BR>[Stack]<UL><LI>Max Depth = 48<LI>Call Chain = Display96x16x1Init &rArr; Display96x16x1DisplayOn &rArr; Display96x16x1WriteFirst
</UL>
<BR>[Calls]<UL><LI><a href="#[19]">&gt;&gt;</a>&nbsp;&nbsp;&nbsp;SysCtlPeripheralReset
<LI><a href="#[14]">&gt;&gt;</a>&nbsp;&nbsp;&nbsp;SysCtlPeripheralEnable
<LI><a href="#[a]">&gt;&gt;</a>&nbsp;&nbsp;&nbsp;SysCtlDelay
<LI><a href="#[1a]">&gt;&gt;</a>&nbsp;&nbsp;&nbsp;SysCtlClockGet
<LI><a href="#[1b]">&gt;&gt;</a>&nbsp;&nbsp;&nbsp;I2CMasterInitExpClk
<LI><a href="#[16]">&gt;&gt;</a>&nbsp;&nbsp;&nbsp;GPIOPinWrite
<LI><a href="#[18]">&gt;&gt;</a>&nbsp;&nbsp;&nbsp;GPIOPinTypeI2C
<LI><a href="#[15]">&gt;&gt;</a>&nbsp;&nbsp;&nbsp;GPIOPinTypeGPIOOutput
<LI><a href="#[17]">&gt;&gt;</a>&nbsp;&nbsp;&nbsp;GPIOPinConfigure
<LI><a href="#[12]">&gt;&gt;</a>&nbsp;&nbsp;&nbsp;Display96x16x1DisplayOn
<LI><a href="#[c]">&gt;&gt;</a>&nbsp;&nbsp;&nbsp;Display96x16x1Clear
<LI><a href="#[e]">&gt;&gt;</a>&nbsp;&nbsp;&nbsp;Display96x16x1WriteFirst
<LI><a href="#[11]">&gt;&gt;</a>&nbsp;&nbsp;&nbsp;Display96x16x1WriteFinal
<LI><a href="#[f]">&gt;&gt;</a>&nbsp;&nbsp;&nbsp;Display96x16x1WriteArray
</UL>
<BR>[Called By]<UL><LI><a href="#[5]">&gt;&gt;</a>&nbsp;&nbsp;&nbsp;main
</UL>

<P><STRONG><a name="[1c]"></a>Display96x16x1StringDraw</STRONG> (Thumb, 10 bytes, Stack size 0 bytes, display96x16x1.o(i.Display96x16x1StringDraw))
<BR><BR>[Stack]<UL><LI>Max Depth = 40<LI>Call Chain = Display96x16x1StringDraw &rArr; Display96x16x1StringDrawLen &rArr; Display96x16x1WriteFirst
</UL>
<BR>[Calls]<UL><LI><a href="#[1d]">&gt;&gt;</a>&nbsp;&nbsp;&nbsp;Display96x16x1StringDrawLen
</UL>
<BR>[Called By]<UL><LI><a href="#[5]">&gt;&gt;</a>&nbsp;&nbsp;&nbsp;main
</UL>

<P><STRONG><a name="[1d]"></a>Display96x16x1StringDrawLen</STRONG> (Thumb, 172 bytes, Stack size 24 bytes, display96x16x1.o(i.Display96x16x1StringDrawLen))
<BR><BR>[Stack]<UL><LI>Max Depth = 40<LI>Call Chain = Display96x16x1StringDrawLen &rArr; Display96x16x1WriteFirst
</UL>
<BR>[Calls]<UL><LI><a href="#[e]">&gt;&gt;</a>&nbsp;&nbsp;&nbsp;Display96x16x1WriteFirst
<LI><a href="#[11]">&gt;&gt;</a>&nbsp;&nbsp;&nbsp;Display96x16x1WriteFinal
<LI><a href="#[10]">&gt;&gt;</a>&nbsp;&nbsp;&nbsp;Display96x16x1WriteByte
<LI><a href="#[f]">&gt;&gt;</a>&nbsp;&nbsp;&nbsp;Display96x16x1WriteArray
</UL>
<BR>[Called By]<UL><LI><a href="#[1c]">&gt;&gt;</a>&nbsp;&nbsp;&nbsp;Display96x16x1StringDraw
</UL>

<P><STRONG><a name="[24]"></a>GPIODirModeSet</STRONG> (Thumb, 40 bytes, Stack size 0 bytes, gpio.o(i.GPIODirModeSet))
<BR><BR>[Called By]<UL><LI><a href="#[18]">&gt;&gt;</a>&nbsp;&nbsp;&nbsp;GPIOPinTypeI2C
<LI><a href="#[15]">&gt;&gt;</a>&nbsp;&nbsp;&nbsp;GPIOPinTypeGPIOOutput
</UL>

<P><STRONG><a name="[23]"></a>GPIOPadConfigSet</STRONG> (Thumb, 176 bytes, Stack size 0 bytes, gpio.o(i.GPIOPadConfigSet))
<BR><BR>[Called By]<UL><LI><a href="#[18]">&gt;&gt;</a>&nbsp;&nbsp;&nbsp;GPIOPinTypeI2C
<LI><a href="#[15]">&gt;&gt;</a>&nbsp;&nbsp;&nbsp;GPIOPinTypeGPIOOutput
</UL>

<P><STRONG><a name="[17]"></a>GPIOPinConfigure</STRONG> (Thumb, 64 bytes, Stack size 0 bytes, gpio.o(i.GPIOPinConfigure))
<BR><BR>[Called By]<UL><LI><a href="#[13]">&gt;&gt;</a>&nbsp;&nbsp;&nbsp;Display96x16x1Init
</UL>

<P><STRONG><a name="[15]"></a>GPIOPinTypeGPIOOutput</STRONG> (Thumb, 28 bytes, Stack size 12 bytes, gpio.o(i.GPIOPinTypeGPIOOutput))
<BR><BR>[Stack]<UL><LI>Max Depth = 12<LI>Call Chain = GPIOPinTypeGPIOOutput
</UL>
<BR>[Calls]<UL><LI><a href="#[23]">&gt;&gt;</a>&nbsp;&nbsp;&nbsp;GPIOPadConfigSet
<LI><a href="#[24]">&gt;&gt;</a>&nbsp;&nbsp;&nbsp;GPIODirModeSet
</UL>
<BR>[Called By]<UL><LI><a href="#[13]">&gt;&gt;</a>&nbsp;&nbsp;&nbsp;Display96x16x1Init
</UL>

<P><STRONG><a name="[18]"></a>GPIOPinTypeI2C</STRONG> (Thumb, 28 bytes, Stack size 12 bytes, gpio.o(i.GPIOPinTypeI2C))
<BR><BR>[Stack]<UL><LI>Max Depth = 12<LI>Call Chain = GPIOPinTypeI2C
</UL>
<BR>[Calls]<UL><LI><a href="#[23]">&gt;&gt;</a>&nbsp;&nbsp;&nbsp;GPIOPadConfigSet
<LI><a href="#[24]">&gt;&gt;</a>&nbsp;&nbsp;&nbsp;GPIODirModeSet
</UL>
<BR>[Called By]<UL><LI><a href="#[13]">&gt;&gt;</a>&nbsp;&nbsp;&nbsp;Display96x16x1Init
</UL>

<P><STRONG><a name="[16]"></a>GPIOPinWrite</STRONG> (Thumb, 6 bytes, Stack size 0 bytes, gpio.o(i.GPIOPinWrite))
<BR><BR>[Called By]<UL><LI><a href="#[13]">&gt;&gt;</a>&nbsp;&nbsp;&nbsp;Display96x16x1Init
</UL>

<P><STRONG><a name="[21]"></a>I2CMasterControl</STRONG> (Thumb, 4 bytes, Stack size 0 bytes, i2c.o(i.I2CMasterControl))
<BR><BR>[Called By]<UL><LI><a href="#[e]">&gt;&gt;</a>&nbsp;&nbsp;&nbsp;Display96x16x1WriteFirst
<LI><a href="#[11]">&gt;&gt;</a>&nbsp;&nbsp;&nbsp;Display96x16x1WriteFinal
<LI><a href="#[10]">&gt;&gt;</a>&nbsp;&nbsp;&nbsp;Display96x16x1WriteByte
<LI><a href="#[f]">&gt;&gt;</a>&nbsp;&nbsp;&nbsp;Display96x16x1WriteArray
</UL>

<P><STRONG><a name="[20]"></a>I2CMasterDataPut</STRONG> (Thumb, 4 bytes, Stack size 0 bytes, i2c.o(i.I2CMasterDataPut))
<BR><BR>[Called By]<UL><LI><a href="#[e]">&gt;&gt;</a>&nbsp;&nbsp;&nbsp;Display96x16x1WriteFirst
<LI><a href="#[11]">&gt;&gt;</a>&nbsp;&nbsp;&nbsp;Display96x16x1WriteFinal
<LI><a href="#[10]">&gt;&gt;</a>&nbsp;&nbsp;&nbsp;Display96x16x1WriteByte
<LI><a href="#[f]">&gt;&gt;</a>&nbsp;&nbsp;&nbsp;Display96x16x1WriteArray
</UL>

<P><STRONG><a name="[1b]"></a>I2CMasterInitExpClk</STRONG> (Thumb, 72 bytes, Stack size 0 bytes, i2c.o(i.I2CMasterInitExpClk))
<BR><BR>[Called By]<UL><LI><a href="#[13]">&gt;&gt;</a>&nbsp;&nbsp;&nbsp;Display96x16x1Init
</UL>

<P><STRONG><a name="[1f]"></a>I2CMasterIntClear</STRONG> (Thumb, 8 bytes, Stack size 0 bytes, i2c.o(i.I2CMasterIntClear))
<BR><BR>[Called By]<UL><LI><a href="#[11]">&gt;&gt;</a>&nbsp;&nbsp;&nbsp;Display96x16x1WriteFinal
<LI><a href="#[10]">&gt;&gt;</a>&nbsp;&nbsp;&nbsp;Display96x16x1WriteByte
<LI><a href="#[f]">&gt;&gt;</a>&nbsp;&nbsp;&nbsp;Display96x16x1WriteArray
</UL>

<P><STRONG><a name="[1e]"></a>I2CMasterIntStatus</STRONG> (Thumb, 24 bytes, Stack size 0 bytes, i2c.o(i.I2CMasterIntStatus))
<BR><BR>[Called By]<UL><LI><a href="#[11]">&gt;&gt;</a>&nbsp;&nbsp;&nbsp;Display96x16x1WriteFinal
<LI><a href="#[10]">&gt;&gt;</a>&nbsp;&nbsp;&nbsp;Display96x16x1WriteByte
<LI><a href="#[f]">&gt;&gt;</a>&nbsp;&nbsp;&nbsp;Display96x16x1WriteArray
</UL>

<P><STRONG><a name="[22]"></a>I2CMasterSlaveAddrSet</STRONG> (Thumb, 8 bytes, Stack size 0 bytes, i2c.o(i.I2CMasterSlaveAddrSet))
<BR><BR>[Called By]<UL><LI><a href="#[e]">&gt;&gt;</a>&nbsp;&nbsp;&nbsp;Display96x16x1WriteFirst
</UL>

<P><STRONG><a name="[1a]"></a>SysCtlClockGet</STRONG> (Thumb, 514 bytes, Stack size 8 bytes, sysctl.o(i.SysCtlClockGet))
<BR><BR>[Stack]<UL><LI>Max Depth = 8<LI>Call Chain = SysCtlClockGet
</UL>
<BR>[Called By]<UL><LI><a href="#[13]">&gt;&gt;</a>&nbsp;&nbsp;&nbsp;Display96x16x1Init
</UL>

<P><STRONG><a name="[14]"></a>SysCtlPeripheralEnable</STRONG> (Thumb, 70 bytes, Stack size 0 bytes, sysctl.o(i.SysCtlPeripheralEnable))
<BR><BR>[Called By]<UL><LI><a href="#[13]">&gt;&gt;</a>&nbsp;&nbsp;&nbsp;Display96x16x1Init
</UL>

<P><STRONG><a name="[19]"></a>SysCtlPeripheralReset</STRONG> (Thumb, 110 bytes, Stack size 4 bytes, sysctl.o(i.SysCtlPeripheralReset))
<BR><BR>[Stack]<UL><LI>Max Depth = 4<LI>Call Chain = SysCtlPeripheralReset
</UL>
<BR>[Called By]<UL><LI><a href="#[13]">&gt;&gt;</a>&nbsp;&nbsp;&nbsp;Display96x16x1Init
</UL>

<P><STRONG><a name="[4]"></a>SysTickHandler</STRONG> (Thumb, 10 bytes, Stack size 0 bytes, simple_display.o(i.SysTickHandler))
<BR>[Address Reference Count : 1]<UL><LI> startup_rvmdk.o(RESET)
</UL>
<P><STRONG><a name="[2c]"></a>__scatterload_copy</STRONG> (Thumb, 14 bytes, Stack size unknown bytes, handlers.o(i.__scatterload_copy), UNUSED)

<P><STRONG><a name="[2d]"></a>__scatterload_null</STRONG> (Thumb, 2 bytes, Stack size unknown bytes, handlers.o(i.__scatterload_null), UNUSED)

<P><STRONG><a name="[2e]"></a>__scatterload_zeroinit</STRONG> (Thumb, 14 bytes, Stack size unknown bytes, handlers.o(i.__scatterload_zeroinit), UNUSED)

<P><STRONG><a name="[5]"></a>main</STRONG> (Thumb, 278 bytes, Stack size 0 bytes, simple_display.o(i.main))
<BR><BR>[Stack]<UL><LI>Max Depth = 48<LI>Call Chain = main &rArr; Display96x16x1Init &rArr; Display96x16x1DisplayOn &rArr; Display96x16x1WriteFirst
</UL>
<BR>[Calls]<UL><LI><a href="#[1c]">&gt;&gt;</a>&nbsp;&nbsp;&nbsp;Display96x16x1StringDraw
<LI><a href="#[13]">&gt;&gt;</a>&nbsp;&nbsp;&nbsp;Display96x16x1Init
<LI><a href="#[c]">&gt;&gt;</a>&nbsp;&nbsp;&nbsp;Display96x16x1Clear
</UL>
<BR>[Address Reference Count : 1]<UL><LI> entry9a.o(.ARM.Collect$$$$0000000B)
</UL><P>
<H3>
Local Symbols
</H3>
<P><STRONG><a name="[f]"></a>Display96x16x1WriteArray</STRONG> (Thumb, 54 bytes, Stack size 16 bytes, display96x16x1.o(i.Display96x16x1WriteArray))
<BR><BR>[Stack]<UL><LI>Max Depth = 16<LI>Call Chain = Display96x16x1WriteArray
</UL>
<BR>[Calls]<UL><LI><a href="#[1e]">&gt;&gt;</a>&nbsp;&nbsp;&nbsp;I2CMasterIntStatus
<LI><a href="#[1f]">&gt;&gt;</a>&nbsp;&nbsp;&nbsp;I2CMasterIntClear
<LI><a href="#[20]">&gt;&gt;</a>&nbsp;&nbsp;&nbsp;I2CMasterDataPut
<LI><a href="#[21]">&gt;&gt;</a>&nbsp;&nbsp;&nbsp;I2CMasterControl
</UL>
<BR>[Called By]<UL><LI><a href="#[1d]">&gt;&gt;</a>&nbsp;&nbsp;&nbsp;Display96x16x1StringDrawLen
<LI><a href="#[13]">&gt;&gt;</a>&nbsp;&nbsp;&nbsp;Display96x16x1Init
<LI><a href="#[12]">&gt;&gt;</a>&nbsp;&nbsp;&nbsp;Display96x16x1DisplayOn
<LI><a href="#[d]">&gt;&gt;</a>&nbsp;&nbsp;&nbsp;Display96x16x1ClearLine
</UL>

<P><STRONG><a name="[10]"></a>Display96x16x1WriteByte</STRONG> (Thumb, 44 bytes, Stack size 16 bytes, display96x16x1.o(i.Display96x16x1WriteByte))
<BR><BR>[Stack]<UL><LI>Max Depth = 16<LI>Call Chain = Display96x16x1WriteByte
</UL>
<BR>[Calls]<UL><LI><a href="#[1e]">&gt;&gt;</a>&nbsp;&nbsp;&nbsp;I2CMasterIntStatus
<LI><a href="#[1f]">&gt;&gt;</a>&nbsp;&nbsp;&nbsp;I2CMasterIntClear
<LI><a href="#[20]">&gt;&gt;</a>&nbsp;&nbsp;&nbsp;I2CMasterDataPut
<LI><a href="#[21]">&gt;&gt;</a>&nbsp;&nbsp;&nbsp;I2CMasterControl
</UL>
<BR>[Called By]<UL><LI><a href="#[1d]">&gt;&gt;</a>&nbsp;&nbsp;&nbsp;Display96x16x1StringDrawLen
<LI><a href="#[d]">&gt;&gt;</a>&nbsp;&nbsp;&nbsp;Display96x16x1ClearLine
</UL>

<P><STRONG><a name="[11]"></a>Display96x16x1WriteFinal</STRONG> (Thumb, 62 bytes, Stack size 16 bytes, display96x16x1.o(i.Display96x16x1WriteFinal))
<BR><BR>[Stack]<UL><LI>Max Depth = 16<LI>Call Chain = Display96x16x1WriteFinal
</UL>
<BR>[Calls]<UL><LI><a href="#[1e]">&gt;&gt;</a>&nbsp;&nbsp;&nbsp;I2CMasterIntStatus
<LI><a href="#[1f]">&gt;&gt;</a>&nbsp;&nbsp;&nbsp;I2CMasterIntClear
<LI><a href="#[20]">&gt;&gt;</a>&nbsp;&nbsp;&nbsp;I2CMasterDataPut
<LI><a href="#[21]">&gt;&gt;</a>&nbsp;&nbsp;&nbsp;I2CMasterControl
</UL>
<BR>[Called By]<UL><LI><a href="#[1d]">&gt;&gt;</a>&nbsp;&nbsp;&nbsp;Display96x16x1StringDrawLen
<LI><a href="#[13]">&gt;&gt;</a>&nbsp;&nbsp;&nbsp;Display96x16x1Init
<LI><a href="#[12]">&gt;&gt;</a>&nbsp;&nbsp;&nbsp;Display96x16x1DisplayOn
<LI><a href="#[d]">&gt;&gt;</a>&nbsp;&nbsp;&nbsp;Display96x16x1ClearLine
</UL>

<P><STRONG><a name="[e]"></a>Display96x16x1WriteFirst</STRONG> (Thumb, 36 bytes, Stack size 16 bytes, display96x16x1.o(i.Display96x16x1WriteFirst))
<BR><BR>[Stack]<UL><LI>Max Depth = 16<LI>Call Chain = Display96x16x1WriteFirst
</UL>
<BR>[Calls]<UL><LI><a href="#[22]">&gt;&gt;</a>&nbsp;&nbsp;&nbsp;I2CMasterSlaveAddrSet
<LI><a href="#[20]">&gt;&gt;</a>&nbsp;&nbsp;&nbsp;I2CMasterDataPut
<LI><a href="#[21]">&gt;&gt;</a>&nbsp;&nbsp;&nbsp;I2CMasterControl
</UL>
<BR>[Called By]<UL><LI><a href="#[1d]">&gt;&gt;</a>&nbsp;&nbsp;&nbsp;Display96x16x1StringDrawLen
<LI><a href="#[13]">&gt;&gt;</a>&nbsp;&nbsp;&nbsp;Display96x16x1Init
<LI><a href="#[12]">&gt;&gt;</a>&nbsp;&nbsp;&nbsp;Display96x16x1DisplayOn
<LI><a href="#[d]">&gt;&gt;</a>&nbsp;&nbsp;&nbsp;Display96x16x1ClearLine
</UL>

<P><STRONG><a name="[1]"></a>NmiSR</STRONG> (Thumb, 0 bytes, Stack size unknown bytes, startup_rvmdk.o(RESET))
<BR><BR>[Calls]<UL><LI><a href="#[1]">&gt;&gt;</a>&nbsp;&nbsp;&nbsp;NmiSR
</UL>
<BR>[Called By]<UL><LI><a href="#[1]">&gt;&gt;</a>&nbsp;&nbsp;&nbsp;NmiSR
</UL>
<BR>[Address Reference Count : 1]<UL><LI> startup_rvmdk.o(RESET)
</UL>
<P><STRONG><a name="[2]"></a>FaultISR</STRONG> (Thumb, 0 bytes, Stack size unknown bytes, startup_rvmdk.o(RESET))
<BR><BR>[Calls]<UL><LI><a href="#[2]">&gt;&gt;</a>&nbsp;&nbsp;&nbsp;FaultISR
</UL>
<BR>[Called By]<UL><LI><a href="#[2]">&gt;&gt;</a>&nbsp;&nbsp;&nbsp;FaultISR
</UL>
<BR>[Address Reference Count : 1]<UL><LI> startup_rvmdk.o(RESET)
</UL>
<P><STRONG><a name="[3]"></a>IntDefaultHandler</STRONG> (Thumb, 0 bytes, Stack size unknown bytes, startup_rvmdk.o(RESET))
<BR><BR>[Calls]<UL><LI><a href="#[3]">&gt;&gt;</a>&nbsp;&nbsp;&nbsp;IntDefaultHandler
</UL>
<BR>[Called By]<UL><LI><a href="#[3]">&gt;&gt;</a>&nbsp;&nbsp;&nbsp;IntDefaultHandler
</UL>
<BR>[Address Reference Count : 1]<UL><LI> startup_rvmdk.o(RESET)
</UL><P>
<H3>
Undefined Global Symbols
</H3><HR></body></html>
