<html>
<body>
<pre>
<h1>µVision Build Log</h1>
<h2>Project:</h2>
C:\Users\arthur margerit\AlgoCarto\Src\Carto.uvproj
Project File Date:  09/22/2015

<h2>Output:</h2>
Rebuild target 'Target 1'
assembling Startup.s...
compiling main.c...
main.c(29): warning:  #111-D: statement is unreachable
compiling io.c...
compiling motor.c...
compiling sensors.c...
compiling carto.c...
carto.c(55): warning:  #223-D: function "Carto_evalbot_update_data" declared implicitly
carto.c(78): warning:  #223-D: function "Carto_evalbot_update_data" declared implicitly
carto.c(206): error:  #159: declaration is incompatible with previous "Carto_evalbot_update_data" (declared at line 55)
compiling Xbee_Protoc.c...
".\Carto.axf" - 1 Errors, 3 Warning(s).
Target not created
Rebuild target 'Target 1'
assembling Startup.s...
compiling main.c...
main.c(29): warning:  #111-D: statement is unreachable
compiling io.c...
compiling motor.c...
compiling sensors.c...
compiling carto.c...
carto.c(55): warning:  #223-D: function "Carto_evalbot_update_data" declared implicitly
carto.c(78): warning:  #223-D: function "Carto_evalbot_update_data" declared implicitly
carto.c(206): error:  #159: declaration is incompatible with previous "Carto_evalbot_update_data" (declared at line 55)
compiling Xbee_Protoc.c...
".\Carto.axf" - 1 Errors, 3 Warning(s).
Target not created
Rebuild target 'Target 1'
assembling Startup.s...
compiling main.c...
main.c(29): warning:  #111-D: statement is unreachable
compiling io.c...
compiling motor.c...
compiling sensors.c...
compiling carto.c...
carto.c(55): warning:  #223-D: function "Carto_evalbot_update_data" declared implicitly
carto.c(78): warning:  #223-D: function "Carto_evalbot_update_data" declared implicitly
carto.c(206): error:  #159: declaration is incompatible with previous "Carto_evalbot_update_data" (declared at line 55)
compiling Xbee_Protoc.c...
".\Carto.axf" - 1 Errors, 3 Warning(s).
Target not created
Rebuild target 'Target 1'
assembling Startup.s...
compiling main.c...
main.c(29): warning:  #111-D: statement is unreachable
compiling io.c...
compiling motor.c...
compiling sensors.c...
compiling carto.c...
carto.c(55): warning:  #223-D: function "Carto_evalbot_update_data" declared implicitly
carto.c(78): warning:  #223-D: function "Carto_evalbot_update_data" declared implicitly
carto.c(206): error:  #159: declaration is incompatible with previous "Carto_evalbot_update_data" (declared at line 55)
compiling Xbee_Protoc.c...
".\Carto.axf" - 1 Errors, 3 Warning(s).
Target not created
Rebuild target 'Target 1'
assembling Startup.s...
compiling main.c...
main.c(29): warning:  #111-D: statement is unreachable
compiling io.c...
compiling motor.c...
compiling sensors.c...
compiling carto.c...
carto.c(78): warning:  #223-D: function "Carto_evalbot_update_data" declared implicitly
carto.c(206): error:  #159: declaration is incompatible with previous "Carto_evalbot_update_data" (declared at line 78)
compiling Xbee_Protoc.c...
".\Carto.axf" - 1 Errors, 2 Warning(s).
Target not created
Rebuild target 'Target 1'
assembling Startup.s...
compiling main.c...
main.c(29): warning:  #111-D: statement is unreachable
compiling io.c...
compiling motor.c...
compiling sensors.c...
compiling carto.c...
compiling Xbee_Protoc.c...
linking...
Program Size: Code=5784 RO-data=880 RW-data=28 ZI-data=69636  
".\Carto.axf" - 0 Errors, 1 Warning(s).
Load "C:\\Users\\arthur margerit\\AlgoCarto\\Src\\Carto.axf" 
Connecting: Mode=JTAG, Speed=1000000Hz
Erase Done.
Programming Done.
Verify OK.
Rebuild target 'Target 1'
assembling Startup.s...
compiling main.c...
main.c(29): warning:  #111-D: statement is unreachable
compiling io.c...
compiling motor.c...
compiling sensors.c...
compiling carto.c...
compiling Xbee_Protoc.c...
linking...
Program Size: Code=5768 RO-data=880 RW-data=28 ZI-data=69636  
".\Carto.axf" - 0 Errors, 1 Warning(s).
Load "C:\\Users\\arthur margerit\\AlgoCarto\\Src\\Carto.axf" 
Connecting: Mode=JTAG, Speed=1000000Hz
Erase Done.
Programming Done.
Verify OK.
Rebuild target 'Target 1'
assembling Startup.s...
compiling main.c...
main.c(29): warning:  #111-D: statement is unreachable
compiling io.c...
compiling motor.c...
compiling sensors.c...
compiling carto.c...
compiling Xbee_Protoc.c...
linking...
Program Size: Code=5784 RO-data=880 RW-data=28 ZI-data=69636  
".\Carto.axf" - 0 Errors, 1 Warning(s).
Load "C:\\Users\\arthur margerit\\AlgoCarto\\Src\\Carto.axf" 
Connecting: Mode=JTAG, Speed=1000000Hz
Erase Done.
Programming Done.
Verify OK.
Rebuild target 'Target 1'
assembling Startup.s...
compiling main.c...
main.c(29): warning:  #111-D: statement is unreachable
compiling io.c...
compiling motor.c...
compiling sensors.c...
compiling carto.c...
compiling Xbee_Protoc.c...
linking...
Program Size: Code=5784 RO-data=880 RW-data=28 ZI-data=69636  
".\Carto.axf" - 0 Errors, 1 Warning(s).
Load "C:\\Users\\arthur margerit\\AlgoCarto\\Src\\Carto.axf" 
Connecting: Mode=JTAG, Speed=1000000Hz
Erase Done.
Programming Done.
Verify OK.
Load "C:\\Users\\arthur margerit\\AlgoCarto\\Src\\Carto.axf" 
Connecting: Mode=JTAG, Speed=1000000Hz
Erase Done.
Programming Done.
Verify OK.
Rebuild target 'Target 1'
assembling Startup.s...
compiling main.c...
main.c(29): warning:  #111-D: statement is unreachable
compiling io.c...
compiling motor.c...
compiling sensors.c...
compiling carto.c...
compiling Xbee_Protoc.c...
linking...
Program Size: Code=5784 RO-data=880 RW-data=28 ZI-data=69636  
".\Carto.axf" - 0 Errors, 1 Warning(s).
Load "C:\\Users\\arthur margerit\\AlgoCarto\\Src\\Carto.axf" 
Connecting: Mode=JTAG, Speed=1000000Hz
Erase Done.
Programming Done.
Verify OK.
Rebuild target 'Target 1'
assembling Startup.s...
compiling main.c...
main.c(29): warning:  #111-D: statement is unreachable
compiling io.c...
compiling motor.c...
compiling sensors.c...
compiling carto.c...
compiling Xbee_Protoc.c...
linking...
Program Size: Code=5784 RO-data=880 RW-data=28 ZI-data=69636  
".\Carto.axf" - 0 Errors, 1 Warning(s).
Load "C:\\Users\\arthur margerit\\AlgoCarto\\Src\\Carto.axf" 
Connecting: Mode=JTAG, Speed=1000000Hz
Erase Done.
Programming Done.
Verify OK.
Rebuild target 'Target 1'
assembling Startup.s...
compiling main.c...
main.c(29): warning:  #111-D: statement is unreachable
compiling io.c...
compiling motor.c...
compiling sensors.c...
compiling carto.c...
compiling Xbee_Protoc.c...
linking...
Program Size: Code=5784 RO-data=880 RW-data=28 ZI-data=69636  
".\Carto.axf" - 0 Errors, 1 Warning(s).
Load "C:\\Users\\arthur margerit\\AlgoCarto\\Src\\Carto.axf" 
Connecting: Mode=JTAG, Speed=1000000Hz
Erase Done.
Programming Done.
Verify OK.
Rebuild target 'Target 1'
assembling Startup.s...
compiling main.c...
main.c(29): warning:  #111-D: statement is unreachable
compiling io.c...
compiling motor.c...
compiling sensors.c...
compiling carto.c...
compiling Xbee_Protoc.c...
linking...
Program Size: Code=5784 RO-data=880 RW-data=28 ZI-data=69636  
".\Carto.axf" - 0 Errors, 1 Warning(s).
Load "C:\\Users\\arthur margerit\\AlgoCarto\\Src\\Carto.axf" 
Connecting: Mode=JTAG, Speed=1000000Hz
Erase Done.
Programming Done.
Verify OK.
Load "C:\\Users\\arthur margerit\\AlgoCarto\\Src\\Carto.axf" 
Connecting: Mode=JTAG, Speed=1000000Hz
Erase Done.
Programming Done.
Verify OK.
Rebuild target 'Target 1'
assembling Startup.s...
compiling main.c...
main.c(29): warning:  #111-D: statement is unreachable
compiling io.c...
compiling motor.c...
compiling sensors.c...
compiling carto.c...
compiling Xbee_Protoc.c...
linking...
Program Size: Code=5784 RO-data=880 RW-data=28 ZI-data=69636  
".\Carto.axf" - 0 Errors, 1 Warning(s).
Load "C:\\Users\\arthur margerit\\AlgoCarto\\Src\\Carto.axf" 
Connecting: Mode=JTAG, Speed=1000000Hz
Erase Done.
Programming Done.
Verify OK.
Rebuild target 'Target 1'
assembling Startup.s...
compiling main.c...
main.c(29): warning:  #111-D: statement is unreachable
compiling io.c...
compiling motor.c...
compiling sensors.c...
compiling carto.c...
compiling Xbee_Protoc.c...
linking...
Program Size: Code=5800 RO-data=880 RW-data=28 ZI-data=69636  
".\Carto.axf" - 0 Errors, 1 Warning(s).
Load "C:\\Users\\arthur margerit\\AlgoCarto\\Src\\Carto.axf" 
Connecting: Mode=JTAG, Speed=1000000Hz
Erase Done.
Programming Done.
Verify OK.
