ARM Linker, 5.03 [Build 76] [MDK-ARM Lite]

==============================================================================

Section Cross References

    startup.o(RESET) refers to startup.o(STACK) for StackMem
    startup.o(RESET) refers to sensors.o(.text) for WheelSensorIntHandler
    startup.o(RESET) refers to entry.o(.ARM.Collect$$$$00000000) for __main
    main.o(.text) refers to io.o(.text) for LED_Toggle
    main.o(.text) refers to sensors.o(.text) for WheelSensorsInit
    main.o(.text) refers to motor.o(.text) for MotorSpeed
    motor.o(.text) refers to sysctl.o(i.SysCtlPeripheralEnable) for SysCtlPeripheralEnable
    motor.o(.text) refers to sysctl.o(i.SysCtlPWMClockSet) for SysCtlPWMClockSet
    motor.o(.text) refers to gpio.o(i.GPIOPinConfigure) for GPIOPinConfigure
    motor.o(.text) refers to pwm.o(i.PWMGenConfigure) for PWMGenConfigure
    motor.o(.text) refers to sysctl.o(i.SysCtlClockGet) for SysCtlClockGet
    motor.o(.text) refers to pwm.o(i.PWMGenPeriodSet) for PWMGenPeriodSet
    motor.o(.text) refers to pwm.o(i.PWMPulseWidthSet) for PWMPulseWidthSet
    motor.o(.text) refers to pwm.o(i.PWMOutputState) for PWMOutputState
    motor.o(.text) refers to pwm.o(i.PWMGenEnable) for PWMGenEnable
    motor.o(.text) refers to gpio.o(i.GPIOPinTypeGPIOInput) for GPIOPinTypeGPIOInput
    motor.o(.text) refers to gpio.o(i.GPIOPadConfigSet) for GPIOPadConfigSet
    motor.o(.text) refers to gpio.o(i.GPIOPinTypeGPIOOutput) for GPIOPinTypeGPIOOutput
    motor.o(.text) refers to gpio.o(i.GPIOPinWrite) for GPIOPinWrite
    motor.o(.text) refers to gpio.o(i.GPIOPinTypePWM) for GPIOPinTypePWM
    motor.o(.text) refers to pwm.o(i.PWMOutputInvert) for PWMOutputInvert
    sensors.o(.text) refers to sysctl.o(i.SysCtlPeripheralEnable) for SysCtlPeripheralEnable
    sensors.o(.text) refers to gpio.o(i.GPIOPinTypeGPIOInput) for GPIOPinTypeGPIOInput
    sensors.o(.text) refers to gpio.o(i.GPIOPadConfigSet) for GPIOPadConfigSet
    sensors.o(.text) refers to gpio.o(i.GPIOPinRead) for GPIOPinRead
    sensors.o(.text) refers to gpio.o(i.GPIOPinTypeGPIOOutput) for GPIOPinTypeGPIOOutput
    sensors.o(.text) refers to gpio.o(i.GPIOPinWrite) for GPIOPinWrite
    sensors.o(.text) refers to gpio.o(i.GPIOPinIntDisable) for GPIOPinIntDisable
    sensors.o(.text) refers to gpio.o(i.GPIOIntTypeSet) for GPIOIntTypeSet
    sensors.o(.text) refers to interrupt.o(i.IntEnable) for IntEnable
    sensors.o(.text) refers to gpio.o(i.GPIOPinIntClear) for GPIOPinIntClear
    sensors.o(.text) refers to gpio.o(i.GPIOPinIntEnable) for GPIOPinIntEnable
    sensors.o(.text) refers to gpio.o(i.GPIOPinIntStatus) for GPIOPinIntStatus
    sensors.o(.text) refers to sensors.o(.data) for g_ucDebouncedBumpers
    io.o(.text) refers to sysctl.o(i.SysCtlPeripheralEnable) for SysCtlPeripheralEnable
    io.o(.text) refers to gpio.o(i.GPIOPinTypeGPIOInput) for GPIOPinTypeGPIOInput
    io.o(.text) refers to gpio.o(i.GPIOPadConfigSet) for GPIOPadConfigSet
    io.o(.text) refers to gpio.o(i.GPIOPinRead) for GPIOPinRead
    io.o(.text) refers to gpio.o(i.GPIOPinWrite) for GPIOPinWrite
    io.o(.text) refers to gpio.o(i.GPIOPinTypeGPIOOutput) for GPIOPinTypeGPIOOutput
    io.o(.text) refers to io.o(.data) for g_ucDebouncedButtons
    gpio.o(i.GPIOPinConfigure) refers to gpio.o(.constdata) for .constdata
    gpio.o(i.GPIOPinTypeADC) refers to gpio.o(i.GPIODirModeSet) for GPIODirModeSet
    gpio.o(i.GPIOPinTypeADC) refers to gpio.o(i.GPIOPadConfigSet) for GPIOPadConfigSet
    gpio.o(i.GPIOPinTypeCAN) refers to gpio.o(i.GPIODirModeSet) for GPIODirModeSet
    gpio.o(i.GPIOPinTypeCAN) refers to gpio.o(i.GPIOPadConfigSet) for GPIOPadConfigSet
    gpio.o(i.GPIOPinTypeComparator) refers to gpio.o(i.GPIODirModeSet) for GPIODirModeSet
    gpio.o(i.GPIOPinTypeComparator) refers to gpio.o(i.GPIOPadConfigSet) for GPIOPadConfigSet
    gpio.o(i.GPIOPinTypeEPI) refers to gpio.o(i.GPIODirModeSet) for GPIODirModeSet
    gpio.o(i.GPIOPinTypeEPI) refers to gpio.o(i.GPIOPadConfigSet) for GPIOPadConfigSet
    gpio.o(i.GPIOPinTypeEthernetLED) refers to gpio.o(i.GPIODirModeSet) for GPIODirModeSet
    gpio.o(i.GPIOPinTypeEthernetLED) refers to gpio.o(i.GPIOPadConfigSet) for GPIOPadConfigSet
    gpio.o(i.GPIOPinTypeEthernetMII) refers to gpio.o(i.GPIODirModeSet) for GPIODirModeSet
    gpio.o(i.GPIOPinTypeEthernetMII) refers to gpio.o(i.GPIOPadConfigSet) for GPIOPadConfigSet
    gpio.o(i.GPIOPinTypeFan) refers to gpio.o(i.GPIODirModeSet) for GPIODirModeSet
    gpio.o(i.GPIOPinTypeFan) refers to gpio.o(i.GPIOPadConfigSet) for GPIOPadConfigSet
    gpio.o(i.GPIOPinTypeGPIOInput) refers to gpio.o(i.GPIODirModeSet) for GPIODirModeSet
    gpio.o(i.GPIOPinTypeGPIOInput) refers to gpio.o(i.GPIOPadConfigSet) for GPIOPadConfigSet
    gpio.o(i.GPIOPinTypeGPIOOutput) refers to gpio.o(i.GPIOPadConfigSet) for GPIOPadConfigSet
    gpio.o(i.GPIOPinTypeGPIOOutput) refers to gpio.o(i.GPIODirModeSet) for GPIODirModeSet
    gpio.o(i.GPIOPinTypeGPIOOutputOD) refers to gpio.o(i.GPIOPadConfigSet) for GPIOPadConfigSet
    gpio.o(i.GPIOPinTypeGPIOOutputOD) refers to gpio.o(i.GPIODirModeSet) for GPIODirModeSet
    gpio.o(i.GPIOPinTypeI2C) refers to gpio.o(i.GPIODirModeSet) for GPIODirModeSet
    gpio.o(i.GPIOPinTypeI2C) refers to gpio.o(i.GPIOPadConfigSet) for GPIOPadConfigSet
    gpio.o(i.GPIOPinTypeI2CSCL) refers to gpio.o(i.GPIODirModeSet) for GPIODirModeSet
    gpio.o(i.GPIOPinTypeI2CSCL) refers to gpio.o(i.GPIOPadConfigSet) for GPIOPadConfigSet
    gpio.o(i.GPIOPinTypeI2S) refers to gpio.o(i.GPIODirModeSet) for GPIODirModeSet
    gpio.o(i.GPIOPinTypeI2S) refers to gpio.o(i.GPIOPadConfigSet) for GPIOPadConfigSet
    gpio.o(i.GPIOPinTypeLPC) refers to gpio.o(i.GPIODirModeSet) for GPIODirModeSet
    gpio.o(i.GPIOPinTypeLPC) refers to gpio.o(i.GPIOPadConfigSet) for GPIOPadConfigSet
    gpio.o(i.GPIOPinTypePECIRx) refers to gpio.o(i.GPIODirModeSet) for GPIODirModeSet
    gpio.o(i.GPIOPinTypePECIRx) refers to gpio.o(i.GPIOPadConfigSet) for GPIOPadConfigSet
    gpio.o(i.GPIOPinTypePECITx) refers to gpio.o(i.GPIODirModeSet) for GPIODirModeSet
    gpio.o(i.GPIOPinTypePECITx) refers to gpio.o(i.GPIOPadConfigSet) for GPIOPadConfigSet
    gpio.o(i.GPIOPinTypePWM) refers to gpio.o(i.GPIODirModeSet) for GPIODirModeSet
    gpio.o(i.GPIOPinTypePWM) refers to gpio.o(i.GPIOPadConfigSet) for GPIOPadConfigSet
    gpio.o(i.GPIOPinTypeQEI) refers to gpio.o(i.GPIODirModeSet) for GPIODirModeSet
    gpio.o(i.GPIOPinTypeQEI) refers to gpio.o(i.GPIOPadConfigSet) for GPIOPadConfigSet
    gpio.o(i.GPIOPinTypeSSI) refers to gpio.o(i.GPIODirModeSet) for GPIODirModeSet
    gpio.o(i.GPIOPinTypeSSI) refers to gpio.o(i.GPIOPadConfigSet) for GPIOPadConfigSet
    gpio.o(i.GPIOPinTypeTimer) refers to gpio.o(i.GPIODirModeSet) for GPIODirModeSet
    gpio.o(i.GPIOPinTypeTimer) refers to gpio.o(i.GPIOPadConfigSet) for GPIOPadConfigSet
    gpio.o(i.GPIOPinTypeUART) refers to gpio.o(i.GPIODirModeSet) for GPIODirModeSet
    gpio.o(i.GPIOPinTypeUART) refers to gpio.o(i.GPIOPadConfigSet) for GPIOPadConfigSet
    gpio.o(i.GPIOPinTypeUSBAnalog) refers to gpio.o(i.GPIODirModeSet) for GPIODirModeSet
    gpio.o(i.GPIOPinTypeUSBAnalog) refers to gpio.o(i.GPIOPadConfigSet) for GPIOPadConfigSet
    gpio.o(i.GPIOPinTypeUSBDigital) refers to gpio.o(i.GPIODirModeSet) for GPIODirModeSet
    gpio.o(i.GPIOPinTypeUSBDigital) refers to gpio.o(i.GPIOPadConfigSet) for GPIOPadConfigSet
    gpio.o(i.GPIOPortIntRegister) refers to gpio.o(i.GPIOGetIntNumber) for GPIOGetIntNumber
    gpio.o(i.GPIOPortIntRegister) refers to interrupt.o(i.IntRegister) for IntRegister
    gpio.o(i.GPIOPortIntRegister) refers to interrupt.o(i.IntEnable) for IntEnable
    gpio.o(i.GPIOPortIntUnregister) refers to gpio.o(i.GPIOGetIntNumber) for GPIOGetIntNumber
    gpio.o(i.GPIOPortIntUnregister) refers to interrupt.o(i.IntDisable) for IntDisable
    gpio.o(i.GPIOPortIntUnregister) refers to interrupt.o(i.IntUnregister) for IntUnregister
    interrupt.o(i.IntDisable) refers to interrupt.o(.constdata) for .constdata
    interrupt.o(i.IntEnable) refers to interrupt.o(.constdata) for .constdata
    interrupt.o(i.IntIsEnabled) refers to interrupt.o(.constdata) for .constdata
    interrupt.o(i.IntMasterDisable) refers to cpu.o(.emb_text) for CPUcpsid
    interrupt.o(i.IntMasterEnable) refers to cpu.o(.emb_text) for CPUcpsie
    interrupt.o(i.IntPendClear) refers to interrupt.o(.constdata) for .constdata
    interrupt.o(i.IntPendSet) refers to interrupt.o(.constdata) for .constdata
    interrupt.o(i.IntPriorityGet) refers to interrupt.o(.constdata) for .constdata
    interrupt.o(i.IntPriorityGroupingGet) refers to interrupt.o(.constdata) for .constdata
    interrupt.o(i.IntPriorityGroupingSet) refers to interrupt.o(.constdata) for .constdata
    interrupt.o(i.IntPriorityMaskGet) refers to cpu.o(.emb_text) for CPUbasepriGet
    interrupt.o(i.IntPriorityMaskSet) refers to cpu.o(.emb_text) for CPUbasepriSet
    interrupt.o(i.IntPrioritySet) refers to interrupt.o(.constdata) for .constdata
    interrupt.o(i.IntRegister) refers to interrupt.o(vtable) for vtable
    interrupt.o(i.IntUnregister) refers to interrupt.o(i.IntDefaultHandler) for IntDefaultHandler
    interrupt.o(i.IntUnregister) refers to interrupt.o(vtable) for vtable
    pwm.o(i.PWMFaultIntRegister) refers to interrupt.o(i.IntRegister) for IntRegister
    pwm.o(i.PWMFaultIntRegister) refers to interrupt.o(i.IntEnable) for IntEnable
    pwm.o(i.PWMFaultIntUnregister) refers to interrupt.o(i.IntDisable) for IntDisable
    pwm.o(i.PWMFaultIntUnregister) refers to interrupt.o(i.IntUnregister) for IntUnregister
    pwm.o(i.PWMGenIntRegister) refers to interrupt.o(i.IntRegister) for IntRegister
    pwm.o(i.PWMGenIntRegister) refers to interrupt.o(i.IntEnable) for IntEnable
    pwm.o(i.PWMGenIntUnregister) refers to interrupt.o(i.IntDisable) for IntDisable
    pwm.o(i.PWMGenIntUnregister) refers to interrupt.o(i.IntUnregister) for IntUnregister
    sysctl.o(i.SysCtlClockGet) refers to sysctl.o(.constdata) for .constdata
    sysctl.o(i.SysCtlClockSet) refers to sysctl.o(.emb_text) for SysCtlDelay
    sysctl.o(i.SysCtlDeepSleep) refers to cpu.o(.emb_text) for CPUwfi
    sysctl.o(i.SysCtlI2SMClkSet) refers to sysctl.o(.constdata) for .constdata
    sysctl.o(i.SysCtlIntRegister) refers to interrupt.o(i.IntRegister) for IntRegister
    sysctl.o(i.SysCtlIntRegister) refers to interrupt.o(i.IntEnable) for IntEnable
    sysctl.o(i.SysCtlIntUnregister) refers to interrupt.o(i.IntDisable) for IntDisable
    sysctl.o(i.SysCtlIntUnregister) refers to interrupt.o(i.IntUnregister) for IntUnregister
    sysctl.o(i.SysCtlPeripheralDeepSleepDisable) refers to sysctl.o(.constdata) for .constdata
    sysctl.o(i.SysCtlPeripheralDeepSleepEnable) refers to sysctl.o(.constdata) for .constdata
    sysctl.o(i.SysCtlPeripheralDisable) refers to sysctl.o(.constdata) for .constdata
    sysctl.o(i.SysCtlPeripheralEnable) refers to sysctl.o(.constdata) for .constdata
    sysctl.o(i.SysCtlPeripheralPowerOff) refers to sysctl.o(.constdata) for .constdata
    sysctl.o(i.SysCtlPeripheralPowerOn) refers to sysctl.o(.constdata) for .constdata
    sysctl.o(i.SysCtlPeripheralPresent) refers to sysctl.o(.constdata) for .constdata
    sysctl.o(i.SysCtlPeripheralReady) refers to sysctl.o(.constdata) for .constdata
    sysctl.o(i.SysCtlPeripheralReset) refers to sysctl.o(.constdata) for .constdata
    sysctl.o(i.SysCtlPeripheralSleepDisable) refers to sysctl.o(.constdata) for .constdata
    sysctl.o(i.SysCtlPeripheralSleepEnable) refers to sysctl.o(.constdata) for .constdata
    sysctl.o(i.SysCtlSleep) refers to cpu.o(.emb_text) for CPUwfi
    entry.o(.ARM.Collect$$$$00000000) refers (Special) to entry10a.o(.ARM.Collect$$$$0000000D) for __rt_final_cpp
    entry.o(.ARM.Collect$$$$00000000) refers (Special) to entry11a.o(.ARM.Collect$$$$0000000F) for __rt_final_exit
    entry.o(.ARM.Collect$$$$00000000) refers (Special) to entry7b.o(.ARM.Collect$$$$00000008) for _main_clock
    entry.o(.ARM.Collect$$$$00000000) refers (Special) to entry8b.o(.ARM.Collect$$$$0000000A) for _main_cpp_init
    entry.o(.ARM.Collect$$$$00000000) refers (Special) to entry9a.o(.ARM.Collect$$$$0000000B) for _main_init
    entry.o(.ARM.Collect$$$$00000000) refers (Special) to entry5.o(.ARM.Collect$$$$00000004) for _main_scatterload
    entry.o(.ARM.Collect$$$$00000000) refers (Special) to entry2.o(.ARM.Collect$$$$00000001) for _main_stk
    entry2.o(.ARM.Collect$$$$00000001) refers to entry2.o(.ARM.Collect$$$$00002712) for __lit__00000000
    entry2.o(.ARM.Collect$$$$00002712) refers to startup.o(STACK) for __initial_sp
    entry2.o(__vectab_stack_and_reset_area) refers to startup.o(STACK) for __initial_sp
    entry2.o(__vectab_stack_and_reset_area) refers to entry.o(.ARM.Collect$$$$00000000) for __main
    entry5.o(.ARM.Collect$$$$00000004) refers to init.o(.text) for __scatterload
    entry9a.o(.ARM.Collect$$$$0000000B) refers to main.o(.text) for main
    entry9b.o(.ARM.Collect$$$$0000000C) refers to main.o(.text) for main
    init.o(.text) refers to entry5.o(.ARM.Collect$$$$00000004) for __main_after_scatterload


==============================================================================

Removing Unused input sections from the image.

    Removing startup.o(HEAP), (0 bytes).
    Removing startup.o(.text), (0 bytes).
    Removing gpio.o(i.GPIOADCTriggerDisable), (14 bytes).
    Removing gpio.o(i.GPIOADCTriggerEnable), (14 bytes).
    Removing gpio.o(i.GPIODMATriggerDisable), (14 bytes).
    Removing gpio.o(i.GPIODMATriggerEnable), (14 bytes).
    Removing gpio.o(i.GPIODirModeGet), (34 bytes).
    Removing gpio.o(i.GPIOGetIntNumber), (216 bytes).
    Removing gpio.o(i.GPIOIntTypeGet), (48 bytes).
    Removing gpio.o(i.GPIOPadConfigGet), (140 bytes).
    Removing gpio.o(i.GPIOPinTypeADC), (28 bytes).
    Removing gpio.o(i.GPIOPinTypeCAN), (28 bytes).
    Removing gpio.o(i.GPIOPinTypeComparator), (28 bytes).
    Removing gpio.o(i.GPIOPinTypeEPI), (28 bytes).
    Removing gpio.o(i.GPIOPinTypeEthernetLED), (28 bytes).
    Removing gpio.o(i.GPIOPinTypeEthernetMII), (28 bytes).
    Removing gpio.o(i.GPIOPinTypeFan), (28 bytes).
    Removing gpio.o(i.GPIOPinTypeGPIOOutputOD), (28 bytes).
    Removing gpio.o(i.GPIOPinTypeI2C), (28 bytes).
    Removing gpio.o(i.GPIOPinTypeI2CSCL), (72 bytes).
    Removing gpio.o(i.GPIOPinTypeI2S), (28 bytes).
    Removing gpio.o(i.GPIOPinTypeLPC), (28 bytes).
    Removing gpio.o(i.GPIOPinTypePECIRx), (28 bytes).
    Removing gpio.o(i.GPIOPinTypePECITx), (28 bytes).
    Removing gpio.o(i.GPIOPinTypeQEI), (28 bytes).
    Removing gpio.o(i.GPIOPinTypeSSI), (28 bytes).
    Removing gpio.o(i.GPIOPinTypeTimer), (28 bytes).
    Removing gpio.o(i.GPIOPinTypeUART), (28 bytes).
    Removing gpio.o(i.GPIOPinTypeUSBAnalog), (28 bytes).
    Removing gpio.o(i.GPIOPinTypeUSBDigital), (28 bytes).
    Removing gpio.o(i.GPIOPortIntRegister), (26 bytes).
    Removing gpio.o(i.GPIOPortIntUnregister), (22 bytes).
    Removing interrupt.o(i.IntDefaultHandler), (2 bytes).
    Removing interrupt.o(i.IntDisable), (100 bytes).
    Removing interrupt.o(i.IntIsEnabled), (96 bytes).
    Removing interrupt.o(i.IntMasterDisable), (10 bytes).
    Removing interrupt.o(i.IntMasterEnable), (10 bytes).
    Removing interrupt.o(i.IntPendClear), (68 bytes).
    Removing interrupt.o(i.IntPendSet), (84 bytes).
    Removing interrupt.o(i.IntPriorityGet), (28 bytes).
    Removing interrupt.o(i.IntPriorityGroupingGet), (40 bytes).
    Removing interrupt.o(i.IntPriorityGroupingSet), (28 bytes).
    Removing interrupt.o(i.IntPriorityMaskGet), (4 bytes).
    Removing interrupt.o(i.IntPriorityMaskSet), (4 bytes).
    Removing interrupt.o(i.IntPrioritySet), (40 bytes).
    Removing interrupt.o(i.IntRegister), (52 bytes).
    Removing interrupt.o(i.IntUnregister), (20 bytes).
    Removing interrupt.o(vtable), (620 bytes).
    Removing pwm.o(i.PWMDeadBandDisable), (12 bytes).
    Removing pwm.o(i.PWMDeadBandEnable), (16 bytes).
    Removing pwm.o(i.PWMFaultIntClear), (8 bytes).
    Removing pwm.o(i.PWMFaultIntClearExt), (4 bytes).
    Removing pwm.o(i.PWMFaultIntRegister), (32 bytes).
    Removing pwm.o(i.PWMFaultIntUnregister), (32 bytes).
    Removing pwm.o(i.PWMGenDisable), (10 bytes).
    Removing pwm.o(i.PWMGenFaultClear), (18 bytes).
    Removing pwm.o(i.PWMGenFaultConfigure), (18 bytes).
    Removing pwm.o(i.PWMGenFaultStatus), (18 bytes).
    Removing pwm.o(i.PWMGenFaultTriggerGet), (12 bytes).
    Removing pwm.o(i.PWMGenFaultTriggerSet), (12 bytes).
    Removing pwm.o(i.PWMGenIntClear), (6 bytes).
    Removing pwm.o(i.PWMGenIntRegister), (108 bytes).
    Removing pwm.o(i.PWMGenIntStatus), (12 bytes).
    Removing pwm.o(i.PWMGenIntTrigDisable), (10 bytes).
    Removing pwm.o(i.PWMGenIntTrigEnable), (10 bytes).
    Removing pwm.o(i.PWMGenIntUnregister), (104 bytes).
    Removing pwm.o(i.PWMGenPeriodGet), (18 bytes).
    Removing pwm.o(i.PWMIntDisable), (10 bytes).
    Removing pwm.o(i.PWMIntEnable), (8 bytes).
    Removing pwm.o(i.PWMIntStatus), (10 bytes).
    Removing pwm.o(i.PWMOutputFault), (16 bytes).
    Removing pwm.o(i.PWMOutputFaultLevel), (16 bytes).
    Removing pwm.o(i.PWMPulseWidthGet), (32 bytes).
    Removing pwm.o(i.PWMSyncTimeBase), (4 bytes).
    Removing pwm.o(i.PWMSyncUpdate), (4 bytes).
    Removing sysctl.o(.emb_text), (6 bytes).
    Removing sysctl.o(i.SysCtlADCSpeedGet), (16 bytes).
    Removing sysctl.o(i.SysCtlADCSpeedSet), (32 bytes).
    Removing sysctl.o(i.SysCtlBrownOutConfigSet), (16 bytes).
    Removing sysctl.o(i.SysCtlClkVerificationClear), (20 bytes).
    Removing sysctl.o(i.SysCtlClockSet), (332 bytes).
    Removing sysctl.o(i.SysCtlDeepSleep), (32 bytes).
    Removing sysctl.o(i.SysCtlDeepSleepClockSet), (12 bytes).
    Removing sysctl.o(i.SysCtlFlashSizeGet), (20 bytes).
    Removing sysctl.o(i.SysCtlGPIOAHBDisable), (20 bytes).
    Removing sysctl.o(i.SysCtlGPIOAHBEnable), (16 bytes).
    Removing sysctl.o(i.SysCtlI2SMClkSet), (216 bytes).
    Removing sysctl.o(i.SysCtlIOSCVerificationSet), (24 bytes).
    Removing sysctl.o(i.SysCtlIntClear), (12 bytes).
    Removing sysctl.o(i.SysCtlIntDisable), (16 bytes).
    Removing sysctl.o(i.SysCtlIntEnable), (16 bytes).
    Removing sysctl.o(i.SysCtlIntRegister), (20 bytes).
    Removing sysctl.o(i.SysCtlIntStatus), (16 bytes).
    Removing sysctl.o(i.SysCtlIntUnregister), (18 bytes).
    Removing sysctl.o(i.SysCtlLDOConfigSet), (12 bytes).
    Removing sysctl.o(i.SysCtlLDOGet), (12 bytes).
    Removing sysctl.o(i.SysCtlLDOSet), (12 bytes).
    Removing sysctl.o(i.SysCtlMOSCConfigSet), (12 bytes).
    Removing sysctl.o(i.SysCtlMOSCVerificationSet), (24 bytes).
    Removing sysctl.o(i.SysCtlPIOSCCalibrate), (76 bytes).
    Removing sysctl.o(i.SysCtlPLLVerificationSet), (24 bytes).
    Removing sysctl.o(i.SysCtlPWMClockGet), (24 bytes).
    Removing sysctl.o(i.SysCtlPeripheralClockGating), (24 bytes).
    Removing sysctl.o(i.SysCtlPeripheralDeepSleepDisable), (80 bytes).
    Removing sysctl.o(i.SysCtlPeripheralDeepSleepEnable), (80 bytes).
    Removing sysctl.o(i.SysCtlPeripheralDisable), (80 bytes).
    Removing sysctl.o(i.SysCtlPeripheralPowerOff), (72 bytes).
    Removing sysctl.o(i.SysCtlPeripheralPowerOn), (72 bytes).
    Removing sysctl.o(i.SysCtlPeripheralPresent), (112 bytes).
    Removing sysctl.o(i.SysCtlPeripheralReady), (72 bytes).
    Removing sysctl.o(i.SysCtlPeripheralReset), (120 bytes).
    Removing sysctl.o(i.SysCtlPeripheralSleepDisable), (80 bytes).
    Removing sysctl.o(i.SysCtlPeripheralSleepEnable), (80 bytes).
    Removing sysctl.o(i.SysCtlPinPresent), (16 bytes).
    Removing sysctl.o(i.SysCtlReset), (16 bytes).
    Removing sysctl.o(i.SysCtlResetCauseClear), (16 bytes).
    Removing sysctl.o(i.SysCtlResetCauseGet), (12 bytes).
    Removing sysctl.o(i.SysCtlSRAMSizeGet), (20 bytes).
    Removing sysctl.o(i.SysCtlSleep), (4 bytes).
    Removing sysctl.o(i.SysCtlUSBPLLDisable), (16 bytes).
    Removing sysctl.o(i.SysCtlUSBPLLEnable), (16 bytes).
    Removing cpu.o(.emb_text), (38 bytes).

122 unused section(s) (total 4994 bytes) removed from the image.

==============================================================================

Image Symbol Table

    Local Symbols

    Symbol Name                              Value     Ov Type        Size  Object(Section)

    RESET                                    0x00000000   Section      632  startup.o(RESET)
    ../clib/microlib/init/entry.s            0x00000000   Number         0  entry7a.o ABSOLUTE
    ../clib/microlib/init/entry.s            0x00000000   Number         0  entry.o ABSOLUTE
    ../clib/microlib/init/entry.s            0x00000000   Number         0  entry7b.o ABSOLUTE
    ../clib/microlib/init/entry.s            0x00000000   Number         0  entry8a.o ABSOLUTE
    ../clib/microlib/init/entry.s            0x00000000   Number         0  entry8b.o ABSOLUTE
    ../clib/microlib/init/entry.s            0x00000000   Number         0  entry9a.o ABSOLUTE
    ../clib/microlib/init/entry.s            0x00000000   Number         0  entry10b.o ABSOLUTE
    ../clib/microlib/init/entry.s            0x00000000   Number         0  entry11a.o ABSOLUTE
    ../clib/microlib/init/entry.s            0x00000000   Number         0  entry10a.o ABSOLUTE
    ../clib/microlib/init/entry.s            0x00000000   Number         0  entry11b.o ABSOLUTE
    ../clib/microlib/init/entry.s            0x00000000   Number         0  entry5.o ABSOLUTE
    ../clib/microlib/init/entry.s            0x00000000   Number         0  entry9b.o ABSOLUTE
    ../clib/microlib/init/entry.s            0x00000000   Number         0  entry2.o ABSOLUTE
    ..\lib\StellarisWare\boards\ek-evalbot\drivers\io.c 0x00000000   Number         0  io.o ABSOLUTE
    ..\lib\StellarisWare\boards\ek-evalbot\drivers\motor.c 0x00000000   Number         0  motor.o ABSOLUTE
    ..\lib\StellarisWare\boards\ek-evalbot\drivers\sensors.c 0x00000000   Number         0  sensors.o ABSOLUTE
    Startup.s                                0x00000000   Number         0  startup.o ABSOLUTE
    cpu.c                                    0x00000000   Number         0  cpu.o ABSOLUTE
    cpu.c                                    0x00000000   Number         0  cpu.o ABSOLUTE
    dc.s                                     0x00000000   Number         0  dc.o ABSOLUTE
    gpio.c                                   0x00000000   Number         0  gpio.o ABSOLUTE
    handlers.s                               0x00000000   Number         0  handlers.o ABSOLUTE
    init.s                                   0x00000000   Number         0  init.o ABSOLUTE
    interrupt.c                              0x00000000   Number         0  interrupt.o ABSOLUTE
    main.c                                   0x00000000   Number         0  main.o ABSOLUTE
    motorInit.c                              0x00000000   Number         0  motorinit.o ABSOLUTE
    pwm.c                                    0x00000000   Number         0  pwm.o ABSOLUTE
    sysctl.c                                 0x00000000   Number         0  sysctl.o ABSOLUTE
    sysctl.c                                 0x00000000   Number         0  sysctl.o ABSOLUTE
    NmiSR                                    0x00000271   Thumb Code     0  startup.o(RESET)
    FaultISR                                 0x00000273   Thumb Code     0  startup.o(RESET)
    IntDefaultHandler                        0x00000275   Thumb Code     0  startup.o(RESET)
    .ARM.Collect$$$$00000000                 0x00000278   Section        0  entry.o(.ARM.Collect$$$$00000000)
    .ARM.Collect$$$$00000001                 0x00000278   Section        4  entry2.o(.ARM.Collect$$$$00000001)
    .ARM.Collect$$$$00000004                 0x0000027c   Section        4  entry5.o(.ARM.Collect$$$$00000004)
    .ARM.Collect$$$$00000008                 0x00000280   Section        0  entry7b.o(.ARM.Collect$$$$00000008)
    .ARM.Collect$$$$0000000A                 0x00000280   Section        0  entry8b.o(.ARM.Collect$$$$0000000A)
    .ARM.Collect$$$$0000000B                 0x00000280   Section        8  entry9a.o(.ARM.Collect$$$$0000000B)
    .ARM.Collect$$$$0000000D                 0x00000288   Section        0  entry10a.o(.ARM.Collect$$$$0000000D)
    .ARM.Collect$$$$0000000F                 0x00000288   Section        0  entry11a.o(.ARM.Collect$$$$0000000F)
    .ARM.Collect$$$$00002712                 0x00000288   Section        4  entry2.o(.ARM.Collect$$$$00002712)
    __lit__00000000                          0x00000288   Data           4  entry2.o(.ARM.Collect$$$$00002712)
    .text                                    0x0000028c   Section        0  main.o(.text)
    DriveWheelSensorInterrupt                0x0000028d   Thumb Code    12  main.o(.text)
    .text                                    0x000002e0   Section        0  motor.o(.text)
    .text                                    0x000004b0   Section        0  sensors.o(.text)
    .text                                    0x0000070c   Section        0  io.o(.text)
    .text                                    0x000008fc   Section       36  init.o(.text)
    i.GPIODirModeSet                         0x00000920   Section        0  gpio.o(i.GPIODirModeSet)
    i.GPIOIntTypeSet                         0x00000948   Section        0  gpio.o(i.GPIOIntTypeSet)
    i.GPIOPadConfigSet                       0x00000982   Section        0  gpio.o(i.GPIOPadConfigSet)
    i.GPIOPinConfigure                       0x00000a34   Section        0  gpio.o(i.GPIOPinConfigure)
    i.GPIOPinIntClear                        0x00000a7c   Section        0  gpio.o(i.GPIOPinIntClear)
    i.GPIOPinIntDisable                      0x00000a82   Section        0  gpio.o(i.GPIOPinIntDisable)
    i.GPIOPinIntEnable                       0x00000a90   Section        0  gpio.o(i.GPIOPinIntEnable)
    i.GPIOPinIntStatus                       0x00000a9e   Section        0  gpio.o(i.GPIOPinIntStatus)
    i.GPIOPinRead                            0x00000aac   Section        0  gpio.o(i.GPIOPinRead)
    i.GPIOPinTypeGPIOInput                   0x00000ab2   Section        0  gpio.o(i.GPIOPinTypeGPIOInput)
    i.GPIOPinTypeGPIOOutput                  0x00000ace   Section        0  gpio.o(i.GPIOPinTypeGPIOOutput)
    i.GPIOPinTypePWM                         0x00000aea   Section        0  gpio.o(i.GPIOPinTypePWM)
    i.GPIOPinWrite                           0x00000b06   Section        0  gpio.o(i.GPIOPinWrite)
    i.IntEnable                              0x00000b0c   Section        0  interrupt.o(i.IntEnable)
    i.PWMGenConfigure                        0x00000b70   Section        0  pwm.o(i.PWMGenConfigure)
    i.PWMGenEnable                           0x00000b96   Section        0  pwm.o(i.PWMGenEnable)
    i.PWMGenPeriodSet                        0x00000ba0   Section        0  pwm.o(i.PWMGenPeriodSet)
    i.PWMOutputInvert                        0x00000bb2   Section        0  pwm.o(i.PWMOutputInvert)
    i.PWMOutputState                         0x00000bc2   Section        0  pwm.o(i.PWMOutputState)
    i.PWMPulseWidthSet                       0x00000bd2   Section        0  pwm.o(i.PWMPulseWidthSet)
    i.SysCtlClockGet                         0x00000bf4   Section        0  sysctl.o(i.SysCtlClockGet)
    i.SysCtlPWMClockSet                      0x00000e24   Section        0  sysctl.o(i.SysCtlPWMClockSet)
    i.SysCtlPeripheralEnable                 0x00000e38   Section        0  sysctl.o(i.SysCtlPeripheralEnable)
    i.__scatterload_copy                     0x00000e88   Section       14  handlers.o(i.__scatterload_copy)
    i.__scatterload_null                     0x00000e96   Section        2  handlers.o(i.__scatterload_null)
    i.__scatterload_zeroinit                 0x00000e98   Section       14  handlers.o(i.__scatterload_zeroinit)
    .constdata                               0x00000ea8   Section      120  gpio.o(.constdata)
    g_pulGPIOBaseAddrs                       0x00000ea8   Data         120  gpio.o(.constdata)
    .constdata                               0x00000f20   Section      268  interrupt.o(.constdata)
    g_pulPriority                            0x00000f20   Data          32  interrupt.o(.constdata)
    g_pulRegs                                0x00000f40   Data         156  interrupt.o(.constdata)
    g_pulEnRegs                              0x00000fdc   Data          20  interrupt.o(.constdata)
    g_pulDisRegs                             0x00000ff0   Data          20  interrupt.o(.constdata)
    g_pulPendRegs                            0x00001004   Data          20  interrupt.o(.constdata)
    g_pulUnpendRegs                          0x00001018   Data          20  interrupt.o(.constdata)
    .constdata                               0x0000102c   Section      460  sysctl.o(.constdata)
    g_pulDCRegs                              0x0000102c   Data          16  sysctl.o(.constdata)
    g_pulSRCRRegs                            0x0000103c   Data          12  sysctl.o(.constdata)
    g_pulRCGCRegs                            0x00001048   Data          12  sysctl.o(.constdata)
    g_pulSCGCRegs                            0x00001054   Data          12  sysctl.o(.constdata)
    g_pulDCGCRegs                            0x00001060   Data          12  sysctl.o(.constdata)
    g_pulXtals                               0x0000106c   Data         108  sysctl.o(.constdata)
    g_ppulPeripheralMap                      0x000010d8   Data         288  sysctl.o(.constdata)
    .data                                    0x20000000   Section        8  sensors.o(.data)
    g_ucDebouncedBumpers                     0x20000000   Data           1  sensors.o(.data)
    ucBumperClockA                           0x20000001   Data           1  sensors.o(.data)
    ucBumperClockB                           0x20000002   Data           1  sensors.o(.data)
    g_pfnWheelCallback                       0x20000004   Data           4  sensors.o(.data)
    .data                                    0x20000008   Section        3  io.o(.data)
    g_ucDebouncedButtons                     0x20000008   Data           1  io.o(.data)
    ucButtonsClockA                          0x20000009   Data           1  io.o(.data)
    ucButtonsClockB                          0x2000000a   Data           1  io.o(.data)
    STACK                                    0x20000010   Section      256  startup.o(STACK)
    StackMem                                 0x20000010   Data           0  startup.o(STACK)

    Global Symbols

    Symbol Name                              Value     Ov Type        Size  Object(Section)

    BuildAttributes$$THM_ISAv4$P$D$K$B$S$PE$A:L22UL41UL21$X:L11$S22US41US21$IEEE1$IW$USESV6$~STKCKD$USESV7$~SHL$OTIME$EBA8$MICROLIB$REQ8$PRES8$EABIv2 0x00000000   Number         0  anon$$obj.o ABSOLUTE
    __ARM_use_no_argv                        0x00000000   Number         0  main.o ABSOLUTE
    __Vectors                                0x00000000   Data           0  startup.o(RESET)
    __cpp_initialize__aeabi_                  - Undefined Weak Reference
    __cxa_finalize                            - Undefined Weak Reference
    __decompress                              - Undefined Weak Reference
    _clock_init                               - Undefined Weak Reference
    _microlib_exit                            - Undefined Weak Reference
    Reset_Handler                            0x0000026d   Thumb Code     0  startup.o(RESET)
    __main                                   0x00000279   Thumb Code     0  entry.o(.ARM.Collect$$$$00000000)
    _main_stk                                0x00000279   Thumb Code     0  entry2.o(.ARM.Collect$$$$00000001)
    _main_scatterload                        0x0000027d   Thumb Code     0  entry5.o(.ARM.Collect$$$$00000004)
    __main_after_scatterload                 0x00000281   Thumb Code     0  entry5.o(.ARM.Collect$$$$00000004)
    _main_clock                              0x00000281   Thumb Code     0  entry7b.o(.ARM.Collect$$$$00000008)
    _main_cpp_init                           0x00000281   Thumb Code     0  entry8b.o(.ARM.Collect$$$$0000000A)
    _main_init                               0x00000281   Thumb Code     0  entry9a.o(.ARM.Collect$$$$0000000B)
    __rt_final_cpp                           0x00000289   Thumb Code     0  entry10a.o(.ARM.Collect$$$$0000000D)
    __rt_final_exit                          0x00000289   Thumb Code     0  entry11a.o(.ARM.Collect$$$$0000000F)
    main                                     0x00000299   Thumb Code    36  main.o(.text)
    DriveStop                                0x000002bd   Thumb Code    32  main.o(.text)
    MotorsInit                               0x000002e1   Thumb Code   246  motor.o(.text)
    MotorDir                                 0x000003d7   Thumb Code    60  motor.o(.text)
    MotorRun                                 0x00000413   Thumb Code    24  motor.o(.text)
    MotorStop                                0x0000042b   Thumb Code    34  motor.o(.text)
    MotorSpeed                               0x0000044d   Thumb Code    76  motor.o(.text)
    BumpSensorsInit                          0x000004b1   Thumb Code    30  sensors.o(.text)
    BumpSensorGetStatus                      0x000004cf   Thumb Code    60  sensors.o(.text)
    BumpSensorDebouncer                      0x0000050b   Thumb Code   108  sensors.o(.text)
    BumpSensorGetDebounced                   0x00000577   Thumb Code    36  sensors.o(.text)
    WheelSensorsInit                         0x0000059b   Thumb Code   122  sensors.o(.text)
    WheelSensorEnable                        0x00000615   Thumb Code    14  sensors.o(.text)
    WheelSensorDisable                       0x00000623   Thumb Code    14  sensors.o(.text)
    WheelSensorIntEnable                     0x00000631   Thumb Code    42  sensors.o(.text)
    WheelSensorIntDisable                    0x0000065b   Thumb Code    26  sensors.o(.text)
    WheelSensorIntHandler                    0x00000675   Thumb Code   126  sensors.o(.text)
    PushButtonsInit                          0x0000070d   Thumb Code    30  io.o(.text)
    PushButtonDebouncer                      0x0000072b   Thumb Code   108  io.o(.text)
    PushButtonGetStatus                      0x00000797   Thumb Code    62  io.o(.text)
    PushButtonGetDebounced                   0x000007d5   Thumb Code    36  io.o(.text)
    LED_Off                                  0x000007f9   Thumb Code    58  io.o(.text)
    LEDsInit                                 0x00000833   Thumb Code    26  io.o(.text)
    LED_On                                   0x0000084d   Thumb Code    58  io.o(.text)
    LED_Toggle                               0x00000887   Thumb Code    94  io.o(.text)
    __scatterload                            0x000008fd   Thumb Code    28  init.o(.text)
    __scatterload_rt2                        0x000008fd   Thumb Code     0  init.o(.text)
    GPIODirModeSet                           0x00000921   Thumb Code    40  gpio.o(i.GPIODirModeSet)
    GPIOIntTypeSet                           0x00000949   Thumb Code    58  gpio.o(i.GPIOIntTypeSet)
    GPIOPadConfigSet                         0x00000983   Thumb Code   176  gpio.o(i.GPIOPadConfigSet)
    GPIOPinConfigure                         0x00000a35   Thumb Code    64  gpio.o(i.GPIOPinConfigure)
    GPIOPinIntClear                          0x00000a7d   Thumb Code     6  gpio.o(i.GPIOPinIntClear)
    GPIOPinIntDisable                        0x00000a83   Thumb Code    14  gpio.o(i.GPIOPinIntDisable)
    GPIOPinIntEnable                         0x00000a91   Thumb Code    14  gpio.o(i.GPIOPinIntEnable)
    GPIOPinIntStatus                         0x00000a9f   Thumb Code    14  gpio.o(i.GPIOPinIntStatus)
    GPIOPinRead                              0x00000aad   Thumb Code     6  gpio.o(i.GPIOPinRead)
    GPIOPinTypeGPIOInput                     0x00000ab3   Thumb Code    28  gpio.o(i.GPIOPinTypeGPIOInput)
    GPIOPinTypeGPIOOutput                    0x00000acf   Thumb Code    28  gpio.o(i.GPIOPinTypeGPIOOutput)
    GPIOPinTypePWM                           0x00000aeb   Thumb Code    28  gpio.o(i.GPIOPinTypePWM)
    GPIOPinWrite                             0x00000b07   Thumb Code     6  gpio.o(i.GPIOPinWrite)
    IntEnable                                0x00000b0d   Thumb Code    92  interrupt.o(i.IntEnable)
    PWMGenConfigure                          0x00000b71   Thumb Code    38  pwm.o(i.PWMGenConfigure)
    PWMGenEnable                             0x00000b97   Thumb Code    10  pwm.o(i.PWMGenEnable)
    PWMGenPeriodSet                          0x00000ba1   Thumb Code    18  pwm.o(i.PWMGenPeriodSet)
    PWMOutputInvert                          0x00000bb3   Thumb Code    16  pwm.o(i.PWMOutputInvert)
    PWMOutputState                           0x00000bc3   Thumb Code    16  pwm.o(i.PWMOutputState)
    PWMPulseWidthSet                         0x00000bd3   Thumb Code    32  pwm.o(i.PWMPulseWidthSet)
    SysCtlClockGet                           0x00000bf5   Thumb Code   514  sysctl.o(i.SysCtlClockGet)
    SysCtlPWMClockSet                        0x00000e25   Thumb Code    14  sysctl.o(i.SysCtlPWMClockSet)
    SysCtlPeripheralEnable                   0x00000e39   Thumb Code    70  sysctl.o(i.SysCtlPeripheralEnable)
    __scatterload_copy                       0x00000e89   Thumb Code    14  handlers.o(i.__scatterload_copy)
    __scatterload_null                       0x00000e97   Thumb Code     2  handlers.o(i.__scatterload_null)
    __scatterload_zeroinit                   0x00000e99   Thumb Code    14  handlers.o(i.__scatterload_zeroinit)
    Region$$Table$$Base                      0x000011f8   Number         0  anon$$obj.o(Region$$Table)
    Region$$Table$$Limit                     0x00001218   Number         0  anon$$obj.o(Region$$Table)
    __initial_sp                             0x20000110   Data           0  startup.o(STACK)



==============================================================================

Memory Map of the image

  Image Entry point : 0x0000026d

  Load Region LR_1 (Base: 0x00000000, Size: 0x00001224, Max: 0xffffffff, ABSOLUTE)

    Execution Region ER_RO (Base: 0x00000000, Size: 0x00001218, Max: 0xffffffff, ABSOLUTE)

    Base Addr    Size         Type   Attr      Idx    E Section Name        Object

    0x00000000   0x00000278   Code   RO            3  * RESET               startup.o
    0x00000278   0x00000000   Code   RO         1053  * .ARM.Collect$$$$00000000  mc_w.l(entry.o)
    0x00000278   0x00000004   Code   RO         1056    .ARM.Collect$$$$00000001  mc_w.l(entry2.o)
    0x0000027c   0x00000004   Code   RO         1059    .ARM.Collect$$$$00000004  mc_w.l(entry5.o)
    0x00000280   0x00000000   Code   RO         1061    .ARM.Collect$$$$00000008  mc_w.l(entry7b.o)
    0x00000280   0x00000000   Code   RO         1063    .ARM.Collect$$$$0000000A  mc_w.l(entry8b.o)
    0x00000280   0x00000008   Code   RO         1064    .ARM.Collect$$$$0000000B  mc_w.l(entry9a.o)
    0x00000288   0x00000000   Code   RO         1066    .ARM.Collect$$$$0000000D  mc_w.l(entry10a.o)
    0x00000288   0x00000000   Code   RO         1068    .ARM.Collect$$$$0000000F  mc_w.l(entry11a.o)
    0x00000288   0x00000004   Code   RO         1057    .ARM.Collect$$$$00002712  mc_w.l(entry2.o)
    0x0000028c   0x00000054   Code   RO            9    .text               main.o
    0x000002e0   0x000001d0   Code   RO           52    .text               motor.o
    0x000004b0   0x0000025c   Code   RO           76    .text               sensors.o
    0x0000070c   0x000001f0   Code   RO          108    .text               io.o
    0x000008fc   0x00000024   Code   RO         1070    .text               mc_w.l(init.o)
    0x00000920   0x00000028   Code   RO          130    i.GPIODirModeSet    driverlib-cm3.lib(gpio.o)
    0x00000948   0x0000003a   Code   RO          133    i.GPIOIntTypeSet    driverlib-cm3.lib(gpio.o)
    0x00000982   0x000000b0   Code   RO          135    i.GPIOPadConfigSet  driverlib-cm3.lib(gpio.o)
    0x00000a32   0x00000002   PAD
    0x00000a34   0x00000048   Code   RO          136    i.GPIOPinConfigure  driverlib-cm3.lib(gpio.o)
    0x00000a7c   0x00000006   Code   RO          137    i.GPIOPinIntClear   driverlib-cm3.lib(gpio.o)
    0x00000a82   0x0000000e   Code   RO          138    i.GPIOPinIntDisable  driverlib-cm3.lib(gpio.o)
    0x00000a90   0x0000000e   Code   RO          139    i.GPIOPinIntEnable  driverlib-cm3.lib(gpio.o)
    0x00000a9e   0x0000000e   Code   RO          140    i.GPIOPinIntStatus  driverlib-cm3.lib(gpio.o)
    0x00000aac   0x00000006   Code   RO          141    i.GPIOPinRead       driverlib-cm3.lib(gpio.o)
    0x00000ab2   0x0000001c   Code   RO          149    i.GPIOPinTypeGPIOInput  driverlib-cm3.lib(gpio.o)
    0x00000ace   0x0000001c   Code   RO          150    i.GPIOPinTypeGPIOOutput  driverlib-cm3.lib(gpio.o)
    0x00000aea   0x0000001c   Code   RO          158    i.GPIOPinTypePWM    driverlib-cm3.lib(gpio.o)
    0x00000b06   0x00000006   Code   RO          165    i.GPIOPinWrite      driverlib-cm3.lib(gpio.o)
    0x00000b0c   0x00000064   Code   RO          419    i.IntEnable         driverlib-cm3.lib(interrupt.o)
    0x00000b70   0x00000026   Code   RO          536    i.PWMGenConfigure   driverlib-cm3.lib(pwm.o)
    0x00000b96   0x0000000a   Code   RO          538    i.PWMGenEnable      driverlib-cm3.lib(pwm.o)
    0x00000ba0   0x00000012   Code   RO          551    i.PWMGenPeriodSet   driverlib-cm3.lib(pwm.o)
    0x00000bb2   0x00000010   Code   RO          557    i.PWMOutputInvert   driverlib-cm3.lib(pwm.o)
    0x00000bc2   0x00000010   Code   RO          558    i.PWMOutputState    driverlib-cm3.lib(pwm.o)
    0x00000bd2   0x00000020   Code   RO          560    i.PWMPulseWidthSet  driverlib-cm3.lib(pwm.o)
    0x00000bf2   0x00000002   PAD
    0x00000bf4   0x00000230   Code   RO          745    i.SysCtlClockGet    driverlib-cm3.lib(sysctl.o)
    0x00000e24   0x00000014   Code   RO          768    i.SysCtlPWMClockSet  driverlib-cm3.lib(sysctl.o)
    0x00000e38   0x00000050   Code   RO          773    i.SysCtlPeripheralEnable  driverlib-cm3.lib(sysctl.o)
    0x00000e88   0x0000000e   Code   RO         1074    i.__scatterload_copy  mc_w.l(handlers.o)
    0x00000e96   0x00000002   Code   RO         1075    i.__scatterload_null  mc_w.l(handlers.o)
    0x00000e98   0x0000000e   Code   RO         1076    i.__scatterload_zeroinit  mc_w.l(handlers.o)
    0x00000ea6   0x00000002   PAD
    0x00000ea8   0x00000078   Data   RO          168    .constdata          driverlib-cm3.lib(gpio.o)
    0x00000f20   0x0000010c   Data   RO          433    .constdata          driverlib-cm3.lib(interrupt.o)
    0x0000102c   0x000001cc   Data   RO          789    .constdata          driverlib-cm3.lib(sysctl.o)
    0x000011f8   0x00000020   Data   RO         1072    Region$$Table       anon$$obj.o


    Execution Region ER_RW (Base: 0x20000000, Size: 0x0000000c, Max: 0xffffffff, ABSOLUTE)

    Base Addr    Size         Type   Attr      Idx    E Section Name        Object

    0x20000000   0x00000008   Data   RW           77    .data               sensors.o
    0x20000008   0x00000003   Data   RW          109    .data               io.o


    Execution Region ER_ZI (Base: 0x2000000c, Size: 0x00000104, Max: 0xffffffff, ABSOLUTE)

    Base Addr    Size         Type   Attr      Idx    E Section Name        Object

    0x2000000c   0x00000004   PAD
    0x20000010   0x00000100   Zero   RW            1    STACK               startup.o


==============================================================================

Image component sizes


      Code (inc. data)   RO Data    RW Data    ZI Data      Debug   Object Name

       496         24          0          3          0       2556   io.o
        84          4          0          0          0       5653   main.o
       464         24          0          0          0       1812   motor.o
       604         26          0          8          0       4220   sensors.o
       632        622          0          0        256        208   startup.o

    ----------------------------------------------------------------------
      2280        700         32         12        260      14449   Object Totals
         0          0         32          0          0          0   (incl. Generated)
         0          0          0          1          4          0   (incl. Padding)

    ----------------------------------------------------------------------

      Code (inc. data)   RO Data    RW Data    ZI Data      Debug   Library Member Name

       490          8        120          0          0      10037   gpio.o
       100          8        268          0          0       1196   interrupt.o
       130          0          0          0          0       2753   pwm.o
       660         62        460          0          0       3182   sysctl.o
         0          0          0          0          0          0   entry.o
         0          0          0          0          0          0   entry10a.o
         0          0          0          0          0          0   entry11a.o
         8          4          0          0          0          0   entry2.o
         4          0          0          0          0          0   entry5.o
         0          0          0          0          0          0   entry7b.o
         0          0          0          0          0          0   entry8b.o
         8          4          0          0          0          0   entry9a.o
        30          0          0          0          0          0   handlers.o
        36          8          0          0          0         68   init.o

    ----------------------------------------------------------------------
      1472         94        848          0          0      17236   Library Totals
         6          0          0          0          0          0   (incl. Padding)

    ----------------------------------------------------------------------

      Code (inc. data)   RO Data    RW Data    ZI Data      Debug   Library Name

      1380         78        848          0          0      17168   driverlib-cm3.lib
        86         16          0          0          0         68   mc_w.l

    ----------------------------------------------------------------------
      1472         94        848          0          0      17236   Library Totals

    ----------------------------------------------------------------------

==============================================================================


      Code (inc. data)   RO Data    RW Data    ZI Data      Debug   

      3752        794        880         12        260      30437   Grand Totals
      3752        794        880         12        260      30437   ELF Image Totals
      3752        794        880         12          0          0   ROM Totals

==============================================================================

    Total RO  Size (Code + RO Data)                 4632 (   4.52kB)
    Total RW  Size (RW Data + ZI Data)               272 (   0.27kB)
    Total ROM Size (Code + RO Data + RW Data)       4644 (   4.54kB)

==============================================================================

