<html>
<body>
<pre>
<h1>µVision Build Log</h1>
<h2>Project:</h2>
C:\Users\arthur margerit\AlgoCarto\Src\Carto.uvproj
Project File Date:  09/14/2015

<h2>Output:</h2>
Rebuild target 'Target 1'
assembling Startup.s...
compiling main.c...
main.c(17): warning:  #223-D: function "ROM_GPIOPinTypeGPIOInput" declared implicitly
main.c(34): warning:  #111-D: statement is unreachable
compiling motorInit.c...
linking...
.\Carto.axf: Error: L6218E: Undefined symbol ROM_GPIOPinTypeGPIOInput (referred from main.o).
".\Carto.axf" - 1 Errors, 2 Warning(s).
Target not created
Load "C:\\Users\\arthur margerit\\AlgoCarto\\Src\\Carto.axf" 
_____^
*** error 56: cannot open file
Rebuild target 'Target 1'
assembling Startup.s...
compiling main.c...
main.c(17): warning:  #223-D: function "ROM_GPIOPinTypeGPIOInput" declared implicitly
main.c(34): warning:  #111-D: statement is unreachable
compiling motorInit.c...
linking...
.\Carto.axf: Error: L6218E: Undefined symbol ROM_GPIOPinTypeGPIOInput (referred from main.o).
".\Carto.axf" - 1 Errors, 2 Warning(s).
Target not created
Rebuild target 'Target 1'
assembling Startup.s...
compiling main.c...
main.c(34): warning:  #111-D: statement is unreachable
compiling motorInit.c...
linking...
Program Size: Code=1168 RO-data=476 RW-data=0 ZI-data=256  
".\Carto.axf" - 0 Errors, 1 Warning(s).
compiling main.c...
main.c(34): warning:  #111-D: statement is unreachable
"main.c" - 0 Errors, 1 Warning(s).
Rebuild target 'Target 1'
assembling Startup.s...
compiling main.c...
main.c(34): warning:  #111-D: statement is unreachable
compiling motorInit.c...
linking...
Program Size: Code=1168 RO-data=476 RW-data=0 ZI-data=256  
".\Carto.axf" - 0 Errors, 1 Warning(s).
Load "C:\\Users\\arthur margerit\\AlgoCarto\\Src\\Carto.axf" 
Connecting: Mode=JTAG, Speed=1000000Hz
Erase Done.
Programming Done.
Verify OK.
Rebuild target 'Target 1'
assembling Startup.s...
compiling main.c...
main.c(34): warning:  #111-D: statement is unreachable
compiling motorInit.c...
linking...
Program Size: Code=1128 RO-data=476 RW-data=0 ZI-data=256  
".\Carto.axf" - 0 Errors, 1 Warning(s).
Load "C:\\Users\\arthur margerit\\AlgoCarto\\Src\\Carto.axf" 
Connecting: Mode=JTAG, Speed=1000000Hz
Erase Done.
Programming Done.
Verify OK.
Rebuild target 'Target 1'
assembling Startup.s...
compiling main.c...
main.c(34): warning:  #111-D: statement is unreachable
compiling motorInit.c...
linking...
Program Size: Code=1160 RO-data=476 RW-data=0 ZI-data=256  
".\Carto.axf" - 0 Errors, 1 Warning(s).
Load "C:\\Users\\arthur margerit\\AlgoCarto\\Src\\Carto.axf" 
Connecting: Mode=JTAG, Speed=1000000Hz
Erase Done.
Programming Done.
Verify OK.
Rebuild target 'Target 1'
assembling Startup.s...
compiling main.c...
main.c(7): error:  #5: cannot open source input file "drive": No such file or directory
compiling motorInit.c...
".\Carto.axf" - 1 Errors, 0 Warning(s).
Target not created
Rebuild target 'Target 1'
assembling Startup.s...
compiling main.c...
main.c(14): warning:  #223-D: function "MotorsInit" declared implicitly
main.c(15): warning:  #223-D: function "WheelSensorsInit" declared implicitly
main.c(15): error:  #20: identifier "DriveWheelSensorInterrupt" is undefined
main.c(17): warning:  #223-D: function "WheelSensorEnable" declared implicitly
main.c(18): warning:  #223-D: function "WheelSensorIntEnable" declared implicitly
main.c(18): error:  #20: identifier "WHEEL_LEFT" is undefined
main.c(19): error:  #20: identifier "WHEEL_RIGHT" is undefined
main.c(21): warning:  #223-D: function "MotorSpeed" declared implicitly
main.c(21): error:  #20: identifier "RIGHT_SIDE" is undefined
main.c(22): error:  #20: identifier "LEFT_SIDE" is undefined
main.c(29): warning:  #223-D: function "MotorSpeed" declared implicitly
main.c(29): error:  #20: identifier "RIGHT_SIDE" is undefined
main.c(30): error:  #20: identifier "LEFT_SIDE" is undefined
main.c(31): warning:  #223-D: function "MotorStop" declared implicitly
main.c(33): warning:  #1-D: last line of file ends without a newline
compiling motorInit.c...
".\Carto.axf" - 7 Errors, 8 Warning(s).
Target not created
Load "C:\\Users\\arthur margerit\\AlgoCarto\\Src\\Carto.axf" 
Connecting: Mode=JTAG, Speed=1000000Hz
Erase Done.
Programming Done.
Verify OK.
Rebuild target 'Target 1'
assembling Startup.s...
compiling main.c...
main.c(9): error:  #5: cannot open source input file "driverlib/motor.h": No such file or directory
compiling motorInit.c...
".\Carto.axf" - 1 Errors, 0 Warning(s).
Target not created
Build target 'Target 1'
compiling main.c...
main.c(9): error:  #5: cannot open source input file "drivers/motor.h": No such file or directory
".\Carto.axf" - 1 Errors, 0 Warning(s).
Target not created
Rebuild target 'Target 1'
assembling Startup.s...
compiling main.c...
main.c(39): warning:  #1-D: last line of file ends without a newline
compiling motorInit.c...
linking...
.\Carto.axf: Error: L6218E: Undefined symbol MotorSpeed (referred from main.o).
.\Carto.axf: Error: L6218E: Undefined symbol MotorStop (referred from main.o).
.\Carto.axf: Error: L6218E: Undefined symbol MotorsInit (referred from main.o).
.\Carto.axf: Error: L6218E: Undefined symbol WheelSensorEnable (referred from main.o).
.\Carto.axf: Error: L6218E: Undefined symbol WheelSensorIntEnable (referred from main.o).
.\Carto.axf: Error: L6218E: Undefined symbol WheelSensorsInit (referred from main.o).
".\Carto.axf" - 6 Errors, 1 Warning(s).
Target not created
Rebuild target 'Target 1'
assembling Startup.s...
compiling main.c...
main.c(39): warning:  #1-D: last line of file ends without a newline
compiling motorInit.c...
linking...
.\Carto.axf: Error: L6218E: Undefined symbol MotorSpeed (referred from main.o).
.\Carto.axf: Error: L6218E: Undefined symbol MotorStop (referred from main.o).
.\Carto.axf: Error: L6218E: Undefined symbol MotorsInit (referred from main.o).
.\Carto.axf: Error: L6218E: Undefined symbol WheelSensorEnable (referred from main.o).
.\Carto.axf: Error: L6218E: Undefined symbol WheelSensorIntEnable (referred from main.o).
.\Carto.axf: Error: L6218E: Undefined symbol WheelSensorsInit (referred from main.o).
".\Carto.axf" - 6 Errors, 1 Warning(s).
Target not created
Rebuild target 'Target 1'
assembling Startup.s...
compiling main.c...
main.c(39): warning:  #1-D: last line of file ends without a newline
compiling motorInit.c...
compiling motor.c...
..\lib\StellarisWare\boards\ek-evalbot\drivers\motor.c(66): warning:  #223-D: function "ROM_SysCtlPeripheralEnable" declared implicitly
..\lib\StellarisWare\boards\ek-evalbot\drivers\motor.c(67): warning:  #223-D: function "ROM_SysCtlPWMClockSet" declared implicitly
..\lib\StellarisWare\boards\ek-evalbot\drivers\motor.c(78): error:  #20: identifier "GPIO_PD0_PWM0" is undefined
..\lib\StellarisWare\boards\ek-evalbot\drivers\motor.c(79): error:  #20: identifier "GPIO_PH0_PWM2" is undefined
..\lib\StellarisWare\boards\ek-evalbot\drivers\motor.c(84): warning:  #223-D: function "ROM_PWMGenConfigure" declared implicitly
..\lib\StellarisWare\boards\ek-evalbot\drivers\motor.c(86): warning:  #223-D: function "ROM_PWMGenPeriodSet" declared implicitly
..\lib\StellarisWare\boards\ek-evalbot\drivers\motor.c(86): warning:  #223-D: function "ROM_SysCtlClockGet" declared implicitly
..\lib\StellarisWare\boards\ek-evalbot\drivers\motor.c(99): warning:  #223-D: function "ROM_PWMPulseWidthSet" declared implicitly
..\lib\StellarisWare\boards\ek-evalbot\drivers\motor.c(105): warning:  #223-D: function "ROM_PWMOutputState" declared implicitly
..\lib\StellarisWare\boards\ek-evalbot\drivers\motor.c(110): warning:  #223-D: function "ROM_PWMGenEnable" declared implicitly
..\lib\StellarisWare\boards\ek-evalbot\drivers\motor.c(117): warning:  #223-D: function "ROM_GPIOPinTypeGPIOInput" declared implicitly
..\lib\StellarisWare\boards\ek-evalbot\drivers\motor.c(118): warning:  #223-D: function "ROM_GPIOPadConfigSet" declared implicitly
..\lib\StellarisWare\boards\ek-evalbot\drivers\motor.c(124): warning:  #223-D: function "ROM_GPIOPinTypeGPIOOutput" declared implicitly
..\lib\StellarisWare\boards\ek-evalbot\drivers\motor.c(125): warning:  #223-D: function "ROM_GPIOPinWrite" declared implicitly
..\lib\StellarisWare\boards\ek-evalbot\drivers\motor.c(177): warning:  #223-D: function "ROM_GPIOPinWrite" declared implicitly
..\lib\StellarisWare\boards\ek-evalbot\drivers\motor.c(181): warning:  #223-D: function "ROM_GPIOPinWrite" declared implicitly
..\lib\StellarisWare\boards\ek-evalbot\drivers\motor.c(191): warning:  #223-D: function "ROM_GPIOPinWrite" declared implicitly
..\lib\StellarisWare\boards\ek-evalbot\drivers\motor.c(195): warning:  #223-D: function "ROM_GPIOPinWrite" declared implicitly
..\lib\StellarisWare\boards\ek-evalbot\drivers\motor.c(233): warning:  #223-D: function "ROM_GPIOPinTypePWM" declared implicitly
..\lib\StellarisWare\boards\ek-evalbot\drivers\motor.c(269): warning:  #223-D: function "ROM_GPIOPinTypeGPIOOutput" declared implicitly
..\lib\StellarisWare\boards\ek-evalbot\drivers\motor.c(274): warning:  #223-D: function "ROM_GPIOPinWrite" declared implicitly
..\lib\StellarisWare\boards\ek-evalbot\drivers\motor.c(324): warning:  #223-D: function "ROM_PWMOutputState" declared implicitly
..\lib\StellarisWare\boards\ek-evalbot\drivers\motor.c(329): warning:  #223-D: function "ROM_PWMOutputInvert" declared implicitly
..\lib\StellarisWare\boards\ek-evalbot\drivers\motor.c(335): warning:  #223-D: function "ROM_PWMPulseWidthSet" declared implicitly
..\lib\StellarisWare\boards\ek-evalbot\drivers\motor.c(335): warning:  #223-D: function "ROM_SysCtlClockGet" declared implicitly
".\Carto.axf" - 2 Errors, 24 Warning(s).
Target not created
Build target 'Target 1'
compiling main.c...
main.c(39): warning:  #1-D: last line of file ends without a newline
compiling motorInit.c...
compiling motor.c...
..\lib\StellarisWare\boards\ek-evalbot\drivers\motor.c(67): warning:  #223-D: function "ROM_SysCtlPWMClockSet" declared implicitly
..\lib\StellarisWare\boards\ek-evalbot\drivers\motor.c(72): warning:  #223-D: function "ROM_SysCtlPeripheralEnable" declared implicitly
..\lib\StellarisWare\boards\ek-evalbot\drivers\motor.c(78): error:  #20: identifier "GPIO_PD0_PWM0" is undefined
..\lib\StellarisWare\boards\ek-evalbot\drivers\motor.c(79): error:  #20: identifier "GPIO_PH0_PWM2" is undefined
..\lib\StellarisWare\boards\ek-evalbot\drivers\motor.c(84): warning:  #223-D: function "ROM_PWMGenConfigure" declared implicitly
..\lib\StellarisWare\boards\ek-evalbot\drivers\motor.c(86): warning:  #223-D: function "ROM_PWMGenPeriodSet" declared implicitly
..\lib\StellarisWare\boards\ek-evalbot\drivers\motor.c(86): warning:  #223-D: function "ROM_SysCtlClockGet" declared implicitly
..\lib\StellarisWare\boards\ek-evalbot\drivers\motor.c(99): warning:  #223-D: function "ROM_PWMPulseWidthSet" declared implicitly
..\lib\StellarisWare\boards\ek-evalbot\drivers\motor.c(105): warning:  #223-D: function "ROM_PWMOutputState" declared implicitly
..\lib\StellarisWare\boards\ek-evalbot\drivers\motor.c(110): warning:  #223-D: function "ROM_PWMGenEnable" declared implicitly
..\lib\StellarisWare\boards\ek-evalbot\drivers\motor.c(117): warning:  #223-D: function "ROM_GPIOPinTypeGPIOInput" declared implicitly
..\lib\StellarisWare\boards\ek-evalbot\drivers\motor.c(118): warning:  #223-D: function "ROM_GPIOPadConfigSet" declared implicitly
..\lib\StellarisWare\boards\ek-evalbot\drivers\motor.c(124): warning:  #223-D: function "ROM_GPIOPinTypeGPIOOutput" declared implicitly
..\lib\StellarisWare\boards\ek-evalbot\drivers\motor.c(125): warning:  #223-D: function "ROM_GPIOPinWrite" declared implicitly
..\lib\StellarisWare\boards\ek-evalbot\drivers\motor.c(177): warning:  #223-D: function "ROM_GPIOPinWrite" declared implicitly
..\lib\StellarisWare\boards\ek-evalbot\drivers\motor.c(181): warning:  #223-D: function "ROM_GPIOPinWrite" declared implicitly
..\lib\StellarisWare\boards\ek-evalbot\drivers\motor.c(191): warning:  #223-D: function "ROM_GPIOPinWrite" declared implicitly
..\lib\StellarisWare\boards\ek-evalbot\drivers\motor.c(195): warning:  #223-D: function "ROM_GPIOPinWrite" declared implicitly
..\lib\StellarisWare\boards\ek-evalbot\drivers\motor.c(233): warning:  #223-D: function "ROM_GPIOPinTypePWM" declared implicitly
..\lib\StellarisWare\boards\ek-evalbot\drivers\motor.c(269): warning:  #223-D: function "ROM_GPIOPinTypeGPIOOutput" declared implicitly
..\lib\StellarisWare\boards\ek-evalbot\drivers\motor.c(274): warning:  #223-D: function "ROM_GPIOPinWrite" declared implicitly
..\lib\StellarisWare\boards\ek-evalbot\drivers\motor.c(324): warning:  #223-D: function "ROM_PWMOutputState" declared implicitly
..\lib\StellarisWare\boards\ek-evalbot\drivers\motor.c(329): warning:  #223-D: function "ROM_PWMOutputInvert" declared implicitly
..\lib\StellarisWare\boards\ek-evalbot\drivers\motor.c(335): warning:  #223-D: function "ROM_PWMPulseWidthSet" declared implicitly
..\lib\StellarisWare\boards\ek-evalbot\drivers\motor.c(335): warning:  #223-D: function "ROM_SysCtlClockGet" declared implicitly
".\Carto.axf" - 2 Errors, 24 Warning(s).
Target not created
Build target 'Target 1'
compiling motor.c...
..\lib\StellarisWare\boards\ek-evalbot\drivers\motor.c(72): warning:  #223-D: function "ROM_SysCtlPeripheralEnable" declared implicitly
..\lib\StellarisWare\boards\ek-evalbot\drivers\motor.c(78): error:  #20: identifier "GPIO_PD0_PWM0" is undefined
..\lib\StellarisWare\boards\ek-evalbot\drivers\motor.c(79): error:  #20: identifier "GPIO_PH0_PWM2" is undefined
..\lib\StellarisWare\boards\ek-evalbot\drivers\motor.c(84): warning:  #223-D: function "ROM_PWMGenConfigure" declared implicitly
..\lib\StellarisWare\boards\ek-evalbot\drivers\motor.c(86): warning:  #223-D: function "ROM_PWMGenPeriodSet" declared implicitly
..\lib\StellarisWare\boards\ek-evalbot\drivers\motor.c(86): warning:  #223-D: function "ROM_SysCtlClockGet" declared implicitly
..\lib\StellarisWare\boards\ek-evalbot\drivers\motor.c(99): warning:  #223-D: function "ROM_PWMPulseWidthSet" declared implicitly
..\lib\StellarisWare\boards\ek-evalbot\drivers\motor.c(105): warning:  #223-D: function "ROM_PWMOutputState" declared implicitly
..\lib\StellarisWare\boards\ek-evalbot\drivers\motor.c(110): warning:  #223-D: function "ROM_PWMGenEnable" declared implicitly
..\lib\StellarisWare\boards\ek-evalbot\drivers\motor.c(117): warning:  #223-D: function "ROM_GPIOPinTypeGPIOInput" declared implicitly
..\lib\StellarisWare\boards\ek-evalbot\drivers\motor.c(118): warning:  #223-D: function "ROM_GPIOPadConfigSet" declared implicitly
..\lib\StellarisWare\boards\ek-evalbot\drivers\motor.c(124): warning:  #223-D: function "ROM_GPIOPinTypeGPIOOutput" declared implicitly
..\lib\StellarisWare\boards\ek-evalbot\drivers\motor.c(125): warning:  #223-D: function "ROM_GPIOPinWrite" declared implicitly
..\lib\StellarisWare\boards\ek-evalbot\drivers\motor.c(177): warning:  #223-D: function "ROM_GPIOPinWrite" declared implicitly
..\lib\StellarisWare\boards\ek-evalbot\drivers\motor.c(181): warning:  #223-D: function "ROM_GPIOPinWrite" declared implicitly
..\lib\StellarisWare\boards\ek-evalbot\drivers\motor.c(191): warning:  #223-D: function "ROM_GPIOPinWrite" declared implicitly
..\lib\StellarisWare\boards\ek-evalbot\drivers\motor.c(195): warning:  #223-D: function "ROM_GPIOPinWrite" declared implicitly
..\lib\StellarisWare\boards\ek-evalbot\drivers\motor.c(233): warning:  #223-D: function "ROM_GPIOPinTypePWM" declared implicitly
..\lib\StellarisWare\boards\ek-evalbot\drivers\motor.c(269): warning:  #223-D: function "ROM_GPIOPinTypeGPIOOutput" declared implicitly
..\lib\StellarisWare\boards\ek-evalbot\drivers\motor.c(274): warning:  #223-D: function "ROM_GPIOPinWrite" declared implicitly
..\lib\StellarisWare\boards\ek-evalbot\drivers\motor.c(324): warning:  #223-D: function "ROM_PWMOutputState" declared implicitly
..\lib\StellarisWare\boards\ek-evalbot\drivers\motor.c(329): warning:  #223-D: function "ROM_PWMOutputInvert" declared implicitly
..\lib\StellarisWare\boards\ek-evalbot\drivers\motor.c(335): warning:  #223-D: function "ROM_PWMPulseWidthSet" declared implicitly
..\lib\StellarisWare\boards\ek-evalbot\drivers\motor.c(335): warning:  #223-D: function "ROM_SysCtlClockGet" declared implicitly
".\Carto.axf" - 2 Errors, 22 Warning(s).
Target not created
Rebuild target 'Target 1'
assembling Startup.s...
compiling main.c...
main.c(39): warning:  #1-D: last line of file ends without a newline
compiling motorInit.c...
compiling motor.c...
..\lib\StellarisWare\boards\ek-evalbot\drivers\motor.c(78): error:  #20: identifier "GPIO_PD0_PWM0" is undefined
..\lib\StellarisWare\boards\ek-evalbot\drivers\motor.c(79): error:  #20: identifier "GPIO_PH0_PWM2" is undefined
".\Carto.axf" - 2 Errors, 1 Warning(s).
Target not created
Rebuild target 'Target 1'
assembling Startup.s...
compiling main.c...
..\lib\StellarisWare\driverlib/pin_map.h(38359): warning:  #40-D: expected an identifier
main.c(39): warning:  #1-D: last line of file ends without a newline
compiling motorInit.c...
compiling motor.c...
..\lib\StellarisWare\driverlib/pin_map.h(38359): warning:  #40-D: expected an identifier
..\lib\StellarisWare\boards\ek-evalbot\drivers\motor.c(78): error:  #20: identifier "GPIO_PD0_PWM0" is undefined
..\lib\StellarisWare\boards\ek-evalbot\drivers\motor.c(79): error:  #20: identifier "GPIO_PH0_PWM2" is undefined
".\Carto.axf" - 2 Errors, 3 Warning(s).
Target not created
Rebuild target 'Target 1'
assembling Startup.s...
compiling main.c...
..\lib\StellarisWare\driverlib/pin_map.h(38359): warning:  #40-D: expected an identifier
main.c(39): warning:  #1-D: last line of file ends without a newline
compiling motorInit.c...
compiling motor.c...
..\lib\StellarisWare\driverlib/pin_map.h(38359): warning:  #40-D: expected an identifier
..\lib\StellarisWare\boards\ek-evalbot\drivers\motor.c(78): error:  #20: identifier "GPIO_PD0_PWM0" is undefined
..\lib\StellarisWare\boards\ek-evalbot\drivers\motor.c(79): error:  #20: identifier "GPIO_PH0_PWM2" is undefined
".\Carto.axf" - 2 Errors, 3 Warning(s).
Target not created
Rebuild target 'Target 1'
assembling Startup.s...
compiling main.c...
main.c(39): warning:  #1-D: last line of file ends without a newline
compiling motorInit.c...
compiling motor.c...
linking...
.\Carto.axf: Error: L6218E: Undefined symbol WheelSensorEnable (referred from main.o).
.\Carto.axf: Error: L6218E: Undefined symbol WheelSensorIntEnable (referred from main.o).
.\Carto.axf: Error: L6218E: Undefined symbol WheelSensorsInit (referred from main.o).
".\Carto.axf" - 3 Errors, 1 Warning(s).
Target not created
Rebuild target 'Target 1'
assembling Startup.s...
compiling main.c...
main.c(39): warning:  #1-D: last line of file ends without a newline
compiling motorInit.c...
compiling motor.c...
compiling sensors.c...
..\lib\StellarisWare\boards\ek-evalbot\drivers\sensors.c(97): warning:  #223-D: function "ROM_SysCtlPeripheralEnable" declared implicitly
..\lib\StellarisWare\boards\ek-evalbot\drivers\sensors.c(102): warning:  #223-D: function "ROM_GPIOPinTypeGPIOInput" declared implicitly
..\lib\StellarisWare\boards\ek-evalbot\drivers\sensors.c(103): warning:  #223-D: function "ROM_GPIOPadConfigSet" declared implicitly
..\lib\StellarisWare\boards\ek-evalbot\drivers\sensors.c(134): warning:  #223-D: function "ROM_GPIOPinRead" declared implicitly
..\lib\StellarisWare\boards\ek-evalbot\drivers\sensors.c(144): warning:  #223-D: function "ROM_GPIOPinRead" declared implicitly
..\lib\StellarisWare\boards\ek-evalbot\drivers\sensors.c(187): warning:  #223-D: function "ROM_GPIOPinRead" declared implicitly
..\lib\StellarisWare\boards\ek-evalbot\drivers\sensors.c(297): warning:  #223-D: function "ROM_SysCtlPeripheralEnable" declared implicitly
..\lib\StellarisWare\boards\ek-evalbot\drivers\sensors.c(304): warning:  #223-D: function "ROM_GPIOPinTypeGPIOInput" declared implicitly
..\lib\StellarisWare\boards\ek-evalbot\drivers\sensors.c(311): warning:  #223-D: function "ROM_GPIOPinTypeGPIOOutput" declared implicitly
..\lib\StellarisWare\boards\ek-evalbot\drivers\sensors.c(312): warning:  #223-D: function "ROM_GPIOPadConfigSet" declared implicitly
..\lib\StellarisWare\boards\ek-evalbot\drivers\sensors.c(314): warning:  #223-D: function "ROM_GPIOPinWrite" declared implicitly
..\lib\StellarisWare\boards\ek-evalbot\drivers\sensors.c(320): warning:  #223-D: function "ROM_GPIOPinIntDisable" declared implicitly
..\lib\StellarisWare\boards\ek-evalbot\drivers\sensors.c(323): warning:  #223-D: function "ROM_GPIOIntTypeSet" declared implicitly
..\lib\StellarisWare\boards\ek-evalbot\drivers\sensors.c(332): warning:  #223-D: function "ROM_IntEnable" declared implicitly
..\lib\StellarisWare\boards\ek-evalbot\drivers\sensors.c(356): warning:  #223-D: function "ROM_GPIOPinWrite" declared implicitly
..\lib\StellarisWare\boards\ek-evalbot\drivers\sensors.c(378): warning:  #223-D: function "ROM_GPIOPinWrite" declared implicitly
..\lib\StellarisWare\boards\ek-evalbot\drivers\sensors.c(409): warning:  #223-D: function "ROM_GPIOPinIntClear" declared implicitly
..\lib\StellarisWare\boards\ek-evalbot\drivers\sensors.c(410): warning:  #223-D: function "ROM_GPIOPinIntEnable" declared implicitly
..\lib\StellarisWare\boards\ek-evalbot\drivers\sensors.c(414): warning:  #223-D: function "ROM_GPIOPinIntClear" declared implicitly
..\lib\StellarisWare\boards\ek-evalbot\drivers\sensors.c(415): warning:  #223-D: function "ROM_GPIOPinIntEnable" declared implicitly
..\lib\StellarisWare\boards\ek-evalbot\drivers\sensors.c(447): warning:  #223-D: function "ROM_GPIOPinIntDisable" declared implicitly
..\lib\StellarisWare\boards\ek-evalbot\drivers\sensors.c(451): warning:  #223-D: function "ROM_GPIOPinIntDisable" declared implicitly
..\lib\StellarisWare\boards\ek-evalbot\drivers\sensors.c(483): warning:  #223-D: function "ROM_GPIOPinIntStatus" declared implicitly
..\lib\StellarisWare\boards\ek-evalbot\drivers\sensors.c(489): warning:  #223-D: function "ROM_GPIOPinIntClear" declared implicitly
..\lib\StellarisWare\boards\ek-evalbot\drivers\sensors.c(499): warning:  #223-D: function "ROM_GPIOPinRead" declared implicitly
..\lib\StellarisWare\boards\ek-evalbot\drivers\sensors.c(523): warning:  #223-D: function "ROM_GPIOPinIntClear" declared implicitly
..\lib\StellarisWare\boards\ek-evalbot\drivers\sensors.c(533): warning:  #223-D: function "ROM_GPIOPinRead" declared implicitly
linking...
.\Carto.axf: Error: L6218E: Undefined symbol ROM_GPIOIntTypeSet (referred from sensors.o).
.\Carto.axf: Error: L6218E: Undefined symbol ROM_GPIOPadConfigSet (referred from sensors.o).
.\Carto.axf: Error: L6218E: Undefined symbol ROM_GPIOPinIntClear (referred from sensors.o).
.\Carto.axf: Error: L6218E: Undefined symbol ROM_GPIOPinIntDisable (referred from sensors.o).
.\Carto.axf: Error: L6218E: Undefined symbol ROM_GPIOPinIntEnable (referred from sensors.o).
.\Carto.axf: Error: L6218E: Undefined symbol ROM_GPIOPinIntStatus (referred from sensors.o).
.\Carto.axf: Error: L6218E: Undefined symbol ROM_GPIOPinRead (referred from sensors.o).
.\Carto.axf: Error: L6218E: Undefined symbol ROM_GPIOPinTypeGPIOInput (referred from sensors.o).
.\Carto.axf: Error: L6218E: Undefined symbol ROM_GPIOPinTypeGPIOOutput (referred from sensors.o).
.\Carto.axf: Error: L6218E: Undefined symbol ROM_GPIOPinWrite (referred from sensors.o).
.\Carto.axf: Error: L6218E: Undefined symbol ROM_IntEnable (referred from sensors.o).
.\Carto.axf: Error: L6218E: Undefined symbol ROM_SysCtlPeripheralEnable (referred from sensors.o).
".\Carto.axf" - 12 Errors, 28 Warning(s).
Target not created
Rebuild target 'Target 1'
assembling Startup.s...
compiling main.c...
main.c(39): warning:  #1-D: last line of file ends without a newline
compiling motorInit.c...
compiling motor.c...
compiling sensors.c...
..\lib\StellarisWare\boards\ek-evalbot\drivers\sensors.c(97): warning:  #223-D: function "ROM_SysCtlPeripheralEnable" declared implicitly
..\lib\StellarisWare\boards\ek-evalbot\drivers\sensors.c(102): warning:  #223-D: function "ROM_GPIOPinTypeGPIOInput" declared implicitly
..\lib\StellarisWare\boards\ek-evalbot\drivers\sensors.c(103): warning:  #223-D: function "ROM_GPIOPadConfigSet" declared implicitly
..\lib\StellarisWare\boards\ek-evalbot\drivers\sensors.c(134): warning:  #223-D: function "ROM_GPIOPinRead" declared implicitly
..\lib\StellarisWare\boards\ek-evalbot\drivers\sensors.c(144): warning:  #223-D: function "ROM_GPIOPinRead" declared implicitly
..\lib\StellarisWare\boards\ek-evalbot\drivers\sensors.c(187): warning:  #223-D: function "ROM_GPIOPinRead" declared implicitly
..\lib\StellarisWare\boards\ek-evalbot\drivers\sensors.c(297): warning:  #223-D: function "ROM_SysCtlPeripheralEnable" declared implicitly
linking...
.\Carto.axf: Error: L6218E: Undefined symbol ROM_GPIOPadConfigSet (referred from sensors.o).
.\Carto.axf: Error: L6218E: Undefined symbol ROM_GPIOPinRead (referred from sensors.o).
.\Carto.axf: Error: L6218E: Undefined symbol ROM_GPIOPinTypeGPIOInput (referred from sensors.o).
.\Carto.axf: Error: L6218E: Undefined symbol ROM_SysCtlPeripheralEnable (referred from sensors.o).
".\Carto.axf" - 4 Errors, 8 Warning(s).
Target not created
Rebuild target 'Target 1'
assembling Startup.s...
compiling main.c...
main.c(39): warning:  #1-D: last line of file ends without a newline
compiling motorInit.c...
compiling motor.c...
compiling sensors.c...
..\lib\StellarisWare\boards\ek-evalbot\drivers\sensors.c(97): warning:  #223-D: function "ROM_SysCtlPeripheralEnable" declared implicitly
..\lib\StellarisWare\boards\ek-evalbot\drivers\sensors.c(102): warning:  #223-D: function "ROM_GPIOPinTypeGPIOInput" declared implicitly
..\lib\StellarisWare\boards\ek-evalbot\drivers\sensors.c(103): warning:  #223-D: function "ROM_GPIOPadConfigSet" declared implicitly
..\lib\StellarisWare\boards\ek-evalbot\drivers\sensors.c(134): warning:  #223-D: function "ROM_GPIOPinRead" declared implicitly
..\lib\StellarisWare\boards\ek-evalbot\drivers\sensors.c(144): warning:  #223-D: function "ROM_GPIOPinRead" declared implicitly
..\lib\StellarisWare\boards\ek-evalbot\drivers\sensors.c(187): warning:  #223-D: function "ROM_GPIOPinRead" declared implicitly
..\lib\StellarisWare\boards\ek-evalbot\drivers\sensors.c(297): warning:  #223-D: function "ROM_SysCtlPeripheralEnable" declared implicitly
linking...
.\Carto.axf: Error: L6218E: Undefined symbol ROM_GPIOPadConfigSet (referred from sensors.o).
.\Carto.axf: Error: L6218E: Undefined symbol ROM_GPIOPinRead (referred from sensors.o).
.\Carto.axf: Error: L6218E: Undefined symbol ROM_GPIOPinTypeGPIOInput (referred from sensors.o).
.\Carto.axf: Error: L6218E: Undefined symbol ROM_SysCtlPeripheralEnable (referred from sensors.o).
".\Carto.axf" - 4 Errors, 8 Warning(s).
Target not created
Rebuild target 'Target 1'
assembling Startup.s...
compiling main.c...
main.c(39): warning:  #1-D: last line of file ends without a newline
compiling motorInit.c...
compiling motor.c...
compiling sensors.c...
linking...
Program Size: Code=3260 RO-data=880 RW-data=8 ZI-data=256  
".\Carto.axf" - 0 Errors, 1 Warning(s).
Rebuild target 'Target 1'
assembling Startup.s...
compiling main.c...
main.c(39): warning:  #1-D: last line of file ends without a newline
compiling motorInit.c...
compiling motor.c...
compiling sensors.c...
linking...
Program Size: Code=3260 RO-data=880 RW-data=8 ZI-data=256  
".\Carto.axf" - 0 Errors, 1 Warning(s).
Load "C:\\Users\\arthur margerit\\AlgoCarto\\Src\\Carto.axf" 
Connecting: Mode=JTAG, Speed=1000000Hz
Erase Done.
Programming Done.
Verify OK.
Rebuild target 'Target 1'
assembling Startup.s...
compiling main.c...
main.c(31): warning:  #111-D: statement is unreachable
main.c(40): warning:  #1-D: last line of file ends without a newline
compiling motorInit.c...
compiling motor.c...
compiling sensors.c...
linking...
Program Size: Code=3256 RO-data=880 RW-data=8 ZI-data=256  
".\Carto.axf" - 0 Errors, 2 Warning(s).
Load "C:\\Users\\arthur margerit\\AlgoCarto\\Src\\Carto.axf" 
Connecting: Mode=JTAG, Speed=1000000Hz
Erase Done.
Programming Done.
Verify OK.
Rebuild target 'Target 1'
assembling Startup.s...
compiling main.c...
main.c(32): warning:  #111-D: statement is unreachable
main.c(41): warning:  #1-D: last line of file ends without a newline
compiling motorInit.c...
compiling motor.c...
compiling sensors.c...
linking...
Program Size: Code=3256 RO-data=880 RW-data=8 ZI-data=256  
".\Carto.axf" - 0 Errors, 2 Warning(s).
Load "C:\\Users\\arthur margerit\\AlgoCarto\\Src\\Carto.axf" 
Connecting: Mode=JTAG, Speed=1000000Hz
Erase Done.
Programming Done.
Verify OK.
Rebuild target 'Target 1'
assembling Startup.s...
compiling main.c...
main.c(15): warning:  #223-D: function "LED_Toggle" declared implicitly
main.c(15): error:  #20: identifier "LED_1" is undefined
main.c(19): warning:  #223-D: function "LEDsInit" declared implicitly
main.c(33): warning:  #111-D: statement is unreachable
main.c(42): warning:  #1-D: last line of file ends without a newline
compiling motorInit.c...
compiling motor.c...
compiling sensors.c...
compiling io.c...
..\lib\StellarisWare\boards\ek-evalbot\drivers\io.c(62): warning:  #223-D: function "ROM_SysCtlPeripheralEnable" declared implicitly
..\lib\StellarisWare\boards\ek-evalbot\drivers\io.c(67): warning:  #223-D: function "ROM_GPIOPinTypeGPIOInput" declared implicitly
..\lib\StellarisWare\boards\ek-evalbot\drivers\io.c(68): warning:  #223-D: function "ROM_GPIOPadConfigSet" declared implicitly
..\lib\StellarisWare\boards\ek-evalbot\drivers\io.c(94): warning:  #223-D: function "ROM_GPIOPinRead" declared implicitly
..\lib\StellarisWare\boards\ek-evalbot\drivers\io.c(155): warning:  #223-D: function "ROM_GPIOPinRead" declared implicitly
..\lib\StellarisWare\boards\ek-evalbot\drivers\io.c(165): warning:  #223-D: function "ROM_GPIOPinRead" declared implicitly
..\lib\StellarisWare\boards\ek-evalbot\drivers\io.c(257): warning:  #223-D: function "ROM_SysCtlPeripheralEnable" declared implicitly
..\lib\StellarisWare\boards\ek-evalbot\drivers\io.c(262): warning:  #223-D: function "ROM_GPIOPinTypeGPIOOutput" declared implicitly
..\lib\StellarisWare\boards\ek-evalbot\drivers\io.c(301): warning:  #223-D: function "ROM_GPIOPinWrite" declared implicitly
..\lib\StellarisWare\boards\ek-evalbot\drivers\io.c(311): warning:  #223-D: function "ROM_GPIOPinWrite" declared implicitly
..\lib\StellarisWare\boards\ek-evalbot\drivers\io.c(320): warning:  #223-D: function "ROM_GPIOPinWrite" declared implicitly
..\lib\StellarisWare\boards\ek-evalbot\drivers\io.c(363): warning:  #223-D: function "ROM_GPIOPinWrite" declared implicitly
..\lib\StellarisWare\boards\ek-evalbot\drivers\io.c(372): warning:  #223-D: function "ROM_GPIOPinWrite" declared implicitly
..\lib\StellarisWare\boards\ek-evalbot\drivers\io.c(381): warning:  #223-D: function "ROM_GPIOPinWrite" declared implicitly
..\lib\StellarisWare\boards\ek-evalbot\drivers\io.c(425): warning:  #223-D: function "ROM_GPIOPinWrite" declared implicitly
..\lib\StellarisWare\boards\ek-evalbot\drivers\io.c(426): warning:  #223-D: function "ROM_GPIOPinRead" declared implicitly
..\lib\StellarisWare\boards\ek-evalbot\drivers\io.c(436): warning:  #223-D: function "ROM_GPIOPinWrite" declared implicitly
..\lib\StellarisWare\boards\ek-evalbot\drivers\io.c(437): warning:  #223-D: function "ROM_GPIOPinRead" declared implicitly
..\lib\StellarisWare\boards\ek-evalbot\drivers\io.c(446): warning:  #223-D: function "ROM_GPIOPinWrite" declared implicitly
..\lib\StellarisWare\boards\ek-evalbot\drivers\io.c(447): warning:  #223-D: function "ROM_GPIOPinRead" declared implicitly
".\Carto.axf" - 1 Errors, 24 Warning(s).
Target not created
Rebuild target 'Target 1'
assembling Startup.s...
compiling main.c...
main.c(15): warning:  #223-D: function "LED_Toggle" declared implicitly
main.c(15): error:  #20: identifier "LED_1" is undefined
main.c(19): warning:  #223-D: function "LEDsInit" declared implicitly
main.c(33): warning:  #111-D: statement is unreachable
main.c(42): warning:  #1-D: last line of file ends without a newline
compiling motorInit.c...
compiling motor.c...
compiling sensors.c...
compiling io.c...
".\Carto.axf" - 1 Errors, 4 Warning(s).
Target not created
Rebuild target 'Target 1'
assembling Startup.s...
compiling main.c...
main.c(33): warning:  #111-D: statement is unreachable
main.c(42): warning:  #1-D: last line of file ends without a newline
compiling motorInit.c...
compiling motor.c...
compiling sensors.c...
compiling io.c...
linking...
Program Size: Code=3768 RO-data=880 RW-data=12 ZI-data=260  
".\Carto.axf" - 0 Errors, 2 Warning(s).
Load "C:\\Users\\arthur margerit\\AlgoCarto\\Src\\Carto.axf" 
Connecting: Mode=JTAG, Speed=1000000Hz
Connection failed!, error code=&d
Load "C:\\Users\\arthur margerit\\AlgoCarto\\Src\\Carto.axf" 
Connecting: Mode=JTAG, Speed=1000000Hz
Connection failed!, error code=&d
Load "C:\\Users\\arthur margerit\\AlgoCarto\\Src\\Carto.axf" 
Connecting: Mode=JTAG, Speed=1000000Hz
Erase Done.
Programming Done.
Verify OK.
Rebuild target 'Target 1'
assembling Startup.s...
compiling main.c...
main.c(34): warning:  #111-D: statement is unreachable
main.c(43): warning:  #1-D: last line of file ends without a newline
compiling motorInit.c...
compiling motor.c...
compiling sensors.c...
compiling io.c...
linking...
Program Size: Code=3776 RO-data=880 RW-data=12 ZI-data=260  
".\Carto.axf" - 0 Errors, 2 Warning(s).
Load "C:\\Users\\arthur margerit\\AlgoCarto\\Src\\Carto.axf" 
Connecting: Mode=JTAG, Speed=1000000Hz
Erase Done.
Programming Done.
Verify OK.
Rebuild target 'Target 1'
assembling Startup.s...
compiling main.c...
main.c(35): warning:  #111-D: statement is unreachable
main.c(44): warning:  #1-D: last line of file ends without a newline
compiling motorInit.c...
compiling motor.c...
compiling sensors.c...
compiling io.c...
linking...
Program Size: Code=3784 RO-data=880 RW-data=12 ZI-data=260  
".\Carto.axf" - 0 Errors, 2 Warning(s).
Load "C:\\Users\\arthur margerit\\AlgoCarto\\Src\\Carto.axf" 
Connecting: Mode=JTAG, Speed=1000000Hz
Erase Done.
Programming Done.
Verify OK.
Rebuild target 'Target 1'
assembling Startup.s...
compiling main.c...
main.c(38): warning:  #111-D: statement is unreachable
main.c(47): warning:  #1-D: last line of file ends without a newline
compiling motorInit.c...
compiling motor.c...
compiling sensors.c...
compiling io.c...
linking...
Program Size: Code=3748 RO-data=880 RW-data=12 ZI-data=260  
".\Carto.axf" - 0 Errors, 2 Warning(s).
Load "C:\\Users\\arthur margerit\\AlgoCarto\\Src\\Carto.axf" 
Connecting: Mode=JTAG, Speed=1000000Hz
Connection failed!, error code=&d
Rebuild target 'Target 1'
assembling Startup.s...
compiling main.c...
main.c(38): warning:  #111-D: statement is unreachable
main.c(47): warning:  #1-D: last line of file ends without a newline
compiling motorInit.c...
compiling motor.c...
compiling sensors.c...
compiling io.c...
linking...
Program Size: Code=3748 RO-data=880 RW-data=12 ZI-data=260  
".\Carto.axf" - 0 Errors, 2 Warning(s).
Load "C:\\Users\\arthur margerit\\AlgoCarto\\Src\\Carto.axf" 
Connecting: Mode=JTAG, Speed=1000000Hz
Erase Done.
Programming Done.
Verify OK.
Rebuild target 'Target 1'
assembling Startup.s...
compiling main.c...
main.c(38): warning:  #111-D: statement is unreachable
main.c(47): warning:  #1-D: last line of file ends without a newline
compiling motorInit.c...
compiling motor.c...
compiling sensors.c...
compiling io.c...
linking...
Program Size: Code=3752 RO-data=880 RW-data=12 ZI-data=260  
".\Carto.axf" - 0 Errors, 2 Warning(s).
Load "C:\\Users\\arthur margerit\\AlgoCarto\\Src\\Carto.axf" 
Connecting: Mode=JTAG, Speed=1000000Hz
Erase Done.
Programming Done.
Verify OK.
Rebuild target 'Target 1'
assembling Startup.s...
compiling main.c...
main.c(39): warning:  #111-D: statement is unreachable
main.c(48): warning:  #1-D: last line of file ends without a newline
compiling motorInit.c...
compiling motor.c...
compiling sensors.c...
compiling io.c...
linking...
Program Size: Code=3752 RO-data=880 RW-data=12 ZI-data=260  
".\Carto.axf" - 0 Errors, 2 Warning(s).
Load "C:\\Users\\arthur margerit\\AlgoCarto\\Src\\Carto.axf" 
Connecting: Mode=JTAG, Speed=1000000Hz
Erase Done.
Programming Done.
Verify OK.
Rebuild target 'Target 1'
assembling Startup.s...
compiling main.c...
main.c(39): warning:  #111-D: statement is unreachable
main.c(48): warning:  #1-D: last line of file ends without a newline
compiling motorInit.c...
compiling motor.c...
compiling sensors.c...
compiling io.c...
linking...
Program Size: Code=3752 RO-data=880 RW-data=12 ZI-data=260  
".\Carto.axf" - 0 Errors, 2 Warning(s).
Rebuild target 'Target 1'
assembling Startup.s...
compiling main.c...
main.c(39): warning:  #111-D: statement is unreachable
main.c(48): warning:  #1-D: last line of file ends without a newline
compiling motorInit.c...
compiling motor.c...
compiling sensors.c...
compiling io.c...
linking...
Program Size: Code=3752 RO-data=880 RW-data=12 ZI-data=260  
".\Carto.axf" - 0 Errors, 2 Warning(s).
Load "C:\\Users\\arthur margerit\\AlgoCarto\\Src\\Carto.axf" 
Connecting: Mode=JTAG, Speed=1000000Hz
Erase Done.
Programming Done.
Verify OK.
Rebuild target 'Target 1'
assembling Startup.s...
compiling main.c...
main.c(43): warning:  #111-D: statement is unreachable
main.c(52): warning:  #1-D: last line of file ends without a newline
main.c(19): warning:  #177-D: function "ofled" was declared but never referenced
compiling motorInit.c...
compiling motor.c...
compiling sensors.c...
compiling io.c...
linking...
.\Carto.axf: Error: L6218E: Undefined symbol ofled (referred from startup.o).
".\Carto.axf" - 1 Errors, 3 Warning(s).
Target not created
Rebuild target 'Target 1'
assembling Startup.s...
compiling main.c...
main.c(43): warning:  #111-D: statement is unreachable
main.c(52): warning:  #1-D: last line of file ends without a newline
compiling motorInit.c...
compiling motor.c...
compiling sensors.c...
compiling io.c...
linking...
Program Size: Code=3764 RO-data=880 RW-data=12 ZI-data=260  
".\Carto.axf" - 0 Errors, 2 Warning(s).
Load "C:\\Users\\arthur margerit\\AlgoCarto\\Src\\Carto.axf" 
Connecting: Mode=JTAG, Speed=1000000Hz
Erase Done.
Programming Done.
Verify OK.
Rebuild target 'Target 1'
assembling Startup.s...
compiling main.c...
main.c(43): warning:  #111-D: statement is unreachable
main.c(52): warning:  #1-D: last line of file ends without a newline
compiling motorInit.c...
compiling motor.c...
compiling sensors.c...
compiling io.c...
linking...
Program Size: Code=3764 RO-data=880 RW-data=12 ZI-data=260  
".\Carto.axf" - 0 Errors, 2 Warning(s).
Load "C:\\Users\\arthur margerit\\AlgoCarto\\Src\\Carto.axf" 
Connecting: Mode=JTAG, Speed=1000000Hz
Erase Done.
Programming Done.
Verify OK.
Rebuild target 'Target 1'
assembling Startup.s...
Startup.s(102): error: A1516E: Bad symbol 'WheelSensorIntHandler', not defined or external
compiling main.c...
main.c(43): warning:  #111-D: statement is unreachable
main.c(52): warning:  #1-D: last line of file ends without a newline
compiling motorInit.c...
compiling motor.c...
compiling sensors.c...
compiling io.c...
".\Carto.axf" - 1 Errors, 2 Warning(s).
Target not created
Rebuild target 'Target 1'
assembling Startup.s...
compiling main.c...
main.c(43): warning:  #111-D: statement is unreachable
main.c(52): warning:  #1-D: last line of file ends without a newline
compiling motorInit.c...
compiling motor.c...
compiling sensors.c...
compiling io.c...
linking...
Program Size: Code=3764 RO-data=880 RW-data=12 ZI-data=260  
".\Carto.axf" - 0 Errors, 2 Warning(s).
Load "C:\\Users\\arthur margerit\\AlgoCarto\\Src\\Carto.axf" 
Connecting: Mode=JTAG, Speed=1000000Hz
Erase Done.
Programming Done.
Verify OK.
Rebuild target 'Target 1'
assembling Startup.s...
compiling main.c...
main.c(43): warning:  #111-D: statement is unreachable
main.c(52): warning:  #1-D: last line of file ends without a newline
compiling motorInit.c...
compiling motor.c...
compiling sensors.c...
compiling io.c...
linking...
Program Size: Code=3764 RO-data=880 RW-data=12 ZI-data=260  
".\Carto.axf" - 0 Errors, 2 Warning(s).
Load "C:\\Users\\arthur margerit\\AlgoCarto\\Src\\Carto.axf" 
Connecting: Mode=JTAG, Speed=1000000Hz
Connection failed!, error code=&d
Load "C:\\Users\\arthur margerit\\AlgoCarto\\Src\\Carto.axf" 
Connecting: Mode=JTAG, Speed=1000000Hz
Erase Done.
Programming Done.
Verify OK.
Rebuild target 'Target 1'
assembling Startup.s...
compiling main.c...
main.c(43): warning:  #111-D: statement is unreachable
main.c(52): warning:  #1-D: last line of file ends without a newline
compiling motorInit.c...
compiling motor.c...
compiling sensors.c...
compiling io.c...
linking...
Program Size: Code=3764 RO-data=880 RW-data=12 ZI-data=260  
".\Carto.axf" - 0 Errors, 2 Warning(s).
Load "C:\\Users\\arthur margerit\\AlgoCarto\\Src\\Carto.axf" 
Connecting: Mode=JTAG, Speed=1000000Hz
Erase Done.
Programming Done.
Verify OK.
Rebuild target 'Target 1'
assembling Startup.s...
compiling main.c...
main.c(41): warning:  #111-D: statement is unreachable
main.c(50): warning:  #1-D: last line of file ends without a newline
compiling motorInit.c...
compiling motor.c...
compiling sensors.c...
compiling io.c...
linking...
Program Size: Code=3752 RO-data=880 RW-data=12 ZI-data=260  
".\Carto.axf" - 0 Errors, 2 Warning(s).
Load "C:\\Users\\arthur margerit\\AlgoCarto\\Src\\Carto.axf" 
Connecting: Mode=JTAG, Speed=1000000Hz
Erase Done.
Programming Done.
Verify OK.
