<html>
<body>
<pre>
<h1>µVision Build Log</h1>
<h2>Tool Versions:</h2>
IDE-Version: µVision V5.17.0.0
Copyright (C) 2015 ARM Ltd and ARM Germany GmbH. All rights reserved.
License Information: ruhtra ruhtra, esiee, LIC=----
 
Tool Versions:
Toolchain:       MDK-Lite  Version: 5.17
Toolchain Path:  D:\pgr\Keil_v5\ARM\ARMCC\Bin
C Compiler:      Armcc.exe V5.06 update 1 (build 61)
Assembler:       Armasm.exe V5.06 update 1 (build 61)
Linker/Locator:  ArmLink.exe V5.06 update 1 (build 61)
Library Manager: ArmAr.exe V5.06 update 1 (build 61)
Hex Converter:   FromElf.exe V5.06 update 1 (build 61)
CPU DLL:         SARMCM3.DLL V5.17
Dialog DLL:      DLM.DLL V1.24.0.0
Target DLL:      lmidk-agdi.dll V???
Dialog DLL:      TLM.DLL V1.22.0.2
 
<h2>Project:</h2>
D:\trav\AlgoCarto\Src\Carto.uvproj
Project File Date:  11/18/2015

<h2>Output:</h2>
*** Using Compiler 'V5.06 update 1 (build 61)', folder: 'D:\pgr\Keil_v5\ARM\ARMCC\Bin'
Rebuild target 'Target 1'
assembling Startup.s...
compiling main.c...
Carto.h(128): warning:  #1295-D: Deprecated declaration getORDER - give arg types
  void getORDER();
main.c(42): warning:  #111-D: statement is unreachable
  	return 1;
main.c: 2 warnings, 0 errors
compiling io.c...
compiling motor.c...
compiling sensors.c...
compiling carto.c...
carto.h(128): warning:  #1295-D: Deprecated declaration getORDER - give arg types
  void getORDER();
carto.c: 1 warning, 0 errors
compiling Xbee_Protoc.c...
carto.h(128): warning:  #1295-D: Deprecated declaration getORDER - give arg types
  void getORDER();
Xbee_Protoc.c: 1 warning, 0 errors
linking...
Program Size: Code=9200 RO-data=880 RW-data=32 ZI-data=69632  
".\Carto.axf" - 0 Error(s), 4 Warning(s).
Build Time Elapsed:  00:00:02
</pre>
</body>
</html>
